Microchip MPLAB XC8 Compiler V1.45 ()

Linker command line:

-W-3 --edf=C:\Program Files (x86)\Microchip\xc8\v1.45\dat\en_msgs.txt -cs \
  -h+dist/default/production\nRF24L01__PIC16LF1503.X.X.production.sym \
  --cmf=dist/default/production\nRF24L01__PIC16LF1503.X.X.production.cmf -z \
  -Q16LF1503 -oC:\Users\Leon\AppData\Local\Temp\sg9c.2 \
  -Mdist/default/production/nRF24L01__PIC16LF1503.X.X.production.map -E1 \
  -ver=XC8 -ASTACK=0203Dh-0206fh -pstack=STACK -p_NVMEM_text=7E0h \
  -ACODE=00h-07FFh -ASTRCODE=00h-07FFh -ASTRING=00h-0FFhx8 \
  -ACONST=00h-0FFhx8 -AENTRY=00h-0FFhx8 -ACOMMON=070h-07Fh \
  -ABANK0=020h-06Fh -ABANK1=0A0h-0BFh -ABIGRAM=02000h-0206Fh \
  -ARAM=020h-06Fh,0A0h-0BFh -AABS1=020h-07Fh,0A0h-0BFh -ASFR0=00h-01Fh \
  -ASFR1=080h-09Fh -ASFR2=0100h-016Fh -ASFR3=0180h-01EFh -ASFR4=0200h-026Fh \
  -ASFR5=0280h-02EFh -ASFR6=0300h-036Fh -ASFR7=0380h-03EFh \
  -ASFR8=0400h-046Fh -ASFR9=0480h-04EFh -ASFR10=0500h-056Fh \
  -ASFR11=0580h-05EFh -ASFR12=0600h-066Fh -ASFR13=0680h-06EFh \
  -ASFR14=0700h-076Fh -ASFR15=0780h-07EFh -ASFR16=0800h-086Fh \
  -ASFR17=0880h-08EFh -ASFR18=0900h-096Fh -ASFR19=0980h-09EFh \
  -ASFR20=0A00h-0A6Fh -ASFR21=0A80h-0AEFh -ASFR22=0B00h-0B6Fh \
  -ASFR23=0B80h-0BEFh -ASFR24=0C00h-0C6Fh -ASFR25=0C80h-0CEFh \
  -ASFR26=0D00h-0D6Fh -ASFR27=0D80h-0DEFh -ASFR28=0E00h-0E6Fh \
  -ASFR29=0E80h-0EEFh -ASFR30=0F00h-0F6Fh -ASFR31=0F80h-0FEFh \
  -preset_vec=00h,intentry=04h,init,end_init -ppowerup=CODE -pcinit=CODE \
  -pfunctab=ENTRY -ACONFIG=08007h-08008h -pconfig=CONFIG -DCONFIG=2 \
  -AIDLOC=08000h-08003h -pidloc=IDLOC -DIDLOC=2 -DCODE=2 -DSTRCODE=2 \
  -DSTRING=2 -DCONST=2 -DENTRY=2 -k \
  C:\Users\Leon\AppData\Local\Temp\sg9c.obj \
  dist/default/production\nRF24L01__PIC16LF1503.X.X.production.obj 

Object code version is 3.11

Machine type is 16LF1503



                Name                               Link     Load   Length Selector   Space Scale
C:\Users\Leon\AppData\Local\Temp\sg9c.obj
                end_init                             42       42        1        8       0
                reset_vec                             0        0        1        0       0
                config                             8007     8007        2    1000E       0
dist/default/production\nRF24L01__PIC16LF1503.X.X.production.obj
                cinit                                43       43        E        8       0
                intentry                              4        4       3E        8       0
                text25                              635      635        7      C5C       0
                text24                              614      614        B        8       0
                text23                              62E      62E        7      C5C       0
                text22                              608      608        C        8       0
                text21                              5BD      5BD       17        8       0
                text19                              352      352       53        8       0
                text18                              497      497       30        8       0
                text17                              430      430       35        8       0
                text16                              4F5      4F5       2D        8       0
                text15                              2F6      2F6       5C        8       0
                text14                              547      547       23        8       0
                text13                              5EA      5EA       10        8       0
                text12                              5A2      5A2       1B        8       0
                text11                              465      465       32        8       0
                text10                              3A5      3A5       4F        8       0
                text9                               56A      56A       1D        8       0
                text8                               4C7      4C7       2E        8       0
                text7                               587      587       1B        8       0
                text6                               522      522       25        8       0
                text5                                51       51      1B3        8       0
                text4                               204      204       8A        8       0
                text3                               5FA      5FA        E        8       0
                text2                               5D4      5D4       16        8       0
                text1                               3F4      3F4       3C        8       0
                maintext                            28E      28E       68        8       0
                cstackBANK0                          20       20       25       20       1
                cstackCOMMON                         70       70        C       70       1
                clrtext                             63C      63C        6      C5C       0
                dataBANK0                            5C       5C        1       20       1
                bssBANK0                             45       45       17       20       1
                dataCOMMON                           7D       7D        1       70       1
                bssCOMMON                            7C       7C        1       70       1
                stringtext5                         647      647        5      C84       0
                stringtext4                         627      627        7      C3E       0
                stringtext3                         61F      61F        8      C3E       0
                _NVMEM_text                         7E0      7E0       20      FC0       0
                stringtext2                         64E      64E        1      C9C       0
                stringtext1                         642      642        5      C84       0
                idataBANK0                          64D      64D        1      C98       0
                idataCOMMON                         64C      64C        1      C98       0

TOTAL           Name                               Link     Load   Length     Space
        CLASS   STACK          

        CLASS   CODE           
                end_init                             42       42        1         0
                cinit                                43       43        E         0
                intentry                              4        4       3E         0
                reset_vec                             0        0        1         0
                text25                              635      635        7         0
                text24                              614      614        B         0
                text23                              62E      62E        7         0
                text22                              608      608        C         0
                text21                              5BD      5BD       17         0
                text19                              352      352       53         0
                text18                              497      497       30         0
                text17                              430      430       35         0
                text16                              4F5      4F5       2D         0
                text15                              2F6      2F6       5C         0
                text14                              547      547       23         0
                text13                              5EA      5EA       10         0
                text12                              5A2      5A2       1B         0
                text11                              465      465       32         0
                text10                              3A5      3A5       4F         0
                text9                               56A      56A       1D         0
                text8                               4C7      4C7       2E         0
                text7                               587      587       1B         0
                text6                               522      522       25         0
                text5                                51       51      1B3         0
                text4                               204      204       8A         0
                text3                               5FA      5FA        E         0
                text2                               5D4      5D4       16         0
                text1                               3F4      3F4       3C         0
                maintext                            28E      28E       68         0
                clrtext                             63C      63C        6         0
                _NVMEM_text                         7E0      7E0       20         0
                idataBANK0                          64D      64D        1         0
                idataCOMMON                         64C      64C        1         0

        CLASS   STRCODE        
                stringtext5                         647      647        5         0
                stringtext4                         627      627        7         0
                stringtext3                         61F      61F        8         0
                stringtext2                         64E      64E        1         0
                stringtext1                         642      642        5         0

        CLASS   STRING         

        CLASS   CONST          

        CLASS   ENTRY          

        CLASS   COMMON         
                cstackCOMMON                         70       70        C         1
                dataCOMMON                           7D       7D        1         1
                bssCOMMON                            7C       7C        1         1

        CLASS   BANK0          
                cstackBANK0                          20       20       25         1
                dataBANK0                            5C       5C        1         1
                bssBANK0                             45       45       17         1

        CLASS   BANK1          

        CLASS   BIGRAM         

        CLASS   RAM            

        CLASS   ABS1           
                abs_s1                               7E       7E        2         1

        CLASS   SFR0           

        CLASS   SFR1           

        CLASS   SFR2           

        CLASS   SFR3           

        CLASS   SFR4           

        CLASS   SFR5           

        CLASS   SFR6           

        CLASS   SFR7           

        CLASS   SFR8           

        CLASS   SFR9           

        CLASS   SFR10          

        CLASS   SFR11          

        CLASS   SFR12          

        CLASS   SFR13          

        CLASS   SFR14          

        CLASS   SFR15          

        CLASS   SFR16          

        CLASS   SFR17          

        CLASS   SFR18          

        CLASS   SFR19          

        CLASS   SFR20          

        CLASS   SFR21          

        CLASS   SFR22          

        CLASS   SFR23          

        CLASS   SFR24          

        CLASS   SFR25          

        CLASS   SFR26          

        CLASS   SFR27          

        CLASS   SFR28          

        CLASS   SFR29          

        CLASS   SFR30          

        CLASS   SFR31          

        CLASS   CONFIG         
                config                             8007     8007        2         0

        CLASS   IDLOC          

        CLASS   BANK31         

        CLASS   BANK30         

        CLASS   BANK29         

        CLASS   BANK28         

        CLASS   BANK27         

        CLASS   BANK26         

        CLASS   BANK25         

        CLASS   BANK24         

        CLASS   BANK23         

        CLASS   BANK22         

        CLASS   BANK21         

        CLASS   BANK20         

        CLASS   BANK19         

        CLASS   BANK18         

        CLASS   BANK17         

        CLASS   BANK16         

        CLASS   BANK15         

        CLASS   BANK14         

        CLASS   BANK13         

        CLASS   BANK12         

        CLASS   BANK11         

        CLASS   BANK10         

        CLASS   BANK9          

        CLASS   BANK8          

        CLASS   BANK7          

        CLASS   BANK6          

        CLASS   BANK5          

        CLASS   BANK4          

        CLASS   BANK3          

        CLASS   BANK2          

        CLASS   EEDATA         



SEGMENTS        Name                           Load    Length   Top    Selector   Space  Class     Delta

                reset_vec                      000000  000001  000001         0       0  CODE        2
                intentry                       000004  00061B  00061F         8       0  CODE        2
                cstackBANK0                    000020  00003D  00005D        20       1  BANK0       1
                cstackCOMMON                   000070  00000E  00007E        70       1  COMMON      1
                stringtext3                    00061F  00000F  00062E       C3E       0  STRCODE     2
                text23                         00062E  000014  000642       C5C       0  CODE        2
                stringtext1                    000642  00000A  00064C       C84       0  STRCODE     2
                idataCOMMON                    00064C  000002  00064E       C98       0  CODE        2
                stringtext2                    00064E  000001  00064F       C9C       0  STRCODE     2
                _NVMEM_text                    0007E0  000020  000800       FC0       0  CODE        2
                config                         008007  000002  008009     1000E       0  CONFIG      2


UNUSED ADDRESS RANGES

        Name                Unused          Largest block    Delta
        BANK0            0005D-0006F              13           1
        BANK1            000A0-000BF              20           1
        BIGRAM           02000-0206F              70           1
        CODE             00001-00003               3           2
                         0064F-007DF             191
        CONST            00001-00003               3           2
                         0064F-007DF              B1
        ENTRY            00001-00003               3           2
                         0064F-007DF              B1
        IDLOC            08000-08003               4           2
        RAM              0005D-0006F              13           1
                         000A0-000BF              20
        SFR0             00000-0001F              20           1
        SFR1             00080-0009F              20           1
        SFR10            00500-0056F              70           1
        SFR11            00580-005EF              70           1
        SFR12            00600-0066F              70           1
        SFR13            00680-006EF              70           1
        SFR14            00700-0076F              70           1
        SFR15            00780-007EF              70           1
        SFR16            00800-0086F              70           1
        SFR17            00880-008EF              70           1
        SFR18            00900-0096F              70           1
        SFR19            00980-009EF              70           1
        SFR2             00100-0016F              70           1
        SFR20            00A00-00A6F              70           1
        SFR21            00A80-00AEF              70           1
        SFR22            00B00-00B6F              70           1
        SFR23            00B80-00BEF              70           1
        SFR24            00C00-00C6F              70           1
        SFR25            00C80-00CEF              70           1
        SFR26            00D00-00D6F              70           1
        SFR27            00D80-00DEF              70           1
        SFR28            00E00-00E6F              70           1
        SFR29            00E80-00EEF              70           1
        SFR3             00180-001EF              70           1
        SFR30            00F00-00F6F              70           1
        SFR31            00F80-00FEF              70           1
        SFR4             00200-0026F              70           1
        SFR5             00280-002EF              70           1
        SFR6             00300-0036F              70           1
        SFR7             00380-003EF              70           1
        SFR8             00400-0046F              70           1
        SFR9             00480-004EF              70           1
        STACK            0203D-0206F              33           1
        STRCODE          00001-00003               3           2
                         0064F-007DF             191
        STRING           00001-00003               3           2
                         0064F-007DF              B1

                                  Symbol Table

?___lldiv                         cstackBANK0  00020
?___lmul                          cstackBANK0  00020
?___lwdiv                         cstackBANK0  00020
?___lwmod                         cstackBANK0  00020
?_read_flashmem                   cstackBANK0  00020
?_strlen                          cstackBANK0  00020
ISR@result                        cstackCOMMON 0007A
_ADCON0bits                       (abs)        0009D
_ADCON1bits                       (abs)        0009E
_ADRESH                           (abs)        0009C
_ADRESL                           (abs)        0009B
_ANSELA                           (abs)        0018C
_ANSELAbits                       (abs)        0018C
_ANSELC                           (abs)        0018E
_ANSELCbits                       (abs)        0018E
_FVRCONbits                       (abs)        00117
_INTCONbits                       (abs)        0000B
_ISR                              intentry     00004
_NVMEM                            _NVMEM_text  007E0
_NVMEM_absaddr                    (abs)        007E0
_OPTION_REGbits                   (abs)        00095
_OSCCONbits                       (abs)        00099
_PIE1bits                         (abs)        00091
_PIR1bits                         (abs)        00011
_PMADRH                           (abs)        00192
_PMADRL                           (abs)        00191
_PMCON1                           (abs)        00195
_PMCON1bits                       (abs)        00195
_PMCON2                           (abs)        00196
_PMDATH                           (abs)        00194
_PMDATL                           (abs)        00193
_PORTAbits                        (abs)        0000C
_SSP1BUF                          (abs)        00211
_SSP1STATbits                     (abs)        00214
_SSPCON1bits                      (abs)        00215
_STATUSbits                       (abs)        00003
_TRISAbits                        (abs)        0008C
_TRISCbits                        (abs)        0008E
_WDTCONbits                       (abs)        00097
_WPUAbits                         (abs)        0020C
__CFG_BOREN$OFF                   (abs)        00000
__CFG_BORV$LO                     (abs)        00000
__CFG_CLKOUTEN$OFF                (abs)        00000
__CFG_CP$OFF                      (abs)        00000
__CFG_FOSC$INTOSC                 (abs)        00000
__CFG_LPBOR$OFF                   (abs)        00000
__CFG_LVP$ON                      (abs)        00000
__CFG_MCLRE$ON                    (abs)        00000
__CFG_PWRTE$ON                    (abs)        00000
__CFG_STVREN$ON                   (abs)        00000
__CFG_WDTE$ON                     (abs)        00000
__CFG_WRT$OFF                     (abs)        00000
__H_NVMEM_text                    _NVMEM_text  00800
__Habs1                           abs1         00000
__Hbank0                          bank0        00000
__Hbank1                          bank1        00000
__Hbank10                         bank10       00000
__Hbank11                         bank11       00000
__Hbank12                         bank12       00000
__Hbank13                         bank13       00000
__Hbank14                         bank14       00000
__Hbank15                         bank15       00000
__Hbank16                         bank16       00000
__Hbank17                         bank17       00000
__Hbank18                         bank18       00000
__Hbank19                         bank19       00000
__Hbank2                          bank2        00000
__Hbank20                         bank20       00000
__Hbank21                         bank21       00000
__Hbank22                         bank22       00000
__Hbank23                         bank23       00000
__Hbank24                         bank24       00000
__Hbank25                         bank25       00000
__Hbank26                         bank26       00000
__Hbank27                         bank27       00000
__Hbank28                         bank28       00000
__Hbank29                         bank29       00000
__Hbank3                          bank3        00000
__Hbank30                         bank30       00000
__Hbank31                         bank31       00000
__Hbank4                          bank4        00000
__Hbank5                          bank5        00000
__Hbank6                          bank6        00000
__Hbank7                          bank7        00000
__Hbank8                          bank8        00000
__Hbank9                          bank9        00000
__Hbigram                         bigram       00000
__HbssBANK0                       bssBANK0     00000
__HbssCOMMON                      bssCOMMON    00000
__Hcinit                          cinit        00051
__Hclrtext                        clrtext      00000
__Hcode                           code         00000
__Hcommon                         common       00000
__Hconfig                         config       08009
__HcstackBANK0                    cstackBANK0  00000
__HcstackCOMMON                   cstackCOMMON 00000
__HdataBANK0                      dataBANK0    00000
__HdataCOMMON                     dataCOMMON   00000
__Heeprom_data                    eeprom_data  00000
__Hend_init                       end_init     00043
__Hfunctab                        functab      00000
__HidataBANK0                     idataBANK0   00000
__HidataCOMMON                    idataCOMMON  00000
__Hidloc                          idloc        00000
__Hinit                           init         00042
__Hintentry                       intentry     00042
__Hmaintext                       maintext     00000
__Hpowerup                        powerup      00000
__Hram                            ram          00000
__Hreset_vec                      reset_vec    00001
__Hsfr0                           sfr0         00000
__Hsfr1                           sfr1         00000
__Hsfr10                          sfr10        00000
__Hsfr11                          sfr11        00000
__Hsfr12                          sfr12        00000
__Hsfr13                          sfr13        00000
__Hsfr14                          sfr14        00000
__Hsfr15                          sfr15        00000
__Hsfr16                          sfr16        00000
__Hsfr17                          sfr17        00000
__Hsfr18                          sfr18        00000
__Hsfr19                          sfr19        00000
__Hsfr2                           sfr2         00000
__Hsfr20                          sfr20        00000
__Hsfr21                          sfr21        00000
__Hsfr22                          sfr22        00000
__Hsfr23                          sfr23        00000
__Hsfr24                          sfr24        00000
__Hsfr25                          sfr25        00000
__Hsfr26                          sfr26        00000
__Hsfr27                          sfr27        00000
__Hsfr28                          sfr28        00000
__Hsfr29                          sfr29        00000
__Hsfr3                           sfr3         00000
__Hsfr30                          sfr30        00000
__Hsfr31                          sfr31        00000
__Hsfr4                           sfr4         00000
__Hsfr5                           sfr5         00000
__Hsfr6                           sfr6         00000
__Hsfr7                           sfr7         00000
__Hsfr8                           sfr8         00000
__Hsfr9                           sfr9         00000
__Hspace_0                        (abs)        08009
__Hspace_1                        (abs)        0007E
__Hspace_2                        (abs)        00000
__Hspace_3                        (abs)        00000
__Hstack                          stack        00000
__Hstrings                        strings      00000
__Hstringtext1                    stringtext1  00000
__Hstringtext2                    stringtext2  00000
__Hstringtext3                    stringtext3  00000
__Hstringtext4                    stringtext4  00000
__Hstringtext5                    stringtext5  00000
__Hstringtext6                    stringtext6  00000
__Htext                           text         00000
__L_NVMEM_text                    _NVMEM_text  007E0
__Labs1                           abs1         00000
__Lbank0                          bank0        00000
__Lbank1                          bank1        00000
__Lbank10                         bank10       00000
__Lbank11                         bank11       00000
__Lbank12                         bank12       00000
__Lbank13                         bank13       00000
__Lbank14                         bank14       00000
__Lbank15                         bank15       00000
__Lbank16                         bank16       00000
__Lbank17                         bank17       00000
__Lbank18                         bank18       00000
__Lbank19                         bank19       00000
__Lbank2                          bank2        00000
__Lbank20                         bank20       00000
__Lbank21                         bank21       00000
__Lbank22                         bank22       00000
__Lbank23                         bank23       00000
__Lbank24                         bank24       00000
__Lbank25                         bank25       00000
__Lbank26                         bank26       00000
__Lbank27                         bank27       00000
__Lbank28                         bank28       00000
__Lbank29                         bank29       00000
__Lbank3                          bank3        00000
__Lbank30                         bank30       00000
__Lbank31                         bank31       00000
__Lbank4                          bank4        00000
__Lbank5                          bank5        00000
__Lbank6                          bank6        00000
__Lbank7                          bank7        00000
__Lbank8                          bank8        00000
__Lbank9                          bank9        00000
__Lbigram                         bigram       00000
__LbssBANK0                       bssBANK0     00000
__LbssCOMMON                      bssCOMMON    00000
__Lcinit                          cinit        00043
__Lclrtext                        clrtext      00000
__Lcode                           code         00000
__Lcommon                         common       00000
__Lconfig                         config       08007
__LcstackBANK0                    cstackBANK0  00000
__LcstackCOMMON                   cstackCOMMON 00000
__LdataBANK0                      dataBANK0    00000
__LdataCOMMON                     dataCOMMON   00000
__Leeprom_data                    eeprom_data  00000
__Lend_init                       end_init     00042
__Lfunctab                        functab      00000
__LidataBANK0                     idataBANK0   00000
__LidataCOMMON                    idataCOMMON  00000
__Lidloc                          idloc        00000
__Linit                           init         00042
__Lintentry                       intentry     00004
__Lmaintext                       maintext     00000
__Lpowerup                        powerup      00000
__Lram                            ram          00000
__Lreset_vec                      reset_vec    00000
__Lsfr0                           sfr0         00000
__Lsfr1                           sfr1         00000
__Lsfr10                          sfr10        00000
__Lsfr11                          sfr11        00000
__Lsfr12                          sfr12        00000
__Lsfr13                          sfr13        00000
__Lsfr14                          sfr14        00000
__Lsfr15                          sfr15        00000
__Lsfr16                          sfr16        00000
__Lsfr17                          sfr17        00000
__Lsfr18                          sfr18        00000
__Lsfr19                          sfr19        00000
__Lsfr2                           sfr2         00000
__Lsfr20                          sfr20        00000
__Lsfr21                          sfr21        00000
__Lsfr22                          sfr22        00000
__Lsfr23                          sfr23        00000
__Lsfr24                          sfr24        00000
__Lsfr25                          sfr25        00000
__Lsfr26                          sfr26        00000
__Lsfr27                          sfr27        00000
__Lsfr28                          sfr28        00000
__Lsfr29                          sfr29        00000
__Lsfr3                           sfr3         00000
__Lsfr30                          sfr30        00000
__Lsfr31                          sfr31        00000
__Lsfr4                           sfr4         00000
__Lsfr5                           sfr5         00000
__Lsfr6                           sfr6         00000
__Lsfr7                           sfr7         00000
__Lsfr8                           sfr8         00000
__Lsfr9                           sfr9         00000
__Lspace_0                        (abs)        00000
__Lspace_1                        (abs)        00000
__Lspace_2                        (abs)        00000
__Lspace_3                        (abs)        00000
__Lstack                          stack        00000
__Lstrings                        strings      00000
__Lstringtext1                    stringtext1  00000
__Lstringtext2                    stringtext2  00000
__Lstringtext3                    stringtext3  00000
__Lstringtext4                    stringtext4  00000
__Lstringtext5                    stringtext5  00000
__Lstringtext6                    stringtext6  00000
__Ltext                           text         00000
__S0                              (abs)        08009
__S1                              (abs)        0007E
__S2                              (abs)        00000
___int_sp                         stack        00000
___latbits                        (abs)        00000
___lldiv                          text19       00352
___lldiv@counter                  cstackBANK0  0002D
___lldiv@dividend                 cstackBANK0  00024
___lldiv@divisor                  cstackBANK0  00020
___lldiv@quotient                 cstackBANK0  00029
___lmul                           text18       00497
___lmul@multiplicand              cstackBANK0  00024
___lmul@multiplier                cstackBANK0  00020
___lmul@product                   cstackBANK0  00028
___lwdiv                          text17       00430
___lwdiv@counter                  cstackBANK0  00027
___lwdiv@dividend                 cstackBANK0  00022
___lwdiv@divisor                  cstackBANK0  00020
___lwdiv@quotient                 cstackBANK0  00025
___lwmod                          text16       004F5
___lwmod@counter                  cstackBANK0  00025
___lwmod@dividend                 cstackBANK0  00022
___lwmod@divisor                  cstackBANK0  00020
___sp                             stack        00000
__end_of_ISR                      intentry     00042
__end_of_NVMEM                    _NVMEM_text  00800
__end_of___lldiv                  text19       003A5
__end_of___lmul                   text18       004C7
__end_of___lwdiv                  text17       00465
__end_of___lwmod                  text16       00522
__end_of__initialization          cinit        0004E
__end_of__itoa                    text13       005FA
__end_of_itoa                     text14       0056A
__end_of_loop                     text5        00204
__end_of_main                     maintext     002F6
__end_of_n_ADDRESS_MUL            stringtext2  0064F
__end_of_n_ADDRESS_P0             stringtext1  00647
__end_of_nrf24l01ISR              text21       005D4
__end_of_nrf24l01Init             text2        005EA
__end_of_nrf24l01InitRegisters    text4        0028E
__end_of_nrf24l01InterfaceInit    text3        00608
__end_of_nrf24l01SPIEnd           text25       0063C
__end_of_nrf24l01SPISend          text24       0061F
__end_of_nrf24l01SPIStart         text23       00635
__end_of_nrf24l01Send             text22       00614
__end_of_nrf24l01SendString       text10       003F4
__end_of_nrf24l01SetRecieveMode   text9        00587
__end_of_nrf24l01SetTransmitMode  text12       005BD
__end_of_read_flashmem            text11       00497
__end_of_startADC                 text8        004F5
__end_of_strcpy                   text7        005A2
__end_of_strlen                   text6        00547
__end_of_utoa                     text15       00352
__end_of_write_flashmem           text1        00430
__initialization                  cinit        00043
__itoa                            text13       005EA
__itoa@base                       cstackBANK0  0003A
__itoa@buffer                     cstackBANK0  0003D
__itoa@number                     cstackBANK0  00038
__p_NVMEM_text                    _NVMEM_text  007E0
__pbssBANK0                       bssBANK0     00045
__pbssCOMMON                      bssCOMMON    0007C
__pcstackBANK0                    cstackBANK0  00020
__pcstackCOMMON                   cstackCOMMON 00070
__pdataBANK0                      dataBANK0    0005C
__pdataCOMMON                     dataCOMMON   0007D
__pidataBANK0                     idataBANK0   0064D
__pidataCOMMON                    idataCOMMON  0064C
__pintentry                       intentry     00004
__pmaintext                       maintext     0028E
__pstringtext1                    stringtext1  00642
__pstringtext2                    stringtext2  0064E
__pstringtext3                    stringtext3  0061F
__pstringtext4                    stringtext4  00627
__pstringtext5                    stringtext5  00647
__pstringtext6                    stringtext6  00000
__ptext1                          text1        003F4
__ptext10                         text10       003A5
__ptext11                         text11       00465
__ptext12                         text12       005A2
__ptext13                         text13       005EA
__ptext14                         text14       00547
__ptext15                         text15       002F6
__ptext16                         text16       004F5
__ptext17                         text17       00430
__ptext18                         text18       00497
__ptext19                         text19       00352
__ptext2                          text2        005D4
__ptext21                         text21       005BD
__ptext22                         text22       00608
__ptext23                         text23       0062E
__ptext24                         text24       00614
__ptext25                         text25       00635
__ptext3                          text3        005FA
__ptext4                          text4        00204
__ptext5                          text5        00051
__ptext6                          text6        00522
__ptext7                          text7        00587
__ptext8                          text8        004C7
__ptext9                          text9        0056A
__size_of_ISR                     (abs)        00000
__size_of___lldiv                 (abs)        00000
__size_of___lmul                  (abs)        00000
__size_of___lwdiv                 (abs)        00000
__size_of___lwmod                 (abs)        00000
__size_of__itoa                   (abs)        00000
__size_of_itoa                    (abs)        00000
__size_of_loop                    (abs)        00000
__size_of_main                    (abs)        00000
__size_of_nrf24l01ISR             (abs)        00000
__size_of_nrf24l01Init            (abs)        00000
__size_of_nrf24l01InitRegisters   (abs)        00000
__size_of_nrf24l01InterfaceInit   (abs)        00000
__size_of_nrf24l01SPIEnd          (abs)        00000
__size_of_nrf24l01SPISend         (abs)        00000
__size_of_nrf24l01SPIStart        (abs)        00000
__size_of_nrf24l01Send            (abs)        00000
__size_of_nrf24l01SendString      (abs)        00000
__size_of_nrf24l01SetRecieveMode  (abs)        00000
__size_of_nrf24l01SetTransmitMode (abs)        00000
__size_of_read_flashmem           (abs)        00000
__size_of_startADC                (abs)        00000
__size_of_strcpy                  (abs)        00000
__size_of_strlen                  (abs)        00000
__size_of_utoa                    (abs)        00000
__size_of_write_flashmem          (abs)        00000
_adcLoop                          bssCOMMON    0007C
_adcSum                           bssBANK0     00045
_counter                          bssBANK0     00049
_itoa                             text14       00547
_loop                             text5        00051
_main                             maintext     0028E
_mode                             dataCOMMON   0007D
_nextMode                         dataBANK0    0005C
_nrf24l01ISR                      text21       005BD
_nrf24l01Init                     text2        005D4
_nrf24l01InitRegisters            text4        00204
_nrf24l01InterfaceInit            text3        005FA
_nrf24l01SPIEnd                   text25       00635
_nrf24l01SPISend                  text24       00614
_nrf24l01SPIStart                 text23       0062E
_nrf24l01Send                     text22       00608
_nrf24l01SendString               text10       003A5
_nrf24l01SetRecieveMode           text9        0056A
_nrf24l01SetTransmitMode          text12       005A2
_read_flashmem                    text11       00465
_sleepLoop                        bssBANK0     0004B
_startADC                         text8        004C7
_strcpy                           text7        00587
_string                           bssBANK0     0004C
_strlen                           text6        00522
_utoa                             text15       002F6
_write_flashmem                   text1        003F4
btemp                             (abs)        0007E
clear_ram0                        clrtext      0063C
end_of_initialization             cinit        0004E
int$flags                         (abs)        0007E
intlevel0                         functab      00000
intlevel1                         functab      00000
intlevel2                         functab      00000
intlevel3                         functab      00000
intlevel4                         functab      00000
intlevel5                         functab      00000
itoa@base                         cstackBANK0  00033
itoa@buf                          cstackBANK0  00037
itoa@cp                           cstackBANK0  00036
itoa@val                          cstackBANK0  00031
main@bootCount                    cstackBANK0  00043
nrf24l01ISR@status                cstackCOMMON 00075
nrf24l01InitRegisters@DynPD       cstackBANK0  00029
nrf24l01InitRegisters@channel     cstackBANK0  00021
nrf24l01InitRegisters@config      cstackBANK0  00025
nrf24l01InitRegisters@enAA        cstackBANK0  00028
nrf24l01InitRegisters@enRXAddr    cstackBANK0  00027
nrf24l01InitRegisters@feature     cstackBANK0  00023
nrf24l01InitRegisters@rfSetup     cstackBANK0  00024
nrf24l01InitRegisters@setupAW     cstackBANK0  00022
nrf24l01InitRegisters@status      cstackBANK0  00026
nrf24l01SPISend@data              cstackCOMMON 00070
nrf24l01Send@command              cstackCOMMON 00073
nrf24l01Send@data                 cstackCOMMON 00071
nrf24l01SendString@btye           cstackBANK0  0002C
nrf24l01SendString@i              cstackBANK0  0002E
nrf24l01SendString@string         cstackBANK0  0002D
nrf24l01SetRecieveMode@config     cstackBANK0  00021
nrf24l01SetTransmitMode@config    cstackBANK0  00021
read_flashmem@address             cstackBANK0  00027
read_flashmem@offset              cstackBANK0  00020
read_flashmem@result              cstackBANK0  00025
reset_vec                         reset_vec    00000
stackhi                           (abs)        0206F
stacklo                           (abs)        0203D
start                             init         00042
startADC@channel                  cstackBANK0  00021
start_initialization              cinit        00043
strcpy@cp                         cstackBANK0  0002B
strcpy@from                       cstackBANK0  00028
strcpy@to                         cstackBANK0  0002C
strlen@cp                         cstackBANK0  00026
strlen@s                          cstackBANK0  00027
utoa@base                         cstackBANK0  0002A
utoa@buf                          cstackBANK0  00030
utoa@c                            cstackBANK0  0002F
utoa@v                            cstackBANK0  0002D
utoa@val                          cstackBANK0  00028
write_flashmem@address            cstackBANK0  00024
write_flashmem@data               cstackBANK0  00022
write_flashmem@offset             cstackBANK0  00020
wtemp0                            (abs)        0007E


FUNCTION INFORMATION:

 *************** function _main *****************
 Defined at:
		line 200 in file "main.c"
 Parameters:    Size  Location     Type
		None
 Auto vars:     Size  Location     Type
  bootCount       2   35[BANK0 ] unsigned int 
 Return value:  Size  Location     Type
                  1    wreg      void 
 Registers used:
		wreg, fsr0l, fsr0h, fsr1l, fsr1h, status,2, status,0, pclath, cstack
 Tracked objects:
		On entry : 
		On exit  : 
		Unchanged: 
 Data sizes:     COMMON   BANK0   BANK1
      Params:         0       0       0
      Locals:         0       2       0
      Temps:          0       1       0
      Totals:         0       3       0
Total ram usage:        3 bytes
 Hardware stack levels required when called:    9
 This function calls:
		_loop
		_nrf24l01Init
		_read_flashmem
		_write_flashmem
 This function is called by:
		Startup code after reset
 This function uses a non-reentrant model


 *************** function _write_flashmem *****************
 Defined at:
		line 4 in file "flash.c"
 Parameters:    Size  Location     Type
  offset          2    0[BANK0 ] unsigned int 
  data            2    2[BANK0 ] unsigned int 
 Auto vars:     Size  Location     Type
  address         2    4[BANK0 ] unsigned int 
 Return value:  Size  Location     Type
                  1    wreg      void 
 Registers used:
		wreg, status,2, status,0
 Tracked objects:
		On entry : 
		On exit  : 
		Unchanged: 
 Data sizes:     COMMON   BANK0   BANK1
      Params:         0       4       0
      Locals:         0       2       0
      Temps:          0       0       0
      Totals:         0       6       0
Total ram usage:        6 bytes
 Hardware stack levels used:    1
 Hardware stack levels required when called:    4
 This function calls:
		Nothing
 This function is called by:
		_main
 This function uses a non-reentrant model


 *************** function _nrf24l01Init *****************
 Defined at:
		line 230 in file "nrf24l01.c"
 Parameters:    Size  Location     Type
		None
 Auto vars:     Size  Location     Type
		None
 Return value:  Size  Location     Type
                  1    wreg      void 
 Registers used:
		wreg, status,2, status,0, pclath, cstack
 Tracked objects:
		On entry : 
		On exit  : 
		Unchanged: 
 Data sizes:     COMMON   BANK0   BANK1
      Params:         0       0       0
      Locals:         0       0       0
      Temps:          0       1       0
      Totals:         0       1       0
Total ram usage:        1 bytes
 Hardware stack levels used:    1
 Hardware stack levels required when called:    7
 This function calls:
		_nrf24l01InitRegisters
		_nrf24l01InterfaceInit
 This function is called by:
		_main
 This function uses a non-reentrant model


 *************** function _nrf24l01InterfaceInit *****************
 Defined at:
		line 9 in file "interface.c"
 Parameters:    Size  Location     Type
		None
 Auto vars:     Size  Location     Type
		None
 Return value:  Size  Location     Type
                  1    wreg      void 
 Registers used:
		wreg, status,2, status,0
 Tracked objects:
		On entry : 
		On exit  : 
		Unchanged: 
 Data sizes:     COMMON   BANK0   BANK1
      Params:         0       0       0
      Locals:         0       0       0
      Temps:          0       0       0
      Totals:         0       0       0
Total ram usage:        0 bytes
 Hardware stack levels used:    1
 Hardware stack levels required when called:    4
 This function calls:
		Nothing
 This function is called by:
		_nrf24l01Init
 This function uses a non-reentrant model


 *************** function _nrf24l01InitRegisters *****************
 Defined at:
		line 142 in file "nrf24l01.c"
 Parameters:    Size  Location     Type
		None
 Auto vars:     Size  Location     Type
  DynPD           1    9[BANK0 ] struct .
  enAA            1    8[BANK0 ] struct .
  enRXAddr        1    7[BANK0 ] struct .
  status          1    6[BANK0 ] struct .
  config          1    5[BANK0 ] struct .
  rfSetup         1    4[BANK0 ] struct .
  feature         1    3[BANK0 ] struct .
  setupAW         1    2[BANK0 ] struct .
  channel         1    1[BANK0 ] struct .
 Return value:  Size  Location     Type
                  1    wreg      void 
 Registers used:
		wreg, status,2, status,0, pclath, cstack
 Tracked objects:
		On entry : 
		On exit  : 
		Unchanged: 
 Data sizes:     COMMON   BANK0   BANK1
      Params:         0       0       0
      Locals:         0       9       0
      Temps:          0       1       0
      Totals:         0      10       0
Total ram usage:       10 bytes
 Hardware stack levels used:    1
 Hardware stack levels required when called:    6
 This function calls:
		_nrf24l01Send
 This function is called by:
		_nrf24l01Init
 This function uses a non-reentrant model


 *************** function _loop *****************
 Defined at:
		line 73 in file "main.c"
 Parameters:    Size  Location     Type
		None
 Auto vars:     Size  Location     Type
		None
 Return value:  Size  Location     Type
                  1    wreg      void 
 Registers used:
		wreg, fsr0l, fsr0h, fsr1l, fsr1h, status,2, status,0, pclath, cstack
 Tracked objects:
		On entry : 
		On exit  : 
		Unchanged: 
 Data sizes:     COMMON   BANK0   BANK1
      Params:         0       0       0
      Locals:         0       0       0
      Temps:          0       4       0
      Totals:         0       4       0
Total ram usage:        4 bytes
 Hardware stack levels used:    1
 Hardware stack levels required when called:    8
 This function calls:
		___lldiv
		___lmul
		__itoa
		_nrf24l01SendString
		_nrf24l01SetRecieveMode
		_read_flashmem
		_startADC
		_strcpy
		_strlen
 This function is called by:
		_main
 This function uses a non-reentrant model


 *************** function _strlen *****************
 Defined at:
		line 4 in file "C:\Program Files (x86)\Microchip\xc8\v1.45\sources\common\strlen.c"
 Parameters:    Size  Location     Type
  s               1    wreg     PTR const unsigned char 
		 -> string(16), 
 Auto vars:     Size  Location     Type
  s               1    7[BANK0 ] PTR const unsigned char 
		 -> string(16), 
  cp              1    6[BANK0 ] PTR const unsigned char 
		 -> string(16), 
 Return value:  Size  Location     Type
                  2    0[BANK0 ] unsigned int 
 Registers used:
		wreg, fsr1l, fsr1h, status,2, status,0
 Tracked objects:
		On entry : 
		On exit  : 
		Unchanged: 
 Data sizes:     COMMON   BANK0   BANK1
      Params:         0       2       0
      Locals:         0       2       0
      Temps:          0       4       0
      Totals:         0       8       0
Total ram usage:        8 bytes
 Hardware stack levels used:    1
 Hardware stack levels required when called:    4
 This function calls:
		Nothing
 This function is called by:
		_loop
		_nrf24l01HandleRX
 This function uses a non-reentrant model


 *************** function _strcpy *****************
 Defined at:
		line 8 in file "C:\Program Files (x86)\Microchip\xc8\v1.45\sources\common\strcpy.c"
 Parameters:    Size  Location     Type
  to              1    wreg     PTR unsigned char 
		 -> string(16), 
  from            2    8[BANK0 ] PTR const unsigned char 
		 -> STR_4(2), STR_3(5), STR_2(8), STR_1(7), 
 Auto vars:     Size  Location     Type
  to              1   12[BANK0 ] PTR unsigned char 
		 -> string(16), 
  cp              1   11[BANK0 ] PTR unsigned char 
		 -> string(16), 
 Return value:  Size  Location     Type
                  1    wreg      PTR unsigned char 
 Registers used:
		wreg, fsr0l, fsr0h, fsr1l, fsr1h, status,2, status,0, pclath
 Tracked objects:
		On entry : 
		On exit  : 
		Unchanged: 
 Data sizes:     COMMON   BANK0   BANK1
      Params:         0       2       0
      Locals:         0       2       0
      Temps:          0       1       0
      Totals:         0       5       0
Total ram usage:        5 bytes
 Hardware stack levels used:    1
 Hardware stack levels required when called:    4
 This function calls:
		Nothing
 This function is called by:
		_loop
 This function uses a non-reentrant model


 *************** function _startADC *****************
 Defined at:
		line 61 in file "main.c"
 Parameters:    Size  Location     Type
  channel         1    wreg     unsigned char 
 Auto vars:     Size  Location     Type
  channel         1    1[BANK0 ] unsigned char 
 Return value:  Size  Location     Type
                  1    wreg      void 
 Registers used:
		wreg, status,2, status,0
 Tracked objects:
		On entry : 
		On exit  : 
		Unchanged: 
 Data sizes:     COMMON   BANK0   BANK1
      Params:         0       0       0
      Locals:         0       1       0
      Temps:          0       1       0
      Totals:         0       2       0
Total ram usage:        2 bytes
 Hardware stack levels used:    1
 Hardware stack levels required when called:    4
 This function calls:
		Nothing
 This function is called by:
		_loop
 This function uses a non-reentrant model


 *************** function _nrf24l01SetRecieveMode *****************
 Defined at:
		line 86 in file "nrf24l01.c"
 Parameters:    Size  Location     Type
		None
 Auto vars:     Size  Location     Type
  config          1    1[BANK0 ] struct .
 Return value:  Size  Location     Type
                  1    wreg      void 
 Registers used:
		wreg, status,2, status,0, pclath, cstack
 Tracked objects:
		On entry : 
		On exit  : 
		Unchanged: 
 Data sizes:     COMMON   BANK0   BANK1
      Params:         0       0       0
      Locals:         0       1       0
      Temps:          0       1       0
      Totals:         0       2       0
Total ram usage:        2 bytes
 Hardware stack levels used:    1
 Hardware stack levels required when called:    6
 This function calls:
		_nrf24l01Send
 This function is called by:
		_loop
 This function uses a non-reentrant model


 *************** function _nrf24l01SendString *****************
 Defined at:
		line 102 in file "nrf24l01.c"
 Parameters:    Size  Location     Type
  string          1    wreg     PTR unsigned char 
		 -> string(16), 
 Auto vars:     Size  Location     Type
  string          1   13[BANK0 ] PTR unsigned char 
		 -> string(16), 
  i               1   14[BANK0 ] unsigned char 
  btye            1   12[BANK0 ] unsigned char 
 Return value:  Size  Location     Type
                  1    wreg      void 
 Registers used:
		wreg, fsr1l, fsr1h, status,2, status,0, pclath, cstack
 Tracked objects:
		On entry : 
		On exit  : 
		Unchanged: 
 Data sizes:     COMMON   BANK0   BANK1
      Params:         0       0       0
      Locals:         0       3       0
      Temps:          0       3       0
      Totals:         0       6       0
Total ram usage:        6 bytes
 Hardware stack levels used:    1
 Hardware stack levels required when called:    7
 This function calls:
		_nrf24l01SPIEnd
		_nrf24l01SPISend
		_nrf24l01SPIStart
		_nrf24l01SetTransmitMode
		_read_flashmem
 This function is called by:
		_loop
 This function uses a non-reentrant model


 *************** function _read_flashmem *****************
 Defined at:
		line 61 in file "flash.c"
 Parameters:    Size  Location     Type
  offset          2    0[BANK0 ] unsigned int 
 Auto vars:     Size  Location     Type
  address         2    7[BANK0 ] unsigned int 
  result          2    5[BANK0 ] unsigned int 
 Return value:  Size  Location     Type
                  2    0[BANK0 ] unsigned int 
 Registers used:
		wreg, status,2, status,0
 Tracked objects:
		On entry : 
		On exit  : 
		Unchanged: 
 Data sizes:     COMMON   BANK0   BANK1
      Params:         0       2       0
      Locals:         0       4       0
      Temps:          0       3       0
      Totals:         0       9       0
Total ram usage:        9 bytes
 Hardware stack levels used:    1
 Hardware stack levels required when called:    4
 This function calls:
		Nothing
 This function is called by:
		_loop
		_main
		_nrf24l01SendString
		_nrf24l01HandleRX
 This function uses a non-reentrant model


 *************** function _nrf24l01SetTransmitMode *****************
 Defined at:
		line 70 in file "nrf24l01.c"
 Parameters:    Size  Location     Type
		None
 Auto vars:     Size  Location     Type
  config          1    1[BANK0 ] struct .
 Return value:  Size  Location     Type
                  1    wreg      void 
 Registers used:
		wreg, status,2, status,0, pclath, cstack
 Tracked objects:
		On entry : 
		On exit  : 
		Unchanged: 
 Data sizes:     COMMON   BANK0   BANK1
      Params:         0       0       0
      Locals:         0       1       0
      Temps:          0       1       0
      Totals:         0       2       0
Total ram usage:        2 bytes
 Hardware stack levels used:    1
 Hardware stack levels required when called:    6
 This function calls:
		_nrf24l01Send
 This function is called by:
		_nrf24l01SendString
 This function uses a non-reentrant model


 *************** function __itoa *****************
 Defined at:
		line 51 in file "interface.c"
 Parameters:    Size  Location     Type
  buffer          1    wreg     PTR unsigned char 
		 -> string(16), 
  number          2   24[BANK0 ] unsigned int 
  base            1   26[BANK0 ] unsigned char 
 Auto vars:     Size  Location     Type
  buffer          1   29[BANK0 ] PTR unsigned char 
		 -> string(16), 
 Return value:  Size  Location     Type
                  1    wreg      void 
 Registers used:
		wreg, fsr1l, fsr1h, status,2, status,0, pclath, cstack
 Tracked objects:
		On entry : 
		On exit  : 
		Unchanged: 
 Data sizes:     COMMON   BANK0   BANK1
      Params:         0       3       0
      Locals:         0       1       0
      Temps:          0       2       0
      Totals:         0       6       0
Total ram usage:        6 bytes
 Hardware stack levels used:    1
 Hardware stack levels required when called:    7
 This function calls:
		_itoa
 This function is called by:
		_loop
 This function uses a non-reentrant model


 *************** function _itoa *****************
 Defined at:
		line 4 in file "C:\Program Files (x86)\Microchip\xc8\v1.45\sources\common\itoa.c"
 Parameters:    Size  Location     Type
  buf             1    wreg     PTR unsigned char 
		 -> string(16), 
  val             2   17[BANK0 ] int 
  base            2   19[BANK0 ] int 
 Auto vars:     Size  Location     Type
  buf             1   23[BANK0 ] PTR unsigned char 
		 -> string(16), 
  cp              1   22[BANK0 ] PTR unsigned char 
		 -> string(16), 
 Return value:  Size  Location     Type
                  1    wreg      PTR unsigned char 
 Registers used:
		wreg, fsr1l, fsr1h, status,2, status,0, pclath, cstack
 Tracked objects:
		On entry : 
		On exit  : 
		Unchanged: 
 Data sizes:     COMMON   BANK0   BANK1
      Params:         0       4       0
      Locals:         0       2       0
      Temps:          0       1       0
      Totals:         0       7       0
Total ram usage:        7 bytes
 Hardware stack levels used:    1
 Hardware stack levels required when called:    6
 This function calls:
		_utoa
 This function is called by:
		__itoa
 This function uses a non-reentrant model


 *************** function _utoa *****************
 Defined at:
		line 17 in file "C:\Program Files (x86)\Microchip\xc8\v1.45\sources\common\itoa.c"
 Parameters:    Size  Location     Type
  buf             1    wreg     PTR unsigned char 
		 -> string(16), 
  val             2    8[BANK0 ] unsigned int 
  base            2   10[BANK0 ] int 
 Auto vars:     Size  Location     Type
  buf             1   16[BANK0 ] PTR unsigned char 
		 -> string(16), 
  v               2   13[BANK0 ] unsigned int 
  c               1   15[BANK0 ] unsigned char 
 Return value:  Size  Location     Type
                  1    wreg      PTR unsigned char 
 Registers used:
		wreg, fsr1l, fsr1h, status,2, status,0, pclath, cstack
 Tracked objects:
		On entry : 
		On exit  : 
		Unchanged: 
 Data sizes:     COMMON   BANK0   BANK1
      Params:         0       4       0
      Locals:         0       4       0
      Temps:          0       1       0
      Totals:         0       9       0
Total ram usage:        9 bytes
 Hardware stack levels used:    1
 Hardware stack levels required when called:    5
 This function calls:
		___lwdiv
		___lwmod
 This function is called by:
		_itoa
 This function uses a non-reentrant model


 *************** function ___lwmod *****************
 Defined at:
		line 6 in file "C:\Program Files (x86)\Microchip\xc8\v1.45\sources\common\lwmod.c"
 Parameters:    Size  Location     Type
  divisor         2    0[BANK0 ] unsigned int 
  dividend        2    2[BANK0 ] unsigned int 
 Auto vars:     Size  Location     Type
  counter         1    5[BANK0 ] unsigned char 
 Return value:  Size  Location     Type
                  2    0[BANK0 ] unsigned int 
 Registers used:
		wreg, status,2, status,0
 Tracked objects:
		On entry : 
		On exit  : 
		Unchanged: 
 Data sizes:     COMMON   BANK0   BANK1
      Params:         0       4       0
      Locals:         0       1       0
      Temps:          0       1       0
      Totals:         0       6       0
Total ram usage:        6 bytes
 Hardware stack levels used:    1
 Hardware stack levels required when called:    4
 This function calls:
		Nothing
 This function is called by:
		_utoa
 This function uses a non-reentrant model


 *************** function ___lwdiv *****************
 Defined at:
		line 6 in file "C:\Program Files (x86)\Microchip\xc8\v1.45\sources\common\lwdiv.c"
 Parameters:    Size  Location     Type
  divisor         2    0[BANK0 ] unsigned int 
  dividend        2    2[BANK0 ] unsigned int 
 Auto vars:     Size  Location     Type
  quotient        2    5[BANK0 ] unsigned int 
  counter         1    7[BANK0 ] unsigned char 
 Return value:  Size  Location     Type
                  2    0[BANK0 ] unsigned int 
 Registers used:
		wreg, status,2, status,0
 Tracked objects:
		On entry : 
		On exit  : 
		Unchanged: 
 Data sizes:     COMMON   BANK0   BANK1
      Params:         0       4       0
      Locals:         0       3       0
      Temps:          0       1       0
      Totals:         0       8       0
Total ram usage:        8 bytes
 Hardware stack levels used:    1
 Hardware stack levels required when called:    4
 This function calls:
		Nothing
 This function is called by:
		_utoa
 This function uses a non-reentrant model


 *************** function ___lmul *****************
 Defined at:
		line 15 in file "C:\Program Files (x86)\Microchip\xc8\v1.45\sources\common\Umul32.c"
 Parameters:    Size  Location     Type
  multiplier      4    0[BANK0 ] unsigned long 
  multiplicand    4    4[BANK0 ] unsigned long 
 Auto vars:     Size  Location     Type
  product         4    8[BANK0 ] unsigned long 
 Return value:  Size  Location     Type
                  4    0[BANK0 ] unsigned long 
 Registers used:
		wreg, status,2, status,0
 Tracked objects:
		On entry : 
		On exit  : 
		Unchanged: 
 Data sizes:     COMMON   BANK0   BANK1
      Params:         0       8       0
      Locals:         0       4       0
      Temps:          0       0       0
      Totals:         0      12       0
Total ram usage:       12 bytes
 Hardware stack levels used:    1
 Hardware stack levels required when called:    4
 This function calls:
		Nothing
 This function is called by:
		_loop
 This function uses a non-reentrant model


 *************** function ___lldiv *****************
 Defined at:
		line 6 in file "C:\Program Files (x86)\Microchip\xc8\v1.45\sources\common\lldiv.c"
 Parameters:    Size  Location     Type
  divisor         4    0[BANK0 ] unsigned long 
  dividend        4    4[BANK0 ] unsigned long 
 Auto vars:     Size  Location     Type
  quotient        4    9[BANK0 ] unsigned long 
  counter         1   13[BANK0 ] unsigned char 
 Return value:  Size  Location     Type
                  4    0[BANK0 ] unsigned long 
 Registers used:
		wreg, status,2, status,0
 Tracked objects:
		On entry : 
		On exit  : 
		Unchanged: 
 Data sizes:     COMMON   BANK0   BANK1
      Params:         0       8       0
      Locals:         0       5       0
      Temps:          0       1       0
      Totals:         0      14       0
Total ram usage:       14 bytes
 Hardware stack levels used:    1
 Hardware stack levels required when called:    4
 This function calls:
		Nothing
 This function is called by:
		_loop
 This function uses a non-reentrant model


 *************** function _ISR *****************
 Defined at:
		line 30 in file "main.c"
 Parameters:    Size  Location     Type
		None
 Auto vars:     Size  Location     Type
  result          2   10[COMMON] int 
 Return value:  Size  Location     Type
                  1    wreg      void 
 Registers used:
		wreg, status,2, status,0, pclath, cstack
 Tracked objects:
		On entry : 
		On exit  : 
		Unchanged: 
 Data sizes:     COMMON   BANK0   BANK1
      Params:         0       0       0
      Locals:         2       0       0
      Temps:          4       0       0
      Totals:         6       0       0
Total ram usage:        6 bytes
 Hardware stack levels used:    1
 Hardware stack levels required when called:    3
 This function calls:
		_nrf24l01ISR
 This function is called by:
		Interrupt level 1
 This function uses a non-reentrant model


 *************** function _nrf24l01ISR *****************
 Defined at:
		line 54 in file "nrf24l01.c"
 Parameters:    Size  Location     Type
		None
 Auto vars:     Size  Location     Type
  status          1    5[COMMON] struct .
 Return value:  Size  Location     Type
                  1    wreg      void 
 Registers used:
		wreg, status,2, status,0, pclath, cstack
 Tracked objects:
		On entry : 
		On exit  : 
		Unchanged: 
 Data sizes:     COMMON   BANK0   BANK1
      Params:         0       0       0
      Locals:         1       0       0
      Temps:          1       0       0
      Totals:         2       0       0
Total ram usage:        2 bytes
 Hardware stack levels used:    1
 Hardware stack levels required when called:    2
 This function calls:
		_nrf24l01Send
 This function is called by:
		_ISR
 This function uses a non-reentrant model


 *************** function _nrf24l01Send *****************
 Defined at:
		line 10 in file "nrf24l01.c"
 Parameters:    Size  Location     Type
  command         1    wreg     unsigned char 
  data            1    1[COMMON] unsigned char 
 Auto vars:     Size  Location     Type
  command         1    3[COMMON] unsigned char 
 Return value:  Size  Location     Type
                  1    wreg      unsigned char 
 Registers used:
		wreg, status,2, status,0, pclath, cstack
 Tracked objects:
		On entry : 
		On exit  : 
		Unchanged: 
 Data sizes:     COMMON   BANK0   BANK1
      Params:         0       0       0
      Locals:         0       0       0
      Temps:          0       0       0
      Totals:         0       0       0
Total ram usage:        0 bytes
 Hardware stack levels used:    1
 Hardware stack levels required when called:    5
 This function calls:
		_nrf24l01SPIEnd
		_nrf24l01SPISend
		_nrf24l01SPIStart
 This function is called by:
		_nrf24l01ISR
		_nrf24l01SetTransmitMode
		_nrf24l01SetRecieveMode
		_nrf24l01InitRegisters
		_nrf24l01HandleRX
 This function uses a non-reentrant model


 *************** function _nrf24l01SPIStart *****************
 Defined at:
		line 39 in file "interface.c"
 Parameters:    Size  Location     Type
		None
 Auto vars:     Size  Location     Type
		None
 Return value:  Size  Location     Type
                  1    wreg      void 
 Registers used:
		wreg
 Tracked objects:
		On entry : 
		On exit  : 
		Unchanged: 
 Data sizes:     COMMON   BANK0   BANK1
      Params:         0       0       0
      Locals:         0       0       0
      Temps:          0       0       0
      Totals:         0       0       0
Total ram usage:        0 bytes
 Hardware stack levels used:    1
 Hardware stack levels required when called:    4
 This function calls:
		Nothing
 This function is called by:
		_nrf24l01Send
		_nrf24l01SendString
 This function uses a non-reentrant model


 *************** function _nrf24l01SPISend *****************
 Defined at:
		line 28 in file "interface.c"
 Parameters:    Size  Location     Type
  data            1    wreg     unsigned char 
 Auto vars:     Size  Location     Type
  data            1    0[COMMON] unsigned char 
 Return value:  Size  Location     Type
                  1    wreg      unsigned char 
 Registers used:
		wreg
 Tracked objects:
		On entry : 
		On exit  : 
		Unchanged: 
 Data sizes:     COMMON   BANK0   BANK1
      Params:         0       0       0
      Locals:         0       0       0
      Temps:          0       0       0
      Totals:         0       0       0
Total ram usage:        0 bytes
 Hardware stack levels used:    1
 Hardware stack levels required when called:    4
 This function calls:
		Nothing
 This function is called by:
		_nrf24l01Send
		_nrf24l01SendString
		_nrf24l01HandleRX
 This function uses a non-reentrant model


 *************** function _nrf24l01SPIEnd *****************
 Defined at:
		line 45 in file "interface.c"
 Parameters:    Size  Location     Type
		None
 Auto vars:     Size  Location     Type
		None
 Return value:  Size  Location     Type
                  1    wreg      void 
 Registers used:
		wreg
 Tracked objects:
		On entry : 
		On exit  : 
		Unchanged: 
 Data sizes:     COMMON   BANK0   BANK1
      Params:         0       0       0
      Locals:         0       0       0
      Temps:          0       0       0
      Totals:         0       0       0
Total ram usage:        0 bytes
 Hardware stack levels used:    1
 Hardware stack levels required when called:    4
 This function calls:
		Nothing
 This function is called by:
		_nrf24l01Send
		_nrf24l01SendString
 This function uses a non-reentrant model



MODULE INFORMATION

Module		Function		Class		Link	Load	Size
C:\Program Files (x86)\Microchip\xc8\v1.45\sources\common\lwmod.c
		___lwmod       		CODE           	04F5	0000	46

C:\Program Files (x86)\Microchip\xc8\v1.45\sources\common\lwmod.c estimated size: 46

C:\Program Files (x86)\Microchip\xc8\v1.45\sources\common\Umul32.c
		___lmul        		CODE           	0497	0000	49

C:\Program Files (x86)\Microchip\xc8\v1.45\sources\common\Umul32.c estimated size: 49

shared
		_NVMEM         		CODE           	07E0	0000	33
		_n_ADDRESS_P0  		STRCODE        	0000	0000	0
		_n_ADDRESS_MUL 		STRCODE        	0000	0000	0
		__initialization		CODE           	0043	0000	12

shared estimated size: 45

flash.c
		_read_flashmem 		CODE           	0465	0000	51
		_write_flashmem		CODE           	03F4	0000	61

flash.c estimated size: 112

interface.c
		_nrf24l01SPISend		CODE           	0614	0000	12
		__itoa         		CODE           	05EA	0000	17
		_nrf24l01SPIStart		CODE           	062E	0000	8
		_nrf24l01SPIEnd		CODE           	0635	0000	8
		_nrf24l01InterfaceInit		CODE           	05FA	0000	15

interface.c estimated size: 60

C:\Program Files (x86)\Microchip\xc8\v1.45\sources\common\lwdiv.c
		___lwdiv       		CODE           	0430	0000	54

C:\Program Files (x86)\Microchip\xc8\v1.45\sources\common\lwdiv.c estimated size: 54

nrf24l01.c
		_nrf24l01SendString		CODE           	03A5	0000	80
		_nrf24l01InitRegisters		CODE           	0204	0000	139
		_nrf24l01ISR   		CODE           	05BD	0000	24
		_nrf24l01Send  		CODE           	0608	0000	13
		_nrf24l01Init  		CODE           	05D4	0000	23
		_nrf24l01SetTransmitMode		CODE           	05A2	0000	28
		_nrf24l01SetRecieveMode		CODE           	056A	0000	30

nrf24l01.c estimated size: 337

C:\Program Files (x86)\Microchip\xc8\v1.45\sources\common\lldiv.c
		___lldiv       		CODE           	0352	0000	84

C:\Program Files (x86)\Microchip\xc8\v1.45\sources\common\lldiv.c estimated size: 84

main.c
		_loop          		CODE           	0051	0000	436
		_ISR           		CODE           	0004	0000	63
		_main          		CODE           	028E	0000	105
		_startADC      		CODE           	04C7	0000	47

main.c estimated size: 651

C:\Program Files (x86)\Microchip\xc8\v1.45\sources\common\strlen.c
		_strlen        		CODE           	0522	0000	38

C:\Program Files (x86)\Microchip\xc8\v1.45\sources\common\strlen.c estimated size: 38

C:\Program Files (x86)\Microchip\xc8\v1.45\sources\common\itoa.c
		_itoa          		CODE           	0547	0000	36
		_utoa          		CODE           	02F6	0000	93

C:\Program Files (x86)\Microchip\xc8\v1.45\sources\common\itoa.c estimated size: 129

C:\Program Files (x86)\Microchip\xc8\v1.45\sources\common\strcpy.c
		_strcpy        		CODE           	0587	0000	28

C:\Program Files (x86)\Microchip\xc8\v1.45\sources\common\strcpy.c estimated size: 28

