Microchip MPLAB XC8 Compiler V2.00 ()

Linker command line:

-W-3 --edf=C:\Program Files (x86)\Microchip\xc8\v2.00\pic\dat\en_msgs.txt \
  -cs -h+dist/default/production\nRF24L01__PIC16LF1825.X.X.production.sym \
  --cmf=dist/default/production\nRF24L01__PIC16LF1825.X.X.production.cmf -z \
  -Q16LF18325 -oC:\Users\Leon\AppData\Local\Temp\s3pc.2 \
  --defsym=__MPLAB_BUILD=1 \
  -Mdist/default/production/nRF24L01__PIC16LF1825.X.X.production.map -E1 \
  -ver=XC8 -ASTACK=0212Dh-023efh -pstack=STACK -ACODE=00h-07FFhx4 \
  -ASTRCODE=00h-01FFFh -ASTRING=00h-0FFhx32 -ACONST=00h-0FFhx32 \
  -AENTRY=00h-0FFhx32 -ACOMMON=070h-07Fh -ABANK0=020h-06Fh \
  -ABANK1=0A0h-0EFh -ABANK2=0120h-016Fh -ABANK3=01A0h-01EFh \
  -ABANK4=0220h-026Fh -ABANK5=02A0h-02EFh -ABANK6=0320h-036Fh \
  -ABANK7=03A0h-03EFh -ABANK8=0420h-046Fh -ABANK9=04A0h-04EFh \
  -ABANK10=0520h-056Fh -ABANK11=05A0h-05EFh -ABANK12=0620h-064Fh \
  -ABIGRAM=02000h-023EFh \
  -ARAM=020h-06Fh,0A0h-0EFh,0120h-016Fh,01A0h-01EFh,0220h-026Fh,02A0h-02EFh,0320h-036Fh,03A0h-03EFh,0420h-046Fh,04A0h-04EFh,0520h-056Fh,05A0h-05EFh,0620h-064Fh \
  -AABS1=020h-07Fh,0A0h-0EFh,0120h-016Fh,01A0h-01EFh,0220h-026Fh,02A0h-02EFh,0320h-036Fh,03A0h-03EFh,0420h-046Fh,04A0h-04EFh,0520h-056Fh,05A0h-05EFh,0620h-064Fh \
  -ASFR0=00h-01Fh -ASFR1=080h-09Fh -ASFR2=0100h-011Fh -ASFR3=0180h-019Fh \
  -ASFR4=0200h-021Fh -ASFR5=0280h-029Fh -ASFR6=0300h-031Fh \
  -ASFR7=0380h-039Fh -ASFR8=0400h-041Fh -ASFR9=0480h-049Fh \
  -ASFR10=0500h-051Fh -ASFR11=0580h-059Fh -ASFR12=0600h-061Fh \
  -ASFR13=0680h-06EFh -ASFR14=0700h-076Fh -ASFR15=0780h-07EFh \
  -ASFR16=0800h-086Fh -ASFR17=0880h-08EFh -ASFR18=0900h-096Fh \
  -ASFR19=0980h-09EFh -ASFR20=0A00h-0A6Fh -ASFR21=0A80h-0AEFh \
  -ASFR22=0B00h-0B6Fh -ASFR23=0B80h-0BEFh -ASFR24=0C00h-0C6Fh \
  -ASFR25=0C80h-0CEFh -ASFR26=0D00h-0D6Fh -ASFR27=0D80h-0DEFh \
  -ASFR28=0E00h-0E6Fh -ASFR29=0E80h-0EEFh -ASFR30=0F00h-0F6Fh \
  -ASFR31=0F80h-0FEFh -preset_vec=00h,intentry=04h,init,end_init \
  -ppowerup=CODE -pcinit=CODE -pfunctab=ENTRY -ACONFIG=08007h-0800Ah \
  -pconfig=CONFIG -DCONFIG=2 -AIDLOC=08000h-08003h -pidloc=IDLOC -DIDLOC=2 \
  -AEEDATA=00h-0FFh/0F000h -peeprom_data=EEDATA -DEEDATA=2 -DCODE=2 \
  -DSTRCODE=2 -DSTRING=2 -DCONST=2 -DENTRY=2 -k \
  C:\Users\Leon\AppData\Local\Temp\s3pc.o \
  dist/default/production\nRF24L01__PIC16LF1825.X.X.production.o 

Object code version is 3.11

Machine type is 16LF18325



                Name                               Link     Load   Length Selector   Space Scale
C:\Users\Leon\AppData\Local\Temp\s3pc.o
                end_init                              F        F        2        8       0
                reset_vec                             0        0        2        0       0
                config                             8007     8007        4    1000E       0
dist/default/production\nRF24L01__PIC16LF1825.X.X.production.o
                cinit                                11       11       1D        8       0
                intentry                              4        4        B        8       0
                text69                                2        2        2        0       0
                text68                             13F4     13F4       27     27E8       0
                text67                             11AE     11AE        3     235C       0
                text66                             11B1     11B1        3     2362       0
                text65                             11C4     11C4        8     2388       0
                text64                             11B4     11B4        3     2368       0
                text63                             11BD     11BD        7     237A       0
                text62                             11DD     11DD        D     23BA       0
                text61                              7FB      7FB        3        8       0
                text60                             11CC     11CC        8     2398       0
                text59                             12A7     12A7       1B     254E       0
                text58                             15FA     15FA       3D     2BF4       0
                text57                             1442     1442       2A     2884       0
                text56                             125C     125C       18     24B8       0
                text55                              87D      87D       4D     10FA       0
                text54                             1674     1674       3E     2CE8       0
                text52                              91D      91D       65     123A       0
                text51                             12C2     12C2       1B     2584       0
                text50                             136D     136D       20     26DA       0
                text49                             16B2     16B2       3F     2D64       0
                text48                              7FE      7FE        2        8       0
                text47                             1231     1231       14     2462       0
                text46                             13AE     13AE       22     275C       0
                text45                              F0A      F0A       F6     1E14       0
                text44                              B35      B35       A9     166A       0
                text43                             1245     1245       17     248A       0
                text42                              A8F      A8F       A6     151E       0
                text41                             15BE     15BE       3C     2B7C       0
                text40                              BDE      BDE       B4     17BC       0
                text39                             11D4     11D4        9     23A8       0
                text38                             1330     1330       1E     2660       0
                text37                              9F0      9F0       9F     13E0       0
                text36                             146C     146C       2A     28D8       0
                text35                              8CA      8CA       53     1194       0
                text34                             16F1     16F1       43     2DE2       0
                text33                             12F8     12F8       1C     25F0       0
                text32                             11EA     11EA        F     23D4       0
                text31                              2F6      2F6      1CD        8       0
                text30                              E18      E18       F2     1C30       0
                text29                             1274     1274       19     24E8       0
                text28                             141B     141B       27     2836       0
                text27                              982      982       6E     1304       0
                text26                             1551     1551       35     2AA2       0
                text25                             1637     1637       3D     2C6E       0
                text24                             11F9     11F9       12     23F2       0
                text23                             14F1     14F1       30     29E2       0
                text22                             120B     120B       13     2416       0
                text21                               2E       2E      2C8        8       0
                text20                             121E     121E       13     243C       0
                text19                             1734     1734       43     2E68       0
                text18                             134E     134E       1F     269C       0
                text17                              D4A      D4A       CE     1A94       0
                text16                             1777     1777       44     2EEE       0
                text15                             14C3     14C3       2E     2986       0
                text14                             12DD     12DD       1B     25BA       0
                text13                             128D     128D       1A     251A       0
                text12                             1521     1521       30     2A42       0
                text11                              802      802       30     1004       0
                text10                              832      832       4B     1064       0
                text9                               77B      77B       80        8       0
                text8                              17BB     17BB       45     2F76       0
                text7                               4C3      4C3      1B2        8       0
                text6                              1496     1496       2D     292C       0
                text5                              1586     1586       38     2B0C       0
                text4                              138D     138D       21     271A       0
                text3                               675      675      106        8       0
                text2                              1314     1314       1C     2628       0
                text1                              13D0     13D0       24     27A0       0
                maintext                            C92      C92       B8     1924       0
                cstackBANK0                          20       20       50       20       1
                cstackCOMMON                         70       70        D       70       1
                cstackBANK1                          A0       A0       48       A0       1
                cstackBANK2                         120      120       30      120       1
                clrtext                            11B7     11B7        6     236E       0
                bssBANK3                            1A0      1A0       3D      1A0       1
                bssBANK2                            150      150       14      120       1
                dataBANK1                            EC       EC        1       A0       1
                bssBANK1                             E8       E8        4       A0       1
                bssCOMMON                            7D       7D        1       70       1
                stringtext11                       185D     185D        2     3000       0
                stringtext10                       1859     1859        4     3000       0
                stringtext9                        1855     1855        4     3000       0
                stringtext8                        1850     1850        5     3000       0
                stringtext7                        184B     184B        5     3000       0
                stringtext6                        1846     1846        5     3000       0
                stringtext5                        183B     183B        6     3000       0
                stringtext4                        1834     1834        7     3000       0
                stringtext3                        1828     1828        C     3000       0
                stringtext2                        1841     1841        5     3000       0
                stringtext1                        1800     1800       28     3000       0
                idataBANK1                          801      801        1     1002       0

TOTAL           Name                               Link     Load   Length     Space
        CLASS   STACK          

        CLASS   CODE           
                end_init                              F        F        2         0
                cinit                                11       11       1D         0
                intentry                              4        4        B         0
                reset_vec                             0        0        2         0
                text69                                2        2        2         0
                text68                             13F4     13F4       27         0
                text67                             11AE     11AE        3         0
                text66                             11B1     11B1        3         0
                text65                             11C4     11C4        8         0
                text64                             11B4     11B4        3         0
                text63                             11BD     11BD        7         0
                text62                             11DD     11DD        D         0
                text61                              7FB      7FB        3         0
                text60                             11CC     11CC        8         0
                text59                             12A7     12A7       1B         0
                text58                             15FA     15FA       3D         0
                text57                             1442     1442       2A         0
                text56                             125C     125C       18         0
                text55                              87D      87D       4D         0
                text54                             1674     1674       3E         0
                text52                              91D      91D       65         0
                text51                             12C2     12C2       1B         0
                text50                             136D     136D       20         0
                text49                             16B2     16B2       3F         0
                text48                              7FE      7FE        2         0
                text47                             1231     1231       14         0
                text46                             13AE     13AE       22         0
                text45                              F0A      F0A       F6         0
                text44                              B35      B35       A9         0
                text43                             1245     1245       17         0
                text42                              A8F      A8F       A6         0
                text41                             15BE     15BE       3C         0
                text40                              BDE      BDE       B4         0
                text39                             11D4     11D4        9         0
                text38                             1330     1330       1E         0
                text37                              9F0      9F0       9F         0
                text36                             146C     146C       2A         0
                text35                              8CA      8CA       53         0
                text34                             16F1     16F1       43         0
                text33                             12F8     12F8       1C         0
                text32                             11EA     11EA        F         0
                text31                              2F6      2F6      1CD         0
                text30                              E18      E18       F2         0
                text29                             1274     1274       19         0
                text28                             141B     141B       27         0
                text27                              982      982       6E         0
                text26                             1551     1551       35         0
                text25                             1637     1637       3D         0
                text24                             11F9     11F9       12         0
                text23                             14F1     14F1       30         0
                text22                             120B     120B       13         0
                text21                               2E       2E      2C8         0
                text20                             121E     121E       13         0
                text19                             1734     1734       43         0
                text18                             134E     134E       1F         0
                text17                              D4A      D4A       CE         0
                text16                             1777     1777       44         0
                text15                             14C3     14C3       2E         0
                text14                             12DD     12DD       1B         0
                text13                             128D     128D       1A         0
                text12                             1521     1521       30         0
                text11                              802      802       30         0
                text10                              832      832       4B         0
                text9                               77B      77B       80         0
                text8                              17BB     17BB       45         0
                text7                               4C3      4C3      1B2         0
                text6                              1496     1496       2D         0
                text5                              1586     1586       38         0
                text4                              138D     138D       21         0
                text3                               675      675      106         0
                text2                              1314     1314       1C         0
                text1                              13D0     13D0       24         0
                maintext                            C92      C92       B8         0
                clrtext                            11B7     11B7        6         0
                idataBANK1                          801      801        1         0

        CLASS   STRCODE        
                stringtext11                       185D     185D        2         0
                stringtext10                       1859     1859        4         0
                stringtext9                        1855     1855        4         0
                stringtext8                        1850     1850        5         0
                stringtext7                        184B     184B        5         0
                stringtext6                        1846     1846        5         0
                stringtext5                        183B     183B        6         0
                stringtext4                        1834     1834        7         0
                stringtext3                        1828     1828        C         0
                stringtext2                        1841     1841        5         0
                stringtext1                        1800     1800       28         0

        CLASS   STRING         

        CLASS   CONST          

        CLASS   ENTRY          

        CLASS   COMMON         
                cstackCOMMON                         70       70        D         1
                bssCOMMON                            7D       7D        1         1

        CLASS   BANK0          
                cstackBANK0                          20       20       50         1

        CLASS   BANK1          
                cstackBANK1                          A0       A0       48         1
                dataBANK1                            EC       EC        1         1
                bssBANK1                             E8       E8        4         1

        CLASS   BANK2          
                cstackBANK2                         120      120       30         1
                bssBANK2                            150      150       14         1

        CLASS   BANK3          
                bssBANK3                            1A0      1A0       3D         1

        CLASS   BANK4          

        CLASS   BANK5          

        CLASS   BANK6          

        CLASS   BANK7          

        CLASS   BANK8          

        CLASS   BANK9          

        CLASS   BANK10         

        CLASS   BANK11         

        CLASS   BANK12         

        CLASS   BIGRAM         

        CLASS   RAM            

        CLASS   ABS1           
                abs_s1                               7E       7E        2         1

        CLASS   SFR0           

        CLASS   SFR1           

        CLASS   SFR2           

        CLASS   SFR3           

        CLASS   SFR4           

        CLASS   SFR5           

        CLASS   SFR6           

        CLASS   SFR7           

        CLASS   SFR8           

        CLASS   SFR9           

        CLASS   SFR10          

        CLASS   SFR11          

        CLASS   SFR12          

        CLASS   SFR13          

        CLASS   SFR14          

        CLASS   SFR15          

        CLASS   SFR16          

        CLASS   SFR17          

        CLASS   SFR18          

        CLASS   SFR19          

        CLASS   SFR20          

        CLASS   SFR21          

        CLASS   SFR22          

        CLASS   SFR23          

        CLASS   SFR24          

        CLASS   SFR25          

        CLASS   SFR26          

        CLASS   SFR27          

        CLASS   SFR28          

        CLASS   SFR29          

        CLASS   SFR30          

        CLASS   SFR31          

        CLASS   CONFIG         
                config                             8007     8007        4         0

        CLASS   IDLOC          

        CLASS   EEDATA         

        CLASS   BANK31         

        CLASS   BANK30         

        CLASS   BANK29         

        CLASS   BANK28         

        CLASS   BANK27         

        CLASS   BANK26         

        CLASS   BANK25         

        CLASS   BANK24         

        CLASS   BANK23         

        CLASS   BANK22         

        CLASS   BANK21         

        CLASS   BANK20         

        CLASS   BANK19         

        CLASS   BANK18         

        CLASS   BANK17         

        CLASS   BANK16         

        CLASS   BANK15         

        CLASS   BANK14         

        CLASS   BANK13         



SEGMENTS        Name                           Load    Length   Top    Selector   Space  Class     Delta

                reset_vec                      000000  000004  000004         0       0  CODE        2
                intentry                       000004  0007FC  000800         8       0  CODE        2
                cstackBANK0                    000020  000050  000070        20       1  BANK0       1
                cstackCOMMON                   000070  00000E  00007E        70       1  COMMON      1
                cstackBANK1                    0000A0  00004D  0000ED        A0       1  BANK1       1
                cstackBANK2                    000120  000044  000164       120       1  BANK2       1
                bssBANK3                       0001A0  00003D  0001DD       1A0       1  BANK3       1
                idataBANK1                     000801  000001  000802      1002       0  CODE        2
                text11                         000802  000030  000832      1004       0  CODE        2
                text10                         000832  00004B  00087D      1064       0  CODE        2
                text55                         00087D  00004D  0008CA      10FA       0  CODE        2
                text35                         0008CA  000053  00091D      1194       0  CODE        2
                text52                         00091D  000065  000982      123A       0  CODE        2
                text27                         000982  00006E  0009F0      1304       0  CODE        2
                text37                         0009F0  00009F  000A8F      13E0       0  CODE        2
                text42                         000A8F  0000A6  000B35      151E       0  CODE        2
                text44                         000B35  0000A9  000BDE      166A       0  CODE        2
                text40                         000BDE  0000B4  000C92      17BC       0  CODE        2
                maintext                       000C92  0000B8  000D4A      1924       0  CODE        2
                text17                         000D4A  0000CE  000E18      1A94       0  CODE        2
                text30                         000E18  0000F2  000F0A      1C30       0  CODE        2
                text45                         000F0A  0000F6  001000      1E14       0  CODE        2
                text67                         0011AE  000003  0011B1      235C       0  CODE        2
                text66                         0011B1  000003  0011B4      2362       0  CODE        2
                text64                         0011B4  000003  0011B7      2368       0  CODE        2
                clrtext                        0011B7  000006  0011BD      236E       0  CODE        2
                text63                         0011BD  000007  0011C4      237A       0  CODE        2
                text65                         0011C4  000008  0011CC      2388       0  CODE        2
                text60                         0011CC  000008  0011D4      2398       0  CODE        2
                text39                         0011D4  000009  0011DD      23A8       0  CODE        2
                text62                         0011DD  00000D  0011EA      23BA       0  CODE        2
                text32                         0011EA  00000F  0011F9      23D4       0  CODE        2
                text24                         0011F9  000012  00120B      23F2       0  CODE        2
                text22                         00120B  000013  00121E      2416       0  CODE        2
                text20                         00121E  000013  001231      243C       0  CODE        2
                text47                         001231  000014  001245      2462       0  CODE        2
                text43                         001245  000017  00125C      248A       0  CODE        2
                text56                         00125C  000018  001274      24B8       0  CODE        2
                text29                         001274  000019  00128D      24E8       0  CODE        2
                text13                         00128D  00001A  0012A7      251A       0  CODE        2
                text59                         0012A7  00001B  0012C2      254E       0  CODE        2
                text51                         0012C2  00001B  0012DD      2584       0  CODE        2
                text14                         0012DD  00001B  0012F8      25BA       0  CODE        2
                text33                         0012F8  00001C  001314      25F0       0  CODE        2
                text2                          001314  00001C  001330      2628       0  CODE        2
                text38                         001330  00001E  00134E      2660       0  CODE        2
                text18                         00134E  00001F  00136D      269C       0  CODE        2
                text50                         00136D  000020  00138D      26DA       0  CODE        2
                text4                          00138D  000021  0013AE      271A       0  CODE        2
                text46                         0013AE  000022  0013D0      275C       0  CODE        2
                text1                          0013D0  000024  0013F4      27A0       0  CODE        2
                text68                         0013F4  000027  00141B      27E8       0  CODE        2
                text28                         00141B  000027  001442      2836       0  CODE        2
                text57                         001442  00002A  00146C      2884       0  CODE        2
                text36                         00146C  00002A  001496      28D8       0  CODE        2
                text6                          001496  00002D  0014C3      292C       0  CODE        2
                text15                         0014C3  00002E  0014F1      2986       0  CODE        2
                text23                         0014F1  000030  001521      29E2       0  CODE        2
                text12                         001521  000030  001551      2A42       0  CODE        2
                text26                         001551  000035  001586      2AA2       0  CODE        2
                text5                          001586  000038  0015BE      2B0C       0  CODE        2
                text41                         0015BE  00003C  0015FA      2B7C       0  CODE        2
                text58                         0015FA  00003D  001637      2BF4       0  CODE        2
                text25                         001637  00003D  001674      2C6E       0  CODE        2
                text54                         001674  00003E  0016B2      2CE8       0  CODE        2
                text49                         0016B2  00003F  0016F1      2D64       0  CODE        2
                text34                         0016F1  000043  001734      2DE2       0  CODE        2
                text19                         001734  000043  001777      2E68       0  CODE        2
                text16                         001777  000044  0017BB      2EEE       0  CODE        2
                text8                          0017BB  000045  001800      2F76       0  CODE        2
                stringtext1                    001800  00005F  00185F      3000       0  STRCODE     2
                config                         008007  000004  00800B     1000E       0  CONFIG      2


UNUSED ADDRESS RANGES

        Name                Unused          Largest block    Delta
        BANK1            000ED-000EF               3           1
        BANK10           00520-0056F              50           1
        BANK11           005A0-005EF              50           1
        BANK12           00620-0064F              30           1
        BANK2            00164-0016F               C           1
        BANK3            001DD-001EF              13           1
        BANK4            00220-0026F              50           1
        BANK5            002A0-002EF              50           1
        BANK6            00320-0036F              50           1
        BANK7            003A0-003EF              50           1
        BANK8            00420-0046F              50           1
        BANK9            004A0-004EF              50           1
        BIGRAM           02000-023EF             3F0           1
        CODE             00800-00800               1           2
                         01000-011AD             1AE
                         0185F-01FFF             7A1
        CONST            00800-00800               1           2
                         01000-011AD             100
                         0185F-01FFF             100
        EEDATA           0F000-0F0FF             100           2
        ENTRY            00800-00800               1           2
                         01000-011AD             100
                         0185F-01FFF             100
        IDLOC            08000-08003               4           2
        RAM              000ED-000EF               3           1
                         00164-0016F               C
                         001DD-001EF              13
                         00220-0026F              50
                         002A0-002EF              50
                         00320-0036F              50
                         003A0-003EF              50
                         00420-0046F              50
                         004A0-004EF              50
                         00520-0056F              50
                         005A0-005EF              50
                         00620-0064F              30
        SFR0             00000-0001F              20           1
        SFR1             00080-0009F              20           1
        SFR10            00500-0051F              20           1
        SFR11            00580-0059F              20           1
        SFR12            00600-0061F              20           1
        SFR13            00680-006EF              70           1
        SFR14            00700-0076F              70           1
        SFR15            00780-007EF              70           1
        SFR16            00800-0086F              70           1
        SFR17            00880-008EF              70           1
        SFR18            00900-0096F              70           1
        SFR19            00980-009EF              70           1
        SFR2             00100-0011F              20           1
        SFR20            00A00-00A6F              70           1
        SFR21            00A80-00AEF              70           1
        SFR22            00B00-00B6F              70           1
        SFR23            00B80-00BEF              70           1
        SFR24            00C00-00C6F              70           1
        SFR25            00C80-00CEF              70           1
        SFR26            00D00-00D6F              70           1
        SFR27            00D80-00DEF              70           1
        SFR28            00E00-00E6F              70           1
        SFR29            00E80-00EEF              70           1
        SFR3             00180-0019F              20           1
        SFR30            00F00-00F6F              70           1
        SFR31            00F80-00FEF              70           1
        SFR4             00200-0021F              20           1
        SFR5             00280-0029F              20           1
        SFR6             00300-0031F              20           1
        SFR7             00380-0039F              20           1
        SFR8             00400-0041F              20           1
        SFR9             00480-0049F              20           1
        STACK            0212D-023EF             2C3           1
        STRCODE          00800-00800               1           2
                         01000-011AD             1AE
                         0185F-01FFF             7A1
        STRING           00800-00800               1           2
                         01000-011AD             100
                         0185F-01FFF             100

                                  Symbol Table

?___altoft                      cstackBANK0  00028
?___awtoft                      cstackBANK0  00028
?___ftadd                       cstackBANK0  0002E
?___ftdiv                       cstackBANK0  0003B
?___ftmul                       cstackBANK0  00057
?___ftneg                       cstackBANK0  00057
?___ftpack                      cstackBANK0  00020
?___ftsub                       cstackBANK0  0003B
?___fttol                       cstackBANK0  00067
?___lbtoft                      cstackBANK0  00028
?___lldiv                       cstackBANK0  00020
?___llmod                       cstackBANK0  0002E
?___lltoft                      cstackBANK0  00028
?___lmul                        cstackBANK0  00020
?___lwdiv                       cstackBANK0  00020
?___lwmod                       cstackBANK0  00020
?___wmul                        cstackBANK0  00020
?_atof                          cstackBANK1  000A8
?_getADCValue                   cstackBANK0  0004B
?_sprintf                       cstackBANK0  00038
?_strchr                        cstackBANK0  00020
?_strcmp                        cstackCOMMON 00070
?_strcspn                       cstackBANK0  00027
?_strlen                        cstackBANK0  00020
?_strspn                        cstackBANK0  00027
?_strtod                        cstackBANK0  00067
_ADCON0bits                     (abs)        0009D
_ADCON1bits                     (abs)        0009E
_ADRESH                         (abs)        0009C
_ADRESL                         (abs)        0009B
_ANSELA                         (abs)        0018C
_ANSELAbits                     (abs)        0018C
_ANSELC                         (abs)        0018E
_ANSELCbits                     (abs)        0018E
_FVRCONbits                     (abs)        00117
_INLVLA                         (abs)        0038C
_INLVLC                         (abs)        0038E
_INTCONbits                     (abs)        0000B
_ISR                            intentry     00004
_ODCONA                         (abs)        0028C
_ODCONAbits                     (abs)        0028C
_ODCONC                         (abs)        0028E
_OSCCON1bits                    (abs)        00919
_PIE0bits                       (abs)        00090
_PIR0bits                       (abs)        00010
_PORTAbits                      (abs)        0000C
_PORTCbits                      (abs)        0000E
_RC0PPSbits                     (abs)        00EA0
_RC1PPSbits                     (abs)        00EA1
_RC2PPSbits                     (abs)        00EA2
_RXPacket                       bssBANK3     001A0
_SSP1BUF                        (abs)        00211
_SSP1CON1bits                   (abs)        00215
_SSP1STATbits                   (abs)        00214
_STATUS                         (abs)        00003
_TRISAbits                      (abs)        0008C
_TRISCbits                      (abs)        0008E
_TXPacket                       bssBANK1     000E8
_WDTCONbits                     (abs)        00097
_WPUA                           (abs)        0020C
_WPUAbits                       (abs)        0020C
_WPUC                           (abs)        0020E
__CFG_BOREN$OFF                 (abs)        00000
__CFG_BORV$LOW                  (abs)        00000
__CFG_CLKOUTEN$OFF              (abs)        00000
__CFG_CP$OFF                    (abs)        00000
__CFG_CPD$OFF                   (abs)        00000
__CFG_CSWEN$ON                  (abs)        00000
__CFG_DEBUG$OFF                 (abs)        00000
__CFG_FCMEN$ON                  (abs)        00000
__CFG_FEXTOSC$OFF               (abs)        00000
__CFG_LPBOREN$OFF               (abs)        00000
__CFG_LVP$ON                    (abs)        00000
__CFG_MCLRE$ON                  (abs)        00000
__CFG_PPS1WAY$ON                (abs)        00000
__CFG_PWRTE$ON                  (abs)        00000
__CFG_RSTOSC$HFINT32            (abs)        00000
__CFG_STVREN$ON                 (abs)        00000
__CFG_WDTE$ON                   (abs)        00000
__CFG_WRT$OFF                   (abs)        00000
__Habs1                         abs1         00000
__Hbank0                        bank0        00000
__Hbank1                        bank1        00000
__Hbank10                       bank10       00000
__Hbank11                       bank11       00000
__Hbank12                       bank12       00000
__Hbank13                       bank13       00000
__Hbank14                       bank14       00000
__Hbank15                       bank15       00000
__Hbank16                       bank16       00000
__Hbank17                       bank17       00000
__Hbank18                       bank18       00000
__Hbank19                       bank19       00000
__Hbank2                        bank2        00000
__Hbank20                       bank20       00000
__Hbank21                       bank21       00000
__Hbank22                       bank22       00000
__Hbank23                       bank23       00000
__Hbank24                       bank24       00000
__Hbank25                       bank25       00000
__Hbank26                       bank26       00000
__Hbank27                       bank27       00000
__Hbank28                       bank28       00000
__Hbank29                       bank29       00000
__Hbank3                        bank3        00000
__Hbank30                       bank30       00000
__Hbank31                       bank31       00000
__Hbank4                        bank4        00000
__Hbank5                        bank5        00000
__Hbank6                        bank6        00000
__Hbank7                        bank7        00000
__Hbank8                        bank8        00000
__Hbank9                        bank9        00000
__Hbigram                       bigram       00000
__HbssBANK1                     bssBANK1     00000
__HbssBANK2                     bssBANK2     00000
__HbssBANK3                     bssBANK3     00000
__HbssCOMMON                    bssCOMMON    00000
__Hcinit                        cinit        0002E
__Hclrtext                      clrtext      00000
__Hcode                         code         00000
__Hcommon                       common       00000
__Hconfig                       config       0800B
__HcstackBANK0                  cstackBANK0  00000
__HcstackBANK1                  cstackBANK1  00000
__HcstackBANK2                  cstackBANK2  00000
__HcstackCOMMON                 cstackCOMMON 00000
__HdataBANK1                    dataBANK1    00000
__Heeprom_data                  eeprom_data  00000
__Hend_init                     end_init     00011
__Hfunctab                      functab      00000
__HidataBANK1                   idataBANK1   00000
__Hidloc                        idloc        00000
__Hinit                         init         0000F
__Hintentry                     intentry     0000F
__Hmaintext                     maintext     00000
__Hpowerup                      powerup      00000
__Hram                          ram          00000
__Hreset_vec                    reset_vec    00002
__Hsfr0                         sfr0         00000
__Hsfr1                         sfr1         00000
__Hsfr10                        sfr10        00000
__Hsfr11                        sfr11        00000
__Hsfr12                        sfr12        00000
__Hsfr13                        sfr13        00000
__Hsfr14                        sfr14        00000
__Hsfr15                        sfr15        00000
__Hsfr16                        sfr16        00000
__Hsfr17                        sfr17        00000
__Hsfr18                        sfr18        00000
__Hsfr19                        sfr19        00000
__Hsfr2                         sfr2         00000
__Hsfr20                        sfr20        00000
__Hsfr21                        sfr21        00000
__Hsfr22                        sfr22        00000
__Hsfr23                        sfr23        00000
__Hsfr24                        sfr24        00000
__Hsfr25                        sfr25        00000
__Hsfr26                        sfr26        00000
__Hsfr27                        sfr27        00000
__Hsfr28                        sfr28        00000
__Hsfr29                        sfr29        00000
__Hsfr3                         sfr3         00000
__Hsfr30                        sfr30        00000
__Hsfr31                        sfr31        00000
__Hsfr4                         sfr4         00000
__Hsfr5                         sfr5         00000
__Hsfr6                         sfr6         00000
__Hsfr7                         sfr7         00000
__Hsfr8                         sfr8         00000
__Hsfr9                         sfr9         00000
__Hspace_0                      (abs)        0800B
__Hspace_1                      (abs)        001DD
__Hspace_2                      (abs)        00000
__Hspace_3                      (abs)        00000
__Hstack                        stack        00000
__Hstrings                      strings      00000
__Hstringtext1                  stringtext1  00000
__Hstringtext10                 stringtext10 00000
__Hstringtext11                 stringtext11 00000
__Hstringtext12                 stringtext12 00000
__Hstringtext2                  stringtext2  00000
__Hstringtext3                  stringtext3  00000
__Hstringtext4                  stringtext4  00000
__Hstringtext5                  stringtext5  00000
__Hstringtext6                  stringtext6  00000
__Hstringtext7                  stringtext7  00000
__Hstringtext8                  stringtext8  00000
__Hstringtext9                  stringtext9  00000
__Htext                         text         00000
__Labs1                         abs1         00000
__Lbank0                        bank0        00000
__Lbank1                        bank1        00000
__Lbank10                       bank10       00000
__Lbank11                       bank11       00000
__Lbank12                       bank12       00000
__Lbank13                       bank13       00000
__Lbank14                       bank14       00000
__Lbank15                       bank15       00000
__Lbank16                       bank16       00000
__Lbank17                       bank17       00000
__Lbank18                       bank18       00000
__Lbank19                       bank19       00000
__Lbank2                        bank2        00000
__Lbank20                       bank20       00000
__Lbank21                       bank21       00000
__Lbank22                       bank22       00000
__Lbank23                       bank23       00000
__Lbank24                       bank24       00000
__Lbank25                       bank25       00000
__Lbank26                       bank26       00000
__Lbank27                       bank27       00000
__Lbank28                       bank28       00000
__Lbank29                       bank29       00000
__Lbank3                        bank3        00000
__Lbank30                       bank30       00000
__Lbank31                       bank31       00000
__Lbank4                        bank4        00000
__Lbank5                        bank5        00000
__Lbank6                        bank6        00000
__Lbank7                        bank7        00000
__Lbank8                        bank8        00000
__Lbank9                        bank9        00000
__Lbigram                       bigram       00000
__LbssBANK1                     bssBANK1     00000
__LbssBANK2                     bssBANK2     00000
__LbssBANK3                     bssBANK3     00000
__LbssCOMMON                    bssCOMMON    00000
__Lcinit                        cinit        00011
__Lclrtext                      clrtext      00000
__Lcode                         code         00000
__Lcommon                       common       00000
__Lconfig                       config       08007
__LcstackBANK0                  cstackBANK0  00000
__LcstackBANK1                  cstackBANK1  00000
__LcstackBANK2                  cstackBANK2  00000
__LcstackCOMMON                 cstackCOMMON 00000
__LdataBANK1                    dataBANK1    00000
__Leeprom_data                  eeprom_data  00000
__Lend_init                     end_init     0000F
__Lfunctab                      functab      00000
__LidataBANK1                   idataBANK1   00000
__Lidloc                        idloc        00000
__Linit                         init         0000F
__Lintentry                     intentry     00004
__Lmaintext                     maintext     00000
__Lpowerup                      powerup      00000
__Lram                          ram          00000
__Lreset_vec                    reset_vec    00000
__Lsfr0                         sfr0         00000
__Lsfr1                         sfr1         00000
__Lsfr10                        sfr10        00000
__Lsfr11                        sfr11        00000
__Lsfr12                        sfr12        00000
__Lsfr13                        sfr13        00000
__Lsfr14                        sfr14        00000
__Lsfr15                        sfr15        00000
__Lsfr16                        sfr16        00000
__Lsfr17                        sfr17        00000
__Lsfr18                        sfr18        00000
__Lsfr19                        sfr19        00000
__Lsfr2                         sfr2         00000
__Lsfr20                        sfr20        00000
__Lsfr21                        sfr21        00000
__Lsfr22                        sfr22        00000
__Lsfr23                        sfr23        00000
__Lsfr24                        sfr24        00000
__Lsfr25                        sfr25        00000
__Lsfr26                        sfr26        00000
__Lsfr27                        sfr27        00000
__Lsfr28                        sfr28        00000
__Lsfr29                        sfr29        00000
__Lsfr3                         sfr3         00000
__Lsfr30                        sfr30        00000
__Lsfr31                        sfr31        00000
__Lsfr4                         sfr4         00000
__Lsfr5                         sfr5         00000
__Lsfr6                         sfr6         00000
__Lsfr7                         sfr7         00000
__Lsfr8                         sfr8         00000
__Lsfr9                         sfr9         00000
__Lspace_0                      (abs)        00000
__Lspace_1                      (abs)        00000
__Lspace_2                      (abs)        00000
__Lspace_3                      (abs)        00000
__Lstack                        stack        00000
__Lstrings                      strings      00000
__Lstringtext1                  stringtext1  00000
__Lstringtext10                 stringtext10 00000
__Lstringtext11                 stringtext11 00000
__Lstringtext12                 stringtext12 00000
__Lstringtext2                  stringtext2  00000
__Lstringtext3                  stringtext3  00000
__Lstringtext4                  stringtext4  00000
__Lstringtext5                  stringtext5  00000
__Lstringtext6                  stringtext6  00000
__Lstringtext7                  stringtext7  00000
__Lstringtext8                  stringtext8  00000
__Lstringtext9                  stringtext9  00000
__Ltext                         text         00000
__S0                            (abs)        0800B
__S1                            (abs)        001DD
__S2                            (abs)        00000
__S3                            (abs)        00000
___altoft                       text25       01637
___altoft@c                     cstackBANK0  00028
___altoft@exp                   cstackBANK0  0002E
___altoft@sign                  cstackBANK0  0002F
___awtoft                       text46       013AE
___awtoft@c                     cstackBANK0  00028
___awtoft@sign                  cstackBANK0  0002D
___bmul                         text24       011F9
___bmul@multiplicand            cstackBANK0  00020
___bmul@multiplier              cstackBANK0  00023
___bmul@product                 cstackBANK0  00022
___ftadd                        text45       00F0A
___ftadd@exp1                   cstackBANK0  0003A
___ftadd@exp2                   cstackBANK0  00039
___ftadd@f1                     cstackBANK0  0002E
___ftadd@f2                     cstackBANK0  00031
___ftadd@sign                   cstackBANK0  00038
___ftdiv                        text44       00B35
___ftdiv@cntr                   cstackBANK0  00045
___ftdiv@exp                    cstackBANK0  00049
___ftdiv@f1                     cstackBANK0  0003E
___ftdiv@f2                     cstackBANK0  0003B
___ftdiv@f3                     cstackBANK0  00046
___ftdiv@sign                   cstackBANK0  0004A
___ftge                         text41       015BE
___ftge@ff1                     cstackBANK0  00020
___ftge@ff2                     cstackBANK0  00023
___ftmul                        text40       00BDE
___ftmul@cntr                   cstackBANK0  00065
___ftmul@exp                    cstackBANK0  00061
___ftmul@f1                     cstackBANK0  00057
___ftmul@f2                     cstackBANK0  0005A
___ftmul@f3_as_product          cstackBANK0  00062
___ftmul@sign                   cstackBANK0  00066
___ftneg                        text39       011D4
___ftneg@f1                     cstackBANK0  00057
___ftpack                       text52       0091D
___ftpack@arg                   cstackBANK0  00020
___ftpack@exp                   cstackBANK0  00023
___ftpack@sign                  cstackBANK0  00024
___ftsub                        text38       01330
___ftsub@f1                     cstackBANK0  0003E
___ftsub@f2                     cstackBANK0  0003B
___fttol                        text37       009F0
___fttol@exp1                   cstackBANK1  000A5
___fttol@f1                     cstackBANK0  00067
___fttol@lval                   cstackBANK1  000A1
___fttol@sign1                  cstackBANK1  000A0
___int_sp                       stack        00000
___latbits                      (abs)        00002
___lbtoft                       text51       012C2
___lbtoft@c                     cstackBANK0  0002F
___lldiv                        text35       008CA
___lldiv@counter                cstackBANK0  0002D
___lldiv@dividend               cstackBANK0  00024
___lldiv@divisor                cstackBANK0  00020
___lldiv@quotient               cstackBANK0  00029
___llmod                        text34       016F1
___llmod@counter                cstackBANK0  00037
___llmod@dividend               cstackBANK0  00032
___llmod@divisor                cstackBANK0  0002E
___lltoft                       text36       0146C
___lltoft@c                     cstackBANK0  00028
___lltoft@exp                   cstackBANK0  0002D
___lmul                         text23       014F1
___lmul@multiplicand            cstackBANK0  00024
___lmul@multiplier              cstackBANK0  00020
___lmul@product                 cstackBANK0  00028
___lwdiv                        text26       01551
___lwdiv@counter                cstackBANK0  00027
___lwdiv@dividend               cstackBANK0  00022
___lwdiv@divisor                cstackBANK0  00020
___lwdiv@quotient               cstackBANK0  00025
___lwmod                        text6        01496
___lwmod@counter                cstackBANK0  00025
___lwmod@dividend               cstackBANK0  00022
___lwmod@divisor                cstackBANK0  00020
___sp                           stack        00000
___wmul                         text33       012F8
___wmul@multiplicand            cstackBANK0  00022
___wmul@multiplier              cstackBANK0  00020
___wmul@product                 cstackBANK0  00024
__end_of_ISR                    intentry     0000F
__end_of___altoft               text25       01674
__end_of___awtoft               text46       013D0
__end_of___bmul                 text24       0120B
__end_of___ftadd                text45       01000
__end_of___ftdiv                text44       00BDE
__end_of___ftge                 text41       015FA
__end_of___ftmul                text40       00C92
__end_of___ftneg                text39       011DD
__end_of___ftpack               text52       00982
__end_of___ftsub                text38       0134E
__end_of___fttol                text37       00A8F
__end_of___lbtoft               text51       012DD
__end_of___lldiv                text35       0091D
__end_of___llmod                text34       01734
__end_of___lltoft               text36       01496
__end_of___lmul                 text23       01521
__end_of___lwdiv                text26       01586
__end_of___lwmod                text6        014C3
__end_of___wmul                 text33       01314
__end_of__initialization        cinit        0002A
__end_of_atof                   text20       01231
__end_of_checkTXPower           text47       01245
__end_of_doWDTSleep             text43       0125C
__end_of_dpowers                stringtext1  01828
__end_of_enableInterrupts       text65       011CC
__end_of_exception              text69       00004
__end_of_ftoa                   text30       00F0A
__end_of_getADCValue            text42       00B35
__end_of_handleRXData           text9        007FB
__end_of_isdigit                text32       011F9
__end_of_isspace                text22       0121E
__end_of_loop                   text7        00675
__end_of_main                   maintext     00D4A
__end_of_memset                 text29       0128D
__end_of_n_ADDRESS_MUL          stringtext3  01829
__end_of_n_ADDRESS_P0           stringtext2  01846
__end_of_nrf24l01CEHigh         text67       011B1
__end_of_nrf24l01CELow          text66       011B4
__end_of_nrf24l01CSHigh         text64       011B7
__end_of_nrf24l01CSLow          text61       007FE
__end_of_nrf24l01ChangeTXPower  text49       016F1
__end_of_nrf24l01CheckACK       text57       0146C
__end_of_nrf24l01GetPipe        text5        015BE
__end_of_nrf24l01GetRXPacket    text48       00800
__end_of_nrf24l01ISR            text54       016B2
__end_of_nrf24l01Init           text1        013F4
__end_of_nrf24l01InitRegisters  text3        0077B
__end_of_nrf24l01InterfaceInit  text2        01330
__end_of_nrf24l01ReceivePacket  text55       008CA
__end_of_nrf24l01SPIEnd         text63       011C4
__end_of_nrf24l01SPISend        text62       011EA
__end_of_nrf24l01SPIStart       text60       011D4
__end_of_nrf24l01Send           text50       0138D
__end_of_nrf24l01SendACK        text15       014F1
__end_of_nrf24l01SendPacket     text17       00E18
__end_of_nrf24l01SetRXMode      text19       01777
__end_of_nrf24l01SetRXPipe      text4        013AE
__end_of_nrf24l01SetTXPipe      text16       017BB
__end_of_setMessage             text27       009F0
__end_of_sleep                  text8        01800
__end_of_sprintf                text31       004C3
__end_of_strcat                 text28       01442
__end_of_strchr                 text13       012A7
__end_of_strcmp                 text68       0141B
__end_of_strcpy                 text14       012F8
__end_of_strcspn                text12       01551
__end_of_strlen                 text18       0136D
__end_of_strspn                 text11       00832
__end_of_strtod                 text21       002F6
__end_of_strtok                 text10       0087D
__end_ofi1_memset               text56       01274
__end_ofi1_nrf24l01Send         text59       012C2
__end_ofi1_nrf24l01SetRXMode    text58       01637
__initialization                cinit        00011
__pbssBANK1                     bssBANK1     000E8
__pbssBANK2                     bssBANK2     00150
__pbssBANK3                     bssBANK3     001A0
__pbssCOMMON                    bssCOMMON    0007D
__pcstackBANK0                  cstackBANK0  00020
__pcstackBANK1                  cstackBANK1  000A0
__pcstackBANK2                  cstackBANK2  00120
__pcstackCOMMON                 cstackCOMMON 00070
__pdataBANK1                    dataBANK1    000EC
__pidataBANK1                   idataBANK1   00801
__pintentry                     intentry     00004
__pmaintext                     maintext     00C92
__pstringtext1                  stringtext1  01800
__pstringtext10                 stringtext10 01859
__pstringtext11                 stringtext11 0185D
__pstringtext12                 stringtext12 00000
__pstringtext2                  stringtext2  01841
__pstringtext3                  stringtext3  01828
__pstringtext4                  stringtext4  01834
__pstringtext5                  stringtext5  0183B
__pstringtext6                  stringtext6  01846
__pstringtext7                  stringtext7  0184B
__pstringtext8                  stringtext8  01850
__pstringtext9                  stringtext9  01855
__ptext1                        text1        013D0
__ptext10                       text10       00832
__ptext11                       text11       00802
__ptext12                       text12       01521
__ptext13                       text13       0128D
__ptext14                       text14       012DD
__ptext15                       text15       014C3
__ptext16                       text16       01777
__ptext17                       text17       00D4A
__ptext18                       text18       0134E
__ptext19                       text19       01734
__ptext2                        text2        01314
__ptext20                       text20       0121E
__ptext21                       text21       0002E
__ptext22                       text22       0120B
__ptext23                       text23       014F1
__ptext24                       text24       011F9
__ptext25                       text25       01637
__ptext26                       text26       01551
__ptext27                       text27       00982
__ptext28                       text28       0141B
__ptext29                       text29       01274
__ptext3                        text3        00675
__ptext30                       text30       00E18
__ptext31                       text31       002F6
__ptext32                       text32       011EA
__ptext33                       text33       012F8
__ptext34                       text34       016F1
__ptext35                       text35       008CA
__ptext36                       text36       0146C
__ptext37                       text37       009F0
__ptext38                       text38       01330
__ptext39                       text39       011D4
__ptext4                        text4        0138D
__ptext40                       text40       00BDE
__ptext41                       text41       015BE
__ptext42                       text42       00A8F
__ptext43                       text43       01245
__ptext44                       text44       00B35
__ptext45                       text45       00F0A
__ptext46                       text46       013AE
__ptext47                       text47       01231
__ptext48                       text48       007FE
__ptext49                       text49       016B2
__ptext5                        text5        01586
__ptext50                       text50       0136D
__ptext51                       text51       012C2
__ptext52                       text52       0091D
__ptext54                       text54       01674
__ptext55                       text55       0087D
__ptext56                       text56       0125C
__ptext57                       text57       01442
__ptext58                       text58       015FA
__ptext59                       text59       012A7
__ptext6                        text6        01496
__ptext60                       text60       011CC
__ptext61                       text61       007FB
__ptext62                       text62       011DD
__ptext63                       text63       011BD
__ptext64                       text64       011B4
__ptext65                       text65       011C4
__ptext66                       text66       011B1
__ptext67                       text67       011AE
__ptext68                       text68       013F4
__ptext69                       text69       00002
__ptext7                        text7        004C3
__ptext8                        text8        017BB
__ptext9                        text9        0077B
__size_of_ISR                   (abs)        00000
__size_of___altoft              (abs)        00000
__size_of___awtoft              (abs)        00000
__size_of___bmul                (abs)        00000
__size_of___ftadd               (abs)        00000
__size_of___ftdiv               (abs)        00000
__size_of___ftge                (abs)        00000
__size_of___ftmul               (abs)        00000
__size_of___ftneg               (abs)        00000
__size_of___ftpack              (abs)        00000
__size_of___ftsub               (abs)        00000
__size_of___fttol               (abs)        00000
__size_of___lbtoft              (abs)        00000
__size_of___lldiv               (abs)        00000
__size_of___llmod               (abs)        00000
__size_of___lltoft              (abs)        00000
__size_of___lmul                (abs)        00000
__size_of___lwdiv               (abs)        00000
__size_of___lwmod               (abs)        00000
__size_of___wmul                (abs)        00000
__size_of_atof                  (abs)        00000
__size_of_checkTXPower          (abs)        00000
__size_of_doWDTSleep            (abs)        00000
__size_of_enableInterrupts      (abs)        00000
__size_of_exception             (abs)        00000
__size_of_ftoa                  (abs)        00000
__size_of_getADCValue           (abs)        00000
__size_of_handleRXData          (abs)        00000
__size_of_isdigit               (abs)        00000
__size_of_isspace               (abs)        00000
__size_of_loop                  (abs)        00000
__size_of_main                  (abs)        00000
__size_of_memset                (abs)        00000
__size_of_nrf24l01CEHigh        (abs)        00000
__size_of_nrf24l01CELow         (abs)        00000
__size_of_nrf24l01CSHigh        (abs)        00000
__size_of_nrf24l01CSLow         (abs)        00000
__size_of_nrf24l01ChangeTXPower (abs)        00000
__size_of_nrf24l01CheckACK      (abs)        00000
__size_of_nrf24l01GetPipe       (abs)        00000
__size_of_nrf24l01GetRXPacket   (abs)        00000
__size_of_nrf24l01ISR           (abs)        00000
__size_of_nrf24l01Init          (abs)        00000
__size_of_nrf24l01InitRegisters (abs)        00000
__size_of_nrf24l01InterfaceInit (abs)        00000
__size_of_nrf24l01ReceivePacket (abs)        00000
__size_of_nrf24l01SPIEnd        (abs)        00000
__size_of_nrf24l01SPISend       (abs)        00000
__size_of_nrf24l01SPIStart      (abs)        00000
__size_of_nrf24l01Send          (abs)        00000
__size_of_nrf24l01SendACK       (abs)        00000
__size_of_nrf24l01SendPacket    (abs)        00000
__size_of_nrf24l01SetRXMode     (abs)        00000
__size_of_nrf24l01SetRXPipe     (abs)        00000
__size_of_nrf24l01SetTXPipe     (abs)        00000
__size_of_setMessage            (abs)        00000
__size_of_sleep                 (abs)        00000
__size_of_sprintf               (abs)        00000
__size_of_strcat                (abs)        00000
__size_of_strchr                (abs)        00000
__size_of_strcmp                (abs)        00000
__size_of_strcpy                (abs)        00000
__size_of_strcspn               (abs)        00000
__size_of_strlen                (abs)        00000
__size_of_strspn                (abs)        00000
__size_of_strtod                (abs)        00000
__size_of_strtok                (abs)        00000
__size_ofi1_memset              (abs)        00000
__size_ofi1_nrf24l01Send        (abs)        00000
__size_ofi1_nrf24l01SetRXMode   (abs)        00000
_atof                           text20       0121E
_checkTXPower                   text47       01231
_counter                        bssBANK2     00150
_doWDTSleep                     text43       01245
_dpowers                        stringtext1  01800
_enableInterrupts               text65       011C4
_exception                      text69       00002
_ftoa                           text30       00E18
_getADCValue                    text42       00A8F
_handleRXData                   text9        0077B
_isdigit                        text32       011EA
_isdigit$1849                   cstackBANK0  00020
_isspace                        text22       0120B
_isspace$1852                   cstackBANK0  00020
_loop                           text7        004C3
_loop$2138                      cstackBANK2  00126
_loop$2139                      cstackBANK2  00129
_loop$899                       cstackBANK2  0012D
_main                           maintext     00C92
_memset                         text29       01274
_n_ADDRESS_MUL                  stringtext3  01828
_n_ADDRESS_P0                   stringtext2  01841
_nrf24l01                       bssBANK1     000EB
_nrf24l01CEHigh                 text67       011AE
_nrf24l01CELow                  text66       011B1
_nrf24l01CSHigh                 text64       011B4
_nrf24l01CSLow                  text61       007FB
_nrf24l01ChangeTXPower          text49       016B2
_nrf24l01CheckACK               text57       01442
_nrf24l01GetPipe                text5        01586
_nrf24l01GetRXPacket            text48       007FE
_nrf24l01ISR                    text54       01674
_nrf24l01Init                   text1        013D0
_nrf24l01InitRegisters          text3        00675
_nrf24l01InterfaceInit          text2        01314
_nrf24l01ReceivePacket          text55       0087D
_nrf24l01SPIEnd                 text63       011BD
_nrf24l01SPISend                text62       011DD
_nrf24l01SPIStart               text60       011CC
_nrf24l01Send                   text50       0136D
_nrf24l01SendACK                text15       014C3
_nrf24l01SendPacket             text17       00D4A
_nrf24l01SetRXMode              text19       01734
_nrf24l01SetRXPipe              text4        0138D
_nrf24l01SetTXPipe              text16       01777
_romData                        dataBANK1    000EC
_romDataMap                     bssBANK3     001C1
_setMessage                     text27       00982
_sleep                          text8        017BB
_sprintf                        text31       002F6
_strcat                         text28       0141B
_strchr                         text13       0128D
_strcmp                         text68       013F4
_strcpy                         text14       012DD
_strcspn                        text12       01521
_strlen                         text18       0134E
_strspn                         text11       00802
_strtod                         text21       0002E
_strtok                         text10       00832
atof@s                          cstackBANK0  0006E
btemp                           (abs)        0007E
checkTXPower@rxPacket           cstackBANK0  00028
clear_ram0                      clrtext      011B7
doWDTSleep@wdtps                cstackBANK0  00021
enableInterrupts@enable         cstackCOMMON 00070
end_of_initialization           cinit        0002A
ftoa@buf                        bssBANK2     00153
ftoa@cp                         cstackBANK1  000B2
ftoa@f                          cstackBANK1  000A6
ftoa@l                          cstackBANK1  000AE
ftoa@rem                        cstackBANK1  000AA
ftoa@status                     cstackBANK1  000A9
getADCValue@adcLoop             cstackBANK0  00051
getADCValue@adcSum              cstackBANK0  00054
getADCValue@channel             cstackBANK0  00053
handleRXData@RXPacket           cstackBANK1  000BC
handleRXData@string             cstackBANK1  000AC
handleRXData@strings            cstackBANK1  000BD
i1_memset                       text56       0125C
i1_nrf24l01Send                 text59       012A7
i1_nrf24l01SetRXMode            text58       015FA
i1memset@c                      cstackCOMMON 00072
i1memset@n                      cstackCOMMON 00074
i1memset@p                      cstackCOMMON 00076
i1memset@p1                     cstackCOMMON 00070
i1nrf24l01Send@command          cstackCOMMON 00073
i1nrf24l01Send@data             cstackCOMMON 00071
i1nrf24l01SetRXMode@config      cstackCOMMON 00075
i1nrf24l01SetRXMode@rxMode      cstackCOMMON 00076
int$flags                       (abs)        0007E
intlevel0                       functab      00000
intlevel1                       functab      00000
intlevel2                       functab      00000
intlevel3                       functab      00000
intlevel4                       functab      00000
intlevel5                       functab      00000
isdigit@c                       cstackBANK0  00021
isspace@c                       cstackBANK0  00021
loop@packet                     cstackBANK2  0012F
loop@rfSetup                    cstackBANK2  0012C
loop@ta                         cstackBANK2  00123
loop@vt                         cstackBANK2  00120
main@bootStatus                 cstackBANK1  000C5
main@packet                     cstackBANK1  000C7
main@pipe                       cstackBANK1  000C6
memset@c                        cstackBANK0  00022
memset@n                        cstackBANK0  00024
memset@p                        cstackBANK0  00026
memset@p1                       cstackBANK0  00020
nrf24l01ChangeTXPower@addPower  cstackBANK0  00023
nrf24l01ChangeTXPower@rfSetup   cstackBANK0  00026
nrf24l01GetPipe@i               cstackBANK0  0002A
nrf24l01GetPipe@name            cstackBANK0  00029
nrf24l01GetPipe@pipe            cstackBANK0  00028
nrf24l01ISR@status              cstackCOMMON 0007C
nrf24l01InitRegisters@DynPD     cstackBANK0  0002F
nrf24l01InitRegisters@channel   cstackBANK0  00029
nrf24l01InitRegisters@config    cstackBANK0  00030
nrf24l01InitRegisters@enAA      cstackBANK0  0002E
nrf24l01InitRegisters@feature   cstackBANK0  0002B
nrf24l01InitRegisters@i         cstackBANK0  00031
nrf24l01InitRegisters@rfSetup   cstackBANK0  0002C
nrf24l01InitRegisters@setupAW   cstackBANK0  0002A
nrf24l01InitRegisters@status    cstackBANK0  0002D
nrf24l01ReceivePacket@i         cstackCOMMON 0007A
nrf24l01ReceivePacket@width     cstackCOMMON 00079
nrf24l01SPISend@data            cstackCOMMON 00070
nrf24l01Send@command            cstackBANK0  00022
nrf24l01Send@data               cstackBANK0  00020
nrf24l01SendACK@packet          cstackBANK0  0002F
nrf24l01SendPacket@Packet       cstackBANK0  00027
nrf24l01SendPacket@i            cstackBANK0  0002D
nrf24l01SetRXMode@config        cstackBANK0  00024
nrf24l01SetRXMode@rxMode        cstackBANK0  00025
nrf24l01SetRXPipe@enRXAddr      cstackBANK0  00026
nrf24l01SetRXPipe@pipe          cstackBANK0  00025
nrf24l01SetTXPipe@pipe          cstackBANK0  00026
reset_vec                       reset_vec    00000
setMessage@packet               cstackBANK1  000B9
setMessage@status               cstackBANK1  000C1
setMessage@topic                cstackBANK1  000BB
setMessage@value                cstackBANK1  000BD
sleep@milliseconds              cstackBANK1  000BE
sprintf@ap                      cstackBANK0  00049
sprintf@c                       cstackBANK0  00053
sprintf@f                       cstackBANK0  00038
sprintf@flag                    cstackBANK0  00048
sprintf@prec                    cstackBANK0  00051
sprintf@sp                      cstackBANK0  0004E
sprintf@val                     cstackBANK0  0004A
sprintf@width                   cstackBANK0  0004F
stackhi                         (abs)        023EF
stacklo                         (abs)        0212D
start                           init         0000F
start_initialization            cinit        00011
strcat@cp                       cstackBANK1  000B7
strcat@from                     cstackBANK1  000B5
strcat@to                       cstackBANK1  000B3
strchr@chr                      cstackBANK0  00022
strchr@ptr                      cstackBANK0  00020
strcmp@r                        cstackCOMMON 00074
strcmp@s1                       cstackCOMMON 00070
strcmp@s2                       cstackCOMMON 00072
strcpy@cp                       cstackBANK0  00024
strcpy@from                     cstackBANK0  00022
strcpy@to                       cstackBANK0  00020
strcspn@i                       cstackBANK0  0002B
strcspn@s1                      cstackBANK0  0002D
strcspn@s2                      cstackBANK0  00027
strlen@cp                       cstackBANK0  00024
strlen@s                        cstackBANK0  00020
strspn@i                        cstackBANK0  0002B
strspn@s1                       cstackBANK0  0002D
strspn@s2                       cstackBANK0  00027
strtod@_u                       cstackBANK1  000A3
strtod@eexp                     cstackBANK1  000A0
strtod@expon                    cstackBANK1  000A2
strtod@flags                    cstackBANK1  000A1
strtod@res                      cstackBANK0  00067
strtod@s                        cstackBANK1  000A7
strtok@s1                       cstackBANK0  00033
strtok@s2                       cstackBANK0  0002E
strtok@sp                       bssCOMMON    0007D
wtemp0                          (abs)        0007E


FUNCTION INFORMATION:

 *************** function _main *****************
 Defined at:
		line 277 in file "main.c"
 Parameters:    Size  Location     Type
		None
 Auto vars:     Size  Location     Type
  packet         33   39[BANK1 ] struct .
  pipe            1   38[BANK1 ] unsigned char 
  bootStatus      1   37[BANK1 ] unsigned char 
 Return value:  Size  Location     Type
                  1    wreg      void 
 Registers used:
		wreg, fsr0l, fsr0h, fsr1l, fsr1h, status,2, status,0, pclath, cstack
 Tracked objects:
		On entry : 
		On exit  : 
		Unchanged: 
 Data sizes:     COMMON   BANK0   BANK1   BANK2   BANK3   BANK4   BANK5   BANK6   BANK7   BANK8   BANK9  BANK10  BANK11  BANK12
      Params:         0       0       0       0       0       0       0       0       0       0       0       0       0       0
      Locals:         0       0      35       0       0       0       0       0       0       0       0       0       0       0
      Temps:          0       0       1       0       0       0       0       0       0       0       0       0       0       0
      Totals:         0       0      36       0       0       0       0       0       0       0       0       0       0       0
Total ram usage:       36 bytes
 Hardware stack levels required when called:   16
 This function calls:
		___lbtoft
		_loop
		_nrf24l01GetPipe
		_nrf24l01Init
		_nrf24l01SendPacket
		_nrf24l01SetRXPipe
		_nrf24l01SetTXPipe
		_setMessage
		_sleep
		_strcpy
 This function is called by:
		Startup code after reset
 This function uses a non-reentrant model


 *************** function _nrf24l01Init *****************
 Defined at:
		line 446 in file "nrf24l01.c"
 Parameters:    Size  Location     Type
		None
 Auto vars:     Size  Location     Type
		None
 Return value:  Size  Location     Type
                  1    wreg      void 
 Registers used:
		wreg, fsr0l, fsr0h, status,2, status,0, pclath, cstack
 Tracked objects:
		On entry : 
		On exit  : 
		Unchanged: 
 Data sizes:     COMMON   BANK0   BANK1   BANK2   BANK3   BANK4   BANK5   BANK6   BANK7   BANK8   BANK9  BANK10  BANK11  BANK12
      Params:         0       0       0       0       0       0       0       0       0       0       0       0       0       0
      Locals:         0       0       0       0       0       0       0       0       0       0       0       0       0       0
      Temps:          0       2       0       0       0       0       0       0       0       0       0       0       0       0
      Totals:         0       2       0       0       0       0       0       0       0       0       0       0       0       0
Total ram usage:        2 bytes
 Hardware stack levels used:    1
 Hardware stack levels required when called:   12
 This function calls:
		_nrf24l01CEHigh
		_nrf24l01CELow
		_nrf24l01InitRegisters
		_nrf24l01InterfaceInit
 This function is called by:
		_main
 This function uses a non-reentrant model


 *************** function _nrf24l01InterfaceInit *****************
 Defined at:
		line 27 in file "interface.c"
 Parameters:    Size  Location     Type
		None
 Auto vars:     Size  Location     Type
		None
 Return value:  Size  Location     Type
                  1    wreg      void 
 Registers used:
		wreg, status,2, status,0
 Tracked objects:
		On entry : 
		On exit  : 
		Unchanged: 
 Data sizes:     COMMON   BANK0   BANK1   BANK2   BANK3   BANK4   BANK5   BANK6   BANK7   BANK8   BANK9  BANK10  BANK11  BANK12
      Params:         0       0       0       0       0       0       0       0       0       0       0       0       0       0
      Locals:         0       0       0       0       0       0       0       0       0       0       0       0       0       0
      Temps:          0       0       0       0       0       0       0       0       0       0       0       0       0       0
      Totals:         0       0       0       0       0       0       0       0       0       0       0       0       0       0
Total ram usage:        0 bytes
 Hardware stack levels used:    1
 Hardware stack levels required when called:    7
 This function calls:
		Nothing
 This function is called by:
		_nrf24l01Init
 This function uses a non-reentrant model


 *************** function _nrf24l01InitRegisters *****************
 Defined at:
		line 345 in file "nrf24l01.c"
 Parameters:    Size  Location     Type
		None
 Auto vars:     Size  Location     Type
  i               2   17[BANK0 ] unsigned int 
[...]
 Data sizes:     COMMON   BANK0   BANK1   BANK2   BANK3   BANK4   BANK5   BANK6   BANK7   BANK8   BANK9  BANK10  BANK11  BANK12
      Params:         0       0       0       0       0       0       0       0       0       0       0       0       0       0
      Locals:         0       0       0       0       0       0       0       0       0       0       0       0       0       0
      Temps:          0       0       0       0       0       0       0       0       0       0       0       0       0       0
      Totals:         0       0       0       0       0       0       0       0       0       0       0       0       0       0
Total ram usage:        0 bytes
 Hardware stack levels used:    1
 Hardware stack levels required when called:    7
 This function calls:
		Nothing
 This function is called by:
		_nrf24l01Send
		_nrf24l01ReceivePacket
		_nrf24l01SendPacket
		_nrf24l01SetTXPipe
		_nrf24l01InitRegisters
		i1_nrf24l01Send
 This function uses a non-reentrant model


 *************** function _nrf24l01SPIEnd *****************
 Defined at:
		line 70 in file "interface.c"
 Parameters:    Size  Location     Type
		None
 Auto vars:     Size  Location     Type
		None
 Return value:  Size  Location     Type
                  1    wreg      void 
 Registers used:
		wreg, status,2, status,0, pclath, cstack
 Tracked objects:
		On entry : 
		On exit  : 
		Unchanged: 
 Data sizes:     COMMON   BANK0   BANK1   BANK2   BANK3   BANK4   BANK5   BANK6   BANK7   BANK8   BANK9  BANK10  BANK11  BANK12
      Params:         0       0       0       0       0       0       0       0       0       0       0       0       0       0
      Locals:         0       0       0       0       0       0       0       0       0       0       0       0       0       0
      Temps:          0       0       0       0       0       0       0       0       0       0       0       0       0       0
      Totals:         0       0       0       0       0       0       0       0       0       0       0       0       0       0
Total ram usage:        0 bytes
 Hardware stack levels used:    1
 Hardware stack levels required when called:    8
 This function calls:
		_nrf24l01CSHigh
 This function is called by:
		_nrf24l01Send
		_nrf24l01ReceivePacket
		_nrf24l01SendPacket
		_nrf24l01SetTXPipe
		_nrf24l01InitRegisters
		i1_nrf24l01Send
 This function uses a non-reentrant model


 *************** function _nrf24l01CSHigh *****************
 Defined at:
		line 22 in file "interface.c"
 Parameters:    Size  Location     Type
		None
 Auto vars:     Size  Location     Type
		None
 Return value:  Size  Location     Type
                  1    wreg      void 
 Registers used:
		None
 Tracked objects:
		On entry : 
		On exit  : 
		Unchanged: 
 Data sizes:     COMMON   BANK0   BANK1   BANK2   BANK3   BANK4   BANK5   BANK6   BANK7   BANK8   BANK9  BANK10  BANK11  BANK12
      Params:         0       0       0       0       0       0       0       0       0       0       0       0       0       0
      Locals:         0       0       0       0       0       0       0       0       0       0       0       0       0       0
      Temps:          0       0       0       0       0       0       0       0       0       0       0       0       0       0
      Totals:         0       0       0       0       0       0       0       0       0       0       0       0       0       0
Total ram usage:        0 bytes
 Hardware stack levels used:    1
 Hardware stack levels required when called:    7
 This function calls:
		Nothing
 This function is called by:
		_nrf24l01SPIEnd
 This function uses a non-reentrant model


 *************** function _enableInterrupts *****************
 Defined at:
		line 76 in file "interface.c"
 Parameters:    Size  Location     Type
  enable          1    wreg     unsigned char 
 Auto vars:     Size  Location     Type
  enable          1    0[COMMON] unsigned char 
 Return value:  Size  Location     Type
                  1    wreg      void 
 Registers used:
		wreg, status,0
 Tracked objects:
		On entry : 
		On exit  : 
		Unchanged: 
 Data sizes:     COMMON   BANK0   BANK1   BANK2   BANK3   BANK4   BANK5   BANK6   BANK7   BANK8   BANK9  BANK10  BANK11  BANK12
      Params:         0       0       0       0       0       0       0       0       0       0       0       0       0       0
      Locals:         0       0       0       0       0       0       0       0       0       0       0       0       0       0
      Temps:          0       0       0       0       0       0       0       0       0       0       0       0       0       0
      Totals:         0       0       0       0       0       0       0       0       0       0       0       0       0       0
Total ram usage:        0 bytes
 Hardware stack levels used:    1
 Hardware stack levels required when called:    7
 This function calls:
		Nothing
 This function is called by:
		_nrf24l01Send
		_nrf24l01SendPacket
		i1_nrf24l01Send
 This function uses a non-reentrant model


 *************** function _nrf24l01CELow *****************
 Defined at:
		line 7 in file "interface.c"
 Parameters:    Size  Location     Type
		None
 Auto vars:     Size  Location     Type
		None
 Return value:  Size  Location     Type
                  1    wreg      void 
 Registers used:
		None
 Tracked objects:
		On entry : 
		On exit  : 
		Unchanged: 
 Data sizes:     COMMON   BANK0   BANK1   BANK2   BANK3   BANK4   BANK5   BANK6   BANK7   BANK8   BANK9  BANK10  BANK11  BANK12
      Params:         0       0       0       0       0       0       0       0       0       0       0       0       0       0
      Locals:         0       0       0       0       0       0       0       0       0       0       0       0       0       0
      Temps:          0       0       0       0       0       0       0       0       0       0       0       0       0       0
      Totals:         0       0       0       0       0       0       0       0       0       0       0       0       0       0
Total ram usage:        0 bytes
 Hardware stack levels used:    1
 Hardware stack levels required when called:    7
 This function calls:
		Nothing
 This function is called by:
		_nrf24l01SetRXMode
		_nrf24l01ReceivePacket
		_nrf24l01SendPacket
		_nrf24l01Init
		i1_nrf24l01SetRXMode
 This function uses a non-reentrant model


 *************** function _nrf24l01CEHigh *****************
 Defined at:
		line 12 in file "interface.c"
 Parameters:    Size  Location     Type
		None
 Auto vars:     Size  Location     Type
		None
 Return value:  Size  Location     Type
                  1    wreg      void 
 Registers used:
		None
 Tracked objects:
		On entry : 
		On exit  : 
		Unchanged: 
 Data sizes:     COMMON   BANK0   BANK1   BANK2   BANK3   BANK4   BANK5   BANK6   BANK7   BANK8   BANK9  BANK10  BANK11  BANK12
      Params:         0       0       0       0       0       0       0       0       0       0       0       0       0       0
      Locals:         0       0       0       0       0       0       0       0       0       0       0       0       0       0
      Temps:          0       0       0       0       0       0       0       0       0       0       0       0       0       0
      Totals:         0       0       0       0       0       0       0       0       0       0       0       0       0       0
Total ram usage:        0 bytes
 Hardware stack levels used:    1
 Hardware stack levels required when called:    7
 This function calls:
		Nothing
 This function is called by:
		_nrf24l01SetRXMode
		_nrf24l01ReceivePacket
		_nrf24l01SendPacket
		_nrf24l01Init
		i1_nrf24l01SetRXMode
 This function uses a non-reentrant model


 *************** function _strcmp *****************
 Defined at:
		line 33 in file "C:\Program Files (x86)\Microchip\xc8\v2.00\pic\sources\c90\common\strcmp.c"
 Parameters:    Size  Location     Type
  s1              2    0[COMMON] PTR const unsigned char 
		 -> packet.Message(32), packet.Message(32), RXPacket.Message(32), RXPacket(33), 
		 -> main@packet(33), loop@packet(33), NULL(0), 
  s2              1    2[COMMON] PTR const unsigned char 
		 -> RXPacket.Message(32), RXPacket(33), 
 Auto vars:     Size  Location     Type
  r               1    4[COMMON] char 
 Return value:  Size  Location     Type
                  2    0[COMMON] int 
 Registers used:
		wreg, fsr0l, fsr0h, fsr1l, fsr1h, status,2, status,0
 Tracked objects:
		On entry : 
		On exit  : 
		Unchanged: 
 Data sizes:     COMMON   BANK0   BANK1   BANK2   BANK3   BANK4   BANK5   BANK6   BANK7   BANK8   BANK9  BANK10  BANK11  BANK12
      Params:         3       0       0       0       0       0       0       0       0       0       0       0       0       0
      Locals:         1       0       0       0       0       0       0       0       0       0       0       0       0       0
      Temps:          1       0       0       0       0       0       0       0       0       0       0       0       0       0
      Totals:         5       0       0       0       0       0       0       0       0       0       0       0       0       0
Total ram usage:        5 bytes
 Hardware stack levels used:    1
 This function calls:
		Nothing
 This function is called by:
		_nrf24l01CheckACK
 This function uses a non-reentrant model


 *************** function _exception *****************
 Defined at:
		line 80 in file "interface.c"
 Parameters:    Size  Location     Type
  exception       1    wreg     unsigned char 
 Auto vars:     Size  Location     Type
  exception       1    0[COMMON] unsigned char 
 Return value:  Size  Location     Type
                  1    wreg      void 
 Registers used:
		wreg
 Tracked objects:
		On entry : 
		On exit  : 
		Unchanged: 
 Data sizes:     COMMON   BANK0   BANK1   BANK2   BANK3   BANK4   BANK5   BANK6   BANK7   BANK8   BANK9  BANK10  BANK11  BANK12
      Params:         0       0       0       0       0       0       0       0       0       0       0       0       0       0
      Locals:         0       0       0       0       0       0       0       0       0       0       0       0       0       0
      Temps:          0       0       0       0       0       0       0       0       0       0       0       0       0       0
      Totals:         0       0       0       0       0       0       0       0       0       0       0       0       0       0
Total ram usage:        0 bytes
 Hardware stack levels used:    1
 This function calls:
		Nothing
 This function is called by:
		_nrf24l01ISR
 This function uses a non-reentrant model



MODULE INFORMATION

Module		Function		Class		Link	Load	Size
C:\Program Files (x86)\Microchip\xc8\v2.00\pic\sources\c90\common\ftneg.c
		___ftneg       		CODE           	11D4	0000	10

C:\Program Files (x86)\Microchip\xc8\v2.00\pic\sources\c90\common\ftneg.c estimated size: 10

C:\Program Files (x86)\Microchip\xc8\v2.00\pic\sources\c90\common\strspn.c
		_strspn        		CODE           	0802	0000	49

C:\Program Files (x86)\Microchip\xc8\v2.00\pic\sources\c90\common\strspn.c estimated size: 49

C:\Program Files (x86)\Microchip\xc8\v2.00\pic\sources\c90\common\ftsub.c
		___ftsub       		CODE           	1330	0000	31

C:\Program Files (x86)\Microchip\xc8\v2.00\pic\sources\c90\common\ftsub.c estimated size: 31

C:\Program Files (x86)\Microchip\xc8\v2.00\pic\sources\c90\common\float.c
		___ftpack      		CODE           	091D	0000	102

C:\Program Files (x86)\Microchip\xc8\v2.00\pic\sources\c90\common\float.c estimated size: 102

C:\Program Files (x86)\Microchip\xc8\v2.00\pic\sources\c90\common\lwmod.c
		___lwmod       		CODE           	1496	0000	46

C:\Program Files (x86)\Microchip\xc8\v2.00\pic\sources\c90\common\lwmod.c estimated size: 46

C:\Program Files (x86)\Microchip\xc8\v2.00\pic\sources\c90\common\doprnt.c
		_sprintf       		CODE           	02F6	0000	462

C:\Program Files (x86)\Microchip\xc8\v2.00\pic\sources\c90\common\doprnt.c estimated size: 462

C:\Program Files (x86)\Microchip\xc8\v2.00\pic\sources\c90\common\llmod.c
		___llmod       		CODE           	16F1	0000	68

C:\Program Files (x86)\Microchip\xc8\v2.00\pic\sources\c90\common\llmod.c estimated size: 68

C:\Program Files (x86)\Microchip\xc8\v2.00\pic\sources\c90\common\Umul16.c
		___wmul        		CODE           	12F8	0000	29

C:\Program Files (x86)\Microchip\xc8\v2.00\pic\sources\c90\common\Umul16.c estimated size: 29

C:\Program Files (x86)\Microchip\xc8\v2.00\pic\sources\c90\common\isspace.c
		_isspace       		CODE           	120B	0000	20

C:\Program Files (x86)\Microchip\xc8\v2.00\pic\sources\c90\common\isspace.c estimated size: 20

C:\Program Files (x86)\Microchip\xc8\v2.00\pic\sources\c90\common\ftmul.c
		___ftmul       		CODE           	0BDE	0000	181

C:\Program Files (x86)\Microchip\xc8\v2.00\pic\sources\c90\common\ftmul.c estimated size: 181

C:\Program Files (x86)\Microchip\xc8\v2.00\pic\sources\c90\common\ftdiv.c
		___ftdiv       		CODE           	0B35	0000	170

C:\Program Files (x86)\Microchip\xc8\v2.00\pic\sources\c90\common\ftdiv.c estimated size: 170

C:\Program Files (x86)\Microchip\xc8\v2.00\pic\sources\c90\common\strtok.c
		_strtok        		CODE           	0832	0000	76

C:\Program Files (x86)\Microchip\xc8\v2.00\pic\sources\c90\common\strtok.c estimated size: 76

C:\Program Files (x86)\Microchip\xc8\v2.00\pic\sources\c90\common\__lldiv.c
		___lldiv       		CODE           	08CA	0000	84

C:\Program Files (x86)\Microchip\xc8\v2.00\pic\sources\c90\common\__lldiv.c estimated size: 84

C:\Program Files (x86)\Microchip\xc8\v2.00\pic\sources\c90\common\lwdiv.c
		___lwdiv       		CODE           	1551	0000	54

C:\Program Files (x86)\Microchip\xc8\v2.00\pic\sources\c90\common\lwdiv.c estimated size: 54

C:\Program Files (x86)\Microchip\xc8\v2.00\pic\sources\c90\common\ftoa.c
		_ftoa          		CODE           	0E18	0000	243

C:\Program Files (x86)\Microchip\xc8\v2.00\pic\sources\c90\common\ftoa.c estimated size: 243

C:\Program Files (x86)\Microchip\xc8\v2.00\pic\sources\c90\common\Umul32.c
		___lmul        		CODE           	14F1	0000	49

C:\Program Files (x86)\Microchip\xc8\v2.00\pic\sources\c90\common\Umul32.c estimated size: 49

C:\Program Files (x86)\Microchip\xc8\v2.00\pic\sources\c90\common\isdigit.c
		_isdigit       		CODE           	11EA	0000	16

C:\Program Files (x86)\Microchip\xc8\v2.00\pic\sources\c90\common\isdigit.c estimated size: 16

C:\Program Files (x86)\Microchip\xc8\v2.00\pic\sources\c90\common\atof.c
		_atof          		CODE           	121E	0000	20
		_strtod        		CODE           	002E	0000	713

C:\Program Files (x86)\Microchip\xc8\v2.00\pic\sources\c90\common\atof.c estimated size: 733

C:\Program Files (x86)\Microchip\xc8\v2.00\pic\sources\c90\common\Umul8.c
		___bmul        		CODE           	11F9	0000	19

C:\Program Files (x86)\Microchip\xc8\v2.00\pic\sources\c90\common\Umul8.c estimated size: 19

C:\Program Files (x86)\Microchip\xc8\v2.00\pic\sources\c90\common\strcat.c
		_strcat        		CODE           	141B	0000	40

C:\Program Files (x86)\Microchip\xc8\v2.00\pic\sources\c90\common\strcat.c estimated size: 40

shared
		i1_nrf24l01Send		CODE           	12A7	0000	28
		_dpowers       		STRCODE        	1800	0000	41
		i1_nrf24l01SetRXMode		CODE           	15FA	0000	62
		_n_ADDRESS_P0  		STRCODE        	1841	0000	6
		_n_ADDRESS_MUL 		STRCODE        	1828	0000	2
		__initialization		CODE           	0011	0000	26
		i1_memset      		CODE           	125C	0000	25

shared estimated size: 190

interface.c
		_nrf24l01SPISend		CODE           	11DD	0000	14
		_exception     		CODE           	0002	0000	3
		_nrf24l01CELow 		CODE           	11B1	0000	4
		_nrf24l01CSLow 		CODE           	07FB	0000	4
		_nrf24l01SPIStart		CODE           	11CC	0000	9
		_nrf24l01SPIEnd		CODE           	11BD	0000	8
		_nrf24l01CEHigh		CODE           	11AE	0000	4
		_nrf24l01CSHigh		CODE           	11B4	0000	4
		_enableInterrupts		CODE           	11C4	0000	9
		_nrf24l01InterfaceInit		CODE           	1314	0000	29

interface.c estimated size: 88

C:\Program Files (x86)\Microchip\xc8\v2.00\pic\sources\c90\common\fttol.c
		___fttol       		CODE           	09F0	0000	160

C:\Program Files (x86)\Microchip\xc8\v2.00\pic\sources\c90\common\fttol.c estimated size: 160

C:\Program Files (x86)\Microchip\xc8\v2.00\pic\sources\c90\common\strcspn.c
		_strcspn       		CODE           	1521	0000	49

C:\Program Files (x86)\Microchip\xc8\v2.00\pic\sources\c90\common\strcspn.c estimated size: 49

C:\Program Files (x86)\Microchip\xc8\v2.00\pic\sources\c90\common\strlen.c
		_strlen        		CODE           	134E	0000	32

C:\Program Files (x86)\Microchip\xc8\v2.00\pic\sources\c90\common\strlen.c estimated size: 32

C:\Program Files (x86)\Microchip\xc8\v2.00\pic\sources\c90\common\ftge.c
		___ftge        		CODE           	15BE	0000	61

C:\Program Files (x86)\Microchip\xc8\v2.00\pic\sources\c90\common\ftge.c estimated size: 61

C:\Program Files (x86)\Microchip\xc8\v2.00\pic\sources\c90\common\ftadd.c
		___ftadd       		CODE           	0F0A	0000	247

C:\Program Files (x86)\Microchip\xc8\v2.00\pic\sources\c90\common\ftadd.c estimated size: 247

C:\Program Files (x86)\Microchip\xc8\v2.00\pic\sources\c90\common\strcmp.c
		_strcmp        		CODE           	13F4	0000	40

C:\Program Files (x86)\Microchip\xc8\v2.00\pic\sources\c90\common\strcmp.c estimated size: 40

C:\Program Files (x86)\Microchip\xc8\v2.00\pic\sources\c90\common\strchr.c
		_strchr        		CODE           	128D	0000	27

C:\Program Files (x86)\Microchip\xc8\v2.00\pic\sources\c90\common\strchr.c estimated size: 27

C:\Program Files (x86)\Microchip\xc8\v2.00\pic\sources\c90\common\awtoft.c
		___awtoft      		CODE           	13AE	0000	35

C:\Program Files (x86)\Microchip\xc8\v2.00\pic\sources\c90\common\awtoft.c estimated size: 35

C:\Program Files (x86)\Microchip\xc8\v2.00\pic\sources\c90\common\strcpy.c
		_strcpy        		CODE           	12DD	0000	28

C:\Program Files (x86)\Microchip\xc8\v2.00\pic\sources\c90\common\strcpy.c estimated size: 28

nrf24l01.c
		_nrf24l01ChangeTXPower		CODE           	16B2	0000	64
		_nrf24l01SendPacket		CODE           	0D4A	0000	207
		_nrf24l01InitRegisters		CODE           	0675	0000	263
		_nrf24l01CheckACK		CODE           	1442	0000	43
		_nrf24l01ISR   		CODE           	1674	0000	63
		_nrf24l01Send  		CODE           	136D	0000	33
		_nrf24l01Init  		CODE           	13D0	0000	37
		_nrf24l01SetRXMode		CODE           	1734	0000	68
		_nrf24l01SetRXPipe		CODE           	138D	0000	34
		_nrf24l01SetTXPipe		CODE           	1777	0000	69
		_nrf24l01GetRXPacket		CODE           	07FE	0000	3
		_nrf24l01SendACK		CODE           	14C3	0000	47
		_nrf24l01ReceivePacket		CODE           	087D	0000	78

nrf24l01.c estimated size: 1009

C:\Program Files (x86)\Microchip\xc8\v2.00\pic\sources\c90\common\lbtoft.c
		___lbtoft      		CODE           	12C2	0000	28

C:\Program Files (x86)\Microchip\xc8\v2.00\pic\sources\c90\common\lbtoft.c estimated size: 28

C:\Program Files (x86)\Microchip\xc8\v2.00\pic\sources\c90\common\altoft.c
		___altoft      		CODE           	1637	0000	62

C:\Program Files (x86)\Microchip\xc8\v2.00\pic\sources\c90\common\altoft.c estimated size: 62

C:\Program Files (x86)\Microchip\xc8\v2.00\pic\sources\c90\common\memset.c
		_memset        		CODE           	1274	0000	26

C:\Program Files (x86)\Microchip\xc8\v2.00\pic\sources\c90\common\memset.c estimated size: 26

main.c
		_loop          		CODE           	04C3	0000	435
		_nrf24l01GetPipe		CODE           	1586	0000	57
		_checkTXPower  		CODE           	1231	0000	21
		_setMessage    		CODE           	0982	0000	111
		_ISR           		CODE           	0004	0000	12
		_main          		CODE           	0C92	0000	185
		_handleRXData  		CODE           	077B	0000	129
		_doWDTSleep    		CODE           	1245	0000	24
		_getADCValue   		CODE           	0A8F	0000	167
		_sleep         		CODE           	17BB	0000	70

main.c estimated size: 1211

C:\Program Files (x86)\Microchip\xc8\v2.00\pic\sources\c90\common\lltoft.c
		___lltoft      		CODE           	146C	0000	43

C:\Program Files (x86)\Microchip\xc8\v2.00\pic\sources\c90\common\lltoft.c estimated size: 43

