Microchip MPLAB XC8 Compiler V2.00 ()

Linker command line:

-W-3 --edf=C:\Program Files (x86)\Microchip\xc8\v2.00\pic\dat\en_msgs.txt \
  -cs -h+dist/default/production\nRF24L01__PIC16LF1825.X.X.production.sym \
  --cmf=dist/default/production\nRF24L01__PIC16LF1825.X.X.production.cmf -z \
  -Q16LF18325 -oC:\Users\Leon\AppData\Local\Temp\s1eo.2 \
  --defsym=__MPLAB_BUILD=1 \
  -Mdist/default/production/nRF24L01__PIC16LF1825.X.X.production.map -E1 \
  -ver=XC8 -ASTACK=02131h-023efh -pstack=STACK -ACODE=00h-07FFhx4 \
  -ASTRCODE=00h-01FFFh -ASTRING=00h-0FFhx32 -ACONST=00h-0FFhx32 \
  -AENTRY=00h-0FFhx32 -ACOMMON=070h-07Fh -ABANK0=020h-06Fh \
  -ABANK1=0A0h-0EFh -ABANK2=0120h-016Fh -ABANK3=01A0h-01EFh \
  -ABANK4=0220h-026Fh -ABANK5=02A0h-02EFh -ABANK6=0320h-036Fh \
  -ABANK7=03A0h-03EFh -ABANK8=0420h-046Fh -ABANK9=04A0h-04EFh \
  -ABANK10=0520h-056Fh -ABANK11=05A0h-05EFh -ABANK12=0620h-064Fh \
  -ABIGRAM=02000h-023EFh \
  -ARAM=020h-06Fh,0A0h-0EFh,0120h-016Fh,01A0h-01EFh,0220h-026Fh,02A0h-02EFh,0320h-036Fh,03A0h-03EFh,0420h-046Fh,04A0h-04EFh,0520h-056Fh,05A0h-05EFh,0620h-064Fh \
  -AABS1=020h-07Fh,0A0h-0EFh,0120h-016Fh,01A0h-01EFh,0220h-026Fh,02A0h-02EFh,0320h-036Fh,03A0h-03EFh,0420h-046Fh,04A0h-04EFh,0520h-056Fh,05A0h-05EFh,0620h-064Fh \
  -ASFR0=00h-01Fh -ASFR1=080h-09Fh -ASFR2=0100h-011Fh -ASFR3=0180h-019Fh \
  -ASFR4=0200h-021Fh -ASFR5=0280h-029Fh -ASFR6=0300h-031Fh \
  -ASFR7=0380h-039Fh -ASFR8=0400h-041Fh -ASFR9=0480h-049Fh \
  -ASFR10=0500h-051Fh -ASFR11=0580h-059Fh -ASFR12=0600h-061Fh \
  -ASFR13=0680h-06EFh -ASFR14=0700h-076Fh -ASFR15=0780h-07EFh \
  -ASFR16=0800h-086Fh -ASFR17=0880h-08EFh -ASFR18=0900h-096Fh \
  -ASFR19=0980h-09EFh -ASFR20=0A00h-0A6Fh -ASFR21=0A80h-0AEFh \
  -ASFR22=0B00h-0B6Fh -ASFR23=0B80h-0BEFh -ASFR24=0C00h-0C6Fh \
  -ASFR25=0C80h-0CEFh -ASFR26=0D00h-0D6Fh -ASFR27=0D80h-0DEFh \
  -ASFR28=0E00h-0E6Fh -ASFR29=0E80h-0EEFh -ASFR30=0F00h-0F6Fh \
  -ASFR31=0F80h-0FEFh -preset_vec=00h,intentry=04h,init,end_init \
  -ppowerup=CODE -pcinit=CODE -pfunctab=ENTRY -ACONFIG=08007h-0800Ah \
  -pconfig=CONFIG -DCONFIG=2 -AIDLOC=08000h-08003h -pidloc=IDLOC -DIDLOC=2 \
  -AEEDATA=00h-0FFh/0F000h -peeprom_data=EEDATA -DEEDATA=2 -DCODE=2 \
  -DSTRCODE=2 -DSTRING=2 -DCONST=2 -DENTRY=2 -k \
  C:\Users\Leon\AppData\Local\Temp\s1eo.o \
  dist/default/production\nRF24L01__PIC16LF1825.X.X.production.o 

Object code version is 3.11

Machine type is 16LF18325



                Name                               Link     Load   Length Selector   Space Scale
C:\Users\Leon\AppData\Local\Temp\s1eo.o
                end_init                             13       13        2        8       0
                reset_vec                             0        0        2        0       0
                config                             8007     8007        4    1000E       0
dist/default/production\nRF24L01__PIC16LF1825.X.X.production.o
                cinit                                15       15       16        8       0
                intentry                              4        4        F        8       0
                text61                                2        2        2        0       0
                text60                             1C57     1C57        3     38AE       0
                text59                             1C5A     1C5A        3     38B4       0
                text58                             1C6C     1C6C        8     38D8       0
                text57                             1C5D     1C5D        3     38BA       0
                text56                             1001     1001        8     2002       0
                text55                             1C81     1C81       11     3902       0
                text54                             1C60     1C60        3     38C0       0
                text53                              7F8      7F8        8        8       0
                text52                             1CF7     1CF7       1D     39EE       0
                text51                             1FC3     1FC3       3D     3F86       0
                text50                             1EEC     1EEC       30     3DD8       0
                text49                             1EBD     1EBD       2F     3D7A       0
                text48                             1D31     1D31       21     3A62       0
                text47                             11A7     11A7       52     234E       0
                text46                             1317     1317       77     262E       0
                text44                             1406     1406       7D     280C       0
                text43                             1C92     1C92       17     3924       0
                text42                             1D14     1D14       1D     3A28       0
                text41                             1D73     1D73       22     3AE6       0
                text40                             110E     110E       4C     221C       0
                text39                             1C63     1C63        3     38C6       0
                text38                             1CA9     1CA9       18     3952       0
                text37                             1E6B     1E6B       27     3CD6       0
                text36                              970      970      131     12E0       0
                text35                             1674     1674       B8     2CE8       0
                text34                             1DFD     1DFD       24     3BFA       0
                text33                             15C4     15C4       B0     2B88       0
                text32                             138E     138E       78     271C       0
                text31                             1D95     1D95       22     3B2A       0
                text30                             10C3     10C3       4B     2186       0
                text29                             1C74     1C74        D     38E8       0
                text28                             1DB7     1DB7       23     3B6E       0
                text27                             1483     1483       9F     2906       0
                text26                             124B     124B       62     2496       0
                text25                             11F9     11F9       52     23F2       0
                text24                             1F1C     1F1C       30     3E38       0
                text23                              AA1      AA1      13B     1542       0
                text22                             172C     172C       D4     2E58       0
                text21                              6F9      6F9       FF        8       0
                text20                             103A     103A       44     2074       0
                text19                             1F87     1F87       3C     3F0E       0
                text18                             1DDA     1DDA       23     3BB4       0
                text17                              53D      53D      1BC        8       0
                text16                             12AD     12AD       6A     255A       0
                text15                              801      801       5E     1002       0
                text14                              D20      D20      2E0     1A40       0
                text13                               2B       2B      512        8       0
                text12                             1009     1009       31     2012       0
                text11                             115A     115A       4D     22B4       0
                text10                              BDC      BDC      144     17B8       0
                text9                              1E92     1E92       2B     3D24       0
                text8                              1F4C     1F4C       3B     3E98       0
                text7                              1E21     1E21       25     3C42       0
                text6                              1CC1     1CC1       1A     3982       0
                text5                              107E     107E       45     20FC       0
                text4                               85F      85F      111     10BE       0
                text3                              1CDB     1CDB       1C     39B6       0
                text2                              1E46     1E46       25     3C8C       0
                text1                              1D52     1D52       21     3AA4       0
                maintext                           1522     1522       A2     2A44       0
                cstackBANK0                          20       20       4A       20       1
                cstackCOMMON                         70       70        B       70       1
                cstackBANK1                          A0       A0       4C       A0       1
                cstackBANK2                         120      120       50      120       1
                clrtext                            1C66     1C66        6     38CC       0
                bssBANK3                            1A0      1A0       41      1A0       1
                dataBANK1                            EC       EC        1       A0       1
                bssBANK0                             6A       6A        2       20       1
                bssCOMMON                            7B       7B        2       70       1
                stringtext14                       18B3     18B3        2     3000       0
                stringtext13                       18B0     18B0        3     3000       0
                stringtext12                       18AC     18AC        4     3000       0
                stringtext11                       18A7     18A7        5     3000       0
                stringtext10                       18A2     18A2        5     3000       0
                stringtext9                        189D     189D        5     3000       0
                stringtext8                        1892     1892        6     3000       0
                stringtext7                        188A     188A        8     3000       0
                stringtext6                        1898     1898        5     3000       0
                stringtext5                        1880     1880        A     3000       0
                stringtext4                        1876     1876        A     3000       0
                stringtext3                        184F     184F       27     3000       0
                stringtext2                        1828     1828       27     3000       0
                stringtext1                        1800     1800       28     3000       0
                idataBANK1                          800      800        1        8       0

TOTAL           Name                               Link     Load   Length     Space
        CLASS   STACK          

        CLASS   CODE           
                end_init                             13       13        2         0
                cinit                                15       15       16         0
                intentry                              4        4        F         0
                reset_vec                             0        0        2         0
                text61                                2        2        2         0
                text60                             1C57     1C57        3         0
                text59                             1C5A     1C5A        3         0
                text58                             1C6C     1C6C        8         0
                text57                             1C5D     1C5D        3         0
                text56                             1001     1001        8         0
                text55                             1C81     1C81       11         0
                text54                             1C60     1C60        3         0
                text53                              7F8      7F8        8         0
                text52                             1CF7     1CF7       1D         0
                text51                             1FC3     1FC3       3D         0
                text50                             1EEC     1EEC       30         0
                text49                             1EBD     1EBD       2F         0
                text48                             1D31     1D31       21         0
                text47                             11A7     11A7       52         0
                text46                             1317     1317       77         0
                text44                             1406     1406       7D         0
                text43                             1C92     1C92       17         0
                text42                             1D14     1D14       1D         0
                text41                             1D73     1D73       22         0
                text40                             110E     110E       4C         0
                text39                             1C63     1C63        3         0
                text38                             1CA9     1CA9       18         0
                text37                             1E6B     1E6B       27         0
                text36                              970      970      131         0
                text35                             1674     1674       B8         0
                text34                             1DFD     1DFD       24         0
                text33                             15C4     15C4       B0         0
                text32                             138E     138E       78         0
                text31                             1D95     1D95       22         0
                text30                             10C3     10C3       4B         0
                text29                             1C74     1C74        D         0
                text28                             1DB7     1DB7       23         0
                text27                             1483     1483       9F         0
                text26                             124B     124B       62         0
                text25                             11F9     11F9       52         0
                text24                             1F1C     1F1C       30         0
                text23                              AA1      AA1      13B         0
                text22                             172C     172C       D4         0
                text21                              6F9      6F9       FF         0
                text20                             103A     103A       44         0
                text19                             1F87     1F87       3C         0
                text18                             1DDA     1DDA       23         0
                text17                              53D      53D      1BC         0
                text16                             12AD     12AD       6A         0
                text15                              801      801       5E         0
                text14                              D20      D20      2E0         0
                text13                               2B       2B      512         0
                text12                             1009     1009       31         0
                text11                             115A     115A       4D         0
                text10                              BDC      BDC      144         0
                text9                              1E92     1E92       2B         0
                text8                              1F4C     1F4C       3B         0
                text7                              1E21     1E21       25         0
                text6                              1CC1     1CC1       1A         0
                text5                              107E     107E       45         0
                text4                               85F      85F      111         0
                text3                              1CDB     1CDB       1C         0
                text2                              1E46     1E46       25         0
                text1                              1D52     1D52       21         0
                maintext                           1522     1522       A2         0
                clrtext                            1C66     1C66        6         0
                idataBANK1                          800      800        1         0

        CLASS   STRCODE        
                stringtext14                       18B3     18B3        2         0
                stringtext13                       18B0     18B0        3         0
                stringtext12                       18AC     18AC        4         0
                stringtext11                       18A7     18A7        5         0
                stringtext10                       18A2     18A2        5         0
                stringtext9                        189D     189D        5         0
                stringtext8                        1892     1892        6         0
                stringtext7                        188A     188A        8         0
                stringtext6                        1898     1898        5         0
                stringtext5                        1880     1880        A         0
                stringtext4                        1876     1876        A         0
                stringtext3                        184F     184F       27         0
                stringtext2                        1828     1828       27         0
                stringtext1                        1800     1800       28         0

        CLASS   STRING         

        CLASS   CONST          

        CLASS   ENTRY          

        CLASS   COMMON         
                cstackCOMMON                         70       70        B         1
                bssCOMMON                            7B       7B        2         1

        CLASS   BANK0          
                cstackBANK0                          20       20       4A         1
                bssBANK0                             6A       6A        2         1

        CLASS   BANK1          
                cstackBANK1                          A0       A0       4C         1
                dataBANK1                            EC       EC        1         1

        CLASS   BANK2          
                cstackBANK2                         120      120       50         1

        CLASS   BANK3          
                bssBANK3                            1A0      1A0       41         1

        CLASS   BANK4          

        CLASS   BANK5          

        CLASS   BANK6          

        CLASS   BANK7          

        CLASS   BANK8          

        CLASS   BANK9          

        CLASS   BANK10         

        CLASS   BANK11         

        CLASS   BANK12         

        CLASS   BIGRAM         

        CLASS   RAM            

        CLASS   ABS1           
                abs_s1                               7E       7E        2         1

        CLASS   SFR0           

        CLASS   SFR1           

        CLASS   SFR2           

        CLASS   SFR3           

        CLASS   SFR4           

        CLASS   SFR5           

        CLASS   SFR6           

        CLASS   SFR7           

        CLASS   SFR8           

        CLASS   SFR9           

        CLASS   SFR10          

        CLASS   SFR11          

        CLASS   SFR12          

        CLASS   SFR13          

        CLASS   SFR14          

        CLASS   SFR15          

        CLASS   SFR16          

        CLASS   SFR17          

        CLASS   SFR18          

        CLASS   SFR19          

        CLASS   SFR20          

        CLASS   SFR21          

        CLASS   SFR22          

        CLASS   SFR23          

        CLASS   SFR24          

        CLASS   SFR25          

        CLASS   SFR26          

        CLASS   SFR27          

        CLASS   SFR28          

        CLASS   SFR29          

        CLASS   SFR30          

        CLASS   SFR31          

        CLASS   CONFIG         
                config                             8007     8007        4         0

        CLASS   IDLOC          

        CLASS   EEDATA         

        CLASS   BANK31         

        CLASS   BANK30         

        CLASS   BANK29         

        CLASS   BANK28         

        CLASS   BANK27         

        CLASS   BANK26         

        CLASS   BANK25         

        CLASS   BANK24         

        CLASS   BANK23         

        CLASS   BANK22         

        CLASS   BANK21         

        CLASS   BANK20         

        CLASS   BANK19         

        CLASS   BANK18         

        CLASS   BANK17         

        CLASS   BANK16         

        CLASS   BANK15         

        CLASS   BANK14         

        CLASS   BANK13         



SEGMENTS        Name                           Load    Length   Top    Selector   Space  Class     Delta

                reset_vec                      000000  000004  000004         0       0  CODE        2
                intentry                       000004  0007FD  000801         8       0  CODE        2
                cstackBANK0                    000020  00004C  00006C        20       1  BANK0       1
                cstackCOMMON                   000070  00000D  00007D        70       1  COMMON      1
                cstackBANK1                    0000A0  00004D  0000ED        A0       1  BANK1       1
                cstackBANK2                    000120  000050  000170       120       1  BANK2       1
                bssBANK3                       0001A0  000041  0001E1       1A0       1  BANK3       1
                text15                         000801  00005E  00085F      1002       0  CODE        2
                text4                          00085F  000111  000970      10BE       0  CODE        2
                text36                         000970  000131  000AA1      12E0       0  CODE        2
                text23                         000AA1  00013B  000BDC      1542       0  CODE        2
                text10                         000BDC  000144  000D20      17B8       0  CODE        2
                text14                         000D20  0002E0  001000      1A40       0  CODE        2
                text56                         001001  000008  001009      2002       0  CODE        2
                text12                         001009  000031  00103A      2012       0  CODE        2
                text20                         00103A  000044  00107E      2074       0  CODE        2
                text5                          00107E  000045  0010C3      20FC       0  CODE        2
                text30                         0010C3  00004B  00110E      2186       0  CODE        2
                text40                         00110E  00004C  00115A      221C       0  CODE        2
                text11                         00115A  00004D  0011A7      22B4       0  CODE        2
                text47                         0011A7  000052  0011F9      234E       0  CODE        2
                text25                         0011F9  000052  00124B      23F2       0  CODE        2
                text26                         00124B  000062  0012AD      2496       0  CODE        2
                text16                         0012AD  00006A  001317      255A       0  CODE        2
                text46                         001317  000077  00138E      262E       0  CODE        2
                text32                         00138E  000078  001406      271C       0  CODE        2
                text44                         001406  00007D  001483      280C       0  CODE        2
                text27                         001483  00009F  001522      2906       0  CODE        2
                maintext                       001522  0000A2  0015C4      2A44       0  CODE        2
                text33                         0015C4  0000B0  001674      2B88       0  CODE        2
                text35                         001674  0000B8  00172C      2CE8       0  CODE        2
                text22                         00172C  0000D4  001800      2E58       0  CODE        2
                stringtext1                    001800  0000B5  0018B5      3000       0  STRCODE     2
                text60                         001C57  000003  001C5A      38AE       0  CODE        2
                text59                         001C5A  000003  001C5D      38B4       0  CODE        2
                text57                         001C5D  000003  001C60      38BA       0  CODE        2
                text54                         001C60  000003  001C63      38C0       0  CODE        2
                text39                         001C63  000003  001C66      38C6       0  CODE        2
                clrtext                        001C66  000006  001C6C      38CC       0  CODE        2
                text58                         001C6C  000008  001C74      38D8       0  CODE        2
                text29                         001C74  00000D  001C81      38E8       0  CODE        2
                text55                         001C81  000011  001C92      3902       0  CODE        2
                text43                         001C92  000017  001CA9      3924       0  CODE        2
                text38                         001CA9  000018  001CC1      3952       0  CODE        2
                text6                          001CC1  00001A  001CDB      3982       0  CODE        2
                text3                          001CDB  00001C  001CF7      39B6       0  CODE        2
                text52                         001CF7  00001D  001D14      39EE       0  CODE        2
                text42                         001D14  00001D  001D31      3A28       0  CODE        2
                text48                         001D31  000021  001D52      3A62       0  CODE        2
                text1                          001D52  000021  001D73      3AA4       0  CODE        2
                text41                         001D73  000022  001D95      3AE6       0  CODE        2
                text31                         001D95  000022  001DB7      3B2A       0  CODE        2
                text28                         001DB7  000023  001DDA      3B6E       0  CODE        2
                text18                         001DDA  000023  001DFD      3BB4       0  CODE        2
                text34                         001DFD  000024  001E21      3BFA       0  CODE        2
                text7                          001E21  000025  001E46      3C42       0  CODE        2
                text2                          001E46  000025  001E6B      3C8C       0  CODE        2
                text37                         001E6B  000027  001E92      3CD6       0  CODE        2
                text9                          001E92  00002B  001EBD      3D24       0  CODE        2
                text49                         001EBD  00002F  001EEC      3D7A       0  CODE        2
                text50                         001EEC  000030  001F1C      3DD8       0  CODE        2
                text24                         001F1C  000030  001F4C      3E38       0  CODE        2
                text8                          001F4C  00003B  001F87      3E98       0  CODE        2
                text19                         001F87  00003C  001FC3      3F0E       0  CODE        2
                text51                         001FC3  00003D  002000      3F86       0  CODE        2
                config                         008007  000004  00800B     1000E       0  CONFIG      2


UNUSED ADDRESS RANGES

        Name                Unused          Largest block    Delta
        BANK0            0006C-0006F               4           1
        BANK1            000ED-000EF               3           1
        BANK10           00520-0056F              50           1
        BANK11           005A0-005EF              50           1
        BANK12           00620-0064F              30           1
        BANK3            001E1-001EF               F           1
        BANK4            00220-0026F              50           1
        BANK5            002A0-002EF              50           1
        BANK6            00320-0036F              50           1
        BANK7            003A0-003EF              50           1
        BANK8            00420-0046F              50           1
        BANK9            004A0-004EF              50           1
        BIGRAM           02000-023EF             3F0           1
        CODE             01000-01000               1           2
                         018B5-01C56             3A2
        COMMON           0007D-0007D               1           1
        CONST            01000-01000               1           2
                         018B5-01C56             100
        EEDATA           0F000-0F0FF             100           2
        ENTRY            01000-01000               1           2
                         018B5-01C56             100
        IDLOC            08000-08003               4           2
        RAM              0006C-0006F               4           1
                         000ED-000EF               3
                         001E1-001EF               F
                         00220-0026F              50
                         002A0-002EF              50
                         00320-0036F              50
                         003A0-003EF              50
                         00420-0046F              50
                         004A0-004EF              50
                         00520-0056F              50
                         005A0-005EF              50
                         00620-0064F              30
        SFR0             00000-0001F              20           1
        SFR1             00080-0009F              20           1
        SFR10            00500-0051F              20           1
        SFR11            00580-0059F              20           1
        SFR12            00600-0061F              20           1
        SFR13            00680-006EF              70           1
        SFR14            00700-0076F              70           1
        SFR15            00780-007EF              70           1
        SFR16            00800-0086F              70           1
        SFR17            00880-008EF              70           1
        SFR18            00900-0096F              70           1
        SFR19            00980-009EF              70           1
        SFR2             00100-0011F              20           1
        SFR20            00A00-00A6F              70           1
        SFR21            00A80-00AEF              70           1
        SFR22            00B00-00B6F              70           1
        SFR23            00B80-00BEF              70           1
        SFR24            00C00-00C6F              70           1
        SFR25            00C80-00CEF              70           1
        SFR26            00D00-00D6F              70           1
        SFR27            00D80-00DEF              70           1
        SFR28            00E00-00E6F              70           1
        SFR29            00E80-00EEF              70           1
        SFR3             00180-0019F              20           1
        SFR30            00F00-00F6F              70           1
        SFR31            00F80-00FEF              70           1
        SFR4             00200-0021F              20           1
        SFR5             00280-0029F              20           1
        SFR6             00300-0031F              20           1
        SFR7             00380-0039F              20           1
        SFR8             00400-0041F              20           1
        SFR9             00480-0049F              20           1
        STACK            02131-023EF             2BF           1
        STRCODE          01000-01000               1           2
                         018B5-01C56             3A2
        STRING           01000-01000               1           2
                         018B5-01C56             100

                                  Symbol Table

?___awdiv                       cstackBANK0  0002B
?___awmod                       cstackBANK0  00024
?___awtoft                      cstackBANK0  0002C
?___ftadd                       cstackBANK0  0003A
?___ftdiv                       cstackBANK0  00047
?___ftmul                       cstackBANK0  00063
?___ftneg                       cstackBANK0  00063
?___ftpack                      cstackBANK0  00024
?___ftsub                       cstackBANK0  00047
?___fttol                       cstackBANK1  000B5
?___lbtoft                      cstackBANK0  0002C
?___lldiv                       cstackBANK0  00024
?___llmod                       cstackBANK0  00024
?___lltoft                      cstackBANK0  0002C
?___lwdiv                       cstackBANK0  0002A
?___lwmod                       cstackBANK0  00024
?___lwtoft                      cstackBANK0  0002C
?___wmul                        cstackBANK0  00034
?__div_to_l_                    cstackBANK0  00024
?__tdiv_to_l_                   cstackBANK0  00024
?_fround                        cstackBANK1  000AA
?_getADCValue                   cstackBANK0  00057
?_scale                         cstackBANK1  000AA
?_sprintf                       cstackBANK1  000C3
?_strcmp                        cstackCOMMON 00070
?_strlen                        cstackBANK0  00024
_ADCON0bits                     (abs)        0009D
_ADCON1bits                     (abs)        0009E
_ADRESH                         (abs)        0009C
_ADRESL                         (abs)        0009B
_ANSELA                         (abs)        0018C
_ANSELAbits                     (abs)        0018C
_ANSELC                         (abs)        0018E
_ANSELCbits                     (abs)        0018E
_FVRCONbits                     (abs)        00117
_INLVLA                         (abs)        0038C
_INLVLC                         (abs)        0038E
_INTCONbits                     (abs)        0000B
_ISR                            intentry     00004
_ODCONA                         (abs)        0028C
_ODCONAbits                     (abs)        0028C
_ODCONC                         (abs)        0028E
_OSCCON1bits                    (abs)        00919
_PIE0bits                       (abs)        00090
_PIR0bits                       (abs)        00010
_PORTAbits                      (abs)        0000C
_PORTCbits                      (abs)        0000E
_RC0PPSbits                     (abs)        00EA0
_RC1PPSbits                     (abs)        00EA1
_RC2PPSbits                     (abs)        00EA2
_RXPacket                       bssBANK3     001A4
_SSP1BUF                        (abs)        00211
_SSP1CON1bits                   (abs)        00215
_SSP1STATbits                   (abs)        00214
_STATUSbits                     (abs)        00003
_TRISAbits                      (abs)        0008C
_TRISCbits                      (abs)        0008E
_TXPacket                       bssBANK0     0006A
_WDTCONbits                     (abs)        00097
_WPUA                           (abs)        0020C
_WPUAbits                       (abs)        0020C
_WPUC                           (abs)        0020E
__CFG_BOREN$OFF                 (abs)        00000
__CFG_BORV$LOW                  (abs)        00000
__CFG_CLKOUTEN$OFF              (abs)        00000
__CFG_CP$OFF                    (abs)        00000
__CFG_CPD$OFF                   (abs)        00000
__CFG_CSWEN$ON                  (abs)        00000
__CFG_DEBUG$OFF                 (abs)        00000
__CFG_FCMEN$ON                  (abs)        00000
__CFG_FEXTOSC$OFF               (abs)        00000
__CFG_LPBOREN$OFF               (abs)        00000
__CFG_LVP$ON                    (abs)        00000
__CFG_MCLRE$ON                  (abs)        00000
__CFG_PPS1WAY$ON                (abs)        00000
__CFG_PWRTE$ON                  (abs)        00000
__CFG_RSTOSC$HFINT32            (abs)        00000
__CFG_STVREN$ON                 (abs)        00000
__CFG_WDTE$ON                   (abs)        00000
__CFG_WRT$OFF                   (abs)        00000
__Habs1                         abs1         00000
__Hbank0                        bank0        00000
__Hbank1                        bank1        00000
__Hbank10                       bank10       00000
__Hbank11                       bank11       00000
__Hbank12                       bank12       00000
__Hbank13                       bank13       00000
__Hbank14                       bank14       00000
__Hbank15                       bank15       00000
__Hbank16                       bank16       00000
__Hbank17                       bank17       00000
__Hbank18                       bank18       00000
__Hbank19                       bank19       00000
__Hbank2                        bank2        00000
__Hbank20                       bank20       00000
__Hbank21                       bank21       00000
__Hbank22                       bank22       00000
__Hbank23                       bank23       00000
__Hbank24                       bank24       00000
__Hbank25                       bank25       00000
__Hbank26                       bank26       00000
__Hbank27                       bank27       00000
__Hbank28                       bank28       00000
__Hbank29                       bank29       00000
__Hbank3                        bank3        00000
__Hbank30                       bank30       00000
__Hbank31                       bank31       00000
__Hbank4                        bank4        00000
__Hbank5                        bank5        00000
__Hbank6                        bank6        00000
__Hbank7                        bank7        00000
__Hbank8                        bank8        00000
__Hbank9                        bank9        00000
__Hbigram                       bigram       00000
__HbssBANK0                     bssBANK0     00000
__HbssBANK3                     bssBANK3     00000
__HbssCOMMON                    bssCOMMON    00000
__Hcinit                        cinit        0002B
__Hclrtext                      clrtext      00000
__Hcode                         code         00000
__Hcommon                       common       00000
__Hconfig                       config       0800B
__HcstackBANK0                  cstackBANK0  00000
__HcstackBANK1                  cstackBANK1  00000
__HcstackBANK2                  cstackBANK2  00000
__HcstackCOMMON                 cstackCOMMON 00000
__HdataBANK1                    dataBANK1    00000
__Heeprom_data                  eeprom_data  00000
__Hend_init                     end_init     00015
__Hfunctab                      functab      00000
__HidataBANK1                   idataBANK1   00000
__Hidloc                        idloc        00000
__Hinit                         init         00013
__Hintentry                     intentry     00013
__Hmaintext                     maintext     00000
__Hpowerup                      powerup      00000
__Hram                          ram          00000
__Hreset_vec                    reset_vec    00002
__Hsfr0                         sfr0         00000
__Hsfr1                         sfr1         00000
__Hsfr10                        sfr10        00000
__Hsfr11                        sfr11        00000
__Hsfr12                        sfr12        00000
__Hsfr13                        sfr13        00000
__Hsfr14                        sfr14        00000
__Hsfr15                        sfr15        00000
__Hsfr16                        sfr16        00000
__Hsfr17                        sfr17        00000
__Hsfr18                        sfr18        00000
__Hsfr19                        sfr19        00000
__Hsfr2                         sfr2         00000
__Hsfr20                        sfr20        00000
__Hsfr21                        sfr21        00000
__Hsfr22                        sfr22        00000
__Hsfr23                        sfr23        00000
__Hsfr24                        sfr24        00000
__Hsfr25                        sfr25        00000
__Hsfr26                        sfr26        00000
__Hsfr27                        sfr27        00000
__Hsfr28                        sfr28        00000
__Hsfr29                        sfr29        00000
__Hsfr3                         sfr3         00000
__Hsfr30                        sfr30        00000
__Hsfr31                        sfr31        00000
__Hsfr4                         sfr4         00000
__Hsfr5                         sfr5         00000
__Hsfr6                         sfr6         00000
__Hsfr7                         sfr7         00000
__Hsfr8                         sfr8         00000
__Hsfr9                         sfr9         00000
__Hspace_0                      (abs)        0800B
__Hspace_1                      (abs)        001E1
__Hspace_2                      (abs)        00000
__Hspace_3                      (abs)        00000
__Hstack                        stack        00000
__Hstrings                      strings      00000
__Hstringtext1                  stringtext1  00000
__Hstringtext10                 stringtext10 00000
__Hstringtext11                 stringtext11 00000
__Hstringtext12                 stringtext12 00000
__Hstringtext13                 stringtext13 00000
__Hstringtext14                 stringtext14 00000
__Hstringtext15                 stringtext15 00000
__Hstringtext2                  stringtext2  00000
__Hstringtext3                  stringtext3  00000
__Hstringtext4                  stringtext4  00000
__Hstringtext5                  stringtext5  00000
__Hstringtext6                  stringtext6  00000
__Hstringtext7                  stringtext7  00000
__Hstringtext8                  stringtext8  00000
__Hstringtext9                  stringtext9  00000
__Htext                         text         00000
__Labs1                         abs1         00000
__Lbank0                        bank0        00000
__Lbank1                        bank1        00000
__Lbank10                       bank10       00000
__Lbank11                       bank11       00000
__Lbank12                       bank12       00000
__Lbank13                       bank13       00000
__Lbank14                       bank14       00000
__Lbank15                       bank15       00000
__Lbank16                       bank16       00000
__Lbank17                       bank17       00000
__Lbank18                       bank18       00000
__Lbank19                       bank19       00000
__Lbank2                        bank2        00000
__Lbank20                       bank20       00000
__Lbank21                       bank21       00000
__Lbank22                       bank22       00000
__Lbank23                       bank23       00000
__Lbank24                       bank24       00000
__Lbank25                       bank25       00000
__Lbank26                       bank26       00000
__Lbank27                       bank27       00000
__Lbank28                       bank28       00000
__Lbank29                       bank29       00000
__Lbank3                        bank3        00000
__Lbank30                       bank30       00000
__Lbank31                       bank31       00000
__Lbank4                        bank4        00000
__Lbank5                        bank5        00000
__Lbank6                        bank6        00000
__Lbank7                        bank7        00000
__Lbank8                        bank8        00000
__Lbank9                        bank9        00000
__Lbigram                       bigram       00000
__LbssBANK0                     bssBANK0     00000
__LbssBANK3                     bssBANK3     00000
__LbssCOMMON                    bssCOMMON    00000
__Lcinit                        cinit        00015
__Lclrtext                      clrtext      00000
__Lcode                         code         00000
__Lcommon                       common       00000
__Lconfig                       config       08007
__LcstackBANK0                  cstackBANK0  00000
__LcstackBANK1                  cstackBANK1  00000
__LcstackBANK2                  cstackBANK2  00000
__LcstackCOMMON                 cstackCOMMON 00000
__LdataBANK1                    dataBANK1    00000
__Leeprom_data                  eeprom_data  00000
__Lend_init                     end_init     00013
__Lfunctab                      functab      00000
__LidataBANK1                   idataBANK1   00000
__Lidloc                        idloc        00000
__Linit                         init         00013
__Lintentry                     intentry     00004
__Lmaintext                     maintext     00000
__Lpowerup                      powerup      00000
__Lram                          ram          00000
__Lreset_vec                    reset_vec    00000
__Lsfr0                         sfr0         00000
__Lsfr1                         sfr1         00000
__Lsfr10                        sfr10        00000
__Lsfr11                        sfr11        00000
__Lsfr12                        sfr12        00000
__Lsfr13                        sfr13        00000
__Lsfr14                        sfr14        00000
__Lsfr15                        sfr15        00000
__Lsfr16                        sfr16        00000
__Lsfr17                        sfr17        00000
__Lsfr18                        sfr18        00000
__Lsfr19                        sfr19        00000
__Lsfr2                         sfr2         00000
__Lsfr20                        sfr20        00000
__Lsfr21                        sfr21        00000
__Lsfr22                        sfr22        00000
__Lsfr23                        sfr23        00000
__Lsfr24                        sfr24        00000
__Lsfr25                        sfr25        00000
__Lsfr26                        sfr26        00000
__Lsfr27                        sfr27        00000
__Lsfr28                        sfr28        00000
__Lsfr29                        sfr29        00000
__Lsfr3                         sfr3         00000
__Lsfr30                        sfr30        00000
__Lsfr31                        sfr31        00000
__Lsfr4                         sfr4         00000
__Lsfr5                         sfr5         00000
__Lsfr6                         sfr6         00000
__Lsfr7                         sfr7         00000
__Lsfr8                         sfr8         00000
__Lsfr9                         sfr9         00000
__Lspace_0                      (abs)        00000
__Lspace_1                      (abs)        00000
__Lspace_2                      (abs)        00000
__Lspace_3                      (abs)        00000
__Lstack                        stack        00000
__Lstrings                      strings      00000
__Lstringtext1                  stringtext1  00000
__Lstringtext10                 stringtext10 00000
__Lstringtext11                 stringtext11 00000
__Lstringtext12                 stringtext12 00000
__Lstringtext13                 stringtext13 00000
__Lstringtext14                 stringtext14 00000
__Lstringtext15                 stringtext15 00000
__Lstringtext2                  stringtext2  00000
__Lstringtext3                  stringtext3  00000
__Lstringtext4                  stringtext4  00000
__Lstringtext5                  stringtext5  00000
__Lstringtext6                  stringtext6  00000
__Lstringtext7                  stringtext7  00000
__Lstringtext8                  stringtext8  00000
__Lstringtext9                  stringtext9  00000
__Ltext                         text         00000
__S0                            (abs)        0800B
__S1                            (abs)        001E1
__S2                            (abs)        00000
__S3                            (abs)        00000
___awdiv                        text16       012AD
___awdiv@counter                cstackBANK0  00030
___awdiv@dividend               cstackBANK0  0002D
___awdiv@divisor                cstackBANK0  0002B
___awdiv@quotient               cstackBANK0  00032
___awdiv@sign                   cstackBANK0  00031
___awmod                        text15       00801
___awmod@counter                cstackBANK0  00029
___awmod@dividend               cstackBANK0  00026
___awmod@divisor                cstackBANK0  00024
___awmod@sign                   cstackBANK0  0002A
___awtoft                       text37       01E6B
___awtoft@c                     cstackBANK0  0002C
___awtoft@sign                  cstackBANK0  00031
___bmul                         text6        01CC1
___bmul@multiplicand            cstackBANK0  00024
___bmul@multiplier              cstackBANK0  00027
___bmul@product                 cstackBANK0  00026
___ftadd                        text36       00970
___ftadd@exp1                   cstackBANK0  00046
___ftadd@exp2                   cstackBANK0  00045
___ftadd@f1                     cstackBANK0  0003A
___ftadd@f2                     cstackBANK0  0003D
___ftadd@sign                   cstackBANK0  00044
___ftdiv                        text35       01674
___ftdiv@cntr                   cstackBANK0  00051
___ftdiv@exp                    cstackBANK0  00055
___ftdiv@f1                     cstackBANK0  0004A
___ftdiv@f2                     cstackBANK0  00047
___ftdiv@f3                     cstackBANK0  00052
___ftdiv@sign                   cstackBANK0  00056
___ftge                         text30       010C3
___ftge@ff1                     cstackBANK0  00024
___ftge@ff2                     cstackBANK0  00027
___ftmul                        text21       006F9
___ftmul@cntr                   cstackBANK1  000A8
___ftmul@exp                    cstackBANK1  000A4
___ftmul@f1                     cstackBANK0  00063
___ftmul@f2                     cstackBANK0  00066
___ftmul@f3_as_product          cstackBANK1  000A5
___ftmul@sign                   cstackBANK1  000A9
___ftneg                        text29       01C74
___ftneg@f1                     cstackBANK0  00063
___ftpack                       text44       01406
___ftpack@arg                   cstackBANK0  00024
___ftpack@exp                   cstackBANK0  00027
___ftpack@sign                  cstackBANK0  00028
___ftsub                        text28       01DB7
___ftsub@f1                     cstackBANK0  0004A
___ftsub@f2                     cstackBANK0  00047
___fttol                        text27       01483
___fttol@exp1                   cstackBANK1  000C2
___fttol@f1                     cstackBANK1  000B5
___fttol@lval                   cstackBANK1  000BE
___fttol@sign1                  cstackBANK1  000BD
___int_sp                       stack        00000
___latbits                      (abs)        00002
___lbtoft                       text42       01D14
___lbtoft@c                     cstackBANK0  00033
___lldiv                        text26       0124B
___lldiv@counter                cstackBANK0  00031
___lldiv@dividend               cstackBANK0  00028
___lldiv@divisor                cstackBANK0  00024
___lldiv@quotient               cstackBANK0  0002D
___llmod                        text25       011F9
___llmod@counter                cstackBANK0  0002D
___llmod@dividend               cstackBANK0  00028
___llmod@divisor                cstackBANK0  00024
___lltoft                       text24       01F1C
___lltoft@c                     cstackBANK0  0002C
___lltoft@exp                   cstackBANK0  00031
___lwdiv                        text20       0103A
___lwdiv@counter                cstackBANK0  0002F
___lwdiv@dividend               cstackBANK0  0002C
___lwdiv@divisor                cstackBANK0  0002A
___lwdiv@quotient               cstackBANK0  00030
___lwmod                        text19       01F87
___lwmod@counter                cstackBANK0  00029
___lwmod@dividend               cstackBANK0  00026
___lwmod@divisor                cstackBANK0  00024
___lwtoft                       text43       01C92
___lwtoft@c                     cstackBANK0  0002C
___sp                           stack        00000
___wmul                         text18       01DDA
___wmul@multiplicand            cstackBANK0  00036
___wmul@multiplier              cstackBANK0  00034
___wmul@product                 cstackBANK0  00038
__div_to_l_                     text23       00AA1
__div_to_l_@cntr                cstackBANK0  00036
__div_to_l_@exp1                cstackBANK0  00037
__div_to_l_@f1                  cstackBANK0  00024
__div_to_l_@f2                  cstackBANK0  00027
__div_to_l_@quot                cstackBANK0  00032
__end_of_ISR                    intentry     00013
__end_of___awdiv                text16       01317
__end_of___awmod                text15       0085F
__end_of___awtoft               text37       01E92
__end_of___bmul                 text6        01CDB
__end_of___ftadd                text36       00AA1
__end_of___ftdiv                text35       0172C
__end_of___ftge                 text30       0110E
__end_of___ftmul                text21       007F8
__end_of___ftneg                text29       01C81
__end_of___ftpack               text44       01483
__end_of___ftsub                text28       01DDA
__end_of___fttol                text27       01522
__end_of___lbtoft               text42       01D31
__end_of___lldiv                text26       012AD
__end_of___llmod                text25       0124B
__end_of___lltoft               text24       01F4C
__end_of___lwdiv                text20       0107E
__end_of___lwmod                text19       01FC3
__end_of___lwtoft               text43       01CA9
__end_of___wmul                 text18       01DFD
__end_of__div_to_l_             text23       00BDC
__end_of__initialization        cinit        00027
__end_of__npowers_              stringtext3  01876
__end_of__powers_               stringtext2  0184F
__end_of__tdiv_to_l_            text22       01800
__end_of_checkTXPower           text38       01CC1
__end_of_dpowers                stringtext1  01828
__end_of_enableInterrupts       text58       01C74
__end_of_exception              text61       00004
__end_of_fround                 text17       006F9
__end_of_getADCValue            text33       01674
__end_of_loop                   text10       00D20
__end_of_main                   maintext     015C4
__end_of_memset                 text31       01DB7
__end_of_n_ADDRESS_MUL          stringtext7  0188B
__end_of_n_ADDRESS_P0           stringtext6  0189D
__end_of_nrf24l01CEHigh         text60       01C5A
__end_of_nrf24l01CELow          text59       01C5D
__end_of_nrf24l01CSHigh         text57       01C60
__end_of_nrf24l01CSLow          text54       01C63
__end_of_nrf24l01ChangeTXPower  text40       0115A
__end_of_nrf24l01CheckACK       text49       01EEC
__end_of_nrf24l01GetPipe        text8        01F87
__end_of_nrf24l01GetRXPacket    text39       01C66
__end_of_nrf24l01ISR            text46       0138E
__end_of_nrf24l01Init           text2        01E6B
__end_of_nrf24l01InitRegisters  text4        00970
__end_of_nrf24l01InterfaceInit  text3        01CF7
__end_of_nrf24l01ReceivePacket  text47       011F9
__end_of_nrf24l01SPIEnd         text56       01009
__end_of_nrf24l01SPISend        text55       01C92
__end_of_nrf24l01SPIStart       text53       00800
__end_of_nrf24l01Send           text41       01D95
__end_of_nrf24l01SendPacket     text32       01406
__end_of_nrf24l01SetRXMode      text51       02000
__end_of_nrf24l01SetRXPipe      text7        01E46
__end_of_nrf24l01SetTXPipe      text5        010C3
__end_of_nrf24l01States         stringtext5  0188A
__end_of_scale                  text14       01000
__end_of_setMessage             text11       011A7
__end_of_sleep                  text34       01E21
__end_of_sprintf                text13       0053D
__end_of_strcat                 text12       0103A
__end_of_strcmp                 text50       01F1C
__end_of_strcpy                 text1        01D73
__end_of_strlen                 text9        01EBD
__end_ofi1_memset               text48       01D52
__end_ofi1_nrf24l01Send         text52       01D14
__end_ofnrf24l01@nrf24l01States stringtext4  01880
__initialization                cinit        00015
__npowers_                      stringtext3  0184F
__pbssBANK0                     bssBANK0     0006A
__pbssBANK3                     bssBANK3     001A0
__pbssCOMMON                    bssCOMMON    0007B
__pcstackBANK0                  cstackBANK0  00020
__pcstackBANK1                  cstackBANK1  000A0
__pcstackBANK2                  cstackBANK2  00120
__pcstackCOMMON                 cstackCOMMON 00070
__pdataBANK1                    dataBANK1    000EC
__pidataBANK1                   idataBANK1   00800
__pintentry                     intentry     00004
__pmaintext                     maintext     01522
__powers_                       stringtext2  01828
__pstringtext1                  stringtext1  01800
__pstringtext10                 stringtext10 018A2
__pstringtext11                 stringtext11 018A7
__pstringtext12                 stringtext12 018AC
__pstringtext13                 stringtext13 018B0
__pstringtext14                 stringtext14 018B3
__pstringtext15                 stringtext15 00000
__pstringtext2                  stringtext2  01828
__pstringtext3                  stringtext3  0184F
__pstringtext4                  stringtext4  01876
__pstringtext5                  stringtext5  01880
__pstringtext6                  stringtext6  01898
__pstringtext7                  stringtext7  0188A
__pstringtext8                  stringtext8  01892
__pstringtext9                  stringtext9  0189D
__ptext1                        text1        01D52
__ptext10                       text10       00BDC
__ptext11                       text11       0115A
__ptext12                       text12       01009
__ptext13                       text13       0002B
__ptext14                       text14       00D20
__ptext15                       text15       00801
__ptext16                       text16       012AD
__ptext17                       text17       0053D
__ptext18                       text18       01DDA
__ptext19                       text19       01F87
__ptext2                        text2        01E46
__ptext20                       text20       0103A
__ptext21                       text21       006F9
__ptext22                       text22       0172C
__ptext23                       text23       00AA1
__ptext24                       text24       01F1C
__ptext25                       text25       011F9
__ptext26                       text26       0124B
__ptext27                       text27       01483
__ptext28                       text28       01DB7
__ptext29                       text29       01C74
__ptext3                        text3        01CDB
__ptext30                       text30       010C3
__ptext31                       text31       01D95
__ptext32                       text32       0138E
__ptext33                       text33       015C4
__ptext34                       text34       01DFD
__ptext35                       text35       01674
__ptext36                       text36       00970
__ptext37                       text37       01E6B
__ptext38                       text38       01CA9
__ptext39                       text39       01C63
__ptext4                        text4        0085F
__ptext40                       text40       0110E
__ptext41                       text41       01D73
__ptext42                       text42       01D14
__ptext43                       text43       01C92
__ptext44                       text44       01406
__ptext46                       text46       01317
__ptext47                       text47       011A7
__ptext48                       text48       01D31
__ptext49                       text49       01EBD
__ptext5                        text5        0107E
__ptext50                       text50       01EEC
__ptext51                       text51       01FC3
__ptext52                       text52       01CF7
__ptext53                       text53       007F8
__ptext54                       text54       01C60
__ptext55                       text55       01C81
__ptext56                       text56       01001
__ptext57                       text57       01C5D
__ptext58                       text58       01C6C
__ptext59                       text59       01C5A
__ptext6                        text6        01CC1
__ptext60                       text60       01C57
__ptext61                       text61       00002
__ptext7                        text7        01E21
__ptext8                        text8        01F4C
__ptext9                        text9        01E92
__size_of_ISR                   (abs)        00000
__size_of___awdiv               (abs)        00000
__size_of___awmod               (abs)        00000
__size_of___awtoft              (abs)        00000
__size_of___bmul                (abs)        00000
__size_of___ftadd               (abs)        00000
__size_of___ftdiv               (abs)        00000
__size_of___ftge                (abs)        00000
__size_of___ftmul               (abs)        00000
__size_of___ftneg               (abs)        00000
__size_of___ftpack              (abs)        00000
__size_of___ftsub               (abs)        00000
__size_of___fttol               (abs)        00000
__size_of___lbtoft              (abs)        00000
__size_of___lldiv               (abs)        00000
__size_of___llmod               (abs)        00000
__size_of___lltoft              (abs)        00000
__size_of___lwdiv               (abs)        00000
__size_of___lwmod               (abs)        00000
__size_of___lwtoft              (abs)        00000
__size_of___wmul                (abs)        00000
__size_of__div_to_l_            (abs)        00000
__size_of__tdiv_to_l_           (abs)        00000
__size_of_checkTXPower          (abs)        00000
__size_of_enableInterrupts      (abs)        00000
__size_of_exception             (abs)        00000
__size_of_fround                (abs)        00000
__size_of_getADCValue           (abs)        00000
__size_of_loop                  (abs)        00000
__size_of_main                  (abs)        00000
__size_of_memset                (abs)        00000
__size_of_nrf24l01CEHigh        (abs)        00000
__size_of_nrf24l01CELow         (abs)        00000
__size_of_nrf24l01CSHigh        (abs)        00000
__size_of_nrf24l01CSLow         (abs)        00000
__size_of_nrf24l01ChangeTXPower (abs)        00000
__size_of_nrf24l01CheckACK      (abs)        00000
__size_of_nrf24l01GetPipe       (abs)        00000
__size_of_nrf24l01GetRXPacket   (abs)        00000
__size_of_nrf24l01ISR           (abs)        00000
__size_of_nrf24l01Init          (abs)        00000
__size_of_nrf24l01InitRegisters (abs)        00000
__size_of_nrf24l01InterfaceInit (abs)        00000
__size_of_nrf24l01ReceivePacket (abs)        00000
__size_of_nrf24l01SPIEnd        (abs)        00000
__size_of_nrf24l01SPISend       (abs)        00000
__size_of_nrf24l01SPIStart      (abs)        00000
__size_of_nrf24l01Send          (abs)        00000
__size_of_nrf24l01SendPacket    (abs)        00000
__size_of_nrf24l01SetRXMode     (abs)        00000
__size_of_nrf24l01SetRXPipe     (abs)        00000
__size_of_nrf24l01SetTXPipe     (abs)        00000
__size_of_scale                 (abs)        00000
__size_of_setMessage            (abs)        00000
__size_of_sleep                 (abs)        00000
__size_of_sprintf               (abs)        00000
__size_of_strcat                (abs)        00000
__size_of_strcmp                (abs)        00000
__size_of_strcpy                (abs)        00000
__size_of_strlen                (abs)        00000
__size_ofi1_memset              (abs)        00000
__size_ofi1_nrf24l01Send        (abs)        00000
__tdiv_to_l_                    text22       0172C
__tdiv_to_l_@cntr               cstackBANK0  00032
__tdiv_to_l_@exp1               cstackBANK0  00033
__tdiv_to_l_@f1                 cstackBANK0  00024
__tdiv_to_l_@f2                 cstackBANK0  00027
__tdiv_to_l_@quot               cstackBANK0  0002E
_checkTXPower                   text38       01CA9
_counter                        bssBANK3     001A0
_dpowers                        stringtext1  01800
_enableInterrupts               text58       01C6C
_exception                      text61       00002
_fround                         text17       0053D
_fround$2111                    cstackBANK1  000B4
_fround$2112                    cstackBANK1  000B1
_getADCValue                    text33       015C4
_loop                           text10       00BDC
_loop$2109                      cstackBANK2  00126
_loop$2110                      cstackBANK2  00129
_main                           maintext     01522
_memset                         text31       01D95
_n_ADDRESS_MUL                  stringtext7  0188A
_n_ADDRESS_P0                   stringtext6  01898
_nrf24l01                       bssBANK0     0006B
_nrf24l01CEHigh                 text60       01C57
_nrf24l01CELow                  text59       01C5A
_nrf24l01CSHigh                 text57       01C5D
_nrf24l01CSLow                  text54       01C60
_nrf24l01ChangeTXPower          text40       0110E
_nrf24l01CheckACK               text49       01EBD
_nrf24l01GetPipe                text8        01F4C
_nrf24l01GetRXPacket            text39       01C63
_nrf24l01ISR                    text46       01317
_nrf24l01Init                   text2        01E46
_nrf24l01InitRegisters          text4        0085F
_nrf24l01InterfaceInit          text3        01CDB
_nrf24l01ReceivePacket          text47       011A7
_nrf24l01SPIEnd                 text56       01001
_nrf24l01SPISend                text55       01C81
_nrf24l01SPIStart               text53       007F8
_nrf24l01Send                   text41       01D73
_nrf24l01SendPacket             text32       0138E
_nrf24l01SetRXMode              text51       01FC3
_nrf24l01SetRXPipe              text7        01E21
_nrf24l01SetTXPipe              text5        0107E
_nrf24l01State                  bssCOMMON    0007C
_romData                        dataBANK1    000EC
_romDataMap                     bssBANK3     001C5
_scale                          text14       00D20
_scale$2113                     cstackBANK1  000B1
_setMessage                     text11       0115A
_sleep                          text34       01DFD
_sprintf                        text13       0002B
_sprintf$2114                   cstackBANK1  000CE
_strcat                         text12       01009
_strcmp                         text50       01EEC
_strcpy                         text1        01D52
_strlen                         text9        01E92
btemp                           (abs)        0007E
checkTXPower@rxPacket           cstackBANK0  0002C
clear_ram0                      clrtext      01C66
enableInterrupts@enable         cstackCOMMON 00070
end_of_initialization           cinit        00027
fround@prec                     cstackBANK1  000B7
getADCValue@adcLoop             cstackBANK0  0005E
getADCValue@adcSum              cstackBANK0  00060
getADCValue@channel             cstackBANK0  0005D
i1_memset                       text48       01D31
i1_nrf24l01Send                 text52       01CF7
i1memset@c                      cstackCOMMON 00070
i1memset@n                      cstackCOMMON 00072
i1memset@p                      cstackCOMMON 00076
i1memset@p1                     cstackCOMMON 00075
i1nrf24l01Send@command          cstackCOMMON 00073
i1nrf24l01Send@data             cstackCOMMON 00071
int$flags                       (abs)        0007E
intlevel0                       functab      00000
intlevel1                       functab      00000
intlevel2                       functab      00000
intlevel3                       functab      00000
intlevel4                       functab      00000
intlevel5                       functab      00000
loop@packet                     cstackBANK2  0012D
loop@rfSetup                    cstackBANK2  0012C
loop@ta                         cstackBANK2  00123
loop@vt                         cstackBANK2  00120
main@packet                     cstackBANK2  0014F
main@pipe                       cstackBANK2  0014E
memset@c                        cstackBANK0  00024
memset@n                        cstackBANK0  00026
memset@p                        cstackBANK0  00029
memset@p1                       cstackBANK0  0002A
nrf24l01@nrf24l01States         stringtext4  01876
nrf24l01ChangeTXPower@addPower  cstackBANK0  00027
nrf24l01ChangeTXPower@rfSetup   cstackBANK0  0002A
nrf24l01GetPipe@i               cstackBANK0  00030
nrf24l01GetPipe@name            cstackBANK0  0002F
nrf24l01GetPipe@pipe            cstackBANK0  0002E
nrf24l01ISR@status              cstackCOMMON 0007A
nrf24l01InitRegisters@DynPD     cstackBANK0  00033
nrf24l01InitRegisters@channel   cstackBANK0  0002D
nrf24l01InitRegisters@config    cstackBANK0  00034
nrf24l01InitRegisters@enAA      cstackBANK0  00032
nrf24l01InitRegisters@feature   cstackBANK0  0002F
nrf24l01InitRegisters@i         cstackBANK0  00035
nrf24l01InitRegisters@rfSetup   cstackBANK0  00030
nrf24l01InitRegisters@setupAW   cstackBANK0  0002E
nrf24l01InitRegisters@status    cstackBANK0  00031
nrf24l01ReceivePacket@i         cstackCOMMON 00079
nrf24l01ReceivePacket@width     cstackCOMMON 00078
nrf24l01SPISend@data            cstackCOMMON 00070
nrf24l01Send@command            cstackBANK0  00026
nrf24l01Send@data               cstackBANK0  00024
nrf24l01SendPacket@Packet       cstackBANK0  0002D
nrf24l01SendPacket@i            cstackBANK0  0002E
nrf24l01SetRXMode@config        cstackCOMMON 00075
nrf24l01SetRXMode@rxMode        cstackCOMMON 00076
nrf24l01SetRXPipe@enRXAddr      cstackBANK0  0002A
nrf24l01SetRXPipe@pipe          cstackBANK0  00029
nrf24l01SetTXPipe@pipe          cstackBANK0  0002A
reset_vec                       reset_vec    00000
scale@scl                       cstackBANK1  000B4
setMessage@packet               cstackBANK0  00069
setMessage@topic                cstackBANK1  000E5
setMessage@value                cstackBANK1  000E7
sleep@wdps                      cstackBANK0  00025
sprintf@ap                      cstackBANK1  000D1
sprintf@c                       cstackBANK1  000E4
sprintf@eexp                    cstackBANK1  000DA
sprintf@f                       cstackBANK1  000C3
sprintf@flag                    cstackBANK1  000D2
sprintf@fval                    cstackBANK1  000E1
sprintf@prec                    cstackBANK1  000D4
sprintf@sp                      cstackBANK1  000E0
sprintf@tmpval                  cstackBANK1  000DC
sprintf@val                     cstackBANK1  000D6
stackhi                         (abs)        023EF
stacklo                         (abs)        02131
start                           init         00013
start_initialization            cinit        00015
strcat@cp                       cstackBANK0  00028
strcat@from                     cstackBANK0  00024
strcat@to                       cstackBANK0  00027
strcmp@r                        cstackCOMMON 00073
strcmp@s1                       cstackCOMMON 00074
strcmp@s2                       cstackCOMMON 00070
strcpy@cp                       cstackBANK0  00028
strcpy@from                     cstackBANK0  00024
strcpy@to                       cstackBANK0  00027
strlen@cp                       cstackBANK0  0002A
strlen@s                        cstackBANK0  0002B
wtemp0                          (abs)        0007E


FUNCTION INFORMATION:

 *************** function _main *****************
 Defined at:
		line 191 in file "main.c"
 Parameters:    Size  Location     Type
		None
 Auto vars:     Size  Location     Type
  packet         33   47[BANK2 ] struct .
  pipe            1   46[BANK2 ] unsigned char 
 Return value:  Size  Location     Type
                  1    wreg      void 
 Registers used:
		wreg, fsr0l, fsr0h, fsr1l, fsr1h, status,2, status,0, pclath, cstack
 Tracked objects:
		On entry : 
		On exit  : 
		Unchanged: 
 Data sizes:     COMMON   BANK0   BANK1   BANK2   BANK3   BANK4   BANK5   BANK6   BANK7   BANK8   BANK9  BANK10  BANK11  BANK12
      Params:         0       0       0       0       0       0       0       0       0       0       0       0       0       0
      Locals:         0       0       0      34       0       0       0       0       0       0       0       0       0       0
      Temps:          0       0       1       0       0       0       0       0       0       0       0       0       0       0
      Totals:         0       0       1      34       0       0       0       0       0       0       0       0       0       0
Total ram usage:       35 bytes
 Hardware stack levels required when called:   13
 This function calls:
		___lwtoft
		_loop
		_nrf24l01GetPipe
		_nrf24l01Init
		_nrf24l01SendPacket
		_nrf24l01SetRXPipe
		_nrf24l01SetTXPipe
		_setMessage
		_sleep
		_strcpy
 This function is called by:
		Startup code after reset
 This function uses a non-reentrant model


 *************** function _strcpy *****************
 Defined at:
		line 8 in file "C:\Program Files (x86)\Microchip\xc8\v2.00\pic\sources\c90\common\strcpy.c"
 Parameters:    Size  Location     Type
  to              1    wreg     PTR unsigned char 
		 -> romDataMap(28), 
  from            2    4[BANK0 ] PTR const unsigned char 
		 -> STR_8(4), 
 Auto vars:     Size  Location     Type
  to              1    7[BANK0 ] PTR unsigned char 
		 -> romDataMap(28), 
  cp              1    8[BANK0 ] PTR unsigned char 
		 -> romDataMap(28), 
 Return value:  Size  Location     Type
                  1    wreg      PTR unsigned char 
 Registers used:
		wreg, fsr0l, fsr0h, fsr1l, fsr1h, status,2, status,0, pclath
 Tracked objects:
		On entry : 
		On exit  : 
		Unchanged: 
 Data sizes:     COMMON   BANK0   BANK1   BANK2   BANK3   BANK4   BANK5   BANK6   BANK7   BANK8   BANK9  BANK10  BANK11  BANK12
      Params:         0       2       0       0       0       0       0       0       0       0       0       0       0       0
      Locals:         0       2       0       0       0       0       0       0       0       0       0       0       0       0
      Temps:          0       1       0       0       0       0       0       0       0       0       0       0       0       0
      Totals:         0       5       0       0       0       0       0       0       0       0       0       0       0       0
Total ram usage:        5 bytes
 Hardware stack levels used:    1
 Hardware stack levels required when called:    7
 This function calls:
		Nothing
 This function is called by:
		_main
 This function uses a non-reentrant model


 *************** function _nrf24l01Init *****************
 Defined at:
		line 483 in file "nrf24l01.c"
 Parameters:    Size  Location     Type
		None
 Auto vars:     Size  Location     Type
		None
 Return value:  Size  Location     Type
                  1    wreg      void 
 Registers used:
		wreg, fsr0l, fsr0h, status,2, status,0, pclath, cstack
 Tracked objects:
		On entry : 
		On exit  : 
		Unchanged: 
 Data sizes:     COMMON   BANK0   BANK1   BANK2   BANK3   BANK4   BANK5   BANK6   BANK7   BANK8   BANK9  BANK10  BANK11  BANK12
      Params:         0       0       0       0       0       0       0       0       0       0       0       0       0       0
      Locals:         0       0       0       0       0       0       0       0       0       0       0       0       0       0
      Temps:          0       2       0       0       0       0       0       0       0       0       0       0       0       0
      Totals:         0       2       0       0       0       0       0       0       0       0       0       0       0       0
Total ram usage:        2 bytes
 Hardware stack levels used:    1
 Hardware stack levels required when called:   12
 This function calls:
		_nrf24l01CEHigh
		_nrf24l01CELow
		_nrf24l01InitRegisters
		_nrf24l01InterfaceInit
 This function is called by:
		_main
 This function uses a non-reentrant model


 *************** function _nrf24l01InterfaceInit *****************
 Defined at:
		line 27 in file "interface.c"
 Parameters:    Size  Location     Type
		None
 Auto vars:     Size  Location     Type
		None
 Return value:  Size  Location     Type
                  1    wreg      void 
 Registers used:
		wreg, status,2, status,0
 Tracked objects:
		On entry : 
		On exit  : 
		Unchanged: 
 Data sizes:     COMMON   BANK0   BANK1   BANK2   BANK3   BANK4   BANK5   BANK6   BANK7   BANK8   BANK9  BANK10  BANK11  BANK12
      Params:         0       0       0       0       0       0       0       0       0       0       0       0       0       0
      Locals:         0       0       0       0       0       0       0       0       0       0       0       0       0       0
      Temps:          0       0       0       0       0       0       0       0       0       0       0       0       0       0
      Totals:         0       0       0       0       0       0       0       0       0       0       0       0       0       0
Total ram usage:        0 bytes
 Hardware stack levels used:    1
 Hardware stack levels required when called:    7
 This function calls:
		Nothing
 This function is called by:
		_nrf24l01Init
 This function uses a non-reentrant model


 *************** function _nrf24l01InitRegisters *****************
 Defined at:
		line 255 in file "nrf24l01.c"
 Parameters:    Size  Location     Type
		None
 Auto vars:     Size  Location     Type
  i               2   21[BANK0 ] unsigned int 
  config          1   20[BANK0 ] struct .
  DynPD           1   19[BANK0 ] struct .
  enAA            1   18[BANK0 ] struct .
  status          1   17[BANK0 ] struct .
  rfSetup         1   16[BANK0 ] struct .
  feature         1   15[BANK0 ] struct .
  setupAW         1   14[BANK0 ] struct .
  channel         1   13[BANK0 ] struct .
 Return value:  Size  Location     Type
                  1    wreg      void 
 Registers used:
		wreg, fsr0l, fsr0h, status,2, status,0, pclath, cstack
 Tracked objects:
		On entry : 
		On exit  : 
		Unchanged: 
 Data sizes:     COMMON   BANK0   BANK1   BANK2   BANK3   BANK4   BANK5   BANK6   BANK7   BANK8   BANK9  BANK10  BANK11  BANK12
      Params:         0       0       0       0       0       0       0       0       0       0       0       0       0       0
      Locals:         0      10       0       0       0       0       0       0       0       0       0       0       0       0
      Temps:          0       2       0       0       0       0       0       0       0       0       0       0       0       0
      Totals:         0      12       0       0       0       0       0       0       0       0       0       0       0       0
Total ram usage:       12 bytes
 Hardware stack levels used:    1
 Hardware stack levels required when called:   11
 This function calls:
		___bmul
		_nrf24l01SPIEnd
		_nrf24l01SPISend
		_nrf24l01SPIStart
		_nrf24l01Send
		_nrf24l01SetRXPipe
		_nrf24l01SetTXPipe
 This function is called by:
		_nrf24l01Init
 This function uses a non-reentrant model


 *************** function _nrf24l01SetTXPipe *****************
 Defined at:
		line 221 in file "nrf24l01.c"
 Parameters:    Size  Location     Type
  pipe            1    wreg     unsigned char 
 Auto vars:     Size  Location     Type
  pipe            1   10[BANK0 ] unsigned char 
 Return value:  Size  Location     Type
                  1    wreg      void 
 Registers used:
		wreg, fsr0l, fsr0h, status,2, status,0, pclath, cstack
 Tracked objects:
		On entry : 
[...]
 Data sizes:     COMMON   BANK0   BANK1   BANK2   BANK3   BANK4   BANK5   BANK6   BANK7   BANK8   BANK9  BANK10  BANK11  BANK12
      Params:         0       0       0       0       0       0       0       0       0       0       0       0       0       0
      Locals:         0       0       0       0       0       0       0       0       0       0       0       0       0       0
      Temps:          0       0       0       0       0       0       0       0       0       0       0       0       0       0
      Totals:         0       0       0       0       0       0       0       0       0       0       0       0       0       0
Total ram usage:        0 bytes
 Hardware stack levels used:    1
 Hardware stack levels required when called:    8
 This function calls:
		_nrf24l01CSLow
 This function is called by:
		_nrf24l01Send
		_nrf24l01ReceivePacket
		_nrf24l01SetTXPipe
		_nrf24l01InitRegisters
		i1_nrf24l01Send
		_nrf24l01Service
 This function uses a non-reentrant model


 *************** function _nrf24l01CSLow *****************
 Defined at:
		line 17 in file "interface.c"
 Parameters:    Size  Location     Type
		None
 Auto vars:     Size  Location     Type
		None
 Return value:  Size  Location     Type
                  1    wreg      void 
 Registers used:
		None
 Tracked objects:
		On entry : 
		On exit  : 
		Unchanged: 
 Data sizes:     COMMON   BANK0   BANK1   BANK2   BANK3   BANK4   BANK5   BANK6   BANK7   BANK8   BANK9  BANK10  BANK11  BANK12
      Params:         0       0       0       0       0       0       0       0       0       0       0       0       0       0
      Locals:         0       0       0       0       0       0       0       0       0       0       0       0       0       0
      Temps:          0       0       0       0       0       0       0       0       0       0       0       0       0       0
      Totals:         0       0       0       0       0       0       0       0       0       0       0       0       0       0
Total ram usage:        0 bytes
 Hardware stack levels used:    1
 Hardware stack levels required when called:    7
 This function calls:
		Nothing
 This function is called by:
		_nrf24l01SPIStart
 This function uses a non-reentrant model


 *************** function _nrf24l01SPISend *****************
 Defined at:
		line 51 in file "interface.c"
 Parameters:    Size  Location     Type
  data            1    wreg     unsigned char 
 Auto vars:     Size  Location     Type
  data            1    0[COMMON] unsigned char 
 Return value:  Size  Location     Type
                  1    wreg      unsigned char 
 Registers used:
		wreg
 Tracked objects:
		On entry : 
		On exit  : 
		Unchanged: 
 Data sizes:     COMMON   BANK0   BANK1   BANK2   BANK3   BANK4   BANK5   BANK6   BANK7   BANK8   BANK9  BANK10  BANK11  BANK12
      Params:         0       0       0       0       0       0       0       0       0       0       0       0       0       0
      Locals:         0       0       0       0       0       0       0       0       0       0       0       0       0       0
      Temps:          0       0       0       0       0       0       0       0       0       0       0       0       0       0
      Totals:         0       0       0       0       0       0       0       0       0       0       0       0       0       0
Total ram usage:        0 bytes
 Hardware stack levels used:    1
 Hardware stack levels required when called:    7
 This function calls:
		Nothing
 This function is called by:
		_nrf24l01Send
		_nrf24l01ReceivePacket
		_nrf24l01SetTXPipe
		_nrf24l01InitRegisters
		i1_nrf24l01Send
		_nrf24l01Service
 This function uses a non-reentrant model


 *************** function _nrf24l01SPIEnd *****************
 Defined at:
		line 70 in file "interface.c"
 Parameters:    Size  Location     Type
		None
 Auto vars:     Size  Location     Type
		None
 Return value:  Size  Location     Type
                  1    wreg      void 
 Registers used:
		wreg, status,2, status,0, pclath, cstack
 Tracked objects:
		On entry : 
		On exit  : 
		Unchanged: 
 Data sizes:     COMMON   BANK0   BANK1   BANK2   BANK3   BANK4   BANK5   BANK6   BANK7   BANK8   BANK9  BANK10  BANK11  BANK12
      Params:         0       0       0       0       0       0       0       0       0       0       0       0       0       0
      Locals:         0       0       0       0       0       0       0       0       0       0       0       0       0       0
      Temps:          0       0       0       0       0       0       0       0       0       0       0       0       0       0
      Totals:         0       0       0       0       0       0       0       0       0       0       0       0       0       0
Total ram usage:        0 bytes
 Hardware stack levels used:    1
 Hardware stack levels required when called:    8
 This function calls:
		_nrf24l01CSHigh
 This function is called by:
		_nrf24l01Send
		_nrf24l01ReceivePacket
		_nrf24l01SetTXPipe
		_nrf24l01InitRegisters
		i1_nrf24l01Send
		_nrf24l01Service
 This function uses a non-reentrant model


 *************** function _nrf24l01CSHigh *****************
 Defined at:
		line 22 in file "interface.c"
 Parameters:    Size  Location     Type
		None
 Auto vars:     Size  Location     Type
		None
 Return value:  Size  Location     Type
                  1    wreg      void 
 Registers used:
		None
 Tracked objects:
		On entry : 
		On exit  : 
		Unchanged: 
 Data sizes:     COMMON   BANK0   BANK1   BANK2   BANK3   BANK4   BANK5   BANK6   BANK7   BANK8   BANK9  BANK10  BANK11  BANK12
      Params:         0       0       0       0       0       0       0       0       0       0       0       0       0       0
      Locals:         0       0       0       0       0       0       0       0       0       0       0       0       0       0
      Temps:          0       0       0       0       0       0       0       0       0       0       0       0       0       0
      Totals:         0       0       0       0       0       0       0       0       0       0       0       0       0       0
Total ram usage:        0 bytes
 Hardware stack levels used:    1
 Hardware stack levels required when called:    7
 This function calls:
		Nothing
 This function is called by:
		_nrf24l01SPIEnd
 This function uses a non-reentrant model


 *************** function _enableInterrupts *****************
 Defined at:
		line 76 in file "interface.c"
 Parameters:    Size  Location     Type
  enable          1    wreg     unsigned char 
 Auto vars:     Size  Location     Type
  enable          1    0[COMMON] unsigned char 
 Return value:  Size  Location     Type
                  1    wreg      void 
 Registers used:
		wreg, status,0
 Tracked objects:
		On entry : 
		On exit  : 
		Unchanged: 
 Data sizes:     COMMON   BANK0   BANK1   BANK2   BANK3   BANK4   BANK5   BANK6   BANK7   BANK8   BANK9  BANK10  BANK11  BANK12
      Params:         0       0       0       0       0       0       0       0       0       0       0       0       0       0
      Locals:         0       0       0       0       0       0       0       0       0       0       0       0       0       0
      Temps:          0       0       0       0       0       0       0       0       0       0       0       0       0       0
      Totals:         0       0       0       0       0       0       0       0       0       0       0       0       0       0
Total ram usage:        0 bytes
 Hardware stack levels used:    1
 Hardware stack levels required when called:    7
 This function calls:
		Nothing
 This function is called by:
		_nrf24l01Send
		_nrf24l01SendPacket
		i1_nrf24l01Send
		_nrf24l01Service
 This function uses a non-reentrant model


 *************** function _nrf24l01CELow *****************
 Defined at:
		line 7 in file "interface.c"
 Parameters:    Size  Location     Type
		None
 Auto vars:     Size  Location     Type
		None
 Return value:  Size  Location     Type
                  1    wreg      void 
 Registers used:
		None
 Tracked objects:
		On entry : 
		On exit  : 
		Unchanged: 
 Data sizes:     COMMON   BANK0   BANK1   BANK2   BANK3   BANK4   BANK5   BANK6   BANK7   BANK8   BANK9  BANK10  BANK11  BANK12
      Params:         0       0       0       0       0       0       0       0       0       0       0       0       0       0
      Locals:         0       0       0       0       0       0       0       0       0       0       0       0       0       0
      Temps:          0       0       0       0       0       0       0       0       0       0       0       0       0       0
      Totals:         0       0       0       0       0       0       0       0       0       0       0       0       0       0
Total ram usage:        0 bytes
 Hardware stack levels used:    1
 Hardware stack levels required when called:    7
 This function calls:
		Nothing
 This function is called by:
		_nrf24l01SetRXMode
		_nrf24l01ReceivePacket
		_nrf24l01Init
		_nrf24l01Service
 This function uses a non-reentrant model


 *************** function _nrf24l01CEHigh *****************
 Defined at:
		line 12 in file "interface.c"
 Parameters:    Size  Location     Type
		None
 Auto vars:     Size  Location     Type
		None
 Return value:  Size  Location     Type
                  1    wreg      void 
 Registers used:
		None
 Tracked objects:
		On entry : 
		On exit  : 
		Unchanged: 
 Data sizes:     COMMON   BANK0   BANK1   BANK2   BANK3   BANK4   BANK5   BANK6   BANK7   BANK8   BANK9  BANK10  BANK11  BANK12
      Params:         0       0       0       0       0       0       0       0       0       0       0       0       0       0
      Locals:         0       0       0       0       0       0       0       0       0       0       0       0       0       0
      Temps:          0       0       0       0       0       0       0       0       0       0       0       0       0       0
      Totals:         0       0       0       0       0       0       0       0       0       0       0       0       0       0
Total ram usage:        0 bytes
 Hardware stack levels used:    1
 Hardware stack levels required when called:    7
 This function calls:
		Nothing
 This function is called by:
		_nrf24l01SetRXMode
		_nrf24l01ReceivePacket
		_nrf24l01Init
		_nrf24l01Service
 This function uses a non-reentrant model


 *************** function _exception *****************
 Defined at:
		line 80 in file "interface.c"
 Parameters:    Size  Location     Type
  exception       1    wreg     unsigned char 
 Auto vars:     Size  Location     Type
  exception       1    0[COMMON] unsigned char 
 Return value:  Size  Location     Type
                  1    wreg      void 
 Registers used:
		wreg
 Tracked objects:
		On entry : 
		On exit  : 
		Unchanged: 
 Data sizes:     COMMON   BANK0   BANK1   BANK2   BANK3   BANK4   BANK5   BANK6   BANK7   BANK8   BANK9  BANK10  BANK11  BANK12
      Params:         0       0       0       0       0       0       0       0       0       0       0       0       0       0
      Locals:         0       0       0       0       0       0       0       0       0       0       0       0       0       0
      Temps:          0       0       0       0       0       0       0       0       0       0       0       0       0       0
      Totals:         0       0       0       0       0       0       0       0       0       0       0       0       0       0
Total ram usage:        0 bytes
 Hardware stack levels used:    1
 This function calls:
		Nothing
 This function is called by:
		_nrf24l01ISR
 This function uses a non-reentrant model



MODULE INFORMATION

Module		Function		Class		Link	Load	Size
C:\Program Files (x86)\Microchip\xc8\v2.00\pic\sources\c90\common\ftneg.c
		___ftneg       		CODE           	1C74	0000	14

C:\Program Files (x86)\Microchip\xc8\v2.00\pic\sources\c90\common\ftneg.c estimated size: 14

C:\Program Files (x86)\Microchip\xc8\v2.00\pic\sources\c90\common\ftsub.c
		___ftsub       		CODE           	1DB7	0000	36

C:\Program Files (x86)\Microchip\xc8\v2.00\pic\sources\c90\common\ftsub.c estimated size: 36

C:\Program Files (x86)\Microchip\xc8\v2.00\pic\sources\c90\common\float.c
		___ftpack      		CODE           	1406	0000	126

C:\Program Files (x86)\Microchip\xc8\v2.00\pic\sources\c90\common\float.c estimated size: 126

C:\Program Files (x86)\Microchip\xc8\v2.00\pic\sources\c90\common\lwmod.c
		___lwmod       		CODE           	1F87	0000	61

C:\Program Files (x86)\Microchip\xc8\v2.00\pic\sources\c90\common\lwmod.c estimated size: 61

C:\Program Files (x86)\Microchip\xc8\v2.00\pic\sources\c90\common\awmod.c
		___awmod       		CODE           	0801	0000	95

C:\Program Files (x86)\Microchip\xc8\v2.00\pic\sources\c90\common\awmod.c estimated size: 95

C:\Program Files (x86)\Microchip\xc8\v2.00\pic\sources\c90\common\doprnt.c
		_scale         		CODE           	0D20	0000	737
		_sprintf       		CODE           	002B	0000	1299
		_fround        		CODE           	053D	0000	445

C:\Program Files (x86)\Microchip\xc8\v2.00\pic\sources\c90\common\doprnt.c estimated size: 2481

C:\Program Files (x86)\Microchip\xc8\v2.00\pic\sources\c90\common\llmod.c
		___llmod       		CODE           	11F9	0000	83

C:\Program Files (x86)\Microchip\xc8\v2.00\pic\sources\c90\common\llmod.c estimated size: 83

C:\Program Files (x86)\Microchip\xc8\v2.00\pic\sources\c90\common\ftdivl.c
		__tdiv_to_l_   		CODE           	172C	0000	213

C:\Program Files (x86)\Microchip\xc8\v2.00\pic\sources\c90\common\ftdivl.c estimated size: 213

C:\Program Files (x86)\Microchip\xc8\v2.00\pic\sources\c90\common\Umul16.c
		___wmul        		CODE           	1DDA	0000	36

C:\Program Files (x86)\Microchip\xc8\v2.00\pic\sources\c90\common\Umul16.c estimated size: 36

C:\Program Files (x86)\Microchip\xc8\v2.00\pic\sources\c90\common\ftmul.c
		___ftmul       		CODE           	06F9	0000	256

C:\Program Files (x86)\Microchip\xc8\v2.00\pic\sources\c90\common\ftmul.c estimated size: 256

C:\Program Files (x86)\Microchip\xc8\v2.00\pic\sources\c90\common\ftdiv.c
		___ftdiv       		CODE           	1674	0000	185

C:\Program Files (x86)\Microchip\xc8\v2.00\pic\sources\c90\common\ftdiv.c estimated size: 185

C:\Program Files (x86)\Microchip\xc8\v2.00\pic\sources\c90\common\__lldiv.c
		___lldiv       		CODE           	124B	0000	99

C:\Program Files (x86)\Microchip\xc8\v2.00\pic\sources\c90\common\__lldiv.c estimated size: 99

C:\Program Files (x86)\Microchip\xc8\v2.00\pic\sources\c90\common\lwdiv.c
		___lwdiv       		CODE           	103A	0000	69

C:\Program Files (x86)\Microchip\xc8\v2.00\pic\sources\c90\common\lwdiv.c estimated size: 69

C:\Program Files (x86)\Microchip\xc8\v2.00\pic\sources\c90\common\awdiv.c
		___awdiv       		CODE           	12AD	0000	107

C:\Program Files (x86)\Microchip\xc8\v2.00\pic\sources\c90\common\awdiv.c estimated size: 107

C:\Program Files (x86)\Microchip\xc8\v2.00\pic\sources\c90\common\fldivl.c
		__div_to_l_    		CODE           	0AA1	0000	316

C:\Program Files (x86)\Microchip\xc8\v2.00\pic\sources\c90\common\fldivl.c estimated size: 316

C:\Program Files (x86)\Microchip\xc8\v2.00\pic\sources\c90\common\Umul8.c
		___bmul        		CODE           	1CC1	0000	27

C:\Program Files (x86)\Microchip\xc8\v2.00\pic\sources\c90\common\Umul8.c estimated size: 27

C:\Program Files (x86)\Microchip\xc8\v2.00\pic\sources\c90\common\strcat.c
		_strcat        		CODE           	1009	0000	50

C:\Program Files (x86)\Microchip\xc8\v2.00\pic\sources\c90\common\strcat.c estimated size: 50

shared
		i1_nrf24l01Send		CODE           	1CF7	0000	30
		nrf24l01@nrf24l01States		STRCODE        	1876	0000	11
		__powers_      		STRCODE        	1828	0000	40
		_dpowers       		STRCODE        	1800	0000	41
		_n_ADDRESS_P0  		STRCODE        	1898	0000	6
		_n_ADDRESS_MUL 		STRCODE        	188A	0000	2
		__npowers_     		STRCODE        	184F	0000	40
		__initialization		CODE           	0015	0000	19
		_nrf24l01States		STRCODE        	0000	0000	0
		i1_memset      		CODE           	1D31	0000	34

shared estimated size: 223

interface.c
		_nrf24l01SPISend		CODE           	1C81	0000	18
		_exception     		CODE           	0002	0000	3
		_nrf24l01CELow 		CODE           	1C5A	0000	4
		_nrf24l01CSLow 		CODE           	1C60	0000	4
		_nrf24l01SPIStart		CODE           	07F8	0000	9
		_nrf24l01SPIEnd		CODE           	1001	0000	9
		_nrf24l01CEHigh		CODE           	1C57	0000	4
		_nrf24l01CSHigh		CODE           	1C5D	0000	4
		_enableInterrupts		CODE           	1C6C	0000	9
		_nrf24l01InterfaceInit		CODE           	1CDB	0000	29

interface.c estimated size: 93

C:\Program Files (x86)\Microchip\xc8\v2.00\pic\sources\c90\common\fttol.c
		___fttol       		CODE           	1483	0000	160

C:\Program Files (x86)\Microchip\xc8\v2.00\pic\sources\c90\common\fttol.c estimated size: 160

C:\Program Files (x86)\Microchip\xc8\v2.00\pic\sources\c90\common\strlen.c
		_strlen        		CODE           	1E92	0000	44

C:\Program Files (x86)\Microchip\xc8\v2.00\pic\sources\c90\common\strlen.c estimated size: 44

C:\Program Files (x86)\Microchip\xc8\v2.00\pic\sources\c90\common\ftge.c
		___ftge        		CODE           	10C3	0000	76

C:\Program Files (x86)\Microchip\xc8\v2.00\pic\sources\c90\common\ftge.c estimated size: 76

C:\Program Files (x86)\Microchip\xc8\v2.00\pic\sources\c90\common\ftadd.c
		___ftadd       		CODE           	0970	0000	306

C:\Program Files (x86)\Microchip\xc8\v2.00\pic\sources\c90\common\ftadd.c estimated size: 306

C:\Program Files (x86)\Microchip\xc8\v2.00\pic\sources\c90\common\strcmp.c
		_strcmp        		CODE           	1EEC	0000	49

C:\Program Files (x86)\Microchip\xc8\v2.00\pic\sources\c90\common\strcmp.c estimated size: 49

C:\Program Files (x86)\Microchip\xc8\v2.00\pic\sources\c90\common\awtoft.c
		___awtoft      		CODE           	1E6B	0000	40

C:\Program Files (x86)\Microchip\xc8\v2.00\pic\sources\c90\common\awtoft.c estimated size: 40

C:\Program Files (x86)\Microchip\xc8\v2.00\pic\sources\c90\common\strcpy.c
		_strcpy        		CODE           	1D52	0000	34

C:\Program Files (x86)\Microchip\xc8\v2.00\pic\sources\c90\common\strcpy.c estimated size: 34

nrf24l01.c
		_nrf24l01ChangeTXPower		CODE           	110E	0000	77
		_nrf24l01SendPacket		CODE           	138E	0000	121
		_nrf24l01InitRegisters		CODE           	085F	0000	274
		_nrf24l01CheckACK		CODE           	1EBD	0000	48
		_nrf24l01ISR   		CODE           	1317	0000	120
		_nrf24l01Send  		CODE           	1D73	0000	35
		_nrf24l01Init  		CODE           	1E46	0000	38
		_nrf24l01SetRXMode		CODE           	1FC3	0000	62
		_nrf24l01SetRXPipe		CODE           	1E21	0000	38
		_nrf24l01SetTXPipe		CODE           	107E	0000	70
		_nrf24l01GetRXPacket		CODE           	1C63	0000	4
		_nrf24l01ReceivePacket		CODE           	11A7	0000	83

nrf24l01.c estimated size: 970

C:\Program Files (x86)\Microchip\xc8\v2.00\pic\sources\c90\common\lbtoft.c
		___lbtoft      		CODE           	1D14	0000	30

C:\Program Files (x86)\Microchip\xc8\v2.00\pic\sources\c90\common\lbtoft.c estimated size: 30

C:\Program Files (x86)\Microchip\xc8\v2.00\pic\sources\c90\common\memset.c
		_memset        		CODE           	1D95	0000	35

C:\Program Files (x86)\Microchip\xc8\v2.00\pic\sources\c90\common\memset.c estimated size: 35

main.c
		_loop          		CODE           	0BDC	0000	325
		_nrf24l01GetPipe		CODE           	1F4C	0000	60
		_checkTXPower  		CODE           	1CA9	0000	25
		_setMessage    		CODE           	115A	0000	78
		_ISR           		CODE           	0004	0000	16
		_main          		CODE           	1522	0000	163
		_getADCValue   		CODE           	15C4	0000	177
		_sleep         		CODE           	1DFD	0000	37

main.c estimated size: 881

C:\Program Files (x86)\Microchip\xc8\v2.00\pic\sources\c90\common\lwtoft.c
		___lwtoft      		CODE           	1C92	0000	24

C:\Program Files (x86)\Microchip\xc8\v2.00\pic\sources\c90\common\lwtoft.c estimated size: 24

C:\Program Files (x86)\Microchip\xc8\v2.00\pic\sources\c90\common\lltoft.c
		___lltoft      		CODE           	1F1C	0000	49

C:\Program Files (x86)\Microchip\xc8\v2.00\pic\sources\c90\common\lltoft.c estimated size: 49

