Microchip MPLAB XC8 Compiler V2.00 ()

Linker command line:

-W-3 --edf=C:\Program Files (x86)\Microchip\xc8\v2.00\pic\dat\en_msgs.txt \
  -cs -h+dist/default/production\nRF24L01__PIC16LF1825.X.X.production.sym \
  --cmf=dist/default/production\nRF24L01__PIC16LF1825.X.X.production.cmf -z \
  -Q16LF18325 -oC:\Users\Leon\AppData\Local\Temp\s89c.2 \
  --defsym=__MPLAB_BUILD=1 \
  -Mdist/default/production/nRF24L01__PIC16LF1825.X.X.production.map -E1 \
  -ver=XC8 -ASTACK=02160h-023efh -pstack=STACK -p_romArray_text=1FE0h \
  -ACODE=00h-07FFhx4 -ASTRCODE=00h-01FFFh -ASTRING=00h-0FFhx32 \
  -ACONST=00h-0FFhx32 -AENTRY=00h-0FFhx32 -ACOMMON=070h-07Fh \
  -ABANK0=020h-06Fh -ABANK1=0A0h-0EFh -ABANK2=0120h-016Fh \
  -ABANK3=01A0h-01EFh -ABANK4=0220h-026Fh -ABANK5=02A0h-02EFh \
  -ABANK6=0320h-036Fh -ABANK7=03A0h-03EFh -ABANK8=0420h-046Fh \
  -ABANK9=04A0h-04EFh -ABANK10=0520h-056Fh -ABANK11=05A0h-05EFh \
  -ABANK12=0620h-064Fh -ABIGRAM=02000h-023EFh \
  -ARAM=020h-06Fh,0A0h-0EFh,0120h-016Fh,01A0h-01EFh,0220h-026Fh,02A0h-02EFh,0320h-036Fh,03A0h-03EFh,0420h-046Fh,04A0h-04EFh,0520h-056Fh,05A0h-05EFh,0620h-064Fh \
  -AABS1=020h-07Fh,0A0h-0EFh,0120h-016Fh,01A0h-01EFh,0220h-026Fh,02A0h-02EFh,0320h-036Fh,03A0h-03EFh,0420h-046Fh,04A0h-04EFh,0520h-056Fh,05A0h-05EFh,0620h-064Fh \
  -ASFR0=00h-01Fh -ASFR1=080h-09Fh -ASFR2=0100h-011Fh -ASFR3=0180h-019Fh \
  -ASFR4=0200h-021Fh -ASFR5=0280h-029Fh -ASFR6=0300h-031Fh \
  -ASFR7=0380h-039Fh -ASFR8=0400h-041Fh -ASFR9=0480h-049Fh \
  -ASFR10=0500h-051Fh -ASFR11=0580h-059Fh -ASFR12=0600h-061Fh \
  -ASFR13=0680h-06EFh -ASFR14=0700h-076Fh -ASFR15=0780h-07EFh \
  -ASFR16=0800h-086Fh -ASFR17=0880h-08EFh -ASFR18=0900h-096Fh \
  -ASFR19=0980h-09EFh -ASFR20=0A00h-0A6Fh -ASFR21=0A80h-0AEFh \
  -ASFR22=0B00h-0B6Fh -ASFR23=0B80h-0BEFh -ASFR24=0C00h-0C6Fh \
  -ASFR25=0C80h-0CEFh -ASFR26=0D00h-0D6Fh -ASFR27=0D80h-0DEFh \
  -ASFR28=0E00h-0E6Fh -ASFR29=0E80h-0EEFh -ASFR30=0F00h-0F6Fh \
  -ASFR31=0F80h-0FEFh -preset_vec=00h,intentry=04h,init,end_init \
  -ppowerup=CODE -pcinit=CODE -pfunctab=ENTRY -ACONFIG=08007h-0800Ah \
  -pconfig=CONFIG -DCONFIG=2 -AIDLOC=08000h-08003h -pidloc=IDLOC -DIDLOC=2 \
  -AEEDATA=00h-0FFh/0F000h -peeprom_data=EEDATA -DEEDATA=2 -DCODE=2 \
  -DSTRCODE=2 -DSTRING=2 -DCONST=2 -DENTRY=2 -k \
  C:\Users\Leon\AppData\Local\Temp\s89c.o \
  dist/default/production\nRF24L01__PIC16LF1825.X.X.production.o 

Object code version is 3.11

Machine type is 16LF18325



                Name                               Link     Load   Length Selector   Space Scale
C:\Users\Leon\AppData\Local\Temp\s89c.o
                end_init                              F        F        2        8       0
                reset_vec                             0        0        2        0       0
                config                             8007     8007        4    1000E       0
dist/default/production\nRF24L01__PIC16LF1825.X.X.production.o
                cinit                                11       11       25        8       0
                intentry                              4        4        B        8       0
                text61                              A0A      A0A       30     1414       0
                text60                              8B0      8B0       21     1160       0
                text59                             1777     1777       1B     2EEE       0
                text58                             172E     172E       18     2E5C       0
                text57                              93A      93A       27     1274       0
                text56                             16BA     16BA        3     2D74       0
                text55                             16BD     16BD        3     2D7A       0
                text54                             16D3     16D3        8     2DA6       0
                text53                             16C0     16C0        3     2D80       0
                text52                             16CC     16CC        7     2D98       0
                text51                             16EC     16EC        D     2DD8       0
                text50                             16C3     16C3        3     2D86       0
                text49                             16DB     16DB        8     2DB6       0
                text48                             1792     1792       1B     2F24       0
                text47                              A6C      A6C       37     14D8       0
                text46                              9B2      9B2       2B     1364       0
                text45                             1746     1746       18     2E8C       0
                text44                              C18      C18       4D     1830       0
                text43                              C65      C65       4F     18CA       0
                text41                              D07      D07       65     1A0E       0
                text40                              802      802       15     1004       0
                text39                              A3A      A3A       32     1474       0
                text38                              870      870       20     10E0       0
                text37                              890      890       20     1120       0
                text36                              B52      B52       3F     16A4       0
                text35                              7FE      7FE        2        8       0
                text34                             171A     171A       14     2E34       0
                text33                              8F2      8F2       22     11E4       0
                text32                              430      430       F6        8       0
                text31                              F57      F57       A9     1EAE       0
                text30                             17AD     17AD       1B     2F5A       0
                text29                              E0D      E0D       A5     1C1A       0
                text28                              ADB      ADB       3B     15B6       0
                text27                              851      851       1F     10A2       0
                text26                              618      618       C9        8       0
                text25                              B16      B16       3C     162C       0
                text24                              6E1      6E1       B4        8       0
                text23                             16E3     16E3        9     2DC6       0
                text22                              833      833       1E     1066       0
                text21                              EB2      EB2       A5     1D64       0
                text20                              988      988       2A     1310       0
                text19                              CB4      CB4       53     1968       0
                text18                              B91      B91       43     1722       0
                text17                             17C8     17C8       1C     2F90       0
                text16                             16F9     16F9        F     2DF2       0
                text15                               36       36      1CD        8       0
                text14                              526      526       F2        8       0
                text13                             175E     175E       19     2EBC       0
                text12                              961      961       27     12C2       0
                text11                              795      795       69        8       0
                text10                              203      203      127        8       0
                text9                               9DD      9DD       2D     13BA       0
                text8                               AA3      AA3       38     1546       0
                text7                               8D1      8D1       21     11A2       0
                text6                              1708     1708       12     2E10       0
                text5                               BD4      BD4       44     17A8       0
                text4                               32A      32A      106        8       0
                text3                              17E4     17E4       1C     2FC8       0
                text2                               914      914       26     1228       0
                text1                               817      817       1C     102E       0
                maintext                            D6C      D6C       A1     1AD8       0
                cstackBANK0                          20       20       4E       20       1
                cstackCOMMON                         70       70        E       70       1
                cstackBANK1                          A0       A0       49       A0       1
                cstackBANK2                         120      120       2D      120       1
                clrtext                            16C6     16C6        6     2D8C       0
                bssBANK4                            220      220       20      220       1
                bssBANK3                            1A0      1A0       32      1A0       1
                bssBANK2                            14D      14D       13      120       1
                bssBANK1                             E9       E9        7       A0       1
                bssBANK0                             6E       6E        1       20       1
                stringtext11                       183C     183C        2     3000       0
                stringtext10                       1838     1838        4     3000       0
                stringtext9                        1833     1833        5     3000       0
                stringtext8                        182E     182E        5     3000       0
                stringtext7                        1829     1829        5     3000       0
                stringtext6                        181E     181E        6     3000       0
                stringtext5                        1813     1813        B     3000       0
                _romArray_text                     1FE0     1FE0       20     3FC0       0
                stringtext4                        183E     183E        1     3000       0
                stringtext3                        1824     1824        5     3000       0
                stringtext2                        1800     1800       13     3000       0
                stringtext1                        1000     1000       28     2000       0

TOTAL           Name                               Link     Load   Length     Space
        CLASS   STACK          

        CLASS   CODE           
                end_init                              F        F        2         0
                cinit                                11       11       25         0
                intentry                              4        4        B         0
                reset_vec                             0        0        2         0
                text61                              A0A      A0A       30         0
                text60                              8B0      8B0       21         0
                text59                             1777     1777       1B         0
                text58                             172E     172E       18         0
                text57                              93A      93A       27         0
                text56                             16BA     16BA        3         0
                text55                             16BD     16BD        3         0
                text54                             16D3     16D3        8         0
                text53                             16C0     16C0        3         0
                text52                             16CC     16CC        7         0
                text51                             16EC     16EC        D         0
                text50                             16C3     16C3        3         0
                text49                             16DB     16DB        8         0
                text48                             1792     1792       1B         0
                text47                              A6C      A6C       37         0
                text46                              9B2      9B2       2B         0
                text45                             1746     1746       18         0
                text44                              C18      C18       4D         0
                text43                              C65      C65       4F         0
                text41                              D07      D07       65         0
                text40                              802      802       15         0
                text39                              A3A      A3A       32         0
                text38                              870      870       20         0
                text37                              890      890       20         0
                text36                              B52      B52       3F         0
                text35                              7FE      7FE        2         0
                text34                             171A     171A       14         0
                text33                              8F2      8F2       22         0
                text32                              430      430       F6         0
                text31                              F57      F57       A9         0
                text30                             17AD     17AD       1B         0
                text29                              E0D      E0D       A5         0
                text28                              ADB      ADB       3B         0
                text27                              851      851       1F         0
                text26                              618      618       C9         0
                text25                              B16      B16       3C         0
                text24                              6E1      6E1       B4         0
                text23                             16E3     16E3        9         0
                text22                              833      833       1E         0
                text21                              EB2      EB2       A5         0
                text20                              988      988       2A         0
                text19                              CB4      CB4       53         0
                text18                              B91      B91       43         0
                text17                             17C8     17C8       1C         0
                text16                             16F9     16F9        F         0
                text15                               36       36      1CD         0
                text14                              526      526       F2         0
                text13                             175E     175E       19         0
                text12                              961      961       27         0
                text11                              795      795       69         0
                text10                              203      203      127         0
                text9                               9DD      9DD       2D         0
                text8                               AA3      AA3       38         0
                text7                               8D1      8D1       21         0
                text6                              1708     1708       12         0
                text5                               BD4      BD4       44         0
                text4                               32A      32A      106         0
                text3                              17E4     17E4       1C         0
                text2                               914      914       26         0
                text1                               817      817       1C         0
                maintext                            D6C      D6C       A1         0
                clrtext                            16C6     16C6        6         0

        CLASS   STRCODE        
                stringtext11                       183C     183C        2         0
                stringtext10                       1838     1838        4         0
                stringtext9                        1833     1833        5         0
                stringtext8                        182E     182E        5         0
                stringtext7                        1829     1829        5         0
                stringtext6                        181E     181E        6         0
                stringtext5                        1813     1813        B         0
                _romArray_text                     1FE0     1FE0       20         0
                stringtext4                        183E     183E        1         0
                stringtext3                        1824     1824        5         0
                stringtext2                        1800     1800       13         0
                stringtext1                        1000     1000       28         0

        CLASS   STRING         

        CLASS   CONST          

        CLASS   ENTRY          

        CLASS   COMMON         
                cstackCOMMON                         70       70        E         1

        CLASS   BANK0          
                cstackBANK0                          20       20       4E         1
                bssBANK0                             6E       6E        1         1

        CLASS   BANK1          
                cstackBANK1                          A0       A0       49         1
                bssBANK1                             E9       E9        7         1

        CLASS   BANK2          
                cstackBANK2                         120      120       2D         1
                bssBANK2                            14D      14D       13         1

        CLASS   BANK3          
                bssBANK3                            1A0      1A0       32         1

        CLASS   BANK4          
                bssBANK4                            220      220       20         1

        CLASS   BANK5          

        CLASS   BANK6          

        CLASS   BANK7          

        CLASS   BANK8          

        CLASS   BANK9          

        CLASS   BANK10         

        CLASS   BANK11         

        CLASS   BANK12         

        CLASS   BIGRAM         

        CLASS   RAM            

        CLASS   ABS1           
                abs_s1                               7E       7E        2         1

        CLASS   SFR0           

        CLASS   SFR1           

        CLASS   SFR2           

        CLASS   SFR3           

        CLASS   SFR4           

        CLASS   SFR5           

        CLASS   SFR6           

        CLASS   SFR7           

        CLASS   SFR8           

        CLASS   SFR9           

        CLASS   SFR10          

        CLASS   SFR11          

        CLASS   SFR12          

        CLASS   SFR13          

        CLASS   SFR14          

        CLASS   SFR15          

        CLASS   SFR16          

        CLASS   SFR17          

        CLASS   SFR18          

        CLASS   SFR19          

        CLASS   SFR20          

        CLASS   SFR21          

        CLASS   SFR22          

        CLASS   SFR23          

        CLASS   SFR24          

        CLASS   SFR25          

        CLASS   SFR26          

        CLASS   SFR27          

        CLASS   SFR28          

        CLASS   SFR29          

        CLASS   SFR30          

        CLASS   SFR31          

        CLASS   CONFIG         
                config                             8007     8007        4         0

        CLASS   IDLOC          

        CLASS   EEDATA         

        CLASS   BANK31         

        CLASS   BANK30         

        CLASS   BANK29         

        CLASS   BANK28         

        CLASS   BANK27         

        CLASS   BANK26         

        CLASS   BANK25         

        CLASS   BANK24         

        CLASS   BANK23         

        CLASS   BANK22         

        CLASS   BANK21         

        CLASS   BANK20         

        CLASS   BANK19         

        CLASS   BANK18         

        CLASS   BANK17         

        CLASS   BANK16         

        CLASS   BANK15         

        CLASS   BANK14         

        CLASS   BANK13         



SEGMENTS        Name                           Load    Length   Top    Selector   Space  Class     Delta

                reset_vec                      000000  000002  000002         0       0  CODE        2
                intentry                       000004  0007FC  000800         8       0  CODE        2
                cstackBANK0                    000020  00004F  00006F        20       1  BANK0       1
                cstackCOMMON                   000070  00000E  00007E        70       1  COMMON      1
                cstackBANK1                    0000A0  000050  0000F0        A0       1  BANK1       1
                cstackBANK2                    000120  000040  000160       120       1  BANK2       1
                bssBANK3                       0001A0  000032  0001D2       1A0       1  BANK3       1
                bssBANK4                       000220  000020  000240       220       1  BANK4       1
                text40                         000802  000015  000817      1004       0  CODE        2
                text1                          000817  00001C  000833      102E       0  CODE        2
                text22                         000833  00001E  000851      1066       0  CODE        2
                text27                         000851  00001F  000870      10A2       0  CODE        2
                text38                         000870  000020  000890      10E0       0  CODE        2
                text37                         000890  000020  0008B0      1120       0  CODE        2
                text60                         0008B0  000021  0008D1      1160       0  CODE        2
                text7                          0008D1  000021  0008F2      11A2       0  CODE        2
                text33                         0008F2  000022  000914      11E4       0  CODE        2
                text2                          000914  000026  00093A      1228       0  CODE        2
                text57                         00093A  000027  000961      1274       0  CODE        2
                text12                         000961  000027  000988      12C2       0  CODE        2
                text20                         000988  00002A  0009B2      1310       0  CODE        2
                text46                         0009B2  00002B  0009DD      1364       0  CODE        2
                text9                          0009DD  00002D  000A0A      13BA       0  CODE        2
                text61                         000A0A  000030  000A3A      1414       0  CODE        2
                text39                         000A3A  000032  000A6C      1474       0  CODE        2
                text47                         000A6C  000037  000AA3      14D8       0  CODE        2
                text8                          000AA3  000038  000ADB      1546       0  CODE        2
                text28                         000ADB  00003B  000B16      15B6       0  CODE        2
                text25                         000B16  00003C  000B52      162C       0  CODE        2
                text36                         000B52  00003F  000B91      16A4       0  CODE        2
                text18                         000B91  000043  000BD4      1722       0  CODE        2
                text5                          000BD4  000044  000C18      17A8       0  CODE        2
                text44                         000C18  00004D  000C65      1830       0  CODE        2
                text43                         000C65  00004F  000CB4      18CA       0  CODE        2
                text19                         000CB4  000053  000D07      1968       0  CODE        2
                text41                         000D07  000065  000D6C      1A0E       0  CODE        2
                maintext                       000D6C  0000A1  000E0D      1AD8       0  CODE        2
                text29                         000E0D  0000A5  000EB2      1C1A       0  CODE        2
                text21                         000EB2  0000A5  000F57      1D64       0  CODE        2
                text31                         000F57  0000A9  001000      1EAE       0  CODE        2
                stringtext1                    001000  000028  001028      2000       0  STRCODE     2
                text56                         0016BA  000003  0016BD      2D74       0  CODE        2
                text55                         0016BD  000003  0016C0      2D7A       0  CODE        2
                text53                         0016C0  000003  0016C3      2D80       0  CODE        2
                text50                         0016C3  000003  0016C6      2D86       0  CODE        2
                clrtext                        0016C6  000006  0016CC      2D8C       0  CODE        2
                text52                         0016CC  000007  0016D3      2D98       0  CODE        2
                text54                         0016D3  000008  0016DB      2DA6       0  CODE        2
                text49                         0016DB  000008  0016E3      2DB6       0  CODE        2
                text23                         0016E3  000009  0016EC      2DC6       0  CODE        2
                text51                         0016EC  00000D  0016F9      2DD8       0  CODE        2
                text16                         0016F9  00000F  001708      2DF2       0  CODE        2
                text6                          001708  000012  00171A      2E10       0  CODE        2
                text34                         00171A  000014  00172E      2E34       0  CODE        2
                text58                         00172E  000018  001746      2E5C       0  CODE        2
                text45                         001746  000018  00175E      2E8C       0  CODE        2
                text13                         00175E  000019  001777      2EBC       0  CODE        2
                text59                         001777  00001B  001792      2EEE       0  CODE        2
                text48                         001792  00001B  0017AD      2F24       0  CODE        2
                text30                         0017AD  00001B  0017C8      2F5A       0  CODE        2
                text17                         0017C8  00001C  0017E4      2F90       0  CODE        2
                text3                          0017E4  00001C  001800      2FC8       0  CODE        2
                stringtext2                    001800  00003F  00183F      3000       0  STRCODE     2
                _romArray_text                 001FE0  000020  002000      3FC0       0  STRCODE     2
                config                         008007  000004  00800B     1000E       0  CONFIG      2


UNUSED ADDRESS RANGES

        Name                Unused          Largest block    Delta
        BANK0            0006F-0006F               1           1
        BANK10           00520-0056F              50           1
        BANK11           005A0-005EF              50           1
        BANK12           00620-0064F              30           1
        BANK2            00160-0016F              10           1
        BANK3            001D2-001EF              1E           1
        BANK4            00240-0026F              30           1
        BANK5            002A0-002EF              50           1
        BANK6            00320-0036F              50           1
        BANK7            003A0-003EF              50           1
        BANK8            00420-0046F              50           1
        BANK9            004A0-004EF              50           1
        BIGRAM           02000-023EF             3F0           1
        CODE             00002-00003               2           2
                         00800-00801               2
                         01028-016B9             692
                         0183F-01FDF             7A1
        CONST            00002-00003               2           2
                         00800-00801               2
                         01028-016B9             100
                         0183F-01FDF             100
        EEDATA           0F000-0F0FF             100           2
        ENTRY            00002-00003               2           2
                         00800-00801               2
                         01028-016B9             100
                         0183F-01FDF             100
        IDLOC            08000-08003               4           2
        RAM              0006F-0006F               1           1
                         00160-0016F              10
                         001D2-001EF              1E
                         00240-0026F              30
                         002A0-002EF              50
                         00320-0036F              50
                         003A0-003EF              50
                         00420-0046F              50
                         004A0-004EF              50
                         00520-0056F              50
                         005A0-005EF              50
                         00620-0064F              30
        SFR0             00000-0001F              20           1
        SFR1             00080-0009F              20           1
        SFR10            00500-0051F              20           1
        SFR11            00580-0059F              20           1
        SFR12            00600-0061F              20           1
        SFR13            00680-006EF              70           1
        SFR14            00700-0076F              70           1
        SFR15            00780-007EF              70           1
        SFR16            00800-0086F              70           1
        SFR17            00880-008EF              70           1
        SFR18            00900-0096F              70           1
        SFR19            00980-009EF              70           1
        SFR2             00100-0011F              20           1
        SFR20            00A00-00A6F              70           1
        SFR21            00A80-00AEF              70           1
        SFR22            00B00-00B6F              70           1
        SFR23            00B80-00BEF              70           1
        SFR24            00C00-00C6F              70           1
        SFR25            00C80-00CEF              70           1
        SFR26            00D00-00D6F              70           1
        SFR27            00D80-00DEF              70           1
        SFR28            00E00-00E6F              70           1
        SFR29            00E80-00EEF              70           1
        SFR3             00180-0019F              20           1
        SFR30            00F00-00F6F              70           1
        SFR31            00F80-00FEF              70           1
        SFR4             00200-0021F              20           1
        SFR5             00280-0029F              20           1
        SFR6             00300-0031F              20           1
        SFR7             00380-0039F              20           1
        SFR8             00400-0041F              20           1
        SFR9             00480-0049F              20           1
        STACK            02160-023EF             290           1
        STRCODE          00002-00003               2           2
                         00800-00801               2
                         01028-016B9             692
                         0183F-01FDF             7A1
        STRING           00002-00003               2           2
                         00800-00801               2
                         01028-016B9             100
                         0183F-01FDF             100

                                  Symbol Table

?___awtoft                      cstackBANK0    00029
?___ftadd                       cstackBANK0    0002F
?___ftdiv                       cstackBANK0    0003C
?___ftmul                       cstackBANK0    00058
?___ftneg                       cstackBANK0    00021
?___ftpack                      cstackBANK0    00021
?___ftsub                       cstackBANK0    0003C
?___fttol                       cstackBANK0    00068
?___lldiv                       cstackBANK0    00021
?___llmod                       cstackBANK0    0002F
?___lltoft                      cstackBANK0    00029
?___lwmod                       cstackBANK0    00021
?___lwtoft                      cstackBANK0    00029
?___wmul                        cstackBANK0    00021
?_flashReadByte                 cstackBANK0    00021
?_getADCValue                   cstackBANK0    0004C
?_sprintf                       cstackBANK0    00039
?_strcmp                        cstackCOMMON   00070
?_strlen                        cstackBANK0    00021
?i1___wmul                      cstackCOMMON   00070
_ADCON0bits                     (abs)          0009D
_ADCON1bits                     (abs)          0009E
_ADRESH                         (abs)          0009C
_ADRESL                         (abs)          0009B
_ANSELA                         (abs)          0018C
_ANSELAbits                     (abs)          0018C
_ANSELC                         (abs)          0018E
_ANSELCbits                     (abs)          0018E
_FVRCONbits                     (abs)          00117
_INLVLA                         (abs)          0038C
_INLVLC                         (abs)          0038E
_INTCONbits                     (abs)          0000B
_ISR                            intentry       00004
_ODCONA                         (abs)          0028C
_ODCONAbits                     (abs)          0028C
_ODCONC                         (abs)          0028E
_OSCCON1bits                    (abs)          00919
_PIE0bits                       (abs)          00090
_PIR0bits                       (abs)          00010
_PMADRH                         (abs)          00892
_PMADRL                         (abs)          00891
_PMCON1                         (abs)          00895
_PMCON1bits                     (abs)          00895
_PMCON2                         (abs)          00896
_PMDATH                         (abs)          00894
_PMDATL                         (abs)          00893
_PORTAbits                      (abs)          0000C
_PORTCbits                      (abs)          0000E
_RC0PPSbits                     (abs)          00EA0
_RC1PPSbits                     (abs)          00EA1
_RC2PPSbits                     (abs)          00EA2
_RXPacket                       bssBANK3       001A0
_SSP1BUF                        (abs)          00211
_SSP1CON1bits                   (abs)          00215
_SSP1STATbits                   (abs)          00214
_STATUSbits                     (abs)          00003
_TRISAbits                      (abs)          0008C
_TRISCbits                      (abs)          0008E
_TXPacket                       bssBANK1       000ED
_WDTCONbits                     (abs)          00097
_WPUA                           (abs)          0020C
_WPUAbits                       (abs)          0020C
_WPUC                           (abs)          0020E
__CFG_BOREN$OFF                 (abs)          00000
__CFG_BORV$LOW                  (abs)          00000
__CFG_CLKOUTEN$OFF              (abs)          00000
__CFG_CP$OFF                    (abs)          00000
__CFG_CPD$OFF                   (abs)          00000
__CFG_CSWEN$ON                  (abs)          00000
__CFG_DEBUG$OFF                 (abs)          00000
__CFG_FCMEN$ON                  (abs)          00000
__CFG_FEXTOSC$OFF               (abs)          00000
__CFG_LPBOREN$OFF               (abs)          00000
__CFG_LVP$ON                    (abs)          00000
__CFG_MCLRE$ON                  (abs)          00000
__CFG_PPS1WAY$ON                (abs)          00000
__CFG_PWRTE$ON                  (abs)          00000
__CFG_RSTOSC$HFINT32            (abs)          00000
__CFG_STVREN$ON                 (abs)          00000
__CFG_WDTE$ON                   (abs)          00000
__CFG_WRT$OFF                   (abs)          00000
__H_romArray_text               _romArray_text 02000
__Habs1                         abs1           00000
__Hbank0                        bank0          00000
__Hbank1                        bank1          00000
__Hbank10                       bank10         00000
__Hbank11                       bank11         00000
__Hbank12                       bank12         00000
__Hbank13                       bank13         00000
__Hbank14                       bank14         00000
__Hbank15                       bank15         00000
__Hbank16                       bank16         00000
__Hbank17                       bank17         00000
__Hbank18                       bank18         00000
__Hbank19                       bank19         00000
__Hbank2                        bank2          00000
__Hbank20                       bank20         00000
__Hbank21                       bank21         00000
__Hbank22                       bank22         00000
__Hbank23                       bank23         00000
__Hbank24                       bank24         00000
__Hbank25                       bank25         00000
__Hbank26                       bank26         00000
__Hbank27                       bank27         00000
__Hbank28                       bank28         00000
__Hbank29                       bank29         00000
__Hbank3                        bank3          00000
__Hbank30                       bank30         00000
__Hbank31                       bank31         00000
__Hbank4                        bank4          00000
__Hbank5                        bank5          00000
__Hbank6                        bank6          00000
__Hbank7                        bank7          00000
__Hbank8                        bank8          00000
__Hbank9                        bank9          00000
__Hbigram                       bigram         00000
__HbssBANK0                     bssBANK0       00000
__HbssBANK1                     bssBANK1       00000
__HbssBANK2                     bssBANK2       00000
__HbssBANK3                     bssBANK3       00000
__HbssBANK4                     bssBANK4       00000
__Hcinit                        cinit          00036
__Hclrtext                      clrtext        00000
__Hcode                         code           00000
__Hcommon                       common         00000
__Hconfig                       config         0800B
__HcstackBANK0                  cstackBANK0    00000
__HcstackBANK1                  cstackBANK1    00000
__HcstackBANK2                  cstackBANK2    00000
__HcstackCOMMON                 cstackCOMMON   00000
__Heeprom_data                  eeprom_data    00000
__Hend_init                     end_init       00011
__Hfunctab                      functab        00000
__Hidloc                        idloc          00000
__Hinit                         init           0000F
__Hintentry                     intentry       0000F
__Hmaintext                     maintext       00000
__Hpowerup                      powerup        00000
__Hram                          ram            00000
__Hreset_vec                    reset_vec      00002
__Hsfr0                         sfr0           00000
__Hsfr1                         sfr1           00000
__Hsfr10                        sfr10          00000
__Hsfr11                        sfr11          00000
__Hsfr12                        sfr12          00000
__Hsfr13                        sfr13          00000
__Hsfr14                        sfr14          00000
__Hsfr15                        sfr15          00000
__Hsfr16                        sfr16          00000
__Hsfr17                        sfr17          00000
__Hsfr18                        sfr18          00000
__Hsfr19                        sfr19          00000
__Hsfr2                         sfr2           00000
__Hsfr20                        sfr20          00000
__Hsfr21                        sfr21          00000
__Hsfr22                        sfr22          00000
__Hsfr23                        sfr23          00000
__Hsfr24                        sfr24          00000
__Hsfr25                        sfr25          00000
__Hsfr26                        sfr26          00000
__Hsfr27                        sfr27          00000
__Hsfr28                        sfr28          00000
__Hsfr29                        sfr29          00000
__Hsfr3                         sfr3           00000
__Hsfr30                        sfr30          00000
__Hsfr31                        sfr31          00000
__Hsfr4                         sfr4           00000
__Hsfr5                         sfr5           00000
__Hsfr6                         sfr6           00000
__Hsfr7                         sfr7           00000
__Hsfr8                         sfr8           00000
__Hsfr9                         sfr9           00000
__Hspace_0                      (abs)          0800B
__Hspace_1                      (abs)          00240
__Hspace_2                      (abs)          00000
__Hspace_3                      (abs)          00000
__Hstack                        stack          00000
__Hstrings                      strings        00000
__Hstringtext1                  stringtext1    00000
__Hstringtext10                 stringtext10   00000
__Hstringtext11                 stringtext11   00000
__Hstringtext12                 stringtext12   00000
__Hstringtext2                  stringtext2    00000
__Hstringtext3                  stringtext3    00000
__Hstringtext4                  stringtext4    00000
__Hstringtext5                  stringtext5    00000
__Hstringtext6                  stringtext6    00000
__Hstringtext7                  stringtext7    00000
__Hstringtext8                  stringtext8    00000
__Hstringtext9                  stringtext9    00000
__Htext                         text           00000
__L_romArray_text               _romArray_text 01FE0
__Labs1                         abs1           00000
__Lbank0                        bank0          00000
__Lbank1                        bank1          00000
__Lbank10                       bank10         00000
__Lbank11                       bank11         00000
__Lbank12                       bank12         00000
__Lbank13                       bank13         00000
__Lbank14                       bank14         00000
__Lbank15                       bank15         00000
__Lbank16                       bank16         00000
__Lbank17                       bank17         00000
__Lbank18                       bank18         00000
__Lbank19                       bank19         00000
__Lbank2                        bank2          00000
__Lbank20                       bank20         00000
__Lbank21                       bank21         00000
__Lbank22                       bank22         00000
__Lbank23                       bank23         00000
__Lbank24                       bank24         00000
__Lbank25                       bank25         00000
__Lbank26                       bank26         00000
__Lbank27                       bank27         00000
__Lbank28                       bank28         00000
__Lbank29                       bank29         00000
__Lbank3                        bank3          00000
__Lbank30                       bank30         00000
__Lbank31                       bank31         00000
__Lbank4                        bank4          00000
__Lbank5                        bank5          00000
__Lbank6                        bank6          00000
__Lbank7                        bank7          00000
__Lbank8                        bank8          00000
__Lbank9                        bank9          00000
__Lbigram                       bigram         00000
__LbssBANK0                     bssBANK0       00000
__LbssBANK1                     bssBANK1       00000
__LbssBANK2                     bssBANK2       00000
__LbssBANK3                     bssBANK3       00000
__LbssBANK4                     bssBANK4       00000
__Lcinit                        cinit          00011
__Lclrtext                      clrtext        00000
__Lcode                         code           00000
__Lcommon                       common         00000
__Lconfig                       config         08007
__LcstackBANK0                  cstackBANK0    00000
__LcstackBANK1                  cstackBANK1    00000
__LcstackBANK2                  cstackBANK2    00000
__LcstackCOMMON                 cstackCOMMON   00000
__Leeprom_data                  eeprom_data    00000
__Lend_init                     end_init       0000F
__Lfunctab                      functab        00000
__Lidloc                        idloc          00000
__Linit                         init           0000F
__Lintentry                     intentry       00004
__Lmaintext                     maintext       00000
__Lpowerup                      powerup        00000
__Lram                          ram            00000
__Lreset_vec                    reset_vec      00000
__Lsfr0                         sfr0           00000
__Lsfr1                         sfr1           00000
__Lsfr10                        sfr10          00000
__Lsfr11                        sfr11          00000
__Lsfr12                        sfr12          00000
__Lsfr13                        sfr13          00000
__Lsfr14                        sfr14          00000
__Lsfr15                        sfr15          00000
__Lsfr16                        sfr16          00000
__Lsfr17                        sfr17          00000
__Lsfr18                        sfr18          00000
__Lsfr19                        sfr19          00000
__Lsfr2                         sfr2           00000
__Lsfr20                        sfr20          00000
__Lsfr21                        sfr21          00000
__Lsfr22                        sfr22          00000
__Lsfr23                        sfr23          00000
__Lsfr24                        sfr24          00000
__Lsfr25                        sfr25          00000
__Lsfr26                        sfr26          00000
__Lsfr27                        sfr27          00000
__Lsfr28                        sfr28          00000
__Lsfr29                        sfr29          00000
__Lsfr3                         sfr3           00000
__Lsfr30                        sfr30          00000
__Lsfr31                        sfr31          00000
__Lsfr4                         sfr4           00000
__Lsfr5                         sfr5           00000
__Lsfr6                         sfr6           00000
__Lsfr7                         sfr7           00000
__Lsfr8                         sfr8           00000
__Lsfr9                         sfr9           00000
__Lspace_0                      (abs)          00000
__Lspace_1                      (abs)          00000
__Lspace_2                      (abs)          00000
__Lspace_3                      (abs)          00000
__Lstack                        stack          00000
__Lstrings                      strings        00000
__Lstringtext1                  stringtext1    00000
__Lstringtext10                 stringtext10   00000
__Lstringtext11                 stringtext11   00000
__Lstringtext12                 stringtext12   00000
__Lstringtext2                  stringtext2    00000
__Lstringtext3                  stringtext3    00000
__Lstringtext4                  stringtext4    00000
__Lstringtext5                  stringtext5    00000
__Lstringtext6                  stringtext6    00000
__Lstringtext7                  stringtext7    00000
__Lstringtext8                  stringtext8    00000
__Lstringtext9                  stringtext9    00000
__Ltext                         text           00000
__S0                            (abs)          0800B
__S1                            (abs)          00240
__S2                            (abs)          00000
__S3                            (abs)          00000
___awtoft                       text33         008F2
___awtoft@c                     cstackBANK0    00029
___awtoft@sign                  cstackBANK0    0002E
___bmul                         text6          01708
___bmul@multiplicand            cstackBANK0    00021
___bmul@multiplier              cstackBANK0    00024
___bmul@product                 cstackBANK0    00023
___ftadd                        text32         00430
___ftadd@exp1                   cstackBANK0    0003B
___ftadd@exp2                   cstackBANK0    0003A
___ftadd@f1                     cstackBANK0    0002F
___ftadd@f2                     cstackBANK0    00032
___ftadd@sign                   cstackBANK0    00039
___ftdiv                        text31         00F57
___ftdiv@cntr                   cstackBANK0    00046
___ftdiv@exp                    cstackBANK0    0004A
___ftdiv@f1                     cstackBANK0    0003F
___ftdiv@f2                     cstackBANK0    0003C
___ftdiv@f3                     cstackBANK0    00047
___ftdiv@sign                   cstackBANK0    0004B
___ftge                         text25         00B16
___ftge@ff1                     cstackBANK0    00021
___ftge@ff2                     cstackBANK0    00024
___ftmul                        text24         006E1
___ftmul@cntr                   cstackBANK0    00066
___ftmul@exp                    cstackBANK0    00062
___ftmul@f1                     cstackBANK0    00058
___ftmul@f2                     cstackBANK0    0005B
___ftmul@f3_as_product          cstackBANK0    00063
___ftmul@sign                   cstackBANK0    00067
___ftneg                        text23         016E3
___ftneg@f1                     cstackBANK0    00021
___ftpack                       text41         00D07
___ftpack@arg                   cstackBANK0    00021
___ftpack@exp                   cstackBANK0    00024
___ftpack@sign                  cstackBANK0    00025
___ftsub                        text22         00833
___ftsub@f1                     cstackBANK0    0003F
___ftsub@f2                     cstackBANK0    0003C
___fttol                        text21         00EB2
___fttol@exp1                   cstackBANK1    000A9
___fttol@f1                     cstackBANK0    00068
___fttol@lval                   cstackBANK1    000A5
___fttol@sign1                  cstackBANK1    000A4
___int_sp                       stack          00000
___latbits                      (abs)          00002
___lldiv                        text19         00CB4
___lldiv@counter                cstackBANK0    0002E
___lldiv@dividend               cstackBANK0    00025
___lldiv@divisor                cstackBANK0    00021
___lldiv@quotient               cstackBANK0    0002A
___llmod                        text18         00B91
___llmod@counter                cstackBANK0    00038
___llmod@dividend               cstackBANK0    00033
___llmod@divisor                cstackBANK0    0002F
___lltoft                       text20         00988
___lltoft@c                     cstackBANK0    00029
___lltoft@exp                   cstackBANK0    0002E
___lwmod                        text9          009DD
___lwmod@counter                cstackBANK0    00026
___lwmod@dividend               cstackBANK0    00023
___lwmod@divisor                cstackBANK0    00021
___lwtoft                       text40         00802
___lwtoft@c                     cstackBANK0    00029
___sp                           stack          00000
___wmul                         text17         017C8
___wmul@multiplicand            cstackBANK0    00023
___wmul@multiplier              cstackBANK0    00021
___wmul@product                 cstackBANK0    00025
__end_of_ISR                    intentry       0000F
__end_of___awtoft               text33         00914
__end_of___bmul                 text6          0171A
__end_of___ftadd                text32         00526
__end_of___ftdiv                text31         01000
__end_of___ftge                 text25         00B52
__end_of___ftmul                text24         00795
__end_of___ftneg                text23         016EC
__end_of___ftpack               text41         00D6C
__end_of___ftsub                text22         00851
__end_of___fttol                text21         00F57
__end_of___lldiv                text19         00D07
__end_of___llmod                text18         00BD4
__end_of___lltoft               text20         009B2
__end_of___lwmod                text9          00A0A
__end_of___lwtoft               text40         00817
__end_of___wmul                 text17         017E4
__end_of__initialization        cinit          00032
__end_of_checkTXPower           text34         0172E
__end_of_dpowers                stringtext1    01028
__end_of_enableInterrupts       text54         016DB
__end_of_exception              text58         01746
__end_of_flashReadByte          text39         00A6C
__end_of_flashRealod            text38         00890
__end_of_flashUpdate            text60         008D1
__end_of_flashWriteByte         text61         00A3A
__end_of_ftoa                   text14         00618
__end_of_getADCValue            text29         00EB2
__end_of_isdigit                text16         01708
__end_of_loop                   text10         0032A
__end_of_main                   maintext       00E0D
__end_of_memset                 text13         01777
__end_of_n_ADDRESS_MUL          stringtext4    0183F
__end_of_n_ADDRESS_P0           stringtext3    01829
__end_of_nrf24l01CEHigh         text56         016BD
__end_of_nrf24l01CELow          text55         016C0
__end_of_nrf24l01CSHigh         text53         016C3
__end_of_nrf24l01CSLow          text50         016C6
__end_of_nrf24l01ChangeTXPower  text36         00B91
__end_of_nrf24l01CheckACK       text46         009DD
__end_of_nrf24l01GetPipe        text8          00ADB
__end_of_nrf24l01GetRXPacket    text35         00800
__end_of_nrf24l01ISR            text43         00CB4
__end_of_nrf24l01Init           text2          0093A
__end_of_nrf24l01InitRegisters  text4          00430
__end_of_nrf24l01InterfaceInit  text3          01800
__end_of_nrf24l01ReceivePacket  text44         00C65
__end_of_nrf24l01SPIEnd         text52         016D3
__end_of_nrf24l01SPISend        text51         016F9
__end_of_nrf24l01SPIStart       text49         016E3
__end_of_nrf24l01Send           text37         008B0
__end_of_nrf24l01SendPacket     text26         006E1
__end_of_nrf24l01SetRXMode      text28         00B16
__end_of_nrf24l01SetRXPipe      text7          008F2
__end_of_nrf24l01SetTXPipe      text5          00C18
__end_of_resetRomData           stringtext2    01813
__end_of_romArray               _romArray_text 02000
__end_of_setMessage             text11         007FE
__end_of_sleep                  text30         017C8
__end_of_sprintf                text15         00203
__end_of_strcat                 text12         00988
__end_of_strcmp                 text57         00961
__end_of_strcpy                 text1          00833
__end_of_strlen                 text27         00870
__end_ofi1___wmul               text59         01792
__end_ofi1_memset               text45         0175E
__end_ofi1_nrf24l01Send         text48         017AD
__end_ofi1_nrf24l01SetRXMode    text47         00AA3
__initialization                cinit          00011
__p_romArray_text               _romArray_text 01FE0
__pbssBANK0                     bssBANK0       0006E
__pbssBANK1                     bssBANK1       000E9
__pbssBANK2                     bssBANK2       0014D
__pbssBANK3                     bssBANK3       001A0
__pbssBANK4                     bssBANK4       00220
__pcstackBANK0                  cstackBANK0    00020
__pcstackBANK1                  cstackBANK1    000A0
__pcstackBANK2                  cstackBANK2    00120
__pcstackCOMMON                 cstackCOMMON   00070
__pintentry                     intentry       00004
__pmaintext                     maintext       00D6C
__pstringtext1                  stringtext1    01000
__pstringtext10                 stringtext10   01838
__pstringtext11                 stringtext11   0183C
__pstringtext12                 stringtext12   00000
__pstringtext2                  stringtext2    01800
__pstringtext3                  stringtext3    01824
__pstringtext4                  stringtext4    0183E
__pstringtext5                  stringtext5    01813
__pstringtext6                  stringtext6    0181E
__pstringtext7                  stringtext7    01829
__pstringtext8                  stringtext8    0182E
__pstringtext9                  stringtext9    01833
__ptext1                        text1          00817
__ptext10                       text10         00203
__ptext11                       text11         00795
__ptext12                       text12         00961
__ptext13                       text13         0175E
__ptext14                       text14         00526
__ptext15                       text15         00036
__ptext16                       text16         016F9
__ptext17                       text17         017C8
__ptext18                       text18         00B91
__ptext19                       text19         00CB4
__ptext2                        text2          00914
__ptext20                       text20         00988
__ptext21                       text21         00EB2
__ptext22                       text22         00833
__ptext23                       text23         016E3
__ptext24                       text24         006E1
__ptext25                       text25         00B16
__ptext26                       text26         00618
__ptext27                       text27         00851
__ptext28                       text28         00ADB
__ptext29                       text29         00E0D
__ptext3                        text3          017E4
__ptext30                       text30         017AD
__ptext31                       text31         00F57
__ptext32                       text32         00430
__ptext33                       text33         008F2
__ptext34                       text34         0171A
__ptext35                       text35         007FE
__ptext36                       text36         00B52
__ptext37                       text37         00890
__ptext38                       text38         00870
__ptext39                       text39         00A3A
__ptext4                        text4          0032A
__ptext40                       text40         00802
__ptext41                       text41         00D07
__ptext43                       text43         00C65
__ptext44                       text44         00C18
__ptext45                       text45         01746
__ptext46                       text46         009B2
__ptext47                       text47         00A6C
__ptext48                       text48         01792
__ptext49                       text49         016DB
__ptext5                        text5          00BD4
__ptext50                       text50         016C3
__ptext51                       text51         016EC
__ptext52                       text52         016CC
__ptext53                       text53         016C0
__ptext54                       text54         016D3
__ptext55                       text55         016BD
__ptext56                       text56         016BA
__ptext57                       text57         0093A
__ptext58                       text58         0172E
__ptext59                       text59         01777
__ptext6                        text6          01708
__ptext60                       text60         008B0
__ptext61                       text61         00A0A
__ptext7                        text7          008D1
__ptext8                        text8          00AA3
__ptext9                        text9          009DD
__size_of_ISR                   (abs)          00000
__size_of___awtoft              (abs)          00000
__size_of___bmul                (abs)          00000
__size_of___ftadd               (abs)          00000
__size_of___ftdiv               (abs)          00000
__size_of___ftge                (abs)          00000
__size_of___ftmul               (abs)          00000
__size_of___ftneg               (abs)          00000
__size_of___ftpack              (abs)          00000
__size_of___ftsub               (abs)          00000
__size_of___fttol               (abs)          00000
__size_of___lldiv               (abs)          00000
__size_of___llmod               (abs)          00000
__size_of___lltoft              (abs)          00000
__size_of___lwmod               (abs)          00000
__size_of___lwtoft              (abs)          00000
__size_of___wmul                (abs)          00000
__size_of_checkTXPower          (abs)          00000
__size_of_enableInterrupts      (abs)          00000
__size_of_exception             (abs)          00000
__size_of_flashReadByte         (abs)          00000
__size_of_flashRealod           (abs)          00000
__size_of_flashUpdate           (abs)          00000
__size_of_flashWriteByte        (abs)          00000
__size_of_ftoa                  (abs)          00000
__size_of_getADCValue           (abs)          00000
__size_of_isdigit               (abs)          00000
__size_of_loop                  (abs)          00000
__size_of_main                  (abs)          00000
__size_of_memset                (abs)          00000
__size_of_nrf24l01CEHigh        (abs)          00000
__size_of_nrf24l01CELow         (abs)          00000
__size_of_nrf24l01CSHigh        (abs)          00000
__size_of_nrf24l01CSLow         (abs)          00000
__size_of_nrf24l01ChangeTXPower (abs)          00000
__size_of_nrf24l01CheckACK      (abs)          00000
__size_of_nrf24l01GetPipe       (abs)          00000
__size_of_nrf24l01GetRXPacket   (abs)          00000
__size_of_nrf24l01ISR           (abs)          00000
__size_of_nrf24l01Init          (abs)          00000
__size_of_nrf24l01InitRegisters (abs)          00000
__size_of_nrf24l01InterfaceInit (abs)          00000
__size_of_nrf24l01ReceivePacket (abs)          00000
__size_of_nrf24l01SPIEnd        (abs)          00000
__size_of_nrf24l01SPISend       (abs)          00000
__size_of_nrf24l01SPIStart      (abs)          00000
__size_of_nrf24l01Send          (abs)          00000
__size_of_nrf24l01SendPacket    (abs)          00000
__size_of_nrf24l01SetRXMode     (abs)          00000
__size_of_nrf24l01SetRXPipe     (abs)          00000
__size_of_nrf24l01SetTXPipe     (abs)          00000
__size_of_setMessage            (abs)          00000
__size_of_sleep                 (abs)          00000
__size_of_sprintf               (abs)          00000
__size_of_strcat                (abs)          00000
__size_of_strcmp                (abs)          00000
__size_of_strcpy                (abs)          00000
__size_of_strlen                (abs)          00000
__size_ofi1___wmul              (abs)          00000
__size_ofi1_memset              (abs)          00000
__size_ofi1_nrf24l01Send        (abs)          00000
__size_ofi1_nrf24l01SetRXMode   (abs)          00000
_checkTXPower                   text34         0171A
_counter                        bssBANK1       000E9
_dpowers                        stringtext1    01000
_enableInterrupts               text54         016D3
_exception                      text58         0172E
_flashReadByte                  text39         00A3A
_flashRealod                    text38         00870
_flashUpdate                    text60         008B0
_flashWriteByte                 text61         00A0A
_ftoa                           text14         00526
_getADCValue                    text29         00E0D
_isdigit                        text16         016F9
_isdigit$1802                   cstackBANK0    00021
_loop                           text10         00203
_loop$2065                      cstackBANK2    00129
_main                           maintext       00D6C
_memset                         text13         0175E
_n_ADDRESS_MUL                  stringtext4    0183E
_n_ADDRESS_P0                   stringtext3    01824
_nrf24l01                       bssBANK0       0006E
_nrf24l01CEHigh                 text56         016BA
_nrf24l01CELow                  text55         016BD
_nrf24l01CSHigh                 text53         016C0
_nrf24l01CSLow                  text50         016C3
_nrf24l01ChangeTXPower          text36         00B52
_nrf24l01CheckACK               text46         009B2
_nrf24l01GetPipe                text8          00AA3
_nrf24l01GetRXPacket            text35         007FE
_nrf24l01ISR                    text43         00C65
_nrf24l01Init                   text2          00914
_nrf24l01InitRegisters          text4          0032A
_nrf24l01InterfaceInit          text3          017E4
_nrf24l01ReceivePacket          text44         00C18
_nrf24l01SPIEnd                 text52         016CC
_nrf24l01SPISend                text51         016EC
_nrf24l01SPIStart               text49         016DB
_nrf24l01Send                   text37         00890
_nrf24l01SendPacket             text26         00618
_nrf24l01SetRXMode              text28         00ADB
_nrf24l01SetRXPipe              text7          008D1
_nrf24l01SetTXPipe              text5          00BD4
_romArray                       _romArray_text 01FE0
_romArray_absaddr               (abs)          01FE0
_romData                        bssBANK2       0014D
_romHolder                      bssBANK4       00220
_setMessage                     text11         00795
_sleep                          text30         017AD
_sprintf                        text15         00036
_strcat                         text12         00961
_strcmp                         text57         0093A
_strcpy                         text1          00817
_strlen                         text27         00851
btemp                           (abs)          0007E
checkTXPower@rxPacket           cstackBANK0    00029
clear_ram0                      clrtext        016C6
enableInterrupts@enable         cstackCOMMON   00070
end_of_initialization           cinit          00032
exception@exception             cstackCOMMON   0007C
flashReadByte@address           cstackBANK0    00028
flashReadByte@offset            cstackBANK0    00021
flashReadByte@result            cstackBANK0    00026
flashRealod@i                   cstackBANK0    0002B
flashUpdate@i                   cstackCOMMON   00078
flashWriteByte@address          cstackCOMMON   00074
flashWriteByte@data             cstackCOMMON   00072
flashWriteByte@offset           cstackCOMMON   00070
ftoa@buf                        bssBANK3       001C1
ftoa@cp                         cstackBANK1    000B6
ftoa@f                          cstackBANK1    000AA
ftoa@l                          cstackBANK1    000B2
ftoa@rem                        cstackBANK1    000AE
ftoa@status                     cstackBANK1    000AD
getADCValue@adcLoop             cstackBANK0    00052
getADCValue@adcSum              cstackBANK0    00055
getADCValue@channel             cstackBANK0    00054
i1___wmul                       text59         01777
i1___wmul@multiplicand          cstackCOMMON   00072
i1___wmul@multiplier            cstackCOMMON   00070
i1___wmul@product               cstackCOMMON   00074
i1_memset                       text45         01746
i1_nrf24l01Send                 text48         01792
i1_nrf24l01SetRXMode            text47         00A6C
i1memset@c                      cstackCOMMON   00072
i1memset@n                      cstackCOMMON   00074
i1memset@p                      cstackCOMMON   00076
i1memset@p1                     cstackCOMMON   00070
i1nrf24l01Send@command          cstackCOMMON   00073
i1nrf24l01Send@data             cstackCOMMON   00071
i1nrf24l01SetRXMode@config      cstackCOMMON   00075
i1nrf24l01SetRXMode@rxMode      cstackCOMMON   00076
int$flags                       (abs)          0007E
intlevel0                       functab        00000
intlevel1                       functab        00000
intlevel2                       functab        00000
intlevel3                       functab        00000
intlevel4                       functab        00000
intlevel5                       functab        00000
isdigit@c                       cstackBANK0    00022
loop@packet                     cstackBANK2    0012C
loop@ta                         cstackBANK2    00126
loop@vOut                       cstackBANK2    00120
loop@vt                         cstackBANK2    00123
main@packet                     cstackBANK1    000C8
main@pipe                       cstackBANK1    000C7
memset@c                        cstackBANK0    00023
memset@n                        cstackBANK0    00025
memset@p                        cstackBANK0    00027
memset@p1                       cstackBANK0    00021
nrf24l01ChangeTXPower@addPower  cstackBANK0    00024
nrf24l01ChangeTXPower@rfSetup   cstackBANK0    00027
nrf24l01GetPipe@i               cstackBANK0    0002B
nrf24l01GetPipe@name            cstackBANK0    0002A
nrf24l01GetPipe@pipe            cstackBANK0    00029
nrf24l01ISR@status              cstackBANK0    00020
nrf24l01InitRegisters@DynPD     cstackBANK0    00030
nrf24l01InitRegisters@channel   cstackBANK0    0002A
nrf24l01InitRegisters@config    cstackBANK0    00031
nrf24l01InitRegisters@enAA      cstackBANK0    0002F
nrf24l01InitRegisters@feature   cstackBANK0    0002C
nrf24l01InitRegisters@i         cstackBANK0    00032
nrf24l01InitRegisters@rfSetup   cstackBANK0    0002D
nrf24l01InitRegisters@setupAW   cstackBANK0    0002B
nrf24l01InitRegisters@status    cstackBANK0    0002E
nrf24l01ReceivePacket@i         cstackCOMMON   0007A
nrf24l01ReceivePacket@width     cstackCOMMON   00079
nrf24l01SPISend@data            cstackCOMMON   00070
nrf24l01Send@command            cstackBANK0    00023
nrf24l01Send@data               cstackBANK0    00021
nrf24l01SendPacket@Packet       cstackBANK0    00028
nrf24l01SendPacket@i            cstackBANK0    0002E
nrf24l01SetRXMode@config        cstackBANK0    00025
nrf24l01SetRXMode@rxMode        cstackBANK0    00026
nrf24l01SetRXPipe@enRXAddr      cstackBANK0    00027
nrf24l01SetRXPipe@pipe          cstackBANK0    00026
nrf24l01SetTXPipe@pipe          cstackBANK0    00027
reset_vec                       reset_vec      00000
setMessage@packet               cstackBANK1    000BD
setMessage@status               cstackBANK1    000C4
setMessage@topic                cstackBANK1    000BF
setMessage@value                cstackBANK1    000C1
sleep@wdps                      cstackBANK0    00022
sprintf@ap                      cstackBANK0    0004A
sprintf@c                       cstackBANK0    00054
sprintf@f                       cstackBANK0    00039
sprintf@flag                    cstackBANK0    00049
sprintf@prec                    cstackBANK0    00052
sprintf@sp                      cstackBANK0    0004F
sprintf@val                     cstackBANK0    0004B
sprintf@width                   cstackBANK0    00050
stackhi                         (abs)          023EF
stacklo                         (abs)          02160
start                           init           0000F
start_initialization            cinit          00011
strcat@cp                       cstackBANK1    000BB
strcat@from                     cstackBANK1    000B9
strcat@to                       cstackBANK1    000B7
strcmp@r                        cstackCOMMON   00074
strcmp@s1                       cstackCOMMON   00070
strcmp@s2                       cstackCOMMON   00072
strcpy@cp                       cstackBANK0    00025
strcpy@from                     cstackBANK0    00021
strcpy@to                       cstackBANK0    00024
strlen@cp                       cstackBANK0    00025
strlen@s                        cstackBANK0    00021
wtemp0                          (abs)          0007E


FUNCTION INFORMATION:

 *************** function _main *****************
 Defined at:
		line 197 in file "main.c"
 Parameters:    Size  Location     Type
		None
 Auto vars:     Size  Location     Type
  packet         33   40[BANK1 ] struct .
  pipe            1   39[BANK1 ] unsigned char 
 Return value:  Size  Location     Type
                  1    wreg      void 
 Registers used:
		wreg, fsr0l, fsr0h, fsr1l, fsr1h, status,2, status,0, pclath, cstack
 Tracked objects:
		On entry : 
		On exit  : 
		Unchanged: 
 Data sizes:     COMMON   BANK0   BANK1   BANK2   BANK3   BANK4   BANK5   BANK6   BANK7   BANK8   BANK9  BANK10  BANK11  BANK12
      Params:         0       0       0       0       0       0       0       0       0       0       0       0       0       0
      Locals:         0       0      34       0       0       0       0       0       0       0       0       0       0       0
      Temps:          0       0       1       0       0       0       0       0       0       0       0       0       0       0
      Totals:         0       0      35       0       0       0       0       0       0       0       0       0       0       0
Total ram usage:       35 bytes
 Hardware stack levels required when called:   13
 This function calls:
		___lwtoft
		_flashRealod
		_loop
		_nrf24l01GetPipe
		_nrf24l01Init
		_nrf24l01SendPacket
		_nrf24l01SetRXPipe
		_nrf24l01SetTXPipe
		_setMessage
		_sleep
		_strcpy
 This function is called by:
		Startup code after reset
 This function uses a non-reentrant model


 *************** function _strcpy *****************
 Defined at:
		line 8 in file "C:\Program Files (x86)\Microchip\xc8\v2.00\pic\sources\c90\common\strcpy.c"
 Parameters:    Size  Location     Type
  to              1    wreg     PTR unsigned char 
		 -> romData(19), 
  from            2    1[BANK0 ] PTR const unsigned char 
		 -> STR_6(4), 
 Auto vars:     Size  Location     Type
  to              1    4[BANK0 ] PTR unsigned char 
		 -> romData(19), 
  cp              1    5[BANK0 ] PTR unsigned char 
		 -> romData(19), 
 Return value:  Size  Location     Type
                  1    wreg      PTR unsigned char 
 Registers used:
		wreg, fsr0l, fsr0h, fsr1l, fsr1h, status,2, status,0, pclath
 Tracked objects:
		On entry : 
		On exit  : 
		Unchanged: 
 Data sizes:     COMMON   BANK0   BANK1   BANK2   BANK3   BANK4   BANK5   BANK6   BANK7   BANK8   BANK9  BANK10  BANK11  BANK12
      Params:         0       2       0       0       0       0       0       0       0       0       0       0       0       0
      Locals:         0       2       0       0       0       0       0       0       0       0       0       0       0       0
      Temps:          0       1       0       0       0       0       0       0       0       0       0       0       0       0
      Totals:         0       5       0       0       0       0       0       0       0       0       0       0       0       0
Total ram usage:        5 bytes
 Hardware stack levels used:    1
 Hardware stack levels required when called:    7
 This function calls:
		Nothing
 This function is called by:
		_main
 This function uses a non-reentrant model


 *************** function _nrf24l01Init *****************
 Defined at:
		line 444 in file "nrf24l01.c"
 Parameters:    Size  Location     Type
		None
 Auto vars:     Size  Location     Type
		None
 Return value:  Size  Location     Type
                  1    wreg      void 
 Registers used:
		wreg, fsr0l, fsr0h, status,2, status,0, pclath, cstack
 Tracked objects:
		On entry : 
		On exit  : 
		Unchanged: 
 Data sizes:     COMMON   BANK0   BANK1   BANK2   BANK3   BANK4   BANK5   BANK6   BANK7   BANK8   BANK9  BANK10  BANK11  BANK12
      Params:         0       0       0       0       0       0       0       0       0       0       0       0       0       0
      Locals:         0       0       0       0       0       0       0       0       0       0       0       0       0       0
      Temps:          0       2       0       0       0       0       0       0       0       0       0       0       0       0
      Totals:         0       2       0       0       0       0       0       0       0       0       0       0       0       0
Total ram usage:        2 bytes
 Hardware stack levels used:    1
 Hardware stack levels required when called:   12
 This function calls:
		_nrf24l01CEHigh
		_nrf24l01CELow
		_nrf24l01InitRegisters
		_nrf24l01InterfaceInit
 This function is called by:
		_main
 This function uses a non-reentrant model


 *************** function _nrf24l01InterfaceInit *****************
 Defined at:
		line 28 in file "interface.c"
 Parameters:    Size  Location     Type
		None
 Auto vars:     Size  Location     Type
		None
 Return value:  Size  Location     Type
                  1    wreg      void 
 Registers used:
		wreg, status,2, status,0
 Tracked objects:
		On entry : 
		On exit  : 
		Unchanged: 
 Data sizes:     COMMON   BANK0   BANK1   BANK2   BANK3   BANK4   BANK5   BANK6   BANK7   BANK8   BANK9  BANK10  BANK11  BANK12
      Params:         0       0       0       0       0       0       0       0       0       0       0       0       0       0
      Locals:         0       0       0       0       0       0       0       0       0       0       0       0       0       0
      Temps:          0       0       0       0       0       0       0       0       0       0       0       0       0       0
      Totals:         0       0       0       0       0       0       0       0       0       0       0       0       0       0
Total ram usage:        0 bytes
 Hardware stack levels used:    1
 Hardware stack levels required when called:    7
 This function calls:
		Nothing
 This function is called by:
		_nrf24l01Init
 This function uses a non-reentrant model


 *************** function _nrf24l01InitRegisters *****************
 Defined at:
		line 343 in file "nrf24l01.c"
 Parameters:    Size  Location     Type
		None
 Auto vars:     Size  Location     Type
  i               2   18[BANK0 ] unsigned int 
  config          1   17[BANK0 ] struct .
  DynPD           1   16[BANK0 ] struct .
  enAA            1   15[BANK0 ] struct .
  status          1   14[BANK0 ] struct .
  rfSetup         1   13[BANK0 ] struct .
  feature         1   12[BANK0 ] struct .
  setupAW         1   11[BANK0 ] struct .
  channel         1   10[BANK0 ] struct .
 Return value:  Size  Location     Type
                  1    wreg      void 
 Registers used:
		wreg, fsr0l, fsr0h, status,2, status,0, pclath, cstack
 Tracked objects:
		On entry : 
		On exit  : 
		Unchanged: 
 Data sizes:     COMMON   BANK0   BANK1   BANK2   BANK3   BANK4   BANK5   BANK6   BANK7   BANK8   BANK9  BANK10  BANK11  BANK12
      Params:         0       0       0       0       0       0       0       0       0       0       0       0       0       0
      Locals:         0      10       0       0       0       0       0       0       0       0       0       0       0       0
      Temps:          0       2       0       0       0       0       0       0       0       0       0       0       0       0
      Totals:         0      12       0       0       0       0       0       0       0       0       0       0       0       0
Total ram usage:       12 bytes
 Hardware stack levels used:    1
 Hardware stack levels required when called:   11
 This function calls:
		___bmul
		_nrf24l01SPIEnd
		_nrf24l01SPISend
		_nrf24l01SPIStart
		_nrf24l01Send
		_nrf24l01SetRXPipe
[...]


 *************** function _nrf24l01CSHigh *****************
 Defined at:
		line 23 in file "interface.c"
 Parameters:    Size  Location     Type
		None
 Auto vars:     Size  Location     Type
		None
 Return value:  Size  Location     Type
                  1    wreg      void 
 Registers used:
		None
 Tracked objects:
		On entry : 
		On exit  : 
		Unchanged: 
 Data sizes:     COMMON   BANK0   BANK1   BANK2   BANK3   BANK4   BANK5   BANK6   BANK7   BANK8   BANK9  BANK10  BANK11  BANK12
      Params:         0       0       0       0       0       0       0       0       0       0       0       0       0       0
      Locals:         0       0       0       0       0       0       0       0       0       0       0       0       0       0
      Temps:          0       0       0       0       0       0       0       0       0       0       0       0       0       0
      Totals:         0       0       0       0       0       0       0       0       0       0       0       0       0       0
Total ram usage:        0 bytes
 Hardware stack levels used:    1
 Hardware stack levels required when called:    7
 This function calls:
		Nothing
 This function is called by:
		_nrf24l01SPIEnd
 This function uses a non-reentrant model


 *************** function _enableInterrupts *****************
 Defined at:
		line 77 in file "interface.c"
 Parameters:    Size  Location     Type
  enable          1    wreg     unsigned char 
 Auto vars:     Size  Location     Type
  enable          1    0[COMMON] unsigned char 
 Return value:  Size  Location     Type
                  1    wreg      void 
 Registers used:
		wreg, status,0
 Tracked objects:
		On entry : 
		On exit  : 
		Unchanged: 
 Data sizes:     COMMON   BANK0   BANK1   BANK2   BANK3   BANK4   BANK5   BANK6   BANK7   BANK8   BANK9  BANK10  BANK11  BANK12
      Params:         0       0       0       0       0       0       0       0       0       0       0       0       0       0
      Locals:         0       0       0       0       0       0       0       0       0       0       0       0       0       0
      Temps:          0       0       0       0       0       0       0       0       0       0       0       0       0       0
      Totals:         0       0       0       0       0       0       0       0       0       0       0       0       0       0
Total ram usage:        0 bytes
 Hardware stack levels used:    1
 Hardware stack levels required when called:    7
 This function calls:
		Nothing
 This function is called by:
		_nrf24l01Send
		_nrf24l01SendPacket
		i1_nrf24l01Send
 This function uses a non-reentrant model


 *************** function _nrf24l01CELow *****************
 Defined at:
		line 8 in file "interface.c"
 Parameters:    Size  Location     Type
		None
 Auto vars:     Size  Location     Type
		None
 Return value:  Size  Location     Type
                  1    wreg      void 
 Registers used:
		None
 Tracked objects:
		On entry : 
		On exit  : 
		Unchanged: 
 Data sizes:     COMMON   BANK0   BANK1   BANK2   BANK3   BANK4   BANK5   BANK6   BANK7   BANK8   BANK9  BANK10  BANK11  BANK12
      Params:         0       0       0       0       0       0       0       0       0       0       0       0       0       0
      Locals:         0       0       0       0       0       0       0       0       0       0       0       0       0       0
      Temps:          0       0       0       0       0       0       0       0       0       0       0       0       0       0
      Totals:         0       0       0       0       0       0       0       0       0       0       0       0       0       0
Total ram usage:        0 bytes
 Hardware stack levels used:    1
 Hardware stack levels required when called:    7
 This function calls:
		Nothing
 This function is called by:
		_nrf24l01SetRXMode
		_nrf24l01ReceivePacket
		_nrf24l01SendPacket
		_nrf24l01Init
		i1_nrf24l01SetRXMode
 This function uses a non-reentrant model


 *************** function _nrf24l01CEHigh *****************
 Defined at:
		line 13 in file "interface.c"
 Parameters:    Size  Location     Type
		None
 Auto vars:     Size  Location     Type
		None
 Return value:  Size  Location     Type
                  1    wreg      void 
 Registers used:
		None
 Tracked objects:
		On entry : 
		On exit  : 
		Unchanged: 
 Data sizes:     COMMON   BANK0   BANK1   BANK2   BANK3   BANK4   BANK5   BANK6   BANK7   BANK8   BANK9  BANK10  BANK11  BANK12
      Params:         0       0       0       0       0       0       0       0       0       0       0       0       0       0
      Locals:         0       0       0       0       0       0       0       0       0       0       0       0       0       0
      Temps:          0       0       0       0       0       0       0       0       0       0       0       0       0       0
      Totals:         0       0       0       0       0       0       0       0       0       0       0       0       0       0
Total ram usage:        0 bytes
 Hardware stack levels used:    1
 Hardware stack levels required when called:    7
 This function calls:
		Nothing
 This function is called by:
		_nrf24l01SetRXMode
		_nrf24l01ReceivePacket
		_nrf24l01SendPacket
		_nrf24l01Init
		i1_nrf24l01SetRXMode
 This function uses a non-reentrant model


 *************** function _strcmp *****************
 Defined at:
		line 33 in file "C:\Program Files (x86)\Microchip\xc8\v2.00\pic\sources\c90\common\strcmp.c"
 Parameters:    Size  Location     Type
  s1              2    0[COMMON] PTR const unsigned char 
		 -> packet.Message(32), packet.Message(32), NULL(0), main@packet(33), 
		 -> loop@packet(33), 
  s2              1    2[COMMON] PTR const unsigned char 
		 -> RXPacket.Message(32), RXPacket(33), 
 Auto vars:     Size  Location     Type
  r               1    4[COMMON] char 
 Return value:  Size  Location     Type
                  2    0[COMMON] int 
 Registers used:
		wreg, fsr0l, fsr0h, fsr1l, fsr1h, status,2, status,0
 Tracked objects:
		On entry : 
		On exit  : 
		Unchanged: 
 Data sizes:     COMMON   BANK0   BANK1   BANK2   BANK3   BANK4   BANK5   BANK6   BANK7   BANK8   BANK9  BANK10  BANK11  BANK12
      Params:         3       0       0       0       0       0       0       0       0       0       0       0       0       0
      Locals:         1       0       0       0       0       0       0       0       0       0       0       0       0       0
      Temps:          1       0       0       0       0       0       0       0       0       0       0       0       0       0
      Totals:         5       0       0       0       0       0       0       0       0       0       0       0       0       0
Total ram usage:        5 bytes
 Hardware stack levels used:    1
 This function calls:
		Nothing
 This function is called by:
		_nrf24l01CheckACK
 This function uses a non-reentrant model


 *************** function _exception *****************
 Defined at:
		line 81 in file "interface.c"
 Parameters:    Size  Location     Type
  exception       1    wreg     unsigned char 
 Auto vars:     Size  Location     Type
  exception       1   12[COMMON] unsigned char 
 Return value:  Size  Location     Type
                  1    wreg      void 
 Registers used:
		wreg, fsr1l, fsr1h, status,2, status,0, pclath, cstack
 Tracked objects:
		On entry : 
		On exit  : 
		Unchanged: 
 Data sizes:     COMMON   BANK0   BANK1   BANK2   BANK3   BANK4   BANK5   BANK6   BANK7   BANK8   BANK9  BANK10  BANK11  BANK12
      Params:         0       0       0       0       0       0       0       0       0       0       0       0       0       0
      Locals:         1       0       0       0       0       0       0       0       0       0       0       0       0       0
      Temps:          2       0       0       0       0       0       0       0       0       0       0       0       0       0
      Totals:         3       0       0       0       0       0       0       0       0       0       0       0       0       0
Total ram usage:        3 bytes
 Hardware stack levels used:    1
 Hardware stack levels required when called:    2
 This function calls:
		_flashUpdate
		i1___wmul
 This function is called by:
		_nrf24l01ISR
 This function uses a non-reentrant model


 *************** function i1___wmul *****************
 Defined at:
		line 15 in file "C:\Program Files (x86)\Microchip\xc8\v2.00\pic\sources\c90\common\Umul16.c"
 Parameters:    Size  Location     Type
  multiplier      2    0[COMMON] unsigned int 
  multiplicand    2    2[COMMON] unsigned int 
 Auto vars:     Size  Location     Type
  __wmul          2    4[COMMON] unsigned int 
 Return value:  Size  Location     Type
                  2    0[COMMON] unsigned int 
 Registers used:
		wreg, status,2, status,0
 Tracked objects:
		On entry : 
		On exit  : 
		Unchanged: 
 Data sizes:     COMMON   BANK0   BANK1   BANK2   BANK3   BANK4   BANK5   BANK6   BANK7   BANK8   BANK9  BANK10  BANK11  BANK12
      Params:         4       0       0       0       0       0       0       0       0       0       0       0       0       0
      Locals:         2       0       0       0       0       0       0       0       0       0       0       0       0       0
      Temps:          0       0       0       0       0       0       0       0       0       0       0       0       0       0
      Totals:         6       0       0       0       0       0       0       0       0       0       0       0       0       0
Total ram usage:        6 bytes
 Hardware stack levels used:    1
 This function calls:
		Nothing
 This function is called by:
		_exception
 This function uses a non-reentrant model


 *************** function _flashUpdate *****************
 Defined at:
		line 97 in file "flash.c"
 Parameters:    Size  Location     Type
		None
 Auto vars:     Size  Location     Type
  i               2    8[COMMON] unsigned int 
 Return value:  Size  Location     Type
                  1    wreg      void 
 Registers used:
		wreg, fsr1l, fsr1h, status,2, status,0, pclath, cstack
 Tracked objects:
		On entry : 
		On exit  : 
		Unchanged: 
 Data sizes:     COMMON   BANK0   BANK1   BANK2   BANK3   BANK4   BANK5   BANK6   BANK7   BANK8   BANK9  BANK10  BANK11  BANK12
      Params:         0       0       0       0       0       0       0       0       0       0       0       0       0       0
      Locals:         2       0       0       0       0       0       0       0       0       0       0       0       0       0
      Temps:          2       0       0       0       0       0       0       0       0       0       0       0       0       0
      Totals:         4       0       0       0       0       0       0       0       0       0       0       0       0       0
Total ram usage:        4 bytes
 Hardware stack levels used:    1
 Hardware stack levels required when called:    1
 This function calls:
		_flashWriteByte
 This function is called by:
		_exception
 This function uses a non-reentrant model


 *************** function _flashWriteByte *****************
 Defined at:
		line 8 in file "flash.c"
 Parameters:    Size  Location     Type
  offset          2    0[COMMON] unsigned int 
  data            2    2[COMMON] unsigned int 
 Auto vars:     Size  Location     Type
  address         2    4[COMMON] unsigned int 
 Return value:  Size  Location     Type
                  1    wreg      void 
 Registers used:
		wreg, status,2, status,0
 Tracked objects:
		On entry : 
		On exit  : 
		Unchanged: 
 Data sizes:     COMMON   BANK0   BANK1   BANK2   BANK3   BANK4   BANK5   BANK6   BANK7   BANK8   BANK9  BANK10  BANK11  BANK12
      Params:         4       0       0       0       0       0       0       0       0       0       0       0       0       0
      Locals:         2       0       0       0       0       0       0       0       0       0       0       0       0       0
      Temps:          0       0       0       0       0       0       0       0       0       0       0       0       0       0
      Totals:         6       0       0       0       0       0       0       0       0       0       0       0       0       0
Total ram usage:        6 bytes
 Hardware stack levels used:    1
 This function calls:
		Nothing
 This function is called by:
		_flashUpdate
 This function uses a non-reentrant model



MODULE INFORMATION

Module		Function		Class		Link	Load	Size
C:\Program Files (x86)\Microchip\xc8\v2.00\pic\sources\c90\common\ftneg.c
		___ftneg       		CODE           	16E3	0000	10

C:\Program Files (x86)\Microchip\xc8\v2.00\pic\sources\c90\common\ftneg.c estimated size: 10

C:\Program Files (x86)\Microchip\xc8\v2.00\pic\sources\c90\common\ftsub.c
		___ftsub       		CODE           	0833	0000	31

C:\Program Files (x86)\Microchip\xc8\v2.00\pic\sources\c90\common\ftsub.c estimated size: 31

C:\Program Files (x86)\Microchip\xc8\v2.00\pic\sources\c90\common\float.c
		___ftpack      		CODE           	0D07	0000	102

C:\Program Files (x86)\Microchip\xc8\v2.00\pic\sources\c90\common\float.c estimated size: 102

C:\Program Files (x86)\Microchip\xc8\v2.00\pic\sources\c90\common\lwmod.c
		___lwmod       		CODE           	09DD	0000	46

C:\Program Files (x86)\Microchip\xc8\v2.00\pic\sources\c90\common\lwmod.c estimated size: 46

C:\Program Files (x86)\Microchip\xc8\v2.00\pic\sources\c90\common\doprnt.c
		_sprintf       		CODE           	0036	0000	462

C:\Program Files (x86)\Microchip\xc8\v2.00\pic\sources\c90\common\doprnt.c estimated size: 462

C:\Program Files (x86)\Microchip\xc8\v2.00\pic\sources\c90\common\llmod.c
		___llmod       		CODE           	0B91	0000	68

C:\Program Files (x86)\Microchip\xc8\v2.00\pic\sources\c90\common\llmod.c estimated size: 68

C:\Program Files (x86)\Microchip\xc8\v2.00\pic\sources\c90\common\Umul16.c
		___wmul        		CODE           	17C8	0000	29

C:\Program Files (x86)\Microchip\xc8\v2.00\pic\sources\c90\common\Umul16.c estimated size: 29

C:\Program Files (x86)\Microchip\xc8\v2.00\pic\sources\c90\common\ftmul.c
		___ftmul       		CODE           	06E1	0000	181

C:\Program Files (x86)\Microchip\xc8\v2.00\pic\sources\c90\common\ftmul.c estimated size: 181

C:\Program Files (x86)\Microchip\xc8\v2.00\pic\sources\c90\common\ftdiv.c
		___ftdiv       		CODE           	0F57	0000	170

C:\Program Files (x86)\Microchip\xc8\v2.00\pic\sources\c90\common\ftdiv.c estimated size: 170

C:\Program Files (x86)\Microchip\xc8\v2.00\pic\sources\c90\common\__lldiv.c
		___lldiv       		CODE           	0CB4	0000	84

C:\Program Files (x86)\Microchip\xc8\v2.00\pic\sources\c90\common\__lldiv.c estimated size: 84

C:\Program Files (x86)\Microchip\xc8\v2.00\pic\sources\c90\common\ftoa.c
		_ftoa          		CODE           	0526	0000	243

C:\Program Files (x86)\Microchip\xc8\v2.00\pic\sources\c90\common\ftoa.c estimated size: 243

C:\Program Files (x86)\Microchip\xc8\v2.00\pic\sources\c90\common\isdigit.c
		_isdigit       		CODE           	16F9	0000	16

C:\Program Files (x86)\Microchip\xc8\v2.00\pic\sources\c90\common\isdigit.c estimated size: 16

C:\Program Files (x86)\Microchip\xc8\v2.00\pic\sources\c90\common\Umul8.c
		___bmul        		CODE           	1708	0000	19

C:\Program Files (x86)\Microchip\xc8\v2.00\pic\sources\c90\common\Umul8.c estimated size: 19

C:\Program Files (x86)\Microchip\xc8\v2.00\pic\sources\c90\common\strcat.c
		_strcat        		CODE           	0961	0000	40

C:\Program Files (x86)\Microchip\xc8\v2.00\pic\sources\c90\common\strcat.c estimated size: 40

shared
		i1_nrf24l01Send		CODE           	1792	0000	28
		_dpowers       		STRCODE        	1000	0000	41
		i1_nrf24l01SetRXMode		CODE           	0A6C	0000	56
		_n_ADDRESS_P0  		STRCODE        	1824	0000	6
		i1___wmul      		CODE           	1777	0000	28
		_n_ADDRESS_MUL 		STRCODE        	183E	0000	2
		__initialization		CODE           	0011	0000	34
		_romArray      		STRCODE        	1FE0	0000	33
		_resetRomData  		STRCODE        	0000	0000	0
		i1_memset      		CODE           	1746	0000	25

shared estimated size: 253

interface.c
		_nrf24l01SPISend		CODE           	16EC	0000	14
		_exception     		CODE           	172E	0000	25
		_nrf24l01CELow 		CODE           	16BD	0000	4
		_nrf24l01CSLow 		CODE           	16C3	0000	4
		_nrf24l01SPIStart		CODE           	16DB	0000	9
		_nrf24l01SPIEnd		CODE           	16CC	0000	8
		_nrf24l01CEHigh		CODE           	16BA	0000	4
		_nrf24l01CSHigh		CODE           	16C0	0000	4
		_enableInterrupts		CODE           	16D3	0000	9
		_nrf24l01InterfaceInit		CODE           	17E4	0000	29

interface.c estimated size: 110

flash.c
		_flashWriteByte		CODE           	0A0A	0000	49
		_flashRealod   		CODE           	0870	0000	33
		_flashReadByte 		CODE           	0A3A	0000	51
		_flashUpdate   		CODE           	08B0	0000	34

flash.c estimated size: 167

C:\Program Files (x86)\Microchip\xc8\v2.00\pic\sources\c90\common\fttol.c
		___fttol       		CODE           	0EB2	0000	166

C:\Program Files (x86)\Microchip\xc8\v2.00\pic\sources\c90\common\fttol.c estimated size: 166

C:\Program Files (x86)\Microchip\xc8\v2.00\pic\sources\c90\common\strlen.c
		_strlen        		CODE           	0851	0000	32

C:\Program Files (x86)\Microchip\xc8\v2.00\pic\sources\c90\common\strlen.c estimated size: 32

C:\Program Files (x86)\Microchip\xc8\v2.00\pic\sources\c90\common\ftge.c
		___ftge        		CODE           	0B16	0000	61

C:\Program Files (x86)\Microchip\xc8\v2.00\pic\sources\c90\common\ftge.c estimated size: 61

C:\Program Files (x86)\Microchip\xc8\v2.00\pic\sources\c90\common\ftadd.c
		___ftadd       		CODE           	0430	0000	247

C:\Program Files (x86)\Microchip\xc8\v2.00\pic\sources\c90\common\ftadd.c estimated size: 247

C:\Program Files (x86)\Microchip\xc8\v2.00\pic\sources\c90\common\strcmp.c
		_strcmp        		CODE           	093A	0000	40

C:\Program Files (x86)\Microchip\xc8\v2.00\pic\sources\c90\common\strcmp.c estimated size: 40

C:\Program Files (x86)\Microchip\xc8\v2.00\pic\sources\c90\common\awtoft.c
		___awtoft      		CODE           	08F2	0000	35

C:\Program Files (x86)\Microchip\xc8\v2.00\pic\sources\c90\common\awtoft.c estimated size: 35

C:\Program Files (x86)\Microchip\xc8\v2.00\pic\sources\c90\common\strcpy.c
		_strcpy        		CODE           	0817	0000	29

C:\Program Files (x86)\Microchip\xc8\v2.00\pic\sources\c90\common\strcpy.c estimated size: 29

nrf24l01.c
		_nrf24l01ChangeTXPower		CODE           	0B52	0000	64
		_nrf24l01SendPacket		CODE           	0618	0000	202
		_nrf24l01InitRegisters		CODE           	032A	0000	263
		_nrf24l01CheckACK		CODE           	09B2	0000	44
		_nrf24l01ISR   		CODE           	0C65	0000	80
		_nrf24l01Send  		CODE           	0890	0000	33
		_nrf24l01Init  		CODE           	0914	0000	39
		_nrf24l01SetRXMode		CODE           	0ADB	0000	60
		_nrf24l01SetRXPipe		CODE           	08D1	0000	34
		_nrf24l01SetTXPipe		CODE           	0BD4	0000	69
		_nrf24l01GetRXPacket		CODE           	07FE	0000	3
		_nrf24l01ReceivePacket		CODE           	0C18	0000	78

nrf24l01.c estimated size: 969

C:\Program Files (x86)\Microchip\xc8\v2.00\pic\sources\c90\common\memset.c
		_memset        		CODE           	175E	0000	26

C:\Program Files (x86)\Microchip\xc8\v2.00\pic\sources\c90\common\memset.c estimated size: 26

main.c
		_loop          		CODE           	0203	0000	296
		_nrf24l01GetPipe		CODE           	0AA3	0000	57
		_checkTXPower  		CODE           	171A	0000	21
		_setMessage    		CODE           	0795	0000	106
		_ISR           		CODE           	0004	0000	12
		_main          		CODE           	0D6C	0000	162
		_getADCValue   		CODE           	0E0D	0000	166
		_sleep         		CODE           	17AD	0000	28

main.c estimated size: 848

C:\Program Files (x86)\Microchip\xc8\v2.00\pic\sources\c90\common\lwtoft.c
		___lwtoft      		CODE           	0802	0000	22

C:\Program Files (x86)\Microchip\xc8\v2.00\pic\sources\c90\common\lwtoft.c estimated size: 22

C:\Program Files (x86)\Microchip\xc8\v2.00\pic\sources\c90\common\lltoft.c
		___lltoft      		CODE           	0988	0000	43

C:\Program Files (x86)\Microchip\xc8\v2.00\pic\sources\c90\common\lltoft.c estimated size: 43

