Microchip MPLAB XC8 Compiler V2.00 ()

Linker command line:

-W-3 --edf=C:\Program Files (x86)\Microchip\xc8\v2.00\pic\dat\en_msgs.txt \
  -cs -h+dist/default/production\nRF24L01__PIC16LF1825.X.X.production.sym \
  --cmf=dist/default/production\nRF24L01__PIC16LF1825.X.X.production.cmf -z \
  -Q16LF18325 -oC:\Users\Leon\AppData\Local\Temp\s8lg.2 \
  -Mdist/default/production/nRF24L01__PIC16LF1825.X.X.production.map -E1 \
  -ver=XC8 -ASTACK=020E1h-023efh -pstack=STACK -p_romArray_text=1FE0h \
  -ACODE=00h-07FFhx4 -ASTRCODE=00h-01FFFh -ASTRING=00h-0FFhx32 \
  -ACONST=00h-0FFhx32 -AENTRY=00h-0FFhx32 -ACOMMON=070h-07Fh \
  -ABANK0=020h-06Fh -ABANK1=0A0h-0EFh -ABANK2=0120h-016Fh \
  -ABANK3=01A0h-01EFh -ABANK4=0220h-026Fh -ABANK5=02A0h-02EFh \
  -ABANK6=0320h-036Fh -ABANK7=03A0h-03EFh -ABANK8=0420h-046Fh \
  -ABANK9=04A0h-04EFh -ABANK10=0520h-056Fh -ABANK11=05A0h-05EFh \
  -ABANK12=0620h-064Fh -ABIGRAM=02000h-023EFh \
  -ARAM=020h-06Fh,0A0h-0EFh,0120h-016Fh,01A0h-01EFh,0220h-026Fh,02A0h-02EFh,0320h-036Fh,03A0h-03EFh,0420h-046Fh,04A0h-04EFh,0520h-056Fh,05A0h-05EFh,0620h-064Fh \
  -AABS1=020h-07Fh,0A0h-0EFh,0120h-016Fh,01A0h-01EFh,0220h-026Fh,02A0h-02EFh,0320h-036Fh,03A0h-03EFh,0420h-046Fh,04A0h-04EFh,0520h-056Fh,05A0h-05EFh,0620h-064Fh \
  -ASFR0=00h-01Fh -ASFR1=080h-09Fh -ASFR2=0100h-011Fh -ASFR3=0180h-019Fh \
  -ASFR4=0200h-021Fh -ASFR5=0280h-029Fh -ASFR6=0300h-031Fh \
  -ASFR7=0380h-039Fh -ASFR8=0400h-041Fh -ASFR9=0480h-049Fh \
  -ASFR10=0500h-051Fh -ASFR11=0580h-059Fh -ASFR12=0600h-061Fh \
  -ASFR13=0680h-06EFh -ASFR14=0700h-076Fh -ASFR15=0780h-07EFh \
  -ASFR16=0800h-086Fh -ASFR17=0880h-08EFh -ASFR18=0900h-096Fh \
  -ASFR19=0980h-09EFh -ASFR20=0A00h-0A6Fh -ASFR21=0A80h-0AEFh \
  -ASFR22=0B00h-0B6Fh -ASFR23=0B80h-0BEFh -ASFR24=0C00h-0C6Fh \
  -ASFR25=0C80h-0CEFh -ASFR26=0D00h-0D6Fh -ASFR27=0D80h-0DEFh \
  -ASFR28=0E00h-0E6Fh -ASFR29=0E80h-0EEFh -ASFR30=0F00h-0F6Fh \
  -ASFR31=0F80h-0FEFh -preset_vec=00h,intentry=04h,init,end_init \
  -ppowerup=CODE -pcinit=CODE -pfunctab=ENTRY -ACONFIG=08007h-0800Ah \
  -pconfig=CONFIG -DCONFIG=2 -AIDLOC=08000h-08003h -pidloc=IDLOC -DIDLOC=2 \
  -AEEDATA=00h-0FFh/0F000h -peeprom_data=EEDATA -DEEDATA=2 -DCODE=2 \
  -DSTRCODE=2 -DSTRING=2 -DCONST=2 -DENTRY=2 -k \
  C:\Users\Leon\AppData\Local\Temp\s8lg.o \
  dist/default/production\nRF24L01__PIC16LF1825.X.X.production.o 

Object code version is 3.11

Machine type is 16LF18325



                Name                               Link     Load   Length Selector   Space Scale
C:\Users\Leon\AppData\Local\Temp\s8lg.o
                end_init                              F        F        2        8       0
                reset_vec                             0        0        2        0       0
                config                             8007     8007        4    1000E       0
dist/default/production\nRF24L01__PIC16LF1825.X.X.production.o
                cinit                                11       11       18        8       0
                intentry                              4        4        B        8       0
                text47                              ECA      ECA       1B     1D94       0
                text46                              724      724       30        8       0
                text45                              F97      F97       21     1F2E       0
                text44                              E81      E81       18     1D02       0
                text43                              7C8      7C8       26        8       0
                text42                              E37      E37        3     1C6E       0
                text41                              E3A      E3A        3     1C74       0
                text40                              E50      E50        8     1CA0       0
                text39                              E3D      E3D        3     1C7A       0
                text38                              E49      E49        7     1C92       0
                text37                              E60      E60        D     1CC0       0
                text36                              E40      E40        3     1C80       0
                text35                              E58      E58        8     1CB0       0
                text34                              EE5      EE5       1B     1DCA       0
                text33                              655      655       37        8       0
                text32                              F37      F37       20     1E6E       0
                text31                              E99      E99       18     1D32       0
                text30                              40B      40B       59        8       0
                text29                              68C      68C       36        8       0
                text27                              6C2      6C2       32        8       0
                text26                              F57      F57       20     1EAE       0
                text25                              5DE      5DE       3C        8       0
                text24                              FB8      FB8       23     1F70       0
                text23                              F77      F77       20     1EEE       0
                text22                              59F      59F       3F        8       0
                text21                                2        2        2        0       0
                text20                              E6D      E6D       14     1CDA       0
                text19                              4B8      4B8       53        8       0
                text18                              6F4      6F4       30        8       0
                text17                              383      383       88        8       0
                text16                              61A      61A       3B        8       0
                text15                              FDB      FDB       25     1FB6       0
                text14                              1DC      1DC       96        8       0
                text13                              EB1      EB1       19     1D62       0
                text12                              7A2      7A2       26        8       0
                text11                              55C      55C       43        8       0
                text10                              272      272       89        8       0
                text9                               464      464       54        8       0
                text8                               7EE      7EE       12        8       0
                text7                                29       29      114        8       0
                text6                               50B      50B       51        8       0
                text5                               754      754       28        8       0
                text4                               13D      13D       9F        8       0
                text3                               F1B      F1B       1C     1E36       0
                text2                               77C      77C       26        8       0
                text1                               F00      F00       1B     1E00       0
                maintext                            2FB      2FB       88        8       0
                cstackBANK0                          20       20       39       20       1
                cstackCOMMON                         70       70        E       70       1
                cstackBANK1                          A0       A0       43       A0       1
                clrtext                             E43      E43        6     1C86       0
                bssBANK2                            120      120       41      120       1
                bssBANK1                             E3       E3        4       A0       1
                bssBANK0                             59       59       16       20       1
                stringtext12                       103E     103E        2     2000       0
                stringtext11                       103A     103A        4     2000       0
                stringtext10                       1036     1036        4     2000       0
                stringtext9                        1032     1032        4     2000       0
                stringtext8                        102D     102D        5     2000       0
                stringtext7                        1028     1028        5     2000       0
                stringtext6                        1023     1023        5     2000       0
                stringtext5                        101E     101E        5     2000       0
                stringtext4                        1013     1013        6     2000       0
                _romArray_text                     1FE0     1FE0       20     3FC0       0
                stringtext3                        1040     1040        1     2000       0
                stringtext2                        1019     1019        5     2000       0
                stringtext1                        1000     1000       13     2000       0

TOTAL           Name                               Link     Load   Length     Space
        CLASS   STACK          

        CLASS   CODE           
                end_init                              F        F        2         0
                cinit                                11       11       18         0
                intentry                              4        4        B         0
                reset_vec                             0        0        2         0
                text47                              ECA      ECA       1B         0
                text46                              724      724       30         0
                text45                              F97      F97       21         0
                text44                              E81      E81       18         0
                text43                              7C8      7C8       26         0
                text42                              E37      E37        3         0
                text41                              E3A      E3A        3         0
                text40                              E50      E50        8         0
                text39                              E3D      E3D        3         0
                text38                              E49      E49        7         0
                text37                              E60      E60        D         0
                text36                              E40      E40        3         0
                text35                              E58      E58        8         0
                text34                              EE5      EE5       1B         0
                text33                              655      655       37         0
                text32                              F37      F37       20         0
                text31                              E99      E99       18         0
                text30                              40B      40B       59         0
                text29                              68C      68C       36         0
                text27                              6C2      6C2       32         0
                text26                              F57      F57       20         0
                text25                              5DE      5DE       3C         0
                text24                              FB8      FB8       23         0
                text23                              F77      F77       20         0
                text22                              59F      59F       3F         0
                text21                                2        2        2         0
                text20                              E6D      E6D       14         0
                text19                              4B8      4B8       53         0
                text18                              6F4      6F4       30         0
                text17                              383      383       88         0
                text16                              61A      61A       3B         0
                text15                              FDB      FDB       25         0
                text14                              1DC      1DC       96         0
                text13                              EB1      EB1       19         0
                text12                              7A2      7A2       26         0
                text11                              55C      55C       43         0
                text10                              272      272       89         0
                text9                               464      464       54         0
                text8                               7EE      7EE       12         0
                text7                                29       29      114         0
                text6                               50B      50B       51         0
                text5                               754      754       28         0
                text4                               13D      13D       9F         0
                text3                               F1B      F1B       1C         0
                text2                               77C      77C       26         0
                text1                               F00      F00       1B         0
                maintext                            2FB      2FB       88         0
                clrtext                             E43      E43        6         0

        CLASS   STRCODE        
                stringtext12                       103E     103E        2         0
                stringtext11                       103A     103A        4         0
                stringtext10                       1036     1036        4         0
                stringtext9                        1032     1032        4         0
                stringtext8                        102D     102D        5         0
                stringtext7                        1028     1028        5         0
                stringtext6                        1023     1023        5         0
                stringtext5                        101E     101E        5         0
                stringtext4                        1013     1013        6         0
                _romArray_text                     1FE0     1FE0       20         0
                stringtext3                        1040     1040        1         0
                stringtext2                        1019     1019        5         0
                stringtext1                        1000     1000       13         0

        CLASS   STRING         

        CLASS   CONST          

        CLASS   ENTRY          

        CLASS   COMMON         
                cstackCOMMON                         70       70        E         1

        CLASS   BANK0          
                cstackBANK0                          20       20       39         1
                bssBANK0                             59       59       16         1

        CLASS   BANK1          
                cstackBANK1                          A0       A0       43         1
                bssBANK1                             E3       E3        4         1

        CLASS   BANK2          
                bssBANK2                            120      120       41         1

        CLASS   BANK3          

        CLASS   BANK4          

        CLASS   BANK5          

        CLASS   BANK6          

        CLASS   BANK7          

        CLASS   BANK8          

        CLASS   BANK9          

        CLASS   BANK10         

        CLASS   BANK11         

        CLASS   BANK12         

        CLASS   BIGRAM         

        CLASS   RAM            

        CLASS   ABS1           
                abs_s1                               7E       7E        2         1

        CLASS   SFR0           

        CLASS   SFR1           

        CLASS   SFR2           

        CLASS   SFR3           

        CLASS   SFR4           

        CLASS   SFR5           

        CLASS   SFR6           

        CLASS   SFR7           

        CLASS   SFR8           

        CLASS   SFR9           

        CLASS   SFR10          

        CLASS   SFR11          

        CLASS   SFR12          

        CLASS   SFR13          

        CLASS   SFR14          

        CLASS   SFR15          

        CLASS   SFR16          

        CLASS   SFR17          

        CLASS   SFR18          

        CLASS   SFR19          

        CLASS   SFR20          

        CLASS   SFR21          

        CLASS   SFR22          

        CLASS   SFR23          

        CLASS   SFR24          

        CLASS   SFR25          

        CLASS   SFR26          

        CLASS   SFR27          

        CLASS   SFR28          

        CLASS   SFR29          

        CLASS   SFR30          

        CLASS   SFR31          

        CLASS   CONFIG         
                config                             8007     8007        4         0

        CLASS   IDLOC          

        CLASS   EEDATA         

        CLASS   BANK31         

        CLASS   BANK30         

        CLASS   BANK29         

        CLASS   BANK28         

        CLASS   BANK27         

        CLASS   BANK26         

        CLASS   BANK25         

        CLASS   BANK24         

        CLASS   BANK23         

        CLASS   BANK22         

        CLASS   BANK21         

        CLASS   BANK20         

        CLASS   BANK19         

        CLASS   BANK18         

        CLASS   BANK17         

        CLASS   BANK16         

        CLASS   BANK15         

        CLASS   BANK14         

        CLASS   BANK13         



SEGMENTS        Name                           Load    Length   Top    Selector   Space  Class     Delta

                reset_vec                      000000  000004  000004         0       0  CODE        2
                intentry                       000004  0007FC  000800         8       0  CODE        2
                cstackBANK0                    000020  00004F  00006F        20       1  BANK0       1
                cstackCOMMON                   000070  00000E  00007E        70       1  COMMON      1
                cstackBANK1                    0000A0  000047  0000E7        A0       1  BANK1       1
                bssBANK2                       000120  000041  000161       120       1  BANK2       1
                text42                         000E37  000003  000E3A      1C6E       0  CODE        2
                text41                         000E3A  000003  000E3D      1C74       0  CODE        2
                text39                         000E3D  000003  000E40      1C7A       0  CODE        2
                text36                         000E40  000003  000E43      1C80       0  CODE        2
                clrtext                        000E43  000006  000E49      1C86       0  CODE        2
                text38                         000E49  000007  000E50      1C92       0  CODE        2
                text40                         000E50  000008  000E58      1CA0       0  CODE        2
                text35                         000E58  000008  000E60      1CB0       0  CODE        2
                text37                         000E60  00000D  000E6D      1CC0       0  CODE        2
                text20                         000E6D  000014  000E81      1CDA       0  CODE        2
                text44                         000E81  000018  000E99      1D02       0  CODE        2
                text31                         000E99  000018  000EB1      1D32       0  CODE        2
                text13                         000EB1  000019  000ECA      1D62       0  CODE        2
                text47                         000ECA  00001B  000EE5      1D94       0  CODE        2
                text34                         000EE5  00001B  000F00      1DCA       0  CODE        2
                text1                          000F00  00001B  000F1B      1E00       0  CODE        2
                text3                          000F1B  00001C  000F37      1E36       0  CODE        2
                text32                         000F37  000020  000F57      1E6E       0  CODE        2
                text26                         000F57  000020  000F77      1EAE       0  CODE        2
                text23                         000F77  000020  000F97      1EEE       0  CODE        2
                text45                         000F97  000021  000FB8      1F2E       0  CODE        2
                text24                         000FB8  000023  000FDB      1F70       0  CODE        2
                text15                         000FDB  000025  001000      1FB6       0  CODE        2
                stringtext1                    001000  000041  001041      2000       0  STRCODE     2
                _romArray_text                 001FE0  000020  002000      3FC0       0  STRCODE     2
                config                         008007  000004  00800B     1000E       0  CONFIG      2


UNUSED ADDRESS RANGES

        Name                Unused          Largest block    Delta
        BANK0            0006F-0006F               1           1
        BANK1            000E7-000EF               9           1
        BANK10           00520-0056F              50           1
        BANK11           005A0-005EF              50           1
        BANK12           00620-0064F              30           1
        BANK2            00161-0016F               F           1
        BANK3            001A0-001EF              50           1
        BANK4            00220-0026F              50           1
        BANK5            002A0-002EF              50           1
        BANK6            00320-0036F              50           1
        BANK7            003A0-003EF              50           1
        BANK8            00420-0046F              50           1
        BANK9            004A0-004EF              50           1
        BIGRAM           02000-023EF             3F0           1
        CODE             00800-00E36             637           2
                         01041-01FDF             7BF
        CONST            00800-00E36             100           2
                         01041-01FDF             100
        EEDATA           0F000-0F0FF             100           2
        ENTRY            00800-00E36             100           2
                         01041-01FDF             100
        IDLOC            08000-08003               4           2
        RAM              0006F-0006F               1           1
                         000E7-000EF               9
                         00161-0016F               F
                         001A0-001EF              50
                         00220-0026F              50
                         002A0-002EF              50
                         00320-0036F              50
                         003A0-003EF              50
                         00420-0046F              50
                         004A0-004EF              50
                         00520-0056F              50
                         005A0-005EF              50
                         00620-0064F              30
        SFR0             00000-0001F              20           1
        SFR1             00080-0009F              20           1
        SFR10            00500-0051F              20           1
        SFR11            00580-0059F              20           1
        SFR12            00600-0061F              20           1
        SFR13            00680-006EF              70           1
        SFR14            00700-0076F              70           1
        SFR15            00780-007EF              70           1
        SFR16            00800-0086F              70           1
        SFR17            00880-008EF              70           1
        SFR18            00900-0096F              70           1
        SFR19            00980-009EF              70           1
        SFR2             00100-0011F              20           1
        SFR20            00A00-00A6F              70           1
        SFR21            00A80-00AEF              70           1
        SFR22            00B00-00B6F              70           1
        SFR23            00B80-00BEF              70           1
        SFR24            00C00-00C6F              70           1
        SFR25            00C80-00CEF              70           1
        SFR26            00D00-00D6F              70           1
        SFR27            00D80-00DEF              70           1
        SFR28            00E00-00E6F              70           1
        SFR29            00E80-00EEF              70           1
        SFR3             00180-0019F              20           1
        SFR30            00F00-00F6F              70           1
        SFR31            00F80-00FEF              70           1
        SFR4             00200-0021F              20           1
        SFR5             00280-0029F              20           1
        SFR6             00300-0031F              20           1
        SFR7             00380-0039F              20           1
        SFR8             00400-0041F              20           1
        SFR9             00480-0049F              20           1
        STACK            020E1-023EF             30F           1
        STRCODE          00800-00E36             637           2
                         01041-01FDF             F9F
        STRING           00800-00E36             100           2
                         01041-01FDF             100

                                  Symbol Table

?___lldiv                       cstackBANK0    00021
?___llmod                       cstackBANK0    00021
?___lmul                        cstackBANK0    00021
?___wmul                        cstackCOMMON   00070
?_flashReadByte                 cstackBANK0    00021
?_getADCValue                   cstackBANK0    0002F
?_strcmp                        cstackCOMMON   00070
?_strlen                        cstackBANK0    00021
_ADCON0bits                     (abs)          0009D
_ADCON1bits                     (abs)          0009E
_ADRESH                         (abs)          0009C
_ADRESL                         (abs)          0009B
_ANSELA                         (abs)          0018C
_ANSELAbits                     (abs)          0018C
_ANSELC                         (abs)          0018E
_ANSELCbits                     (abs)          0018E
_FVRCONbits                     (abs)          00117
_INLVLA                         (abs)          0038C
_INLVLC                         (abs)          0038E
_INTCONbits                     (abs)          0000B
_ISR                            intentry       00004
_ODCONA                         (abs)          0028C
_ODCONC                         (abs)          0028E
_OSCCON1bits                    (abs)          00919
_PIE0bits                       (abs)          00090
_PIR0bits                       (abs)          00010
_PMADRH                         (abs)          00892
_PMADRL                         (abs)          00891
_PMCON1                         (abs)          00895
_PMCON1bits                     (abs)          00895
_PMCON2                         (abs)          00896
_PMDATH                         (abs)          00894
_PMDATL                         (abs)          00893
_PORTAbits                      (abs)          0000C
_PORTCbits                      (abs)          0000E
_RC0PPSbits                     (abs)          00EA0
_RC1PPSbits                     (abs)          00EA1
_RC2PPSbits                     (abs)          00EA2
_RXPacket                       bssBANK2       00140
_SSP1BUF                        (abs)          00211
_SSP1CON1bits                   (abs)          00215
_SSP1STATbits                   (abs)          00214
_STATUSbits                     (abs)          00003
_TRISAbits                      (abs)          0008C
_TRISCbits                      (abs)          0008E
_TXPacket                       bssBANK0       00059
_WDTCONbits                     (abs)          00097
_WPUA                           (abs)          0020C
_WPUAbits                       (abs)          0020C
_WPUC                           (abs)          0020E
__CFG_BOREN$OFF                 (abs)          00000
__CFG_BORV$LOW                  (abs)          00000
__CFG_CLKOUTEN$OFF              (abs)          00000
__CFG_CP$OFF                    (abs)          00000
__CFG_CPD$OFF                   (abs)          00000
__CFG_CSWEN$ON                  (abs)          00000
__CFG_DEBUG$OFF                 (abs)          00000
__CFG_FCMEN$ON                  (abs)          00000
__CFG_FEXTOSC$OFF               (abs)          00000
__CFG_LPBOREN$OFF               (abs)          00000
__CFG_LVP$ON                    (abs)          00000
__CFG_MCLRE$ON                  (abs)          00000
__CFG_PPS1WAY$ON                (abs)          00000
__CFG_PWRTE$ON                  (abs)          00000
__CFG_RSTOSC$HFINT32            (abs)          00000
__CFG_STVREN$ON                 (abs)          00000
__CFG_WDTE$ON                   (abs)          00000
__CFG_WRT$OFF                   (abs)          00000
__H_romArray_text               _romArray_text 02000
__Habs1                         abs1           00000
__Hbank0                        bank0          00000
__Hbank1                        bank1          00000
__Hbank10                       bank10         00000
__Hbank11                       bank11         00000
__Hbank12                       bank12         00000
__Hbank13                       bank13         00000
__Hbank14                       bank14         00000
__Hbank15                       bank15         00000
__Hbank16                       bank16         00000
__Hbank17                       bank17         00000
__Hbank18                       bank18         00000
__Hbank19                       bank19         00000
__Hbank2                        bank2          00000
__Hbank20                       bank20         00000
__Hbank21                       bank21         00000
__Hbank22                       bank22         00000
__Hbank23                       bank23         00000
__Hbank24                       bank24         00000
__Hbank25                       bank25         00000
__Hbank26                       bank26         00000
__Hbank27                       bank27         00000
__Hbank28                       bank28         00000
__Hbank29                       bank29         00000
__Hbank3                        bank3          00000
__Hbank30                       bank30         00000
__Hbank31                       bank31         00000
__Hbank4                        bank4          00000
__Hbank5                        bank5          00000
__Hbank6                        bank6          00000
__Hbank7                        bank7          00000
__Hbank8                        bank8          00000
__Hbank9                        bank9          00000
__Hbigram                       bigram         00000
__HbssBANK0                     bssBANK0       00000
__HbssBANK1                     bssBANK1       00000
__HbssBANK2                     bssBANK2       00000
__Hcinit                        cinit          00029
__Hclrtext                      clrtext        00000
__Hcode                         code           00000
__Hcommon                       common         00000
__Hconfig                       config         0800B
__HcstackBANK0                  cstackBANK0    00000
__HcstackBANK1                  cstackBANK1    00000
__HcstackCOMMON                 cstackCOMMON   00000
__Heeprom_data                  eeprom_data    00000
__Hend_init                     end_init       00011
__Hfunctab                      functab        00000
__Hidloc                        idloc          00000
__Hinit                         init           0000F
__Hintentry                     intentry       0000F
__Hmaintext                     maintext       00000
__Hpowerup                      powerup        00000
__Hram                          ram            00000
__Hreset_vec                    reset_vec      00002
__Hsfr0                         sfr0           00000
__Hsfr1                         sfr1           00000
__Hsfr10                        sfr10          00000
__Hsfr11                        sfr11          00000
__Hsfr12                        sfr12          00000
__Hsfr13                        sfr13          00000
__Hsfr14                        sfr14          00000
__Hsfr15                        sfr15          00000
__Hsfr16                        sfr16          00000
__Hsfr17                        sfr17          00000
__Hsfr18                        sfr18          00000
__Hsfr19                        sfr19          00000
__Hsfr2                         sfr2           00000
__Hsfr20                        sfr20          00000
__Hsfr21                        sfr21          00000
__Hsfr22                        sfr22          00000
__Hsfr23                        sfr23          00000
__Hsfr24                        sfr24          00000
__Hsfr25                        sfr25          00000
__Hsfr26                        sfr26          00000
__Hsfr27                        sfr27          00000
__Hsfr28                        sfr28          00000
__Hsfr29                        sfr29          00000
__Hsfr3                         sfr3           00000
__Hsfr30                        sfr30          00000
__Hsfr31                        sfr31          00000
__Hsfr4                         sfr4           00000
__Hsfr5                         sfr5           00000
__Hsfr6                         sfr6           00000
__Hsfr7                         sfr7           00000
__Hsfr8                         sfr8           00000
__Hsfr9                         sfr9           00000
__Hspace_0                      (abs)          0800B
__Hspace_1                      (abs)          00161
__Hspace_2                      (abs)          00000
__Hspace_3                      (abs)          00000
__Hstack                        stack          00000
__Hstrings                      strings        00000
__Hstringtext1                  stringtext1    00000
__Hstringtext10                 stringtext10   00000
__Hstringtext11                 stringtext11   00000
__Hstringtext12                 stringtext12   00000
__Hstringtext13                 stringtext13   00000
__Hstringtext2                  stringtext2    00000
__Hstringtext3                  stringtext3    00000
__Hstringtext4                  stringtext4    00000
__Hstringtext5                  stringtext5    00000
__Hstringtext6                  stringtext6    00000
__Hstringtext7                  stringtext7    00000
__Hstringtext8                  stringtext8    00000
__Hstringtext9                  stringtext9    00000
__Htext                         text           00000
__L_romArray_text               _romArray_text 01FE0
__Labs1                         abs1           00000
__Lbank0                        bank0          00000
__Lbank1                        bank1          00000
__Lbank10                       bank10         00000
__Lbank11                       bank11         00000
__Lbank12                       bank12         00000
__Lbank13                       bank13         00000
__Lbank14                       bank14         00000
__Lbank15                       bank15         00000
__Lbank16                       bank16         00000
__Lbank17                       bank17         00000
__Lbank18                       bank18         00000
__Lbank19                       bank19         00000
__Lbank2                        bank2          00000
__Lbank20                       bank20         00000
__Lbank21                       bank21         00000
__Lbank22                       bank22         00000
__Lbank23                       bank23         00000
__Lbank24                       bank24         00000
__Lbank25                       bank25         00000
__Lbank26                       bank26         00000
__Lbank27                       bank27         00000
__Lbank28                       bank28         00000
__Lbank29                       bank29         00000
__Lbank3                        bank3          00000
__Lbank30                       bank30         00000
__Lbank31                       bank31         00000
__Lbank4                        bank4          00000
__Lbank5                        bank5          00000
__Lbank6                        bank6          00000
__Lbank7                        bank7          00000
__Lbank8                        bank8          00000
__Lbank9                        bank9          00000
__Lbigram                       bigram         00000
__LbssBANK0                     bssBANK0       00000
__LbssBANK1                     bssBANK1       00000
__LbssBANK2                     bssBANK2       00000
__Lcinit                        cinit          00011
__Lclrtext                      clrtext        00000
__Lcode                         code           00000
__Lcommon                       common         00000
__Lconfig                       config         08007
__LcstackBANK0                  cstackBANK0    00000
__LcstackBANK1                  cstackBANK1    00000
__LcstackCOMMON                 cstackCOMMON   00000
__Leeprom_data                  eeprom_data    00000
__Lend_init                     end_init       0000F
__Lfunctab                      functab        00000
__Lidloc                        idloc          00000
__Linit                         init           0000F
__Lintentry                     intentry       00004
__Lmaintext                     maintext       00000
__Lpowerup                      powerup        00000
__Lram                          ram            00000
__Lreset_vec                    reset_vec      00000
__Lsfr0                         sfr0           00000
__Lsfr1                         sfr1           00000
__Lsfr10                        sfr10          00000
__Lsfr11                        sfr11          00000
__Lsfr12                        sfr12          00000
__Lsfr13                        sfr13          00000
__Lsfr14                        sfr14          00000
__Lsfr15                        sfr15          00000
__Lsfr16                        sfr16          00000
__Lsfr17                        sfr17          00000
__Lsfr18                        sfr18          00000
__Lsfr19                        sfr19          00000
__Lsfr2                         sfr2           00000
__Lsfr20                        sfr20          00000
__Lsfr21                        sfr21          00000
__Lsfr22                        sfr22          00000
__Lsfr23                        sfr23          00000
__Lsfr24                        sfr24          00000
__Lsfr25                        sfr25          00000
__Lsfr26                        sfr26          00000
__Lsfr27                        sfr27          00000
__Lsfr28                        sfr28          00000
__Lsfr29                        sfr29          00000
__Lsfr3                         sfr3           00000
__Lsfr30                        sfr30          00000
__Lsfr31                        sfr31          00000
__Lsfr4                         sfr4           00000
__Lsfr5                         sfr5           00000
__Lsfr6                         sfr6           00000
__Lsfr7                         sfr7           00000
__Lsfr8                         sfr8           00000
__Lsfr9                         sfr9           00000
__Lspace_0                      (abs)          00000
__Lspace_1                      (abs)          00000
__Lspace_2                      (abs)          00000
__Lspace_3                      (abs)          00000
__Lstack                        stack          00000
__Lstrings                      strings        00000
__Lstringtext1                  stringtext1    00000
__Lstringtext10                 stringtext10   00000
__Lstringtext11                 stringtext11   00000
__Lstringtext12                 stringtext12   00000
__Lstringtext13                 stringtext13   00000
__Lstringtext2                  stringtext2    00000
__Lstringtext3                  stringtext3    00000
__Lstringtext4                  stringtext4    00000
__Lstringtext5                  stringtext5    00000
__Lstringtext6                  stringtext6    00000
__Lstringtext7                  stringtext7    00000
__Lstringtext8                  stringtext8    00000
__Lstringtext9                  stringtext9    00000
__Ltext                         text           00000
__S0                            (abs)          0800B
__S1                            (abs)          00161
__S2                            (abs)          00000
__S3                            (abs)          00000
___int_sp                       stack          00000
___latbits                      (abs)          00002
___lldiv                        text19         004B8
___lldiv@counter                cstackBANK0    0002E
___lldiv@dividend               cstackBANK0    00025
___lldiv@divisor                cstackBANK0    00021
___lldiv@quotient               cstackBANK0    0002A
___llmod                        text11         0055C
___llmod@counter                cstackBANK0    0002A
___llmod@dividend               cstackBANK0    00025
___llmod@divisor                cstackBANK0    00021
___lmul                         text18         006F4
___lmul@multiplicand            cstackBANK0    00025
___lmul@multiplier              cstackBANK0    00021
___lmul@product                 cstackBANK0    00029
___sp                           stack          00000
___wmul                         text47         00ECA
___wmul@multiplicand            cstackCOMMON   00072
___wmul@multiplier              cstackCOMMON   00070
___wmul@product                 cstackCOMMON   00074
__end_of_ISR                    intentry       0000F
__end_of___lldiv                text19         0050B
__end_of___llmod                text11         0059F
__end_of___lmul                 text18         00724
__end_of___wmul                 text47         00EE5
__end_of__initialization        cinit          00025
__end_of_checkTXPower           text20         00E81
__end_of_enableInterrupts       text40         00E58
__end_of_exception              text44         00E99
__end_of_flashReadByte          text27         006F4
__end_of_flashRealod            text26         00F77
__end_of_flashUpdate            text24         00FDB
__end_of_flashWriteByte         text25         0061A
__end_of_getADCValue            text17         0040B
__end_of_loop                   text7          0013D
__end_of_main                   maintext       00383
__end_of_memset                 text13         00ECA
__end_of_n_ADDRESS_MUL          stringtext3    01041
__end_of_n_ADDRESS_P0           stringtext2    0101E
__end_of_nrf24l01CEHigh         text42         00E3A
__end_of_nrf24l01CELow          text41         00E3D
__end_of_nrf24l01CSHigh         text39         00E40
__end_of_nrf24l01CSLow          text36         00E43
__end_of_nrf24l01ChangeTXPower  text22         005DE
__end_of_nrf24l01CheckACK       text32         00F57
__end_of_nrf24l01GetPipe        text6          0055C
__end_of_nrf24l01GetRXPacket    text21         00004
__end_of_nrf24l01ISR            text29         006C2
__end_of_nrf24l01Init           text2          007A2
__end_of_nrf24l01InitRegisters  text4          001DC
__end_of_nrf24l01InterfaceInit  text3          00F37
__end_of_nrf24l01ReceivePacket  text30         00464
__end_of_nrf24l01SPIEnd         text38         00E50
__end_of_nrf24l01SPISend        text37         00E6D
__end_of_nrf24l01SPIStart       text35         00E60
__end_of_nrf24l01Send           text23         00F97
__end_of_nrf24l01SendPacket     text14         00272
__end_of_nrf24l01SetRXMode      text16         00655
__end_of_nrf24l01SetRXPipe      text5          0077C
__end_of_resetRomData           stringtext1    01013
__end_of_romArray               _romArray_text 02000
__end_of_setMessage             text9          004B8
__end_of_sleep                  text8          00800
__end_of_strcat                 text12         007C8
__end_of_strcmp                 text43         007EE
__end_of_strcpy                 text1          00F1B
__end_of_strlen                 text15         01000
__end_of_ultoa                  text10         002FB
__end_ofi1_flashUpdate          text45         00FB8
__end_ofi1_flashWriteByte       text46         00754
__end_ofi1_memset               text31         00EB1
__end_ofi1_nrf24l01Send         text34         00F00
__end_ofi1_nrf24l01SetRXMode    text33         0068C
__initialization                cinit          00011
__p_romArray_text               _romArray_text 01FE0
__pbssBANK0                     bssBANK0       00059
__pbssBANK1                     bssBANK1       000E3
__pbssBANK2                     bssBANK2       00120
__pcstackBANK0                  cstackBANK0    00020
__pcstackBANK1                  cstackBANK1    000A0
__pcstackCOMMON                 cstackCOMMON   00070
__pintentry                     intentry       00004
__pmaintext                     maintext       002FB
__pstringtext1                  stringtext1    01000
__pstringtext10                 stringtext10   01036
__pstringtext11                 stringtext11   0103A
__pstringtext12                 stringtext12   0103E
__pstringtext13                 stringtext13   00000
__pstringtext2                  stringtext2    01019
__pstringtext3                  stringtext3    01040
__pstringtext4                  stringtext4    01013
__pstringtext5                  stringtext5    0101E
__pstringtext6                  stringtext6    01023
__pstringtext7                  stringtext7    01028
__pstringtext8                  stringtext8    0102D
__pstringtext9                  stringtext9    01032
__ptext1                        text1          00F00
__ptext10                       text10         00272
__ptext11                       text11         0055C
__ptext12                       text12         007A2
__ptext13                       text13         00EB1
__ptext14                       text14         001DC
__ptext15                       text15         00FDB
__ptext16                       text16         0061A
__ptext17                       text17         00383
__ptext18                       text18         006F4
__ptext19                       text19         004B8
__ptext2                        text2          0077C
__ptext20                       text20         00E6D
__ptext21                       text21         00002
__ptext22                       text22         0059F
__ptext23                       text23         00F77
__ptext24                       text24         00FB8
__ptext25                       text25         005DE
__ptext26                       text26         00F57
__ptext27                       text27         006C2
__ptext29                       text29         0068C
__ptext3                        text3          00F1B
__ptext30                       text30         0040B
__ptext31                       text31         00E99
__ptext32                       text32         00F37
__ptext33                       text33         00655
__ptext34                       text34         00EE5
__ptext35                       text35         00E58
__ptext36                       text36         00E40
__ptext37                       text37         00E60
__ptext38                       text38         00E49
__ptext39                       text39         00E3D
__ptext4                        text4          0013D
__ptext40                       text40         00E50
__ptext41                       text41         00E3A
__ptext42                       text42         00E37
__ptext43                       text43         007C8
__ptext44                       text44         00E81
__ptext45                       text45         00F97
__ptext46                       text46         00724
__ptext47                       text47         00ECA
__ptext5                        text5          00754
__ptext6                        text6          0050B
__ptext7                        text7          00029
__ptext8                        text8          007EE
__ptext9                        text9          00464
__size_of_ISR                   (abs)          00000
__size_of___lldiv               (abs)          00000
__size_of___llmod               (abs)          00000
__size_of___lmul                (abs)          00000
__size_of___wmul                (abs)          00000
__size_of_checkTXPower          (abs)          00000
__size_of_enableInterrupts      (abs)          00000
__size_of_exception             (abs)          00000
__size_of_flashReadByte         (abs)          00000
__size_of_flashRealod           (abs)          00000
__size_of_flashUpdate           (abs)          00000
__size_of_flashWriteByte        (abs)          00000
__size_of_getADCValue           (abs)          00000
__size_of_loop                  (abs)          00000
__size_of_main                  (abs)          00000
__size_of_memset                (abs)          00000
__size_of_nrf24l01CEHigh        (abs)          00000
__size_of_nrf24l01CELow         (abs)          00000
__size_of_nrf24l01CSHigh        (abs)          00000
__size_of_nrf24l01CSLow         (abs)          00000
__size_of_nrf24l01ChangeTXPower (abs)          00000
__size_of_nrf24l01CheckACK      (abs)          00000
__size_of_nrf24l01GetPipe       (abs)          00000
__size_of_nrf24l01GetRXPacket   (abs)          00000
__size_of_nrf24l01ISR           (abs)          00000
__size_of_nrf24l01Init          (abs)          00000
__size_of_nrf24l01InitRegisters (abs)          00000
__size_of_nrf24l01InterfaceInit (abs)          00000
__size_of_nrf24l01ReceivePacket (abs)          00000
__size_of_nrf24l01SPIEnd        (abs)          00000
__size_of_nrf24l01SPISend       (abs)          00000
__size_of_nrf24l01SPIStart      (abs)          00000
__size_of_nrf24l01Send          (abs)          00000
__size_of_nrf24l01SendPacket    (abs)          00000
__size_of_nrf24l01SetRXMode     (abs)          00000
__size_of_nrf24l01SetRXPipe     (abs)          00000
__size_of_setMessage            (abs)          00000
__size_of_sleep                 (abs)          00000
__size_of_strcat                (abs)          00000
__size_of_strcmp                (abs)          00000
__size_of_strcpy                (abs)          00000
__size_of_strlen                (abs)          00000
__size_of_ultoa                 (abs)          00000
__size_ofi1_flashUpdate         (abs)          00000
__size_ofi1_flashWriteByte      (abs)          00000
__size_ofi1_memset              (abs)          00000
__size_ofi1_nrf24l01Send        (abs)          00000
__size_ofi1_nrf24l01SetRXMode   (abs)          00000
_checkTXPower                   text20         00E6D
_counter                        bssBANK1       000E3
_enableInterrupts               text40         00E50
_exception                      text44         00E81
_flashReadByte                  text27         006C2
_flashRealod                    text26         00F57
_flashUpdate                    text24         00FB8
_flashWriteByte                 text25         005DE
_getADCValue                    text17         00383
_loop                           text7          00029
_main                           maintext       002FB
_memset                         text13         00EB1
_n_ADDRESS_MUL                  stringtext3    01040
_n_ADDRESS_P0                   stringtext2    01019
_nrf24l01                       bssBANK0       0005B
_nrf24l01CEHigh                 text42         00E37
_nrf24l01CELow                  text41         00E3A
_nrf24l01CSHigh                 text39         00E3D
_nrf24l01CSLow                  text36         00E40
_nrf24l01ChangeTXPower          text22         0059F
_nrf24l01CheckACK               text32         00F37
_nrf24l01GetPipe                text6          0050B
_nrf24l01GetRXPacket            text21         00002
_nrf24l01ISR                    text29         0068C
_nrf24l01Init                   text2          0077C
_nrf24l01InitRegisters          text4          0013D
_nrf24l01InterfaceInit          text3          00F1B
_nrf24l01ReceivePacket          text30         0040B
_nrf24l01SPIEnd                 text38         00E49
_nrf24l01SPISend                text37         00E60
_nrf24l01SPIStart               text35         00E58
_nrf24l01Send                   text23         00F77
_nrf24l01SendPacket             text14         001DC
_nrf24l01SetRXMode              text16         0061A
_nrf24l01SetRXPipe              text5          00754
_romArray                       _romArray_text 01FE0
_romArray_absaddr               (abs)          01FE0
_romData                        bssBANK0       0005C
_romHolder                      bssBANK2       00120
_setMessage                     text9          00464
_sleep                          text8          007EE
_strcat                         text12         007A2
_strcmp                         text43         007C8
_strcpy                         text1          00F00
_strlen                         text15         00FDB
_ultoa                          text10         00272
btemp                           (abs)          0007E
checkTXPower@rxPacket           cstackBANK0    00029
clear_ram0                      clrtext        00E43
enableInterrupts@enable         cstackCOMMON   00070
end_of_initialization           cinit          00025
exception@exception             cstackCOMMON   0007C
flashReadByte@address           cstackBANK0    00028
flashReadByte@offset            cstackBANK0    00021
flashReadByte@result            cstackBANK0    00026
flashRealod@i                   cstackBANK0    0002B
flashUpdate@i                   cstackBANK0    00029
flashWriteByte@address          cstackBANK0    00025
flashWriteByte@data             cstackBANK0    00023
flashWriteByte@offset           cstackBANK0    00021
getADCValue@adcLoop             cstackBANK0    00038
getADCValue@adcSum              cstackBANK0    00039
getADCValue@channel             cstackBANK0    00037
getADCValue@divider             cstackBANK0    0002F
i1_flashUpdate                  text45         00F97
i1_flashWriteByte               text46         00724
i1_memset                       text31         00E99
i1_nrf24l01Send                 text34         00EE5
i1_nrf24l01SetRXMode            text33         00655
i1flashUpdate@i                 cstackCOMMON   00078
i1flashWriteByte@address        cstackCOMMON   00074
i1flashWriteByte@data           cstackCOMMON   00072
i1flashWriteByte@offset         cstackCOMMON   00070
i1memset@c                      cstackCOMMON   00072
i1memset@n                      cstackCOMMON   00074
i1memset@p                      cstackCOMMON   00076
i1memset@p1                     cstackCOMMON   00070
i1nrf24l01Send@command          cstackCOMMON   00073
i1nrf24l01Send@data             cstackCOMMON   00071
i1nrf24l01SetRXMode@config      cstackCOMMON   00075
i1nrf24l01SetRXMode@rxMode      cstackCOMMON   00076
int$flags                       (abs)          0007E
intlevel0                       functab        00000
intlevel1                       functab        00000
intlevel2                       functab        00000
intlevel3                       functab        00000
intlevel4                       functab        00000
intlevel5                       functab        00000
loop@packet                     cstackBANK1    000A1
loop@rfSetup                    cstackBANK1    000A0
main@packet                     cstackBANK1    000C2
memset@c                        cstackBANK0    00023
memset@n                        cstackBANK0    00025
memset@p                        cstackBANK0    00027
memset@p1                       cstackBANK0    00021
nrf24l01ChangeTXPower@addPower  cstackBANK0    00024
nrf24l01ChangeTXPower@rfSetup   cstackBANK0    00027
nrf24l01GetPipe@i               cstackBANK0    00034
nrf24l01GetPipe@name            cstackBANK0    00035
nrf24l01GetPipe@pipe            cstackBANK0    00030
nrf24l01ISR@status              cstackBANK0    00020
nrf24l01InitRegisters@DynPD     cstackBANK0    00042
nrf24l01InitRegisters@channel   cstackBANK0    0003C
nrf24l01InitRegisters@config    cstackBANK0    00043
nrf24l01InitRegisters@enAA      cstackBANK0    00041
nrf24l01InitRegisters@feature   cstackBANK0    0003E
nrf24l01InitRegisters@rfSetup   cstackBANK0    0003F
nrf24l01InitRegisters@setupAW   cstackBANK0    0003D
nrf24l01InitRegisters@status    cstackBANK0    00040
nrf24l01ReceivePacket@i         cstackCOMMON   0007A
nrf24l01ReceivePacket@width     cstackCOMMON   00079
nrf24l01SPISend@data            cstackCOMMON   00070
nrf24l01Send@command            cstackBANK0    00023
nrf24l01Send@data               cstackBANK0    00021
nrf24l01SendPacket@Packet       cstackBANK0    0002B
nrf24l01SendPacket@i            cstackBANK0    0002C
nrf24l01SetRXMode@config        cstackBANK0    00025
nrf24l01SetRXMode@rxMode        cstackBANK0    00026
nrf24l01SetRXPipe@enRXAddr      cstackBANK0    0003A
nrf24l01SetRXPipe@name          cstackBANK0    00039
nrf24l01SetRXPipe@pipe          cstackBANK0    00038
reset_vec                       reset_vec      00000
setMessage@packet               cstackBANK0    00053
setMessage@tempString           cstackBANK0    00043
setMessage@topic                cstackBANK0    0003D
setMessage@value                cstackBANK0    0003F
stackhi                         (abs)          023EF
stacklo                         (abs)          020E1
start                           init           0000F
start_initialization            cinit          00011
strcat@cp                       cstackBANK0    00024
strcat@from                     cstackBANK0    00021
strcat@to                       cstackBANK0    00025
strcmp@r                        cstackCOMMON   00073
strcmp@s1                       cstackCOMMON   00074
strcmp@s2                       cstackCOMMON   00070
strcpy@cp                       cstackBANK0    00025
strcpy@from                     cstackBANK0    00021
strcpy@to                       cstackBANK0    00024
strlen@cp                       cstackBANK0    00027
strlen@s                        cstackBANK0    00028
ultoa@base                      cstackBANK0    00033
ultoa@buf                       cstackBANK0    0003B
ultoa@c                         cstackBANK0    0003A
ultoa@v                         cstackBANK0    00036
ultoa@val                       cstackBANK0    0002F
wtemp0                          (abs)          0007E


FUNCTION INFORMATION:

 *************** function _main *****************
 Defined at:
		line 157 in file "main.c"
 Parameters:    Size  Location     Type
		None
 Auto vars:     Size  Location     Type
  packet         33   34[BANK1 ] struct .
 Return value:  Size  Location     Type
                  1    wreg      void 
 Registers used:
		wreg, fsr0l, fsr0h, fsr1l, fsr1h, status,2, status,0, pclath, cstack
 Tracked objects:
		On entry : 
		On exit  : 
		Unchanged: 
 Data sizes:     COMMON   BANK0   BANK1   BANK2   BANK3   BANK4   BANK5   BANK6   BANK7   BANK8   BANK9  BANK10  BANK11  BANK12
      Params:         0       0       0       0       0       0       0       0       0       0       0       0       0       0
      Locals:         0       0      33       0       0       0       0       0       0       0       0       0       0       0
      Temps:          0       1       0       0       0       0       0       0       0       0       0       0       0       0
      Totals:         0       1      33       0       0       0       0       0       0       0       0       0       0       0
Total ram usage:       34 bytes
 Hardware stack levels required when called:   13
 This function calls:
		_flashRealod
		_flashUpdate
		_loop
		_nrf24l01Init
		_nrf24l01SendPacket
		_setMessage
		_sleep
		_strcpy
 This function is called by:
		Startup code after reset
 This function uses a non-reentrant model


 *************** function _strcpy *****************
 Defined at:
		line 8 in file "C:\Program Files (x86)\Microchip\xc8\v2.00\pic\sources\c90\common\strcpy.c"
 Parameters:    Size  Location     Type
  to              1    wreg     PTR unsigned char 
		 -> romData(19), 
  from            2    1[BANK0 ] PTR const unsigned char 
		 -> STR_9(4), 
 Auto vars:     Size  Location     Type
  to              1    4[BANK0 ] PTR unsigned char 
		 -> romData(19), 
  cp              1    5[BANK0 ] PTR unsigned char 
		 -> romData(19), 
 Return value:  Size  Location     Type
                  1    wreg      PTR unsigned char 
 Registers used:
		wreg, fsr0l, fsr0h, fsr1l, fsr1h, status,2, status,0, pclath
 Tracked objects:
		On entry : 
		On exit  : 
		Unchanged: 
 Data sizes:     COMMON   BANK0   BANK1   BANK2   BANK3   BANK4   BANK5   BANK6   BANK7   BANK8   BANK9  BANK10  BANK11  BANK12
      Params:         0       2       0       0       0       0       0       0       0       0       0       0       0       0
      Locals:         0       2       0       0       0       0       0       0       0       0       0       0       0       0
      Temps:          0       1       0       0       0       0       0       0       0       0       0       0       0       0
      Totals:         0       5       0       0       0       0       0       0       0       0       0       0       0       0
Total ram usage:        5 bytes
 Hardware stack levels used:    1
 Hardware stack levels required when called:    7
 This function calls:
		Nothing
 This function is called by:
		_main
 This function uses a non-reentrant model


 *************** function _nrf24l01Init *****************
 Defined at:
		line 450 in file "nrf24l01.c"
 Parameters:    Size  Location     Type
		None
 Auto vars:     Size  Location     Type
		None
 Return value:  Size  Location     Type
                  1    wreg      void 
 Registers used:
		wreg, fsr1l, fsr1h, status,2, status,0, pclath, cstack
 Tracked objects:
		On entry : 
		On exit  : 
		Unchanged: 
 Data sizes:     COMMON   BANK0   BANK1   BANK2   BANK3   BANK4   BANK5   BANK6   BANK7   BANK8   BANK9  BANK10  BANK11  BANK12
      Params:         0       0       0       0       0       0       0       0       0       0       0       0       0       0
      Locals:         0       0       0       0       0       0       0       0       0       0       0       0       0       0
      Temps:          0       2       0       0       0       0       0       0       0       0       0       0       0       0
      Totals:         0       2       0       0       0       0       0       0       0       0       0       0       0       0
Total ram usage:        2 bytes
 Hardware stack levels used:    1
 Hardware stack levels required when called:   12
 This function calls:
		_nrf24l01CEHigh
		_nrf24l01CELow
		_nrf24l01InitRegisters
		_nrf24l01InterfaceInit
 This function is called by:
		_main
 This function uses a non-reentrant model


 *************** function _nrf24l01InterfaceInit *****************
 Defined at:
		line 28 in file "interface.c"
 Parameters:    Size  Location     Type
		None
 Auto vars:     Size  Location     Type
		None
 Return value:  Size  Location     Type
                  1    wreg      void 
 Registers used:
		wreg, status,2, status,0
 Tracked objects:
		On entry : 
		On exit  : 
		Unchanged: 
 Data sizes:     COMMON   BANK0   BANK1   BANK2   BANK3   BANK4   BANK5   BANK6   BANK7   BANK8   BANK9  BANK10  BANK11  BANK12
      Params:         0       0       0       0       0       0       0       0       0       0       0       0       0       0
      Locals:         0       0       0       0       0       0       0       0       0       0       0       0       0       0
      Temps:          0       0       0       0       0       0       0       0       0       0       0       0       0       0
      Totals:         0       0       0       0       0       0       0       0       0       0       0       0       0       0
Total ram usage:        0 bytes
 Hardware stack levels used:    1
 Hardware stack levels required when called:    7
 This function calls:
		Nothing
 This function is called by:
		_nrf24l01Init
 This function uses a non-reentrant model


 *************** function _nrf24l01InitRegisters *****************
 Defined at:
		line 355 in file "nrf24l01.c"
 Parameters:    Size  Location     Type
		None
 Auto vars:     Size  Location     Type
  config          1   35[BANK0 ] struct .
  DynPD           1   34[BANK0 ] struct .
  enAA            1   33[BANK0 ] struct .
  status          1   32[BANK0 ] struct .
  rfSetup         1   31[BANK0 ] struct .
  feature         1   30[BANK0 ] struct .
  setupAW         1   29[BANK0 ] struct .
  channel         1   28[BANK0 ] struct .
 Return value:  Size  Location     Type
                  1    wreg      void 
 Registers used:
		wreg, fsr1l, fsr1h, status,2, status,0, pclath, cstack
 Tracked objects:
		On entry : 
		On exit  : 
		Unchanged: 
 Data sizes:     COMMON   BANK0   BANK1   BANK2   BANK3   BANK4   BANK5   BANK6   BANK7   BANK8   BANK9  BANK10  BANK11  BANK12
      Params:         0       0       0       0       0       0       0       0       0       0       0       0       0       0
      Locals:         0       8       0       0       0       0       0       0       0       0       0       0       0       0
      Temps:          0       1       0       0       0       0       0       0       0       0       0       0       0       0
      Totals:         0       9       0       0       0       0       0       0       0       0       0       0       0       0
Total ram usage:        9 bytes
 Hardware stack levels used:    1
 Hardware stack levels required when called:   11
 This function calls:
		_nrf24l01Send
		_nrf24l01SetRXPipe
 This function is called by:
		_nrf24l01Init
 This function uses a non-reentrant model


 *************** function _nrf24l01SetRXPipe *****************
 Defined at:
		line 334 in file "nrf24l01.c"
 Parameters:    Size  Location     Type
  name            1    wreg     PTR unsigned char 
		 -> NULL(0), 
 Auto vars:     Size  Location     Type
  name            1   25[BANK0 ] PTR unsigned char 
		 -> NULL(0), 
  pipe            1   24[BANK0 ] unsigned char 
  enRXAddr        1   26[BANK0 ] struct .
 Return value:  Size  Location     Type
                  1    wreg      void 
 Registers used:
		wreg, fsr1l, fsr1h, status,2, status,0, pclath, cstack
 Tracked objects:
		On entry : 
		On exit  : 
		Unchanged: 
 Data sizes:     COMMON   BANK0   BANK1   BANK2   BANK3   BANK4   BANK5   BANK6   BANK7   BANK8   BANK9  BANK10  BANK11  BANK12
      Params:         0       0       0       0       0       0       0       0       0       0       0       0       0       0
      Locals:         0       3       0       0       0       0       0       0       0       0       0       0       0       0
      Temps:          0       2       0       0       0       0       0       0       0       0       0       0       0       0
      Totals:         0       5       0       0       0       0       0       0       0       0       0       0       0       0
Total ram usage:        5 bytes
 Hardware stack levels used:    1
 Hardware stack levels required when called:   10
 This function calls:
		_nrf24l01GetPipe
		_nrf24l01Send
 This function is called by:
		_nrf24l01InitRegisters
 This function uses a non-reentrant model


 *************** function _nrf24l01GetPipe *****************
 Defined at:
		line 301 in file "nrf24l01.c"
 Parameters:    Size  Location     Type
  name            1    wreg     PTR unsigned char 
		 -> NULL(0), 
 Auto vars:     Size  Location     Type
  name            1   21[BANK0 ] PTR unsigned char 
		 -> NULL(0), 
  pipe            4   16[BANK0 ] unsigned long 
  i               1   20[BANK0 ] unsigned char 
 Return value:  Size  Location     Type
                  1    wreg      unsigned char 
 Registers used:
		wreg, fsr1l, fsr1h, status,2, status,0, pclath, cstack
 Tracked objects:
		On entry : 
		On exit  : 
		Unchanged: 
 Data sizes:     COMMON   BANK0   BANK1   BANK2   BANK3   BANK4   BANK5   BANK6   BANK7   BANK8   BANK9  BANK10  BANK11  BANK12
      Params:         0       0       0       0       0       0       0       0       0       0       0       0       0       0
      Locals:         0       6       0       0       0       0       0       0       0       0       0       0       0       0
      Temps:          0       5       0       0       0       0       0       0       0       0       0       0       0       0
      Totals:         0      11       0       0       0       0       0       0       0       0       0       0       0       0
Total ram usage:       11 bytes
 Hardware stack levels used:    1
 Hardware stack levels required when called:    8
 This function calls:
		___llmod
		_strlen
 This function is called by:
		_nrf24l01SetRXPipe
		_nrf24l01SetTXPipe
 This function uses a non-reentrant model


 *************** function _loop *****************
 Defined at:
		line 100 in file "main.c"
 Parameters:    Size  Location     Type
		None
 Auto vars:     Size  Location     Type
  packet         33    1[BANK1 ] struct .
  rfSetup         1    0[BANK1 ] struct .
 Return value:  Size  Location     Type
                  1    wreg      void 
 Registers used:
		wreg, fsr0l, fsr0h, fsr1l, fsr1h, status,2, status,0, pclath, cstack
 Tracked objects:
		On entry : 
		On exit  : 
		Unchanged: 
 Data sizes:     COMMON   BANK0   BANK1   BANK2   BANK3   BANK4   BANK5   BANK6   BANK7   BANK8   BANK9  BANK10  BANK11  BANK12
      Params:         0       0       0       0       0       0       0       0       0       0       0       0       0       0
      Locals:         0       0      34       0       0       0       0       0       0       0       0       0       0       0
      Temps:          0       4       0       0       0       0       0       0       0       0       0       0       0       0
      Totals:         0       4      34       0       0       0       0       0       0       0       0       0       0       0
Total ram usage:       38 bytes
 Hardware stack levels used:    1
 Hardware stack levels required when called:   12
 This function calls:
		_checkTXPower
		_getADCValue
		_nrf24l01Send
		_nrf24l01SendPacket
		_setMessage
		_sleep
 This function is called by:
		_main
 This function uses a non-reentrant model


 *************** function _sleep *****************
 Defined at:
		line 49 in file "main.c"
 Parameters:    Size  Location     Type
		None
 Auto vars:     Size  Location     Type
		None
 Return value:  Size  Location     Type
                  1    wreg      void 
 Registers used:
		wreg
 Tracked objects:
		On entry : 
		On exit  : 
		Unchanged: 
 Data sizes:     COMMON   BANK0   BANK1   BANK2   BANK3   BANK4   BANK5   BANK6   BANK7   BANK8   BANK9  BANK10  BANK11  BANK12
      Params:         0       0       0       0       0       0       0       0       0       0       0       0       0       0
      Locals:         0       0       0       0       0       0       0       0       0       0       0       0       0       0
      Temps:          0       0       0       0       0       0       0       0       0       0       0       0       0       0
      Totals:         0       0       0       0       0       0       0       0       0       0       0       0       0       0
Total ram usage:        0 bytes
 Hardware stack levels used:    1
 Hardware stack levels required when called:    7
 This function calls:
		Nothing
 This function is called by:
		_loop
		_main
		_checkRxData
 This function uses a non-reentrant model


 *************** function _setMessage *****************
 Defined at:
		line 76 in file "main.c"
 Parameters:    Size  Location     Type
  packet          1    wreg     PTR struct .
		 -> main@packet(33), loop@packet(33), 
  topic           2   29[BANK0 ] PTR const unsigned char 
		 -> STR_10(5), STR_8(6), STR_7(5), STR_6(4), 
		 -> STR_5(5), STR_4(5), STR_3(4), 
  value           4   31[BANK0 ] unsigned long 
 Auto vars:     Size  Location     Type
  packet          1   51[BANK0 ] PTR struct .
		 -> main@packet(33), loop@packet(33), 
  tempString     16   35[BANK0 ] unsigned char [16]
 Return value:  Size  Location     Type
                  1    wreg      void 
 Registers used:
		wreg, fsr0l, fsr0h, fsr1l, fsr1h, status,2, status,0, pclath, cstack
 Tracked objects:
		On entry : 
		On exit  : 
		Unchanged: 
 Data sizes:     COMMON   BANK0   BANK1   BANK2   BANK3   BANK4   BANK5   BANK6   BANK7   BANK8   BANK9  BANK10  BANK11  BANK12
      Params:         0       6       0       0       0       0       0       0       0       0       0       0       0       0
      Locals:         0      17       0       0       0       0       0       0       0       0       0       0       0       0
      Temps:          0       0       0       0       0       0       0       0       0       0       0       0       0       0
      Totals:         0      23       0       0       0       0       0       0       0       0       0       0       0       0
Total ram usage:       23 bytes
 Hardware stack levels used:    1
 Hardware stack levels required when called:    9
 This function calls:
		_memset
		_strcat
		_ultoa
 This function is called by:
		_loop
		_main
 This function uses a non-reentrant model


 *************** function _ultoa *****************
 Defined at:
		line 32 in file "C:\Program Files (x86)\Microchip\xc8\v2.00\pic\sources\c90\common\ltoa.c"
 Parameters:    Size  Location     Type
  buf             1    wreg     PTR unsigned char 
		 -> setMessage@tempString(16), 
  val             4   15[BANK0 ] unsigned long 
  base            2   19[BANK0 ] int 
 Auto vars:     Size  Location     Type
  buf             1   27[BANK0 ] PTR unsigned char 
		 -> setMessage@tempString(16), 
  v               4   22[BANK0 ] unsigned long 
  c               1   26[BANK0 ] unsigned char 
 Return value:  Size  Location     Type
                  1    wreg      PTR unsigned char 
 Registers used:
		wreg, fsr1l, fsr1h, status,2, status,0, pclath, cstack
 Tracked objects:
		On entry : 
		On exit  : 
		Unchanged: 
 Data sizes:     COMMON   BANK0   BANK1   BANK2   BANK3   BANK4   BANK5   BANK6   BANK7   BANK8   BANK9  BANK10  BANK11  BANK12
      Params:         0       6       0       0       0       0       0       0       0       0       0       0       0       0
      Locals:         0       6       0       0       0       0       0       0       0       0       0       0       0       0
      Temps:          0       1       0       0       0       0       0       0       0       0       0       0       0       0
      Totals:         0      13       0       0       0       0       0       0       0       0       0       0       0       0
Total ram usage:       13 bytes
 Hardware stack levels used:    1
 Hardware stack levels required when called:    8
 This function calls:
		___lldiv
		___llmod
 This function is called by:
		_setMessage
 This function uses a non-reentrant model


 *************** function ___llmod *****************
 Defined at:
		line 5 in file "C:\Program Files (x86)\Microchip\xc8\v2.00\pic\sources\c90\common\llmod.c"
 Parameters:    Size  Location     Type
  divisor         4    1[BANK0 ] unsigned long 
  dividend        4    5[BANK0 ] unsigned long 
 Auto vars:     Size  Location     Type
  counter         1   10[BANK0 ] unsigned char 
 Return value:  Size  Location     Type
                  4    1[BANK0 ] unsigned long 
 Registers used:
		wreg, status,2, status,0
 Tracked objects:
		On entry : 
		On exit  : 
		Unchanged: 
 Data sizes:     COMMON   BANK0   BANK1   BANK2   BANK3   BANK4   BANK5   BANK6   BANK7   BANK8   BANK9  BANK10  BANK11  BANK12
      Params:         0       8       0       0       0       0       0       0       0       0       0       0       0       0
      Locals:         0       1       0       0       0       0       0       0       0       0       0       0       0       0
      Temps:          0       1       0       0       0       0       0       0       0       0       0       0       0       0
      Totals:         0      10       0       0       0       0       0       0       0       0       0       0       0       0
Total ram usage:       10 bytes
 Hardware stack levels used:    1
 Hardware stack levels required when called:    7
 This function calls:
		Nothing
 This function is called by:
		_nrf24l01GetPipe
		_ultoa
 This function uses a non-reentrant model


 *************** function _strcat *****************
 Defined at:
		line 8 in file "C:\Program Files (x86)\Microchip\xc8\v2.00\pic\sources\c90\common\strcat.c"
 Parameters:    Size  Location     Type
  to              1    wreg     PTR unsigned char 
		 -> main@packet(33), loop@packet(33), 
  from            2    1[BANK0 ] PTR const unsigned char 
		 -> STR_10(5), STR_8(6), STR_7(5), STR_6(4), 
		 -> STR_5(5), STR_4(5), STR_3(4), STR_2(2), 
		 -> setMessage@tempString(16), STR_1(2), romData.name(16), romData(19), 
 Auto vars:     Size  Location     Type
  to              1    5[BANK0 ] PTR unsigned char 
		 -> main@packet(33), loop@packet(33), 
  cp              1    4[BANK0 ] PTR unsigned char 
		 -> main@packet(33), loop@packet(33), 
 Return value:  Size  Location     Type
                  1    wreg      PTR unsigned char 
 Registers used:
		wreg, fsr0l, fsr0h, fsr1l, fsr1h, status,2, status,0, pclath
 Tracked objects:
		On entry : 
		On exit  : 
		Unchanged: 
 Data sizes:     COMMON   BANK0   BANK1   BANK2   BANK3   BANK4   BANK5   BANK6   BANK7   BANK8   BANK9  BANK10  BANK11  BANK12
      Params:         0       2       0       0       0       0       0       0       0       0       0       0       0       0
      Locals:         0       2       0       0       0       0       0       0       0       0       0       0       0       0
      Temps:          0       1       0       0       0       0       0       0       0       0       0       0       0       0
      Totals:         0       5       0       0       0       0       0       0       0       0       0       0       0       0
Total ram usage:        5 bytes
 Hardware stack levels used:    1
 Hardware stack levels required when called:    7
 This function calls:
		Nothing
 This function is called by:
		_setMessage
 This function uses a non-reentrant model


 *************** function _memset *****************
 Defined at:
		line 8 in file "C:\Program Files (x86)\Microchip\xc8\v2.00\pic\sources\c90\common\memset.c"
 Parameters:    Size  Location     Type
  p1              2    1[BANK0 ] PTR void 
		 -> RXPacket(33), main@packet(33), loop@packet(33), 
  c               2    3[BANK0 ] int 
  n               2    5[BANK0 ] unsigned int 
 Auto vars:     Size  Location     Type
  p               2    7[BANK0 ] PTR unsigned char 
		 -> RXPacket(33), main@packet(33), loop@packet(33), 
 Return value:  Size  Location     Type
                  2    1[BANK0 ] PTR void 
 Registers used:
		wreg, fsr1l, fsr1h, status,2, status,0
 Tracked objects:
		On entry : 
		On exit  : 
		Unchanged: 
 Data sizes:     COMMON   BANK0   BANK1   BANK2   BANK3   BANK4   BANK5   BANK6   BANK7   BANK8   BANK9  BANK10  BANK11  BANK12
      Params:         0       6       0       0       0       0       0       0       0       0       0       0       0       0
[...]
 Hardware stack levels required when called:    7
 This function calls:
		Nothing
 This function is called by:
		_nrf24l01SPIStart
 This function uses a non-reentrant model


 *************** function _nrf24l01SPISend *****************
 Defined at:
		line 52 in file "interface.c"
 Parameters:    Size  Location     Type
  data            1    wreg     unsigned char 
 Auto vars:     Size  Location     Type
  data            1    0[COMMON] unsigned char 
 Return value:  Size  Location     Type
                  1    wreg      unsigned char 
 Registers used:
		wreg
 Tracked objects:
		On entry : 
		On exit  : 
		Unchanged: 
 Data sizes:     COMMON   BANK0   BANK1   BANK2   BANK3   BANK4   BANK5   BANK6   BANK7   BANK8   BANK9  BANK10  BANK11  BANK12
      Params:         0       0       0       0       0       0       0       0       0       0       0       0       0       0
      Locals:         0       0       0       0       0       0       0       0       0       0       0       0       0       0
      Temps:          0       0       0       0       0       0       0       0       0       0       0       0       0       0
      Totals:         0       0       0       0       0       0       0       0       0       0       0       0       0       0
Total ram usage:        0 bytes
 Hardware stack levels used:    1
 Hardware stack levels required when called:    7
 This function calls:
		Nothing
 This function is called by:
		_nrf24l01Send
		_nrf24l01ReceivePacket
		_nrf24l01SendPacket
		i1_nrf24l01Send
		_nrf24l01SetTXPipe
 This function uses a non-reentrant model


 *************** function _nrf24l01SPIEnd *****************
 Defined at:
		line 71 in file "interface.c"
 Parameters:    Size  Location     Type
		None
 Auto vars:     Size  Location     Type
		None
 Return value:  Size  Location     Type
                  1    wreg      void 
 Registers used:
		wreg, status,2, status,0, pclath, cstack
 Tracked objects:
		On entry : 
		On exit  : 
		Unchanged: 
 Data sizes:     COMMON   BANK0   BANK1   BANK2   BANK3   BANK4   BANK5   BANK6   BANK7   BANK8   BANK9  BANK10  BANK11  BANK12
      Params:         0       0       0       0       0       0       0       0       0       0       0       0       0       0
      Locals:         0       0       0       0       0       0       0       0       0       0       0       0       0       0
      Temps:          0       0       0       0       0       0       0       0       0       0       0       0       0       0
      Totals:         0       0       0       0       0       0       0       0       0       0       0       0       0       0
Total ram usage:        0 bytes
 Hardware stack levels used:    1
 Hardware stack levels required when called:    8
 This function calls:
		_nrf24l01CSHigh
 This function is called by:
		_nrf24l01Send
		_nrf24l01ReceivePacket
		_nrf24l01SendPacket
		i1_nrf24l01Send
		_nrf24l01SetTXPipe
 This function uses a non-reentrant model


 *************** function _nrf24l01CSHigh *****************
 Defined at:
		line 23 in file "interface.c"
 Parameters:    Size  Location     Type
		None
 Auto vars:     Size  Location     Type
		None
 Return value:  Size  Location     Type
                  1    wreg      void 
 Registers used:
		None
 Tracked objects:
		On entry : 
		On exit  : 
		Unchanged: 
 Data sizes:     COMMON   BANK0   BANK1   BANK2   BANK3   BANK4   BANK5   BANK6   BANK7   BANK8   BANK9  BANK10  BANK11  BANK12
      Params:         0       0       0       0       0       0       0       0       0       0       0       0       0       0
      Locals:         0       0       0       0       0       0       0       0       0       0       0       0       0       0
      Temps:          0       0       0       0       0       0       0       0       0       0       0       0       0       0
      Totals:         0       0       0       0       0       0       0       0       0       0       0       0       0       0
Total ram usage:        0 bytes
 Hardware stack levels used:    1
 Hardware stack levels required when called:    7
 This function calls:
		Nothing
 This function is called by:
		_nrf24l01SPIEnd
 This function uses a non-reentrant model


 *************** function _enableInterrupts *****************
 Defined at:
		line 77 in file "interface.c"
 Parameters:    Size  Location     Type
  enable          1    wreg     unsigned char 
 Auto vars:     Size  Location     Type
  enable          1    0[COMMON] unsigned char 
 Return value:  Size  Location     Type
                  1    wreg      void 
 Registers used:
		wreg, status,0
 Tracked objects:
		On entry : 
		On exit  : 
		Unchanged: 
 Data sizes:     COMMON   BANK0   BANK1   BANK2   BANK3   BANK4   BANK5   BANK6   BANK7   BANK8   BANK9  BANK10  BANK11  BANK12
      Params:         0       0       0       0       0       0       0       0       0       0       0       0       0       0
      Locals:         0       0       0       0       0       0       0       0       0       0       0       0       0       0
      Temps:          0       0       0       0       0       0       0       0       0       0       0       0       0       0
      Totals:         0       0       0       0       0       0       0       0       0       0       0       0       0       0
Total ram usage:        0 bytes
 Hardware stack levels used:    1
 Hardware stack levels required when called:    7
 This function calls:
		Nothing
 This function is called by:
		_nrf24l01Send
		_nrf24l01SendPacket
		i1_nrf24l01Send
 This function uses a non-reentrant model


 *************** function _nrf24l01CELow *****************
 Defined at:
		line 8 in file "interface.c"
 Parameters:    Size  Location     Type
		None
 Auto vars:     Size  Location     Type
		None
 Return value:  Size  Location     Type
                  1    wreg      void 
 Registers used:
		None
 Tracked objects:
		On entry : 
		On exit  : 
		Unchanged: 
 Data sizes:     COMMON   BANK0   BANK1   BANK2   BANK3   BANK4   BANK5   BANK6   BANK7   BANK8   BANK9  BANK10  BANK11  BANK12
      Params:         0       0       0       0       0       0       0       0       0       0       0       0       0       0
      Locals:         0       0       0       0       0       0       0       0       0       0       0       0       0       0
      Temps:          0       0       0       0       0       0       0       0       0       0       0       0       0       0
      Totals:         0       0       0       0       0       0       0       0       0       0       0       0       0       0
Total ram usage:        0 bytes
 Hardware stack levels used:    1
 Hardware stack levels required when called:    7
 This function calls:
		Nothing
 This function is called by:
		_nrf24l01SetRXMode
		_nrf24l01ReceivePacket
		_nrf24l01SendPacket
		_nrf24l01Init
		i1_nrf24l01SetRXMode
 This function uses a non-reentrant model


 *************** function _nrf24l01CEHigh *****************
 Defined at:
		line 13 in file "interface.c"
 Parameters:    Size  Location     Type
		None
 Auto vars:     Size  Location     Type
		None
 Return value:  Size  Location     Type
                  1    wreg      void 
 Registers used:
		None
 Tracked objects:
		On entry : 
		On exit  : 
		Unchanged: 
 Data sizes:     COMMON   BANK0   BANK1   BANK2   BANK3   BANK4   BANK5   BANK6   BANK7   BANK8   BANK9  BANK10  BANK11  BANK12
      Params:         0       0       0       0       0       0       0       0       0       0       0       0       0       0
      Locals:         0       0       0       0       0       0       0       0       0       0       0       0       0       0
      Temps:          0       0       0       0       0       0       0       0       0       0       0       0       0       0
      Totals:         0       0       0       0       0       0       0       0       0       0       0       0       0       0
Total ram usage:        0 bytes
 Hardware stack levels used:    1
 Hardware stack levels required when called:    7
 This function calls:
		Nothing
 This function is called by:
		_nrf24l01SetRXMode
		_nrf24l01ReceivePacket
		_nrf24l01SendPacket
		_nrf24l01Init
		i1_nrf24l01SetRXMode
 This function uses a non-reentrant model


 *************** function _strcmp *****************
 Defined at:
		line 33 in file "C:\Program Files (x86)\Microchip\xc8\v2.00\pic\sources\c90\common\strcmp.c"
 Parameters:    Size  Location     Type
  s1              1    wreg     PTR const unsigned char 
		 -> packet.Message(32), packet.Message(32), NULL(0), main@packet(33), 
		 -> loop@packet(33), 
  s2              1    0[COMMON] PTR const unsigned char 
		 -> RXPacket.Message(32), RXPacket(33), 
 Auto vars:     Size  Location     Type
  s1              1    4[COMMON] PTR const unsigned char 
		 -> packet.Message(32), packet.Message(32), NULL(0), main@packet(33), 
		 -> loop@packet(33), 
  r               1    3[COMMON] char 
 Return value:  Size  Location     Type
                  2    0[COMMON] int 
 Registers used:
		wreg, fsr0l, fsr0h, fsr1l, fsr1h, status,2, status,0
 Tracked objects:
		On entry : 
		On exit  : 
		Unchanged: 
 Data sizes:     COMMON   BANK0   BANK1   BANK2   BANK3   BANK4   BANK5   BANK6   BANK7   BANK8   BANK9  BANK10  BANK11  BANK12
      Params:         2       0       0       0       0       0       0       0       0       0       0       0       0       0
      Locals:         2       0       0       0       0       0       0       0       0       0       0       0       0       0
      Temps:          1       0       0       0       0       0       0       0       0       0       0       0       0       0
      Totals:         5       0       0       0       0       0       0       0       0       0       0       0       0       0
Total ram usage:        5 bytes
 Hardware stack levels used:    1
 This function calls:
		Nothing
 This function is called by:
		_nrf24l01CheckACK
 This function uses a non-reentrant model


 *************** function _exception *****************
 Defined at:
		line 81 in file "interface.c"
 Parameters:    Size  Location     Type
  exception       1    wreg     unsigned char 
 Auto vars:     Size  Location     Type
  exception       1   12[COMMON] unsigned char 
 Return value:  Size  Location     Type
                  1    wreg      void 
 Registers used:
		wreg, fsr1l, fsr1h, status,2, status,0, pclath, cstack
 Tracked objects:
		On entry : 
		On exit  : 
		Unchanged: 
 Data sizes:     COMMON   BANK0   BANK1   BANK2   BANK3   BANK4   BANK5   BANK6   BANK7   BANK8   BANK9  BANK10  BANK11  BANK12
      Params:         0       0       0       0       0       0       0       0       0       0       0       0       0       0
      Locals:         1       0       0       0       0       0       0       0       0       0       0       0       0       0
      Temps:          2       0       0       0       0       0       0       0       0       0       0       0       0       0
      Totals:         3       0       0       0       0       0       0       0       0       0       0       0       0       0
Total ram usage:        3 bytes
 Hardware stack levels used:    1
 Hardware stack levels required when called:    2
 This function calls:
		___wmul
		i1_flashUpdate
 This function is called by:
		_nrf24l01ISR
 This function uses a non-reentrant model


 *************** function i1_flashUpdate *****************
 Defined at:
		line 97 in file "flash.c"
 Parameters:    Size  Location     Type
		None
 Auto vars:     Size  Location     Type
  flashUpdate     2    8[COMMON] unsigned int 
 Return value:  Size  Location     Type
                  1    wreg      void 
 Registers used:
		wreg, fsr1l, fsr1h, status,2, status,0, pclath, cstack
 Tracked objects:
		On entry : 
		On exit  : 
		Unchanged: 
 Data sizes:     COMMON   BANK0   BANK1   BANK2   BANK3   BANK4   BANK5   BANK6   BANK7   BANK8   BANK9  BANK10  BANK11  BANK12
      Params:         0       0       0       0       0       0       0       0       0       0       0       0       0       0
      Locals:         2       0       0       0       0       0       0       0       0       0       0       0       0       0
      Temps:          2       0       0       0       0       0       0       0       0       0       0       0       0       0
      Totals:         4       0       0       0       0       0       0       0       0       0       0       0       0       0
Total ram usage:        4 bytes
 Hardware stack levels used:    1
 Hardware stack levels required when called:    1
 This function calls:
		i1_flashWriteByte
 This function is called by:
		_exception
 This function uses a non-reentrant model


 *************** function i1_flashWriteByte *****************
 Defined at:
		line 8 in file "flash.c"
 Parameters:    Size  Location     Type
  offset          2    0[COMMON] unsigned int 
  data            2    2[COMMON] unsigned int 
 Auto vars:     Size  Location     Type
  flashWriteBy    2    4[COMMON] unsigned int 
 Return value:  Size  Location     Type
                  1    wreg      void 
 Registers used:
		wreg, status,2, status,0
 Tracked objects:
		On entry : 
		On exit  : 
		Unchanged: 
 Data sizes:     COMMON   BANK0   BANK1   BANK2   BANK3   BANK4   BANK5   BANK6   BANK7   BANK8   BANK9  BANK10  BANK11  BANK12
      Params:         4       0       0       0       0       0       0       0       0       0       0       0       0       0
      Locals:         2       0       0       0       0       0       0       0       0       0       0       0       0       0
      Temps:          0       0       0       0       0       0       0       0       0       0       0       0       0       0
      Totals:         6       0       0       0       0       0       0       0       0       0       0       0       0       0
Total ram usage:        6 bytes
 Hardware stack levels used:    1
 This function calls:
		Nothing
 This function is called by:
		i1_flashUpdate
 This function uses a non-reentrant model


 *************** function ___wmul *****************
 Defined at:
		line 15 in file "C:\Program Files (x86)\Microchip\xc8\v2.00\pic\sources\c90\common\Umul16.c"
 Parameters:    Size  Location     Type
  multiplier      2    0[COMMON] unsigned int 
  multiplicand    2    2[COMMON] unsigned int 
 Auto vars:     Size  Location     Type
  product         2    4[COMMON] unsigned int 
 Return value:  Size  Location     Type
                  2    0[COMMON] unsigned int 
 Registers used:
		wreg, status,2, status,0
 Tracked objects:
		On entry : 
		On exit  : 
		Unchanged: 
 Data sizes:     COMMON   BANK0   BANK1   BANK2   BANK3   BANK4   BANK5   BANK6   BANK7   BANK8   BANK9  BANK10  BANK11  BANK12
      Params:         4       0       0       0       0       0       0       0       0       0       0       0       0       0
      Locals:         2       0       0       0       0       0       0       0       0       0       0       0       0       0
      Temps:          0       0       0       0       0       0       0       0       0       0       0       0       0       0
      Totals:         6       0       0       0       0       0       0       0       0       0       0       0       0       0
Total ram usage:        6 bytes
 Hardware stack levels used:    1
 This function calls:
		Nothing
 This function is called by:
		_exception
 This function uses a non-reentrant model



MODULE INFORMATION

Module		Function		Class		Link	Load	Size
C:\Program Files (x86)\Microchip\xc8\v2.00\pic\sources\c90\common\ltoa.c
		_ultoa         		CODE           	0272	0000	138

C:\Program Files (x86)\Microchip\xc8\v2.00\pic\sources\c90\common\ltoa.c estimated size: 138

C:\Program Files (x86)\Microchip\xc8\v2.00\pic\sources\c90\common\llmod.c
		___llmod       		CODE           	055C	0000	68

C:\Program Files (x86)\Microchip\xc8\v2.00\pic\sources\c90\common\llmod.c estimated size: 68

C:\Program Files (x86)\Microchip\xc8\v2.00\pic\sources\c90\common\Umul16.c
		___wmul        		CODE           	0ECA	0000	28

C:\Program Files (x86)\Microchip\xc8\v2.00\pic\sources\c90\common\Umul16.c estimated size: 28

C:\Program Files (x86)\Microchip\xc8\v2.00\pic\sources\c90\common\__lldiv.c
		___lldiv       		CODE           	04B8	0000	84

C:\Program Files (x86)\Microchip\xc8\v2.00\pic\sources\c90\common\__lldiv.c estimated size: 84

C:\Program Files (x86)\Microchip\xc8\v2.00\pic\sources\c90\common\Umul32.c
		___lmul        		CODE           	06F4	0000	49

C:\Program Files (x86)\Microchip\xc8\v2.00\pic\sources\c90\common\Umul32.c estimated size: 49

C:\Program Files (x86)\Microchip\xc8\v2.00\pic\sources\c90\common\strcat.c
		_strcat        		CODE           	07A2	0000	39

C:\Program Files (x86)\Microchip\xc8\v2.00\pic\sources\c90\common\strcat.c estimated size: 39

shared
		i1_nrf24l01Send		CODE           	0EE5	0000	28
		i1_flashWriteByte		CODE           	0724	0000	49
		i1_flashUpdate 		CODE           	0F97	0000	34
		i1_nrf24l01SetRXMode		CODE           	0655	0000	56
		_n_ADDRESS_P0  		STRCODE        	1019	0000	6
		_n_ADDRESS_MUL 		STRCODE        	1040	0000	2
		__initialization		CODE           	0011	0000	21
		_romArray      		STRCODE        	1FE0	0000	33
		_resetRomData  		STRCODE        	0000	0000	0
		i1_memset      		CODE           	0E99	0000	25

shared estimated size: 254

interface.c
		_nrf24l01SPISend		CODE           	0E60	0000	14
		_exception     		CODE           	0E81	0000	25
		_nrf24l01CELow 		CODE           	0E3A	0000	4
		_nrf24l01CSLow 		CODE           	0E40	0000	4
		_nrf24l01SPIStart		CODE           	0E58	0000	9
		_nrf24l01SPIEnd		CODE           	0E49	0000	8
		_nrf24l01CEHigh		CODE           	0E37	0000	4
		_nrf24l01CSHigh		CODE           	0E3D	0000	4
		_enableInterrupts		CODE           	0E50	0000	9
		_nrf24l01InterfaceInit		CODE           	0F1B	0000	29

interface.c estimated size: 110

flash.c
		_flashWriteByte		CODE           	05DE	0000	61
		_flashRealod   		CODE           	0F57	0000	33
		_flashReadByte 		CODE           	06C2	0000	51
		_flashUpdate   		CODE           	0FB8	0000	36

flash.c estimated size: 181

C:\Program Files (x86)\Microchip\xc8\v2.00\pic\sources\c90\common\strlen.c
		_strlen        		CODE           	0FDB	0000	38

C:\Program Files (x86)\Microchip\xc8\v2.00\pic\sources\c90\common\strlen.c estimated size: 38

C:\Program Files (x86)\Microchip\xc8\v2.00\pic\sources\c90\common\strcmp.c
		_strcmp        		CODE           	07C8	0000	39

C:\Program Files (x86)\Microchip\xc8\v2.00\pic\sources\c90\common\strcmp.c estimated size: 39

C:\Program Files (x86)\Microchip\xc8\v2.00\pic\sources\c90\common\strcpy.c
		_strcpy        		CODE           	0F00	0000	28

C:\Program Files (x86)\Microchip\xc8\v2.00\pic\sources\c90\common\strcpy.c estimated size: 28

nrf24l01.c
		_nrf24l01GetPipe		CODE           	050B	0000	82
		_nrf24l01ChangeTXPower		CODE           	059F	0000	64
		_nrf24l01SendPacket		CODE           	01DC	0000	151
		_nrf24l01InitRegisters		CODE           	013D	0000	160
		_nrf24l01CheckACK		CODE           	0F37	0000	33
		_nrf24l01ISR   		CODE           	068C	0000	55
		_nrf24l01Send  		CODE           	0F77	0000	33
		_nrf24l01Init  		CODE           	077C	0000	39
		_nrf24l01SetRXMode		CODE           	061A	0000	60
		_nrf24l01SetRXPipe		CODE           	0754	0000	41
		_nrf24l01GetRXPacket		CODE           	0002	0000	3
		_nrf24l01ReceivePacket		CODE           	040B	0000	90

nrf24l01.c estimated size: 811

C:\Program Files (x86)\Microchip\xc8\v2.00\pic\sources\c90\common\memset.c
		_memset        		CODE           	0EB1	0000	26

C:\Program Files (x86)\Microchip\xc8\v2.00\pic\sources\c90\common\memset.c estimated size: 26

main.c
		_loop          		CODE           	0029	0000	277
		_checkTXPower  		CODE           	0E6D	0000	21
		_setMessage    		CODE           	0464	0000	85
		_ISR           		CODE           	0004	0000	12
		_main          		CODE           	02FB	0000	137
		_getADCValue   		CODE           	0383	0000	137
		_sleep         		CODE           	07EE	0000	19

main.c estimated size: 688

