Microchip MPLAB XC8 Compiler V2.00 ()

Linker command line:

-W-3 --edf=C:\Program Files (x86)\Microchip\xc8\v2.00\pic\dat\en_msgs.txt \
  -cs -h+dist/default/production\nRF24L01__PIC16LF1825.X.X.production.sym \
  --cmf=dist/default/production\nRF24L01__PIC16LF1825.X.X.production.cmf -z \
  -Q16LF18325 -oC:\Users\Leon\AppData\Local\Temp\s1tg.2 \
  -Mdist/default/production/nRF24L01__PIC16LF1825.X.X.production.map -E1 \
  -ver=XC8 -ASTACK=020E1h-023efh -pstack=STACK -p_romArray_text=1FE0h \
  -ACODE=00h-07FFhx4 -ASTRCODE=00h-01FFFh -ASTRING=00h-0FFhx32 \
  -ACONST=00h-0FFhx32 -AENTRY=00h-0FFhx32 -ACOMMON=070h-07Fh \
  -ABANK0=020h-06Fh -ABANK1=0A0h-0EFh -ABANK2=0120h-016Fh \
  -ABANK3=01A0h-01EFh -ABANK4=0220h-026Fh -ABANK5=02A0h-02EFh \
  -ABANK6=0320h-036Fh -ABANK7=03A0h-03EFh -ABANK8=0420h-046Fh \
  -ABANK9=04A0h-04EFh -ABANK10=0520h-056Fh -ABANK11=05A0h-05EFh \
  -ABANK12=0620h-064Fh -ABIGRAM=02000h-023EFh \
  -ARAM=020h-06Fh,0A0h-0EFh,0120h-016Fh,01A0h-01EFh,0220h-026Fh,02A0h-02EFh,0320h-036Fh,03A0h-03EFh,0420h-046Fh,04A0h-04EFh,0520h-056Fh,05A0h-05EFh,0620h-064Fh \
  -AABS1=020h-07Fh,0A0h-0EFh,0120h-016Fh,01A0h-01EFh,0220h-026Fh,02A0h-02EFh,0320h-036Fh,03A0h-03EFh,0420h-046Fh,04A0h-04EFh,0520h-056Fh,05A0h-05EFh,0620h-064Fh \
  -ASFR0=00h-01Fh -ASFR1=080h-09Fh -ASFR2=0100h-011Fh -ASFR3=0180h-019Fh \
  -ASFR4=0200h-021Fh -ASFR5=0280h-029Fh -ASFR6=0300h-031Fh \
  -ASFR7=0380h-039Fh -ASFR8=0400h-041Fh -ASFR9=0480h-049Fh \
  -ASFR10=0500h-051Fh -ASFR11=0580h-059Fh -ASFR12=0600h-061Fh \
  -ASFR13=0680h-06EFh -ASFR14=0700h-076Fh -ASFR15=0780h-07EFh \
  -ASFR16=0800h-086Fh -ASFR17=0880h-08EFh -ASFR18=0900h-096Fh \
  -ASFR19=0980h-09EFh -ASFR20=0A00h-0A6Fh -ASFR21=0A80h-0AEFh \
  -ASFR22=0B00h-0B6Fh -ASFR23=0B80h-0BEFh -ASFR24=0C00h-0C6Fh \
  -ASFR25=0C80h-0CEFh -ASFR26=0D00h-0D6Fh -ASFR27=0D80h-0DEFh \
  -ASFR28=0E00h-0E6Fh -ASFR29=0E80h-0EEFh -ASFR30=0F00h-0F6Fh \
  -ASFR31=0F80h-0FEFh -preset_vec=00h,intentry=04h,init,end_init \
  -ppowerup=CODE -pcinit=CODE -pfunctab=ENTRY -ACONFIG=08007h-0800Ah \
  -pconfig=CONFIG -DCONFIG=2 -AIDLOC=08000h-08003h -pidloc=IDLOC -DIDLOC=2 \
  -AEEDATA=00h-0FFh/0F000h -peeprom_data=EEDATA -DEEDATA=2 -DCODE=2 \
  -DSTRCODE=2 -DSTRING=2 -DCONST=2 -DENTRY=2 -k \
  C:\Users\Leon\AppData\Local\Temp\s1tg.o \
  dist/default/production\nRF24L01__PIC16LF1825.X.X.production.o 

Object code version is 3.11

Machine type is 16LF18325



                Name                               Link     Load   Length Selector   Space Scale
C:\Users\Leon\AppData\Local\Temp\s1tg.o
                end_init                              F        F        2        8       0
                reset_vec                             0        0        2        0       0
                config                             8007     8007        4    1000E       0
dist/default/production\nRF24L01__PIC16LF1825.X.X.production.o
                cinit                                11       11       18        8       0
                intentry                              4        4        B        8       0
                text45                              F33      F33       1B     1E66       0
                text44                              6DF      6DF       30        8       0
                text43                              7CD      7CD       21        8       0
                text42                              EEA      EEA       18     1DD4       0
                text41                              75F      75F       26        8       0
                text40                              EA0      EA0        3     1D40       0
                text39                              EA3      EA3        3     1D46       0
                text38                              EB9      EB9        8     1D72       0
                text37                              EA6      EA6        3     1D4C       0
                text36                              EB2      EB2        7     1D64       0
                text35                              EC9      EC9        D     1D92       0
                text34                              EA9      EA9        3     1D52       0
                text33                              EC1      EC1        8     1D82       0
                text32                              F4E      F4E       1B     1E9C       0
                text31                              610      610       37        8       0
                text30                              FA0      FA0       20     1F40       0
                text29                              F02      F02       18     1E04       0
                text28                              417      417       59        8       0
                text27                              647      647       36        8       0
                text25                              67D      67D       32        8       0
                text24                              FC0      FC0       20     1F80       0
                text23                              599      599       3C        8       0
                text22                              7AA      7AA       23        8       0
                text21                              FE0      FE0       20     1FC0       0
                text20                              55A      55A       3F        8       0
                text19                                2        2        2        0       0
                text18                              ED6      ED6       14     1DAC       0
                text17                              4C4      4C4       53        8       0
                text16                              6AF      6AF       30        8       0
                text15                              38F      38F       88        8       0
                text14                              5D5      5D5       3B        8       0
                text13                              785      785       25        8       0
                text12                              1E7      1E7       96        8       0
                text11                              F1A      F1A       19     1E34       0
                text10                              739      739       26        8       0
                text9                               517      517       43        8       0
                text8                               306      306       89        8       0
                text7                               470      470       54        8       0
                text6                               7EE      7EE       12        8       0
                text5                                29       29      114        8       0
                text4                               13D      13D       AA        8       0
                text3                               F84      F84       1C     1F08       0
                text2                               70F      70F       2A        8       0
                text1                               F69      F69       1B     1ED2       0
                maintext                            27D      27D       89        8       0
                cstackBANK0                          20       20       39       20       1
                cstackCOMMON                         70       70        E       70       1
                cstackBANK1                          A0       A0       43       A0       1
                clrtext                             EAC      EAC        6     1D58       0
                bssBANK2                            120      120       41      120       1
                bssBANK1                             E3       E3        4       A0       1
                bssBANK0                             59       59       16       20       1
                stringtext12                       103E     103E        2     2000       0
                stringtext11                       103A     103A        4     2000       0
                stringtext10                       1036     1036        4     2000       0
                stringtext9                        1032     1032        4     2000       0
                stringtext8                        102D     102D        5     2000       0
                stringtext7                        1028     1028        5     2000       0
                stringtext6                        1023     1023        5     2000       0
                stringtext5                        101E     101E        5     2000       0
                stringtext4                        1013     1013        6     2000       0
                _romArray_text                     1FE0     1FE0       20     3FC0       0
                stringtext3                        1040     1040        1     2000       0
                stringtext2                        1019     1019        5     2000       0
                stringtext1                        1000     1000       13     2000       0

TOTAL           Name                               Link     Load   Length     Space
        CLASS   STACK          

        CLASS   CODE           
                end_init                              F        F        2         0
                cinit                                11       11       18         0
                intentry                              4        4        B         0
                reset_vec                             0        0        2         0
                text45                              F33      F33       1B         0
                text44                              6DF      6DF       30         0
                text43                              7CD      7CD       21         0
                text42                              EEA      EEA       18         0
                text41                              75F      75F       26         0
                text40                              EA0      EA0        3         0
                text39                              EA3      EA3        3         0
                text38                              EB9      EB9        8         0
                text37                              EA6      EA6        3         0
                text36                              EB2      EB2        7         0
                text35                              EC9      EC9        D         0
                text34                              EA9      EA9        3         0
                text33                              EC1      EC1        8         0
                text32                              F4E      F4E       1B         0
                text31                              610      610       37         0
                text30                              FA0      FA0       20         0
                text29                              F02      F02       18         0
                text28                              417      417       59         0
                text27                              647      647       36         0
                text25                              67D      67D       32         0
                text24                              FC0      FC0       20         0
                text23                              599      599       3C         0
                text22                              7AA      7AA       23         0
                text21                              FE0      FE0       20         0
                text20                              55A      55A       3F         0
                text19                                2        2        2         0
                text18                              ED6      ED6       14         0
                text17                              4C4      4C4       53         0
                text16                              6AF      6AF       30         0
                text15                              38F      38F       88         0
                text14                              5D5      5D5       3B         0
                text13                              785      785       25         0
                text12                              1E7      1E7       96         0
                text11                              F1A      F1A       19         0
                text10                              739      739       26         0
                text9                               517      517       43         0
                text8                               306      306       89         0
                text7                               470      470       54         0
                text6                               7EE      7EE       12         0
                text5                                29       29      114         0
                text4                               13D      13D       AA         0
                text3                               F84      F84       1C         0
                text2                               70F      70F       2A         0
                text1                               F69      F69       1B         0
                maintext                            27D      27D       89         0
                clrtext                             EAC      EAC        6         0

        CLASS   STRCODE        
                stringtext12                       103E     103E        2         0
                stringtext11                       103A     103A        4         0
                stringtext10                       1036     1036        4         0
                stringtext9                        1032     1032        4         0
                stringtext8                        102D     102D        5         0
                stringtext7                        1028     1028        5         0
                stringtext6                        1023     1023        5         0
                stringtext5                        101E     101E        5         0
                stringtext4                        1013     1013        6         0
                _romArray_text                     1FE0     1FE0       20         0
                stringtext3                        1040     1040        1         0
                stringtext2                        1019     1019        5         0
                stringtext1                        1000     1000       13         0

        CLASS   STRING         

        CLASS   CONST          

        CLASS   ENTRY          

        CLASS   COMMON         
                cstackCOMMON                         70       70        E         1

        CLASS   BANK0          
                cstackBANK0                          20       20       39         1
                bssBANK0                             59       59       16         1

        CLASS   BANK1          
                cstackBANK1                          A0       A0       43         1
                bssBANK1                             E3       E3        4         1

        CLASS   BANK2          
                bssBANK2                            120      120       41         1

        CLASS   BANK3          

        CLASS   BANK4          

        CLASS   BANK5          

        CLASS   BANK6          

        CLASS   BANK7          

        CLASS   BANK8          

        CLASS   BANK9          

        CLASS   BANK10         

        CLASS   BANK11         

        CLASS   BANK12         

        CLASS   BIGRAM         

        CLASS   RAM            

        CLASS   ABS1           
                abs_s1                               7E       7E        2         1

        CLASS   SFR0           

        CLASS   SFR1           

        CLASS   SFR2           

        CLASS   SFR3           

        CLASS   SFR4           

        CLASS   SFR5           

        CLASS   SFR6           

        CLASS   SFR7           

        CLASS   SFR8           

        CLASS   SFR9           

        CLASS   SFR10          

        CLASS   SFR11          

        CLASS   SFR12          

        CLASS   SFR13          

        CLASS   SFR14          

        CLASS   SFR15          

        CLASS   SFR16          

        CLASS   SFR17          

        CLASS   SFR18          

        CLASS   SFR19          

        CLASS   SFR20          

        CLASS   SFR21          

        CLASS   SFR22          

        CLASS   SFR23          

        CLASS   SFR24          

        CLASS   SFR25          

        CLASS   SFR26          

        CLASS   SFR27          

        CLASS   SFR28          

        CLASS   SFR29          

        CLASS   SFR30          

        CLASS   SFR31          

        CLASS   CONFIG         
                config                             8007     8007        4         0

        CLASS   IDLOC          

        CLASS   EEDATA         

        CLASS   BANK31         

        CLASS   BANK30         

        CLASS   BANK29         

        CLASS   BANK28         

        CLASS   BANK27         

        CLASS   BANK26         

        CLASS   BANK25         

        CLASS   BANK24         

        CLASS   BANK23         

        CLASS   BANK22         

        CLASS   BANK21         

        CLASS   BANK20         

        CLASS   BANK19         

        CLASS   BANK18         

        CLASS   BANK17         

        CLASS   BANK16         

        CLASS   BANK15         

        CLASS   BANK14         

        CLASS   BANK13         



SEGMENTS        Name                           Load    Length   Top    Selector   Space  Class     Delta

                reset_vec                      000000  000004  000004         0       0  CODE        2
                intentry                       000004  0007FC  000800         8       0  CODE        2
                cstackBANK0                    000020  00004F  00006F        20       1  BANK0       1
                cstackCOMMON                   000070  00000E  00007E        70       1  COMMON      1
                cstackBANK1                    0000A0  000047  0000E7        A0       1  BANK1       1
                bssBANK2                       000120  000041  000161       120       1  BANK2       1
                text40                         000EA0  000003  000EA3      1D40       0  CODE        2
                text39                         000EA3  000003  000EA6      1D46       0  CODE        2
                text37                         000EA6  000003  000EA9      1D4C       0  CODE        2
                text34                         000EA9  000003  000EAC      1D52       0  CODE        2
                clrtext                        000EAC  000006  000EB2      1D58       0  CODE        2
                text36                         000EB2  000007  000EB9      1D64       0  CODE        2
                text38                         000EB9  000008  000EC1      1D72       0  CODE        2
                text33                         000EC1  000008  000EC9      1D82       0  CODE        2
                text35                         000EC9  00000D  000ED6      1D92       0  CODE        2
                text18                         000ED6  000014  000EEA      1DAC       0  CODE        2
                text42                         000EEA  000018  000F02      1DD4       0  CODE        2
                text29                         000F02  000018  000F1A      1E04       0  CODE        2
                text11                         000F1A  000019  000F33      1E34       0  CODE        2
                text45                         000F33  00001B  000F4E      1E66       0  CODE        2
                text32                         000F4E  00001B  000F69      1E9C       0  CODE        2
                text1                          000F69  00001B  000F84      1ED2       0  CODE        2
                text3                          000F84  00001C  000FA0      1F08       0  CODE        2
                text30                         000FA0  000020  000FC0      1F40       0  CODE        2
                text24                         000FC0  000020  000FE0      1F80       0  CODE        2
                text21                         000FE0  000020  001000      1FC0       0  CODE        2
                stringtext1                    001000  000041  001041      2000       0  STRCODE     2
                _romArray_text                 001FE0  000020  002000      3FC0       0  STRCODE     2
                config                         008007  000004  00800B     1000E       0  CONFIG      2


UNUSED ADDRESS RANGES

        Name                Unused          Largest block    Delta
        BANK0            0006F-0006F               1           1
        BANK1            000E7-000EF               9           1
        BANK10           00520-0056F              50           1
        BANK11           005A0-005EF              50           1
        BANK12           00620-0064F              30           1
        BANK2            00161-0016F               F           1
        BANK3            001A0-001EF              50           1
        BANK4            00220-0026F              50           1
        BANK5            002A0-002EF              50           1
        BANK6            00320-0036F              50           1
        BANK7            003A0-003EF              50           1
        BANK8            00420-0046F              50           1
        BANK9            004A0-004EF              50           1
        BIGRAM           02000-023EF             3F0           1
        CODE             00800-00E9F             6A0           2
                         01041-01FDF             7BF
        CONST            00800-00E9F             100           2
                         01041-01FDF             100
        EEDATA           0F000-0F0FF             100           2
        ENTRY            00800-00E9F             100           2
                         01041-01FDF             100
        IDLOC            08000-08003               4           2
        RAM              0006F-0006F               1           1
                         000E7-000EF               9
                         00161-0016F               F
                         001A0-001EF              50
                         00220-0026F              50
                         002A0-002EF              50
                         00320-0036F              50
                         003A0-003EF              50
                         00420-0046F              50
                         004A0-004EF              50
                         00520-0056F              50
                         005A0-005EF              50
                         00620-0064F              30
        SFR0             00000-0001F              20           1
        SFR1             00080-0009F              20           1
        SFR10            00500-0051F              20           1
        SFR11            00580-0059F              20           1
        SFR12            00600-0061F              20           1
        SFR13            00680-006EF              70           1
        SFR14            00700-0076F              70           1
        SFR15            00780-007EF              70           1
        SFR16            00800-0086F              70           1
        SFR17            00880-008EF              70           1
        SFR18            00900-0096F              70           1
        SFR19            00980-009EF              70           1
        SFR2             00100-0011F              20           1
        SFR20            00A00-00A6F              70           1
        SFR21            00A80-00AEF              70           1
        SFR22            00B00-00B6F              70           1
        SFR23            00B80-00BEF              70           1
        SFR24            00C00-00C6F              70           1
        SFR25            00C80-00CEF              70           1
        SFR26            00D00-00D6F              70           1
        SFR27            00D80-00DEF              70           1
        SFR28            00E00-00E6F              70           1
        SFR29            00E80-00EEF              70           1
        SFR3             00180-0019F              20           1
        SFR30            00F00-00F6F              70           1
        SFR31            00F80-00FEF              70           1
        SFR4             00200-0021F              20           1
        SFR5             00280-0029F              20           1
        SFR6             00300-0031F              20           1
        SFR7             00380-0039F              20           1
        SFR8             00400-0041F              20           1
        SFR9             00480-0049F              20           1
        STACK            020E1-023EF             30F           1
        STRCODE          00800-00E9F             6A0           2
                         01041-01FDF             F9F
        STRING           00800-00E9F             100           2
                         01041-01FDF             100

                                  Symbol Table

?___lldiv                       cstackBANK0    00021
?___llmod                       cstackBANK0    00021
?___lmul                        cstackBANK0    00021
?___wmul                        cstackCOMMON   00070
?_flashReadByte                 cstackBANK0    00021
?_getADCValue                   cstackBANK0    0002F
?_strcmp                        cstackCOMMON   00070
?_strlen                        cstackBANK0    00021
_ADCON0bits                     (abs)          0009D
_ADCON1bits                     (abs)          0009E
_ADRESH                         (abs)          0009C
_ADRESL                         (abs)          0009B
_ANSELA                         (abs)          0018C
_ANSELAbits                     (abs)          0018C
_ANSELC                         (abs)          0018E
_ANSELCbits                     (abs)          0018E
_FVRCONbits                     (abs)          00117
_INLVLA                         (abs)          0038C
_INLVLC                         (abs)          0038E
_INTCONbits                     (abs)          0000B
_ISR                            intentry       00004
_ODCONA                         (abs)          0028C
_ODCONC                         (abs)          0028E
_OSCCON1bits                    (abs)          00919
_PIE0bits                       (abs)          00090
_PIR0bits                       (abs)          00010
_PMADRH                         (abs)          00892
_PMADRL                         (abs)          00891
_PMCON1                         (abs)          00895
_PMCON1bits                     (abs)          00895
_PMCON2                         (abs)          00896
_PMDATH                         (abs)          00894
_PMDATL                         (abs)          00893
_PORTAbits                      (abs)          0000C
_PORTCbits                      (abs)          0000E
_RC0PPSbits                     (abs)          00EA0
_RC1PPSbits                     (abs)          00EA1
_RC2PPSbits                     (abs)          00EA2
_RXPacket                       bssBANK2       00140
_SSP1BUF                        (abs)          00211
_SSP1CON1bits                   (abs)          00215
_SSP1STATbits                   (abs)          00214
_STATUSbits                     (abs)          00003
_TRISAbits                      (abs)          0008C
_TRISCbits                      (abs)          0008E
_TXPacket                       bssBANK0       00059
_WDTCONbits                     (abs)          00097
_WPUA                           (abs)          0020C
_WPUAbits                       (abs)          0020C
_WPUC                           (abs)          0020E
__CFG_BOREN$OFF                 (abs)          00000
__CFG_BORV$LOW                  (abs)          00000
__CFG_CLKOUTEN$OFF              (abs)          00000
__CFG_CP$OFF                    (abs)          00000
__CFG_CPD$OFF                   (abs)          00000
__CFG_CSWEN$ON                  (abs)          00000
__CFG_DEBUG$OFF                 (abs)          00000
__CFG_FCMEN$ON                  (abs)          00000
__CFG_FEXTOSC$OFF               (abs)          00000
__CFG_LPBOREN$OFF               (abs)          00000
__CFG_LVP$ON                    (abs)          00000
__CFG_MCLRE$ON                  (abs)          00000
__CFG_PPS1WAY$ON                (abs)          00000
__CFG_PWRTE$ON                  (abs)          00000
__CFG_RSTOSC$HFINT32            (abs)          00000
__CFG_STVREN$ON                 (abs)          00000
__CFG_WDTE$ON                   (abs)          00000
__CFG_WRT$OFF                   (abs)          00000
__H_romArray_text               _romArray_text 02000
__Habs1                         abs1           00000
__Hbank0                        bank0          00000
__Hbank1                        bank1          00000
__Hbank10                       bank10         00000
__Hbank11                       bank11         00000
__Hbank12                       bank12         00000
__Hbank13                       bank13         00000
__Hbank14                       bank14         00000
__Hbank15                       bank15         00000
__Hbank16                       bank16         00000
__Hbank17                       bank17         00000
__Hbank18                       bank18         00000
__Hbank19                       bank19         00000
__Hbank2                        bank2          00000
__Hbank20                       bank20         00000
__Hbank21                       bank21         00000
__Hbank22                       bank22         00000
__Hbank23                       bank23         00000
__Hbank24                       bank24         00000
__Hbank25                       bank25         00000
__Hbank26                       bank26         00000
__Hbank27                       bank27         00000
__Hbank28                       bank28         00000
__Hbank29                       bank29         00000
__Hbank3                        bank3          00000
__Hbank30                       bank30         00000
__Hbank31                       bank31         00000
__Hbank4                        bank4          00000
__Hbank5                        bank5          00000
__Hbank6                        bank6          00000
__Hbank7                        bank7          00000
__Hbank8                        bank8          00000
__Hbank9                        bank9          00000
__Hbigram                       bigram         00000
__HbssBANK0                     bssBANK0       00000
__HbssBANK1                     bssBANK1       00000
__HbssBANK2                     bssBANK2       00000
__Hcinit                        cinit          00029
__Hclrtext                      clrtext        00000
__Hcode                         code           00000
__Hcommon                       common         00000
__Hconfig                       config         0800B
__HcstackBANK0                  cstackBANK0    00000
__HcstackBANK1                  cstackBANK1    00000
__HcstackCOMMON                 cstackCOMMON   00000
__Heeprom_data                  eeprom_data    00000
__Hend_init                     end_init       00011
__Hfunctab                      functab        00000
__Hidloc                        idloc          00000
__Hinit                         init           0000F
__Hintentry                     intentry       0000F
__Hmaintext                     maintext       00000
__Hpowerup                      powerup        00000
__Hram                          ram            00000
__Hreset_vec                    reset_vec      00002
__Hsfr0                         sfr0           00000
__Hsfr1                         sfr1           00000
__Hsfr10                        sfr10          00000
__Hsfr11                        sfr11          00000
__Hsfr12                        sfr12          00000
__Hsfr13                        sfr13          00000
__Hsfr14                        sfr14          00000
__Hsfr15                        sfr15          00000
__Hsfr16                        sfr16          00000
__Hsfr17                        sfr17          00000
__Hsfr18                        sfr18          00000
__Hsfr19                        sfr19          00000
__Hsfr2                         sfr2           00000
__Hsfr20                        sfr20          00000
__Hsfr21                        sfr21          00000
__Hsfr22                        sfr22          00000
__Hsfr23                        sfr23          00000
__Hsfr24                        sfr24          00000
__Hsfr25                        sfr25          00000
__Hsfr26                        sfr26          00000
__Hsfr27                        sfr27          00000
__Hsfr28                        sfr28          00000
__Hsfr29                        sfr29          00000
__Hsfr3                         sfr3           00000
__Hsfr30                        sfr30          00000
__Hsfr31                        sfr31          00000
__Hsfr4                         sfr4           00000
__Hsfr5                         sfr5           00000
__Hsfr6                         sfr6           00000
__Hsfr7                         sfr7           00000
__Hsfr8                         sfr8           00000
__Hsfr9                         sfr9           00000
__Hspace_0                      (abs)          0800B
__Hspace_1                      (abs)          00161
__Hspace_2                      (abs)          00000
__Hspace_3                      (abs)          00000
__Hstack                        stack          00000
__Hstrings                      strings        00000
__Hstringtext1                  stringtext1    00000
__Hstringtext10                 stringtext10   00000
__Hstringtext11                 stringtext11   00000
__Hstringtext12                 stringtext12   00000
__Hstringtext13                 stringtext13   00000
__Hstringtext2                  stringtext2    00000
__Hstringtext3                  stringtext3    00000
__Hstringtext4                  stringtext4    00000
__Hstringtext5                  stringtext5    00000
__Hstringtext6                  stringtext6    00000
__Hstringtext7                  stringtext7    00000
__Hstringtext8                  stringtext8    00000
__Hstringtext9                  stringtext9    00000
__Htext                         text           00000
__L_romArray_text               _romArray_text 01FE0
__Labs1                         abs1           00000
__Lbank0                        bank0          00000
__Lbank1                        bank1          00000
__Lbank10                       bank10         00000
__Lbank11                       bank11         00000
__Lbank12                       bank12         00000
__Lbank13                       bank13         00000
__Lbank14                       bank14         00000
__Lbank15                       bank15         00000
__Lbank16                       bank16         00000
__Lbank17                       bank17         00000
__Lbank18                       bank18         00000
__Lbank19                       bank19         00000
__Lbank2                        bank2          00000
__Lbank20                       bank20         00000
__Lbank21                       bank21         00000
__Lbank22                       bank22         00000
__Lbank23                       bank23         00000
__Lbank24                       bank24         00000
__Lbank25                       bank25         00000
__Lbank26                       bank26         00000
__Lbank27                       bank27         00000
__Lbank28                       bank28         00000
__Lbank29                       bank29         00000
__Lbank3                        bank3          00000
__Lbank30                       bank30         00000
__Lbank31                       bank31         00000
__Lbank4                        bank4          00000
__Lbank5                        bank5          00000
__Lbank6                        bank6          00000
__Lbank7                        bank7          00000
__Lbank8                        bank8          00000
__Lbank9                        bank9          00000
__Lbigram                       bigram         00000
__LbssBANK0                     bssBANK0       00000
__LbssBANK1                     bssBANK1       00000
__LbssBANK2                     bssBANK2       00000
__Lcinit                        cinit          00011
__Lclrtext                      clrtext        00000
__Lcode                         code           00000
__Lcommon                       common         00000
__Lconfig                       config         08007
__LcstackBANK0                  cstackBANK0    00000
__LcstackBANK1                  cstackBANK1    00000
__LcstackCOMMON                 cstackCOMMON   00000
__Leeprom_data                  eeprom_data    00000
__Lend_init                     end_init       0000F
__Lfunctab                      functab        00000
__Lidloc                        idloc          00000
__Linit                         init           0000F
__Lintentry                     intentry       00004
__Lmaintext                     maintext       00000
__Lpowerup                      powerup        00000
__Lram                          ram            00000
__Lreset_vec                    reset_vec      00000
__Lsfr0                         sfr0           00000
__Lsfr1                         sfr1           00000
__Lsfr10                        sfr10          00000
__Lsfr11                        sfr11          00000
__Lsfr12                        sfr12          00000
__Lsfr13                        sfr13          00000
__Lsfr14                        sfr14          00000
__Lsfr15                        sfr15          00000
__Lsfr16                        sfr16          00000
__Lsfr17                        sfr17          00000
__Lsfr18                        sfr18          00000
__Lsfr19                        sfr19          00000
__Lsfr2                         sfr2           00000
__Lsfr20                        sfr20          00000
__Lsfr21                        sfr21          00000
__Lsfr22                        sfr22          00000
__Lsfr23                        sfr23          00000
__Lsfr24                        sfr24          00000
__Lsfr25                        sfr25          00000
__Lsfr26                        sfr26          00000
__Lsfr27                        sfr27          00000
__Lsfr28                        sfr28          00000
__Lsfr29                        sfr29          00000
__Lsfr3                         sfr3           00000
__Lsfr30                        sfr30          00000
__Lsfr31                        sfr31          00000
__Lsfr4                         sfr4           00000
__Lsfr5                         sfr5           00000
__Lsfr6                         sfr6           00000
__Lsfr7                         sfr7           00000
__Lsfr8                         sfr8           00000
__Lsfr9                         sfr9           00000
__Lspace_0                      (abs)          00000
__Lspace_1                      (abs)          00000
__Lspace_2                      (abs)          00000
__Lspace_3                      (abs)          00000
__Lstack                        stack          00000
__Lstrings                      strings        00000
__Lstringtext1                  stringtext1    00000
__Lstringtext10                 stringtext10   00000
__Lstringtext11                 stringtext11   00000
__Lstringtext12                 stringtext12   00000
__Lstringtext13                 stringtext13   00000
__Lstringtext2                  stringtext2    00000
__Lstringtext3                  stringtext3    00000
__Lstringtext4                  stringtext4    00000
__Lstringtext5                  stringtext5    00000
__Lstringtext6                  stringtext6    00000
__Lstringtext7                  stringtext7    00000
__Lstringtext8                  stringtext8    00000
__Lstringtext9                  stringtext9    00000
__Ltext                         text           00000
__S0                            (abs)          0800B
__S1                            (abs)          00161
__S2                            (abs)          00000
__S3                            (abs)          00000
___int_sp                       stack          00000
___latbits                      (abs)          00002
___lldiv                        text17         004C4
___lldiv@counter                cstackBANK0    0002E
___lldiv@dividend               cstackBANK0    00025
___lldiv@divisor                cstackBANK0    00021
___lldiv@quotient               cstackBANK0    0002A
___llmod                        text9          00517
___llmod@counter                cstackBANK0    0002A
___llmod@dividend               cstackBANK0    00025
___llmod@divisor                cstackBANK0    00021
___lmul                         text16         006AF
___lmul@multiplicand            cstackBANK0    00025
___lmul@multiplier              cstackBANK0    00021
___lmul@product                 cstackBANK0    00029
___sp                           stack          00000
___wmul                         text45         00F33
___wmul@multiplicand            cstackCOMMON   00072
___wmul@multiplier              cstackCOMMON   00070
___wmul@product                 cstackCOMMON   00074
__end_of_ISR                    intentry       0000F
__end_of___lldiv                text17         00517
__end_of___llmod                text9          0055A
__end_of___lmul                 text16         006DF
__end_of___wmul                 text45         00F4E
__end_of__initialization        cinit          00025
__end_of_checkTXPower           text18         00EEA
__end_of_enableInterrupts       text38         00EC1
__end_of_exception              text42         00F02
__end_of_flashReadByte          text25         006AF
__end_of_flashRealod            text24         00FE0
__end_of_flashUpdate            text22         007CD
__end_of_flashWriteByte         text23         005D5
__end_of_getADCValue            text15         00417
__end_of_loop                   text5          0013D
__end_of_main                   maintext       00306
__end_of_memset                 text11         00F33
__end_of_n_ADDRESS_MUL          stringtext3    01041
__end_of_n_ADDRESS_P0           stringtext2    0101E
__end_of_nrf24l01CEHigh         text40         00EA3
__end_of_nrf24l01CELow          text39         00EA6
__end_of_nrf24l01CSHigh         text37         00EA9
__end_of_nrf24l01CSLow          text34         00EAC
__end_of_nrf24l01ChangeTXPower  text20         00599
__end_of_nrf24l01CheckACK       text30         00FC0
__end_of_nrf24l01GetRXPacket    text19         00004
__end_of_nrf24l01ISR            text27         0067D
__end_of_nrf24l01Init           text2          00739
__end_of_nrf24l01InitRegisters  text4          001E7
__end_of_nrf24l01InterfaceInit  text3          00FA0
__end_of_nrf24l01ReceivePacket  text28         00470
__end_of_nrf24l01SPIEnd         text36         00EB9
__end_of_nrf24l01SPISend        text35         00ED6
__end_of_nrf24l01SPIStart       text33         00EC9
__end_of_nrf24l01Send           text21         01000
__end_of_nrf24l01SendPacket     text12         0027D
__end_of_nrf24l01SetRXMode      text14         00610
__end_of_resetRomData           stringtext1    01013
__end_of_romArray               _romArray_text 02000
__end_of_setMessage             text7          004C4
__end_of_sleep                  text6          00800
__end_of_strcat                 text10         0075F
__end_of_strcmp                 text41         00785
__end_of_strcpy                 text1          00F84
__end_of_strlen                 text13         007AA
__end_of_ultoa                  text8          0038F
__end_ofi1_flashUpdate          text43         007EE
__end_ofi1_flashWriteByte       text44         0070F
__end_ofi1_memset               text29         00F1A
__end_ofi1_nrf24l01Send         text32         00F69
__end_ofi1_nrf24l01SetRXMode    text31         00647
__initialization                cinit          00011
__p_romArray_text               _romArray_text 01FE0
__pbssBANK0                     bssBANK0       00059
__pbssBANK1                     bssBANK1       000E3
__pbssBANK2                     bssBANK2       00120
__pcstackBANK0                  cstackBANK0    00020
__pcstackBANK1                  cstackBANK1    000A0
__pcstackCOMMON                 cstackCOMMON   00070
__pintentry                     intentry       00004
__pmaintext                     maintext       0027D
__pstringtext1                  stringtext1    01000
__pstringtext10                 stringtext10   01036
__pstringtext11                 stringtext11   0103A
__pstringtext12                 stringtext12   0103E
__pstringtext13                 stringtext13   00000
__pstringtext2                  stringtext2    01019
__pstringtext3                  stringtext3    01040
__pstringtext4                  stringtext4    01013
__pstringtext5                  stringtext5    0101E
__pstringtext6                  stringtext6    01023
__pstringtext7                  stringtext7    01028
__pstringtext8                  stringtext8    0102D
__pstringtext9                  stringtext9    01032
__ptext1                        text1          00F69
__ptext10                       text10         00739
__ptext11                       text11         00F1A
__ptext12                       text12         001E7
__ptext13                       text13         00785
__ptext14                       text14         005D5
__ptext15                       text15         0038F
__ptext16                       text16         006AF
__ptext17                       text17         004C4
__ptext18                       text18         00ED6
__ptext19                       text19         00002
__ptext2                        text2          0070F
__ptext20                       text20         0055A
__ptext21                       text21         00FE0
__ptext22                       text22         007AA
__ptext23                       text23         00599
__ptext24                       text24         00FC0
__ptext25                       text25         0067D
__ptext27                       text27         00647
__ptext28                       text28         00417
__ptext29                       text29         00F02
__ptext3                        text3          00F84
__ptext30                       text30         00FA0
__ptext31                       text31         00610
__ptext32                       text32         00F4E
__ptext33                       text33         00EC1
__ptext34                       text34         00EA9
__ptext35                       text35         00EC9
__ptext36                       text36         00EB2
__ptext37                       text37         00EA6
__ptext38                       text38         00EB9
__ptext39                       text39         00EA3
__ptext4                        text4          0013D
__ptext40                       text40         00EA0
__ptext41                       text41         0075F
__ptext42                       text42         00EEA
__ptext43                       text43         007CD
__ptext44                       text44         006DF
__ptext45                       text45         00F33
__ptext5                        text5          00029
__ptext6                        text6          007EE
__ptext7                        text7          00470
__ptext8                        text8          00306
__ptext9                        text9          00517
__size_of_ISR                   (abs)          00000
__size_of___lldiv               (abs)          00000
__size_of___llmod               (abs)          00000
__size_of___lmul                (abs)          00000
__size_of___wmul                (abs)          00000
__size_of_checkTXPower          (abs)          00000
__size_of_enableInterrupts      (abs)          00000
__size_of_exception             (abs)          00000
__size_of_flashReadByte         (abs)          00000
__size_of_flashRealod           (abs)          00000
__size_of_flashUpdate           (abs)          00000
__size_of_flashWriteByte        (abs)          00000
__size_of_getADCValue           (abs)          00000
__size_of_loop                  (abs)          00000
__size_of_main                  (abs)          00000
__size_of_memset                (abs)          00000
__size_of_nrf24l01CEHigh        (abs)          00000
__size_of_nrf24l01CELow         (abs)          00000
__size_of_nrf24l01CSHigh        (abs)          00000
__size_of_nrf24l01CSLow         (abs)          00000
__size_of_nrf24l01ChangeTXPower (abs)          00000
__size_of_nrf24l01CheckACK      (abs)          00000
__size_of_nrf24l01GetRXPacket   (abs)          00000
__size_of_nrf24l01ISR           (abs)          00000
__size_of_nrf24l01Init          (abs)          00000
__size_of_nrf24l01InitRegisters (abs)          00000
__size_of_nrf24l01InterfaceInit (abs)          00000
__size_of_nrf24l01ReceivePacket (abs)          00000
__size_of_nrf24l01SPIEnd        (abs)          00000
__size_of_nrf24l01SPISend       (abs)          00000
__size_of_nrf24l01SPIStart      (abs)          00000
__size_of_nrf24l01Send          (abs)          00000
__size_of_nrf24l01SendPacket    (abs)          00000
__size_of_nrf24l01SetRXMode     (abs)          00000
__size_of_setMessage            (abs)          00000
__size_of_sleep                 (abs)          00000
__size_of_strcat                (abs)          00000
__size_of_strcmp                (abs)          00000
__size_of_strcpy                (abs)          00000
__size_of_strlen                (abs)          00000
__size_of_ultoa                 (abs)          00000
__size_ofi1_flashUpdate         (abs)          00000
__size_ofi1_flashWriteByte      (abs)          00000
__size_ofi1_memset              (abs)          00000
__size_ofi1_nrf24l01Send        (abs)          00000
__size_ofi1_nrf24l01SetRXMode   (abs)          00000
_checkTXPower                   text18         00ED6
_counter                        bssBANK1       000E3
_enableInterrupts               text38         00EB9
_exception                      text42         00EEA
_flashReadByte                  text25         0067D
_flashRealod                    text24         00FC0
_flashUpdate                    text22         007AA
_flashWriteByte                 text23         00599
_getADCValue                    text15         0038F
_loop                           text5          00029
_main                           maintext       0027D
_memset                         text11         00F1A
_nrf24l01                       bssBANK0       0005B
_nrf24l01CEHigh                 text40         00EA0
_nrf24l01CELow                  text39         00EA3
_nrf24l01CSHigh                 text37         00EA6
_nrf24l01CSLow                  text34         00EA9
_nrf24l01ChangeTXPower          text20         0055A
_nrf24l01CheckACK               text30         00FA0
_nrf24l01GetRXPacket            text19         00002
_nrf24l01ISR                    text27         00647
_nrf24l01Init                   text2          0070F
_nrf24l01InitRegisters          text4          0013D
_nrf24l01InterfaceInit          text3          00F84
_nrf24l01ReceivePacket          text28         00417
_nrf24l01SPIEnd                 text36         00EB2
_nrf24l01SPISend                text35         00EC9
_nrf24l01SPIStart               text33         00EC1
_nrf24l01Send                   text21         00FE0
_nrf24l01SendPacket             text12         001E7
_nrf24l01SetRXMode              text14         005D5
_romArray                       _romArray_text 01FE0
_romArray_absaddr               (abs)          01FE0
_romData                        bssBANK0       0005C
_romHolder                      bssBANK2       00120
_setMessage                     text7          00470
_sleep                          text6          007EE
_strcat                         text10         00739
_strcmp                         text41         0075F
_strcpy                         text1          00F69
_strlen                         text13         00785
_ultoa                          text8          00306
btemp                           (abs)          0007E
checkTXPower@rxPacket           cstackBANK0    00029
clear_ram0                      clrtext        00EAC
enableInterrupts@enable         cstackCOMMON   00070
end_of_initialization           cinit          00025
exception@exception             cstackCOMMON   0007C
flashReadByte@address           cstackBANK0    00028
flashReadByte@offset            cstackBANK0    00021
flashReadByte@result            cstackBANK0    00026
flashRealod@i                   cstackBANK0    0002B
flashUpdate@i                   cstackBANK0    00029
flashWriteByte@address          cstackBANK0    00025
flashWriteByte@data             cstackBANK0    00023
flashWriteByte@offset           cstackBANK0    00021
getADCValue@adcLoop             cstackBANK0    00038
getADCValue@adcSum              cstackBANK0    00039
getADCValue@channel             cstackBANK0    00037
getADCValue@divider             cstackBANK0    0002F
i1_flashUpdate                  text43         007CD
i1_flashWriteByte               text44         006DF
i1_memset                       text29         00F02
i1_nrf24l01Send                 text32         00F4E
i1_nrf24l01SetRXMode            text31         00610
i1flashUpdate@i                 cstackCOMMON   00078
i1flashWriteByte@address        cstackCOMMON   00074
i1flashWriteByte@data           cstackCOMMON   00072
i1flashWriteByte@offset         cstackCOMMON   00070
i1memset@c                      cstackCOMMON   00072
i1memset@n                      cstackCOMMON   00074
i1memset@p                      cstackCOMMON   00076
i1memset@p1                     cstackCOMMON   00070
i1nrf24l01Send@command          cstackCOMMON   00073
i1nrf24l01Send@data             cstackCOMMON   00071
i1nrf24l01SetRXMode@config      cstackCOMMON   00075
i1nrf24l01SetRXMode@rxMode      cstackCOMMON   00076
int$flags                       (abs)          0007E
intlevel0                       functab        00000
intlevel1                       functab        00000
intlevel2                       functab        00000
intlevel3                       functab        00000
intlevel4                       functab        00000
intlevel5                       functab        00000
loop@packet                     cstackBANK1    000A1
loop@rfSetup                    cstackBANK1    000A0
main@packet                     cstackBANK1    000C2
memset@c                        cstackBANK0    00023
memset@n                        cstackBANK0    00025
memset@p                        cstackBANK0    00027
memset@p1                       cstackBANK0    00021
nrf24l01ChangeTXPower@addPower  cstackBANK0    00024
nrf24l01ChangeTXPower@rfSetup   cstackBANK0    00027
nrf24l01ISR@status              cstackBANK0    00020
nrf24l01Init@isReciever         cstackBANK0    00030
nrf24l01InitRegisters@DynPD     cstackBANK0    0002C
nrf24l01InitRegisters@channel   cstackBANK0    00025
nrf24l01InitRegisters@config    cstackBANK0    0002D
nrf24l01InitRegisters@enAA      cstackBANK0    0002B
nrf24l01InitRegisters@enRXAddr  cstackBANK0    0002A
nrf24l01InitRegisters@feature   cstackBANK0    00027
nrf24l01InitRegisters@rfSetup   cstackBANK0    00028
nrf24l01InitRegisters@setupAW   cstackBANK0    00026
nrf24l01InitRegisters@status    cstackBANK0    00029
nrf24l01ReceivePacket@i         cstackCOMMON   0007A
nrf24l01ReceivePacket@width     cstackCOMMON   00079
nrf24l01SPISend@data            cstackCOMMON   00070
nrf24l01Send@command            cstackBANK0    00023
nrf24l01Send@data               cstackBANK0    00021
nrf24l01SendPacket@Packet       cstackBANK0    0002B
nrf24l01SendPacket@i            cstackBANK0    0002C
nrf24l01SetRXMode@config        cstackBANK0    00025
nrf24l01SetRXMode@rxMode        cstackBANK0    00026
reset_vec                       reset_vec      00000
setMessage@packet               cstackBANK0    00053
setMessage@tempString           cstackBANK0    00043
setMessage@topic                cstackBANK0    0003D
setMessage@value                cstackBANK0    0003F
stackhi                         (abs)          023EF
stacklo                         (abs)          020E1
start                           init           0000F
start_initialization            cinit          00011
strcat@cp                       cstackBANK0    00024
strcat@from                     cstackBANK0    00021
strcat@to                       cstackBANK0    00025
strcmp@r                        cstackCOMMON   00073
strcmp@s1                       cstackCOMMON   00074
strcmp@s2                       cstackCOMMON   00070
strcpy@cp                       cstackBANK0    00025
strcpy@from                     cstackBANK0    00021
strcpy@to                       cstackBANK0    00024
strlen@cp                       cstackBANK0    00028
strlen@s                        cstackBANK0    00027
ultoa@base                      cstackBANK0    00033
ultoa@buf                       cstackBANK0    0003B
ultoa@c                         cstackBANK0    0003A
ultoa@v                         cstackBANK0    00036
ultoa@val                       cstackBANK0    0002F
wtemp0                          (abs)          0007E


FUNCTION INFORMATION:

 *************** function _main *****************
 Defined at:
		line 157 in file "main.c"
 Parameters:    Size  Location     Type
		None
 Auto vars:     Size  Location     Type
  packet         33   34[BANK1 ] struct .
 Return value:  Size  Location     Type
                  1    wreg      void 
 Registers used:
		wreg, fsr0l, fsr0h, fsr1l, fsr1h, status,2, status,0, pclath, cstack
 Tracked objects:
		On entry : 
		On exit  : 
		Unchanged: 
 Data sizes:     COMMON   BANK0   BANK1   BANK2   BANK3   BANK4   BANK5   BANK6   BANK7   BANK8   BANK9  BANK10  BANK11  BANK12
      Params:         0       0       0       0       0       0       0       0       0       0       0       0       0       0
      Locals:         0       0      33       0       0       0       0       0       0       0       0       0       0       0
      Temps:          0       1       0       0       0       0       0       0       0       0       0       0       0       0
      Totals:         0       1      33       0       0       0       0       0       0       0       0       0       0       0
Total ram usage:       34 bytes
 Hardware stack levels required when called:   13
 This function calls:
		_flashRealod
		_flashUpdate
		_loop
		_nrf24l01Init
		_nrf24l01SendPacket
		_setMessage
		_sleep
		_strcpy
 This function is called by:
		Startup code after reset
 This function uses a non-reentrant model


 *************** function _strcpy *****************
 Defined at:
		line 8 in file "C:\Program Files (x86)\Microchip\xc8\v2.00\pic\sources\c90\common\strcpy.c"
 Parameters:    Size  Location     Type
  to              1    wreg     PTR unsigned char 
		 -> romData(19), 
  from            2    1[BANK0 ] PTR const unsigned char 
		 -> STR_9(4), 
 Auto vars:     Size  Location     Type
  to              1    4[BANK0 ] PTR unsigned char 
		 -> romData(19), 
  cp              1    5[BANK0 ] PTR unsigned char 
		 -> romData(19), 
 Return value:  Size  Location     Type
                  1    wreg      PTR unsigned char 
 Registers used:
		wreg, fsr0l, fsr0h, fsr1l, fsr1h, status,2, status,0, pclath
 Tracked objects:
		On entry : 
		On exit  : 
		Unchanged: 
 Data sizes:     COMMON   BANK0   BANK1   BANK2   BANK3   BANK4   BANK5   BANK6   BANK7   BANK8   BANK9  BANK10  BANK11  BANK12
      Params:         0       2       0       0       0       0       0       0       0       0       0       0       0       0
      Locals:         0       2       0       0       0       0       0       0       0       0       0       0       0       0
      Temps:          0       1       0       0       0       0       0       0       0       0       0       0       0       0
      Totals:         0       5       0       0       0       0       0       0       0       0       0       0       0       0
Total ram usage:        5 bytes
 Hardware stack levels used:    1
 Hardware stack levels required when called:    7
 This function calls:
		Nothing
 This function is called by:
		_main
 This function uses a non-reentrant model


 *************** function _nrf24l01Init *****************
 Defined at:
		line 387 in file "nrf24l01.c"
 Parameters:    Size  Location     Type
  isReciever      1    wreg     unsigned char 
 Auto vars:     Size  Location     Type
  isReciever      1   16[BANK0 ] unsigned char 
 Return value:  Size  Location     Type
                  1    wreg      void 
 Registers used:
		wreg, status,2, status,0, pclath, cstack
 Tracked objects:
		On entry : 
		On exit  : 
		Unchanged: 
 Data sizes:     COMMON   BANK0   BANK1   BANK2   BANK3   BANK4   BANK5   BANK6   BANK7   BANK8   BANK9  BANK10  BANK11  BANK12
      Params:         0       0       0       0       0       0       0       0       0       0       0       0       0       0
      Locals:         0       1       0       0       0       0       0       0       0       0       0       0       0       0
      Temps:          0       2       0       0       0       0       0       0       0       0       0       0       0       0
      Totals:         0       3       0       0       0       0       0       0       0       0       0       0       0       0
Total ram usage:        3 bytes
 Hardware stack levels used:    1
 Hardware stack levels required when called:   11
 This function calls:
		_nrf24l01CEHigh
		_nrf24l01CELow
		_nrf24l01InitRegisters
		_nrf24l01InterfaceInit
 This function is called by:
		_main
 This function uses a non-reentrant model


 *************** function _nrf24l01InterfaceInit *****************
 Defined at:
		line 28 in file "interface.c"
 Parameters:    Size  Location     Type
		None
 Auto vars:     Size  Location     Type
		None
 Return value:  Size  Location     Type
                  1    wreg      void 
 Registers used:
		wreg, status,2, status,0
 Tracked objects:
		On entry : 
		On exit  : 
		Unchanged: 
 Data sizes:     COMMON   BANK0   BANK1   BANK2   BANK3   BANK4   BANK5   BANK6   BANK7   BANK8   BANK9  BANK10  BANK11  BANK12
      Params:         0       0       0       0       0       0       0       0       0       0       0       0       0       0
      Locals:         0       0       0       0       0       0       0       0       0       0       0       0       0       0
      Temps:          0       0       0       0       0       0       0       0       0       0       0       0       0       0
      Totals:         0       0       0       0       0       0       0       0       0       0       0       0       0       0
Total ram usage:        0 bytes
 Hardware stack levels used:    1
 Hardware stack levels required when called:    7
 This function calls:
		Nothing
 This function is called by:
		_nrf24l01Init
 This function uses a non-reentrant model


 *************** function _nrf24l01InitRegisters *****************
 Defined at:
		line 302 in file "nrf24l01.c"
 Parameters:    Size  Location     Type
  isReciever      1    wreg     unsigned char 
 Auto vars:     Size  Location     Type
  isReciever      1    0[COMMON] unsigned char 
  config          1   13[BANK0 ] struct .
  DynPD           1   12[BANK0 ] struct .
  enAA            1   11[BANK0 ] struct .
  enRXAddr        1   10[BANK0 ] struct .
  status          1    9[BANK0 ] struct .
  rfSetup         1    8[BANK0 ] struct .
  feature         1    7[BANK0 ] struct .
  setupAW         1    6[BANK0 ] struct .
  channel         1    5[BANK0 ] struct .
 Return value:  Size  Location     Type
                  1    wreg      void 
 Registers used:
		wreg, status,2, status,0, pclath, cstack
 Tracked objects:
		On entry : 
		On exit  : 
		Unchanged: 
 Data sizes:     COMMON   BANK0   BANK1   BANK2   BANK3   BANK4   BANK5   BANK6   BANK7   BANK8   BANK9  BANK10  BANK11  BANK12
      Params:         0       0       0       0       0       0       0       0       0       0       0       0       0       0
      Locals:         0       9       0       0       0       0       0       0       0       0       0       0       0       0
      Temps:          0       1       0       0       0       0       0       0       0       0       0       0       0       0
      Totals:         0      10       0       0       0       0       0       0       0       0       0       0       0       0
Total ram usage:       10 bytes
 Hardware stack levels used:    1
 Hardware stack levels required when called:   10
 This function calls:
		_nrf24l01Send
 This function is called by:
		_nrf24l01Init
 This function uses a non-reentrant model


 *************** function _loop *****************
 Defined at:
		line 100 in file "main.c"
 Parameters:    Size  Location     Type
		None
 Auto vars:     Size  Location     Type
  packet         33    1[BANK1 ] struct .
  rfSetup         1    0[BANK1 ] struct .
 Return value:  Size  Location     Type
                  1    wreg      void 
 Registers used:
		wreg, fsr0l, fsr0h, fsr1l, fsr1h, status,2, status,0, pclath, cstack
 Tracked objects:
		On entry : 
		On exit  : 
		Unchanged: 
 Data sizes:     COMMON   BANK0   BANK1   BANK2   BANK3   BANK4   BANK5   BANK6   BANK7   BANK8   BANK9  BANK10  BANK11  BANK12
      Params:         0       0       0       0       0       0       0       0       0       0       0       0       0       0
      Locals:         0       0      34       0       0       0       0       0       0       0       0       0       0       0
      Temps:          0       4       0       0       0       0       0       0       0       0       0       0       0       0
      Totals:         0       4      34       0       0       0       0       0       0       0       0       0       0       0
Total ram usage:       38 bytes
 Hardware stack levels used:    1
 Hardware stack levels required when called:   12
 This function calls:
		_checkTXPower
		_getADCValue
		_nrf24l01Send
		_nrf24l01SendPacket
		_setMessage
		_sleep
 This function is called by:
		_main
 This function uses a non-reentrant model


 *************** function _sleep *****************
 Defined at:
		line 49 in file "main.c"
 Parameters:    Size  Location     Type
		None
 Auto vars:     Size  Location     Type
		None
 Return value:  Size  Location     Type
                  1    wreg      void 
 Registers used:
		wreg
 Tracked objects:
		On entry : 
		On exit  : 
		Unchanged: 
 Data sizes:     COMMON   BANK0   BANK1   BANK2   BANK3   BANK4   BANK5   BANK6   BANK7   BANK8   BANK9  BANK10  BANK11  BANK12
      Params:         0       0       0       0       0       0       0       0       0       0       0       0       0       0
      Locals:         0       0       0       0       0       0       0       0       0       0       0       0       0       0
      Temps:          0       0       0       0       0       0       0       0       0       0       0       0       0       0
      Totals:         0       0       0       0       0       0       0       0       0       0       0       0       0       0
Total ram usage:        0 bytes
 Hardware stack levels used:    1
 Hardware stack levels required when called:    7
 This function calls:
		Nothing
 This function is called by:
		_loop
		_main
		_checkRxData
 This function uses a non-reentrant model


 *************** function _setMessage *****************
 Defined at:
		line 76 in file "main.c"
 Parameters:    Size  Location     Type
  packet          1    wreg     PTR struct .
		 -> main@packet(33), loop@packet(33), 
  topic           2   29[BANK0 ] PTR const unsigned char 
		 -> STR_10(5), STR_8(6), STR_7(5), STR_6(4), 
		 -> STR_5(5), STR_4(5), STR_3(4), 
  value           4   31[BANK0 ] unsigned long 
 Auto vars:     Size  Location     Type
  packet          1   51[BANK0 ] PTR struct .
		 -> main@packet(33), loop@packet(33), 
  tempString     16   35[BANK0 ] unsigned char [16]
 Return value:  Size  Location     Type
                  1    wreg      void 
 Registers used:
		wreg, fsr0l, fsr0h, fsr1l, fsr1h, status,2, status,0, pclath, cstack
 Tracked objects:
		On entry : 
		On exit  : 
		Unchanged: 
 Data sizes:     COMMON   BANK0   BANK1   BANK2   BANK3   BANK4   BANK5   BANK6   BANK7   BANK8   BANK9  BANK10  BANK11  BANK12
      Params:         0       6       0       0       0       0       0       0       0       0       0       0       0       0
      Locals:         0      17       0       0       0       0       0       0       0       0       0       0       0       0
      Temps:          0       0       0       0       0       0       0       0       0       0       0       0       0       0
      Totals:         0      23       0       0       0       0       0       0       0       0       0       0       0       0
Total ram usage:       23 bytes
 Hardware stack levels used:    1
 Hardware stack levels required when called:    9
 This function calls:
		_memset
		_strcat
		_ultoa
 This function is called by:
		_loop
		_main
 This function uses a non-reentrant model


 *************** function _ultoa *****************
 Defined at:
		line 32 in file "C:\Program Files (x86)\Microchip\xc8\v2.00\pic\sources\c90\common\ltoa.c"
 Parameters:    Size  Location     Type
  buf             1    wreg     PTR unsigned char 
		 -> setMessage@tempString(16), 
  val             4   15[BANK0 ] unsigned long 
  base            2   19[BANK0 ] int 
 Auto vars:     Size  Location     Type
  buf             1   27[BANK0 ] PTR unsigned char 
		 -> setMessage@tempString(16), 
  v               4   22[BANK0 ] unsigned long 
  c               1   26[BANK0 ] unsigned char 
 Return value:  Size  Location     Type
                  1    wreg      PTR unsigned char 
 Registers used:
		wreg, fsr1l, fsr1h, status,2, status,0, pclath, cstack
 Tracked objects:
		On entry : 
		On exit  : 
		Unchanged: 
 Data sizes:     COMMON   BANK0   BANK1   BANK2   BANK3   BANK4   BANK5   BANK6   BANK7   BANK8   BANK9  BANK10  BANK11  BANK12
      Params:         0       6       0       0       0       0       0       0       0       0       0       0       0       0
      Locals:         0       6       0       0       0       0       0       0       0       0       0       0       0       0
      Temps:          0       1       0       0       0       0       0       0       0       0       0       0       0       0
      Totals:         0      13       0       0       0       0       0       0       0       0       0       0       0       0
Total ram usage:       13 bytes
 Hardware stack levels used:    1
 Hardware stack levels required when called:    8
 This function calls:
		___lldiv
		___llmod
 This function is called by:
		_setMessage
 This function uses a non-reentrant model


 *************** function ___llmod *****************
 Defined at:
		line 5 in file "C:\Program Files (x86)\Microchip\xc8\v2.00\pic\sources\c90\common\llmod.c"
 Parameters:    Size  Location     Type
  divisor         4    1[BANK0 ] unsigned long 
  dividend        4    5[BANK0 ] unsigned long 
 Auto vars:     Size  Location     Type
  counter         1   10[BANK0 ] unsigned char 
 Return value:  Size  Location     Type
                  4    1[BANK0 ] unsigned long 
 Registers used:
		wreg, status,2, status,0
 Tracked objects:
		On entry : 
		On exit  : 
		Unchanged: 
 Data sizes:     COMMON   BANK0   BANK1   BANK2   BANK3   BANK4   BANK5   BANK6   BANK7   BANK8   BANK9  BANK10  BANK11  BANK12
      Params:         0       8       0       0       0       0       0       0       0       0       0       0       0       0
      Locals:         0       1       0       0       0       0       0       0       0       0       0       0       0       0
      Temps:          0       1       0       0       0       0       0       0       0       0       0       0       0       0
      Totals:         0      10       0       0       0       0       0       0       0       0       0       0       0       0
Total ram usage:       10 bytes
 Hardware stack levels used:    1
 Hardware stack levels required when called:    7
 This function calls:
		Nothing
 This function is called by:
		_ultoa
 This function uses a non-reentrant model


 *************** function _strcat *****************
 Defined at:
		line 8 in file "C:\Program Files (x86)\Microchip\xc8\v2.00\pic\sources\c90\common\strcat.c"
 Parameters:    Size  Location     Type
  to              1    wreg     PTR unsigned char 
		 -> main@packet(33), loop@packet(33), 
  from            2    1[BANK0 ] PTR const unsigned char 
		 -> STR_10(5), STR_8(6), STR_7(5), STR_6(4), 
		 -> STR_5(5), STR_4(5), STR_3(4), STR_2(2), 
		 -> setMessage@tempString(16), STR_1(2), romData.name(16), romData(19), 
 Auto vars:     Size  Location     Type
  to              1    5[BANK0 ] PTR unsigned char 
		 -> main@packet(33), loop@packet(33), 
  cp              1    4[BANK0 ] PTR unsigned char 
		 -> main@packet(33), loop@packet(33), 
 Return value:  Size  Location     Type
                  1    wreg      PTR unsigned char 
 Registers used:
		wreg, fsr0l, fsr0h, fsr1l, fsr1h, status,2, status,0, pclath
 Tracked objects:
		On entry : 
		On exit  : 
		Unchanged: 
 Data sizes:     COMMON   BANK0   BANK1   BANK2   BANK3   BANK4   BANK5   BANK6   BANK7   BANK8   BANK9  BANK10  BANK11  BANK12
      Params:         0       2       0       0       0       0       0       0       0       0       0       0       0       0
      Locals:         0       2       0       0       0       0       0       0       0       0       0       0       0       0
      Temps:          0       1       0       0       0       0       0       0       0       0       0       0       0       0
      Totals:         0       5       0       0       0       0       0       0       0       0       0       0       0       0
Total ram usage:        5 bytes
 Hardware stack levels used:    1
 Hardware stack levels required when called:    7
 This function calls:
		Nothing
 This function is called by:
		_setMessage
 This function uses a non-reentrant model


 *************** function _memset *****************
 Defined at:
		line 8 in file "C:\Program Files (x86)\Microchip\xc8\v2.00\pic\sources\c90\common\memset.c"
 Parameters:    Size  Location     Type
  p1              2    1[BANK0 ] PTR void 
		 -> RXPacket(33), main@packet(33), loop@packet(33), 
  c               2    3[BANK0 ] int 
  n               2    5[BANK0 ] unsigned int 
 Auto vars:     Size  Location     Type
  p               2    7[BANK0 ] PTR unsigned char 
		 -> RXPacket(33), main@packet(33), loop@packet(33), 
 Return value:  Size  Location     Type
                  2    1[BANK0 ] PTR void 
 Registers used:
		wreg, fsr1l, fsr1h, status,2, status,0
 Tracked objects:
		On entry : 
		On exit  : 
		Unchanged: 
 Data sizes:     COMMON   BANK0   BANK1   BANK2   BANK3   BANK4   BANK5   BANK6   BANK7   BANK8   BANK9  BANK10  BANK11  BANK12
      Params:         0       6       0       0       0       0       0       0       0       0       0       0       0       0
      Locals:         0       2       0       0       0       0       0       0       0       0       0       0       0       0
      Temps:          0       0       0       0       0       0       0       0       0       0       0       0       0       0
      Totals:         0       8       0       0       0       0       0       0       0       0       0       0       0       0
Total ram usage:        8 bytes
 Hardware stack levels used:    1
 Hardware stack levels required when called:    7
 This function calls:
		Nothing
 This function is called by:
		_setMessage
 This function uses a non-reentrant model


 *************** function _nrf24l01SendPacket *****************
 Defined at:
		line 170 in file "nrf24l01.c"
 Parameters:    Size  Location     Type
  Packet          1    wreg     PTR struct .
		 -> main@packet(33), loop@packet(33), 
 Auto vars:     Size  Location     Type
  Packet          1   11[BANK0 ] PTR struct .
		 -> main@packet(33), loop@packet(33), 
  i               1   12[BANK0 ] unsigned char 
 Return value:  Size  Location     Type
                  1    wreg      void 
 Registers used:
		wreg, fsr1l, fsr1h, status,2, status,0, pclath, cstack
 Tracked objects:
		On entry : 
		On exit  : 
		Unchanged: 
 Data sizes:     COMMON   BANK0   BANK1   BANK2   BANK3   BANK4   BANK5   BANK6   BANK7   BANK8   BANK9  BANK10  BANK11  BANK12
      Params:         0       0       0       0       0       0       0       0       0       0       0       0       0       0
      Locals:         0       2       0       0       0       0       0       0       0       0       0       0       0       0
      Temps:          0       2       0       0       0       0       0       0       0       0       0       0       0       0
      Totals:         0       4       0       0       0       0       0       0       0       0       0       0       0       0
Total ram usage:        4 bytes
 Hardware stack levels used:    1
 Hardware stack levels required when called:   11
 This function calls:
		_enableInterrupts
		_nrf24l01CEHigh
		_nrf24l01CELow
		_nrf24l01ChangeTXPower
		_nrf24l01SPIEnd
		_nrf24l01SPISend
		_nrf24l01SPIStart
		_nrf24l01SetRXMode
		_strlen
 This function is called by:
		_loop
		_main
		_nrf24l01SendACK
 This function uses a non-reentrant model


 *************** function _strlen *****************
 Defined at:
		line 4 in file "C:\Program Files (x86)\Microchip\xc8\v2.00\pic\sources\c90\common\strlen.c"
 Parameters:    Size  Location     Type
  s               1    wreg     PTR const unsigned char 
		 -> packet.Message(32), packet.Message(32), NULL(0), main@packet(33), 
		 -> loop@packet(33), 
 Auto vars:     Size  Location     Type
  s               1    7[BANK0 ] PTR const unsigned char 
		 -> packet.Message(32), packet.Message(32), NULL(0), main@packet(33), 
		 -> loop@packet(33), 
  cp              1    8[BANK0 ] PTR const unsigned char 
		 -> packet.Message(32), packet.Message(32), NULL(0), main@packet(33), 
		 -> loop@packet(33), 
 Return value:  Size  Location     Type
                  2    1[BANK0 ] unsigned int 
 Registers used:
		wreg, fsr1l, fsr1h, status,2, status,0
 Tracked objects:
		On entry : 
		On exit  : 
		Unchanged: 
 Data sizes:     COMMON   BANK0   BANK1   BANK2   BANK3   BANK4   BANK5   BANK6   BANK7   BANK8   BANK9  BANK10  BANK11  BANK12
      Params:         0       2       0       0       0       0       0       0       0       0       0       0       0       0
      Locals:         0       2       0       0       0       0       0       0       0       0       0       0       0       0
      Temps:          0       4       0       0       0       0       0       0       0       0       0       0       0       0
      Totals:         0       8       0       0       0       0       0       0       0       0       0       0       0       0
Total ram usage:        8 bytes
 Hardware stack levels used:    1
 Hardware stack levels required when called:    7
 This function calls:
		Nothing
 This function is called by:
		_nrf24l01SendPacket
 This function uses a non-reentrant model


 *************** function _nrf24l01SetRXMode *****************
 Defined at:
		line 54 in file "nrf24l01.c"
 Parameters:    Size  Location     Type
  rxMode          1    wreg     unsigned char 
 Auto vars:     Size  Location     Type
  rxMode          1    6[BANK0 ] unsigned char 
  config          1    5[BANK0 ] struct .
 Return value:  Size  Location     Type
[...]
Total ram usage:        0 bytes
 Hardware stack levels used:    1
 Hardware stack levels required when called:    7
 This function calls:
		Nothing
 This function is called by:
		_nrf24l01SPIStart
 This function uses a non-reentrant model


 *************** function _nrf24l01SPISend *****************
 Defined at:
		line 52 in file "interface.c"
 Parameters:    Size  Location     Type
  data            1    wreg     unsigned char 
 Auto vars:     Size  Location     Type
  data            1    0[COMMON] unsigned char 
 Return value:  Size  Location     Type
                  1    wreg      unsigned char 
 Registers used:
		wreg
 Tracked objects:
		On entry : 
		On exit  : 
		Unchanged: 
 Data sizes:     COMMON   BANK0   BANK1   BANK2   BANK3   BANK4   BANK5   BANK6   BANK7   BANK8   BANK9  BANK10  BANK11  BANK12
      Params:         0       0       0       0       0       0       0       0       0       0       0       0       0       0
      Locals:         0       0       0       0       0       0       0       0       0       0       0       0       0       0
      Temps:          0       0       0       0       0       0       0       0       0       0       0       0       0       0
      Totals:         0       0       0       0       0       0       0       0       0       0       0       0       0       0
Total ram usage:        0 bytes
 Hardware stack levels used:    1
 Hardware stack levels required when called:    7
 This function calls:
		Nothing
 This function is called by:
		_nrf24l01Send
		_nrf24l01ReceivePacket
		_nrf24l01SendPacket
		i1_nrf24l01Send
 This function uses a non-reentrant model


 *************** function _nrf24l01SPIEnd *****************
 Defined at:
		line 71 in file "interface.c"
 Parameters:    Size  Location     Type
		None
 Auto vars:     Size  Location     Type
		None
 Return value:  Size  Location     Type
                  1    wreg      void 
 Registers used:
		wreg, status,2, status,0, pclath, cstack
 Tracked objects:
		On entry : 
		On exit  : 
		Unchanged: 
 Data sizes:     COMMON   BANK0   BANK1   BANK2   BANK3   BANK4   BANK5   BANK6   BANK7   BANK8   BANK9  BANK10  BANK11  BANK12
      Params:         0       0       0       0       0       0       0       0       0       0       0       0       0       0
      Locals:         0       0       0       0       0       0       0       0       0       0       0       0       0       0
      Temps:          0       0       0       0       0       0       0       0       0       0       0       0       0       0
      Totals:         0       0       0       0       0       0       0       0       0       0       0       0       0       0
Total ram usage:        0 bytes
 Hardware stack levels used:    1
 Hardware stack levels required when called:    8
 This function calls:
		_nrf24l01CSHigh
 This function is called by:
		_nrf24l01Send
		_nrf24l01ReceivePacket
		_nrf24l01SendPacket
		i1_nrf24l01Send
 This function uses a non-reentrant model


 *************** function _nrf24l01CSHigh *****************
 Defined at:
		line 23 in file "interface.c"
 Parameters:    Size  Location     Type
		None
 Auto vars:     Size  Location     Type
		None
 Return value:  Size  Location     Type
                  1    wreg      void 
 Registers used:
		None
 Tracked objects:
		On entry : 
		On exit  : 
		Unchanged: 
 Data sizes:     COMMON   BANK0   BANK1   BANK2   BANK3   BANK4   BANK5   BANK6   BANK7   BANK8   BANK9  BANK10  BANK11  BANK12
      Params:         0       0       0       0       0       0       0       0       0       0       0       0       0       0
      Locals:         0       0       0       0       0       0       0       0       0       0       0       0       0       0
      Temps:          0       0       0       0       0       0       0       0       0       0       0       0       0       0
      Totals:         0       0       0       0       0       0       0       0       0       0       0       0       0       0
Total ram usage:        0 bytes
 Hardware stack levels used:    1
 Hardware stack levels required when called:    7
 This function calls:
		Nothing
 This function is called by:
		_nrf24l01SPIEnd
 This function uses a non-reentrant model


 *************** function _enableInterrupts *****************
 Defined at:
		line 77 in file "interface.c"
 Parameters:    Size  Location     Type
  enable          1    wreg     unsigned char 
 Auto vars:     Size  Location     Type
  enable          1    0[COMMON] unsigned char 
 Return value:  Size  Location     Type
                  1    wreg      void 
 Registers used:
		wreg, status,0
 Tracked objects:
		On entry : 
		On exit  : 
		Unchanged: 
 Data sizes:     COMMON   BANK0   BANK1   BANK2   BANK3   BANK4   BANK5   BANK6   BANK7   BANK8   BANK9  BANK10  BANK11  BANK12
      Params:         0       0       0       0       0       0       0       0       0       0       0       0       0       0
      Locals:         0       0       0       0       0       0       0       0       0       0       0       0       0       0
      Temps:          0       0       0       0       0       0       0       0       0       0       0       0       0       0
      Totals:         0       0       0       0       0       0       0       0       0       0       0       0       0       0
Total ram usage:        0 bytes
 Hardware stack levels used:    1
 Hardware stack levels required when called:    7
 This function calls:
		Nothing
 This function is called by:
		_nrf24l01Send
		_nrf24l01SendPacket
		i1_nrf24l01Send
 This function uses a non-reentrant model


 *************** function _nrf24l01CELow *****************
 Defined at:
		line 8 in file "interface.c"
 Parameters:    Size  Location     Type
		None
 Auto vars:     Size  Location     Type
		None
 Return value:  Size  Location     Type
                  1    wreg      void 
 Registers used:
		None
 Tracked objects:
		On entry : 
		On exit  : 
		Unchanged: 
 Data sizes:     COMMON   BANK0   BANK1   BANK2   BANK3   BANK4   BANK5   BANK6   BANK7   BANK8   BANK9  BANK10  BANK11  BANK12
      Params:         0       0       0       0       0       0       0       0       0       0       0       0       0       0
      Locals:         0       0       0       0       0       0       0       0       0       0       0       0       0       0
      Temps:          0       0       0       0       0       0       0       0       0       0       0       0       0       0
      Totals:         0       0       0       0       0       0       0       0       0       0       0       0       0       0
Total ram usage:        0 bytes
 Hardware stack levels used:    1
 Hardware stack levels required when called:    7
 This function calls:
		Nothing
 This function is called by:
		_nrf24l01SetRXMode
		_nrf24l01ReceivePacket
		_nrf24l01SendPacket
		_nrf24l01Init
		i1_nrf24l01SetRXMode
 This function uses a non-reentrant model


 *************** function _nrf24l01CEHigh *****************
 Defined at:
		line 13 in file "interface.c"
 Parameters:    Size  Location     Type
		None
 Auto vars:     Size  Location     Type
		None
 Return value:  Size  Location     Type
                  1    wreg      void 
 Registers used:
		None
 Tracked objects:
		On entry : 
		On exit  : 
		Unchanged: 
 Data sizes:     COMMON   BANK0   BANK1   BANK2   BANK3   BANK4   BANK5   BANK6   BANK7   BANK8   BANK9  BANK10  BANK11  BANK12
      Params:         0       0       0       0       0       0       0       0       0       0       0       0       0       0
      Locals:         0       0       0       0       0       0       0       0       0       0       0       0       0       0
      Temps:          0       0       0       0       0       0       0       0       0       0       0       0       0       0
      Totals:         0       0       0       0       0       0       0       0       0       0       0       0       0       0
Total ram usage:        0 bytes
 Hardware stack levels used:    1
 Hardware stack levels required when called:    7
 This function calls:
		Nothing
 This function is called by:
		_nrf24l01SetRXMode
		_nrf24l01ReceivePacket
		_nrf24l01SendPacket
		_nrf24l01Init
		i1_nrf24l01SetRXMode
 This function uses a non-reentrant model


 *************** function _strcmp *****************
 Defined at:
		line 33 in file "C:\Program Files (x86)\Microchip\xc8\v2.00\pic\sources\c90\common\strcmp.c"
 Parameters:    Size  Location     Type
  s1              1    wreg     PTR const unsigned char 
		 -> packet.Message(32), packet.Message(32), NULL(0), main@packet(33), 
		 -> loop@packet(33), 
  s2              1    0[COMMON] PTR const unsigned char 
		 -> RXPacket.Message(32), RXPacket(33), 
 Auto vars:     Size  Location     Type
  s1              1    4[COMMON] PTR const unsigned char 
		 -> packet.Message(32), packet.Message(32), NULL(0), main@packet(33), 
		 -> loop@packet(33), 
  r               1    3[COMMON] char 
 Return value:  Size  Location     Type
                  2    0[COMMON] int 
 Registers used:
		wreg, fsr0l, fsr0h, fsr1l, fsr1h, status,2, status,0
 Tracked objects:
		On entry : 
		On exit  : 
		Unchanged: 
 Data sizes:     COMMON   BANK0   BANK1   BANK2   BANK3   BANK4   BANK5   BANK6   BANK7   BANK8   BANK9  BANK10  BANK11  BANK12
      Params:         2       0       0       0       0       0       0       0       0       0       0       0       0       0
      Locals:         2       0       0       0       0       0       0       0       0       0       0       0       0       0
      Temps:          1       0       0       0       0       0       0       0       0       0       0       0       0       0
      Totals:         5       0       0       0       0       0       0       0       0       0       0       0       0       0
Total ram usage:        5 bytes
 Hardware stack levels used:    1
 This function calls:
		Nothing
 This function is called by:
		_nrf24l01CheckACK
 This function uses a non-reentrant model


 *************** function _exception *****************
 Defined at:
		line 81 in file "interface.c"
 Parameters:    Size  Location     Type
  exception       1    wreg     unsigned char 
 Auto vars:     Size  Location     Type
  exception       1   12[COMMON] unsigned char 
 Return value:  Size  Location     Type
                  1    wreg      void 
 Registers used:
		wreg, fsr1l, fsr1h, status,2, status,0, pclath, cstack
 Tracked objects:
		On entry : 
		On exit  : 
		Unchanged: 
 Data sizes:     COMMON   BANK0   BANK1   BANK2   BANK3   BANK4   BANK5   BANK6   BANK7   BANK8   BANK9  BANK10  BANK11  BANK12
      Params:         0       0       0       0       0       0       0       0       0       0       0       0       0       0
      Locals:         1       0       0       0       0       0       0       0       0       0       0       0       0       0
      Temps:          2       0       0       0       0       0       0       0       0       0       0       0       0       0
      Totals:         3       0       0       0       0       0       0       0       0       0       0       0       0       0
Total ram usage:        3 bytes
 Hardware stack levels used:    1
 Hardware stack levels required when called:    2
 This function calls:
		___wmul
		i1_flashUpdate
 This function is called by:
		_nrf24l01ISR
 This function uses a non-reentrant model


 *************** function i1_flashUpdate *****************
 Defined at:
		line 97 in file "flash.c"
 Parameters:    Size  Location     Type
		None
 Auto vars:     Size  Location     Type
  flashUpdate     2    8[COMMON] unsigned int 
 Return value:  Size  Location     Type
                  1    wreg      void 
 Registers used:
		wreg, fsr1l, fsr1h, status,2, status,0, pclath, cstack
 Tracked objects:
		On entry : 
		On exit  : 
		Unchanged: 
 Data sizes:     COMMON   BANK0   BANK1   BANK2   BANK3   BANK4   BANK5   BANK6   BANK7   BANK8   BANK9  BANK10  BANK11  BANK12
      Params:         0       0       0       0       0       0       0       0       0       0       0       0       0       0
      Locals:         2       0       0       0       0       0       0       0       0       0       0       0       0       0
      Temps:          2       0       0       0       0       0       0       0       0       0       0       0       0       0
      Totals:         4       0       0       0       0       0       0       0       0       0       0       0       0       0
Total ram usage:        4 bytes
 Hardware stack levels used:    1
 Hardware stack levels required when called:    1
 This function calls:
		i1_flashWriteByte
 This function is called by:
		_exception
 This function uses a non-reentrant model


 *************** function i1_flashWriteByte *****************
 Defined at:
		line 8 in file "flash.c"
 Parameters:    Size  Location     Type
  offset          2    0[COMMON] unsigned int 
  data            2    2[COMMON] unsigned int 
 Auto vars:     Size  Location     Type
  flashWriteBy    2    4[COMMON] unsigned int 
 Return value:  Size  Location     Type
                  1    wreg      void 
 Registers used:
		wreg, status,2, status,0
 Tracked objects:
		On entry : 
		On exit  : 
		Unchanged: 
 Data sizes:     COMMON   BANK0   BANK1   BANK2   BANK3   BANK4   BANK5   BANK6   BANK7   BANK8   BANK9  BANK10  BANK11  BANK12
      Params:         4       0       0       0       0       0       0       0       0       0       0       0       0       0
      Locals:         2       0       0       0       0       0       0       0       0       0       0       0       0       0
      Temps:          0       0       0       0       0       0       0       0       0       0       0       0       0       0
      Totals:         6       0       0       0       0       0       0       0       0       0       0       0       0       0
Total ram usage:        6 bytes
 Hardware stack levels used:    1
 This function calls:
		Nothing
 This function is called by:
		i1_flashUpdate
 This function uses a non-reentrant model


 *************** function ___wmul *****************
 Defined at:
		line 15 in file "C:\Program Files (x86)\Microchip\xc8\v2.00\pic\sources\c90\common\Umul16.c"
 Parameters:    Size  Location     Type
  multiplier      2    0[COMMON] unsigned int 
  multiplicand    2    2[COMMON] unsigned int 
 Auto vars:     Size  Location     Type
  product         2    4[COMMON] unsigned int 
 Return value:  Size  Location     Type
                  2    0[COMMON] unsigned int 
 Registers used:
		wreg, status,2, status,0
 Tracked objects:
		On entry : 
		On exit  : 
		Unchanged: 
 Data sizes:     COMMON   BANK0   BANK1   BANK2   BANK3   BANK4   BANK5   BANK6   BANK7   BANK8   BANK9  BANK10  BANK11  BANK12
      Params:         4       0       0       0       0       0       0       0       0       0       0       0       0       0
      Locals:         2       0       0       0       0       0       0       0       0       0       0       0       0       0
      Temps:          0       0       0       0       0       0       0       0       0       0       0       0       0       0
      Totals:         6       0       0       0       0       0       0       0       0       0       0       0       0       0
Total ram usage:        6 bytes
 Hardware stack levels used:    1
 This function calls:
		Nothing
 This function is called by:
		_exception
 This function uses a non-reentrant model



MODULE INFORMATION

Module		Function		Class		Link	Load	Size
C:\Program Files (x86)\Microchip\xc8\v2.00\pic\sources\c90\common\ltoa.c
		_ultoa         		CODE           	0306	0000	138

C:\Program Files (x86)\Microchip\xc8\v2.00\pic\sources\c90\common\ltoa.c estimated size: 138

C:\Program Files (x86)\Microchip\xc8\v2.00\pic\sources\c90\common\llmod.c
		___llmod       		CODE           	0517	0000	68

C:\Program Files (x86)\Microchip\xc8\v2.00\pic\sources\c90\common\llmod.c estimated size: 68

C:\Program Files (x86)\Microchip\xc8\v2.00\pic\sources\c90\common\Umul16.c
		___wmul        		CODE           	0F33	0000	28

C:\Program Files (x86)\Microchip\xc8\v2.00\pic\sources\c90\common\Umul16.c estimated size: 28

C:\Program Files (x86)\Microchip\xc8\v2.00\pic\sources\c90\common\__lldiv.c
		___lldiv       		CODE           	04C4	0000	84

C:\Program Files (x86)\Microchip\xc8\v2.00\pic\sources\c90\common\__lldiv.c estimated size: 84

C:\Program Files (x86)\Microchip\xc8\v2.00\pic\sources\c90\common\Umul32.c
		___lmul        		CODE           	06AF	0000	49

C:\Program Files (x86)\Microchip\xc8\v2.00\pic\sources\c90\common\Umul32.c estimated size: 49

C:\Program Files (x86)\Microchip\xc8\v2.00\pic\sources\c90\common\strcat.c
		_strcat        		CODE           	0739	0000	39

C:\Program Files (x86)\Microchip\xc8\v2.00\pic\sources\c90\common\strcat.c estimated size: 39

shared
		i1_nrf24l01Send		CODE           	0F4E	0000	28
		i1_flashWriteByte		CODE           	06DF	0000	49
		i1_flashUpdate 		CODE           	07CD	0000	34
		i1_nrf24l01SetRXMode		CODE           	0610	0000	56
		_n_ADDRESS_P0  		STRCODE        	0000	0000	0
		_n_ADDRESS_MUL 		STRCODE        	0000	0000	0
		__initialization		CODE           	0011	0000	21
		_romArray      		STRCODE        	1FE0	0000	33
		_resetRomData  		STRCODE        	0000	0000	0
		i1_memset      		CODE           	0F02	0000	25

shared estimated size: 246

interface.c
		_nrf24l01SPISend		CODE           	0EC9	0000	14
		_exception     		CODE           	0EEA	0000	25
		_nrf24l01CELow 		CODE           	0EA3	0000	4
		_nrf24l01CSLow 		CODE           	0EA9	0000	4
		_nrf24l01SPIStart		CODE           	0EC1	0000	9
		_nrf24l01SPIEnd		CODE           	0EB2	0000	8
		_nrf24l01CEHigh		CODE           	0EA0	0000	4
		_nrf24l01CSHigh		CODE           	0EA6	0000	4
		_enableInterrupts		CODE           	0EB9	0000	9
		_nrf24l01InterfaceInit		CODE           	0F84	0000	29

interface.c estimated size: 110

flash.c
		_flashWriteByte		CODE           	0599	0000	61
		_flashRealod   		CODE           	0FC0	0000	33
		_flashReadByte 		CODE           	067D	0000	51
		_flashUpdate   		CODE           	07AA	0000	36

flash.c estimated size: 181

C:\Program Files (x86)\Microchip\xc8\v2.00\pic\sources\c90\common\strlen.c
		_strlen        		CODE           	0785	0000	38

C:\Program Files (x86)\Microchip\xc8\v2.00\pic\sources\c90\common\strlen.c estimated size: 38

C:\Program Files (x86)\Microchip\xc8\v2.00\pic\sources\c90\common\strcmp.c
		_strcmp        		CODE           	075F	0000	39

C:\Program Files (x86)\Microchip\xc8\v2.00\pic\sources\c90\common\strcmp.c estimated size: 39

C:\Program Files (x86)\Microchip\xc8\v2.00\pic\sources\c90\common\strcpy.c
		_strcpy        		CODE           	0F69	0000	28

C:\Program Files (x86)\Microchip\xc8\v2.00\pic\sources\c90\common\strcpy.c estimated size: 28

nrf24l01.c
		_nrf24l01ChangeTXPower		CODE           	055A	0000	64
		_nrf24l01SendPacket		CODE           	01E7	0000	151
		_nrf24l01InitRegisters		CODE           	013D	0000	171
		_nrf24l01CheckACK		CODE           	0FA0	0000	33
		_nrf24l01ISR   		CODE           	0647	0000	55
		_nrf24l01Send  		CODE           	0FE0	0000	33
		_nrf24l01Init  		CODE           	070F	0000	43
		_nrf24l01SetRXMode		CODE           	05D5	0000	60
		_nrf24l01GetRXPacket		CODE           	0002	0000	3
		_nrf24l01ReceivePacket		CODE           	0417	0000	90

nrf24l01.c estimated size: 703

C:\Program Files (x86)\Microchip\xc8\v2.00\pic\sources\c90\common\memset.c
		_memset        		CODE           	0F1A	0000	26

C:\Program Files (x86)\Microchip\xc8\v2.00\pic\sources\c90\common\memset.c estimated size: 26

main.c
		_loop          		CODE           	0029	0000	277
		_checkTXPower  		CODE           	0ED6	0000	21
		_setMessage    		CODE           	0470	0000	85
		_ISR           		CODE           	0004	0000	12
		_main          		CODE           	027D	0000	138
		_getADCValue   		CODE           	038F	0000	137
		_sleep         		CODE           	07EE	0000	19

main.c estimated size: 689

