Microchip MPLAB XC8 Compiler V2.00 ()

Linker command line:

-W-3 --edf=C:\Program Files (x86)\Microchip\xc8\v2.00\pic\dat\en_msgs.txt \
  -cs -h+dist/default/production\nRF24L01__PIC16LF1825.X.X.production.sym \
  --cmf=dist/default/production\nRF24L01__PIC16LF1825.X.X.production.cmf -z \
  -Q16LF18325 -oC:\Users\Leon\AppData\Local\Temp\s2vo.2 \
  -Mdist/default/production/nRF24L01__PIC16LF1825.X.X.production.map -E1 \
  -ver=XC8 -ASTACK=02110h-023efh -pstack=STACK -p_romArray_text=1FE0h \
  -ACODE=00h-07FFhx4 -ASTRCODE=00h-01FFFh -ASTRING=00h-0FFhx32 \
  -ACONST=00h-0FFhx32 -AENTRY=00h-0FFhx32 -ACOMMON=070h-07Fh \
  -ABANK0=020h-06Fh -ABANK1=0A0h-0EFh -ABANK2=0120h-016Fh \
  -ABANK3=01A0h-01EFh -ABANK4=0220h-026Fh -ABANK5=02A0h-02EFh \
  -ABANK6=0320h-036Fh -ABANK7=03A0h-03EFh -ABANK8=0420h-046Fh \
  -ABANK9=04A0h-04EFh -ABANK10=0520h-056Fh -ABANK11=05A0h-05EFh \
  -ABANK12=0620h-064Fh -ABIGRAM=02000h-023EFh \
  -ARAM=020h-06Fh,0A0h-0EFh,0120h-016Fh,01A0h-01EFh,0220h-026Fh,02A0h-02EFh,0320h-036Fh,03A0h-03EFh,0420h-046Fh,04A0h-04EFh,0520h-056Fh,05A0h-05EFh,0620h-064Fh \
  -AABS1=020h-07Fh,0A0h-0EFh,0120h-016Fh,01A0h-01EFh,0220h-026Fh,02A0h-02EFh,0320h-036Fh,03A0h-03EFh,0420h-046Fh,04A0h-04EFh,0520h-056Fh,05A0h-05EFh,0620h-064Fh \
  -ASFR0=00h-01Fh -ASFR1=080h-09Fh -ASFR2=0100h-011Fh -ASFR3=0180h-019Fh \
  -ASFR4=0200h-021Fh -ASFR5=0280h-029Fh -ASFR6=0300h-031Fh \
  -ASFR7=0380h-039Fh -ASFR8=0400h-041Fh -ASFR9=0480h-049Fh \
  -ASFR10=0500h-051Fh -ASFR11=0580h-059Fh -ASFR12=0600h-061Fh \
  -ASFR13=0680h-06EFh -ASFR14=0700h-076Fh -ASFR15=0780h-07EFh \
  -ASFR16=0800h-086Fh -ASFR17=0880h-08EFh -ASFR18=0900h-096Fh \
  -ASFR19=0980h-09EFh -ASFR20=0A00h-0A6Fh -ASFR21=0A80h-0AEFh \
  -ASFR22=0B00h-0B6Fh -ASFR23=0B80h-0BEFh -ASFR24=0C00h-0C6Fh \
  -ASFR25=0C80h-0CEFh -ASFR26=0D00h-0D6Fh -ASFR27=0D80h-0DEFh \
  -ASFR28=0E00h-0E6Fh -ASFR29=0E80h-0EEFh -ASFR30=0F00h-0F6Fh \
  -ASFR31=0F80h-0FEFh -preset_vec=00h,intentry=04h,init,end_init \
  -ppowerup=CODE -pcinit=CODE -pfunctab=ENTRY -ACONFIG=08007h-0800Ah \
  -pconfig=CONFIG -DCONFIG=2 -AIDLOC=08000h-08003h -pidloc=IDLOC -DIDLOC=2 \
  -AEEDATA=00h-0FFh/0F000h -peeprom_data=EEDATA -DEEDATA=2 -DCODE=2 \
  -DSTRCODE=2 -DSTRING=2 -DCONST=2 -DENTRY=2 -k \
  C:\Users\Leon\AppData\Local\Temp\s2vo.o \
  dist/default/production\nRF24L01__PIC16LF1825.X.X.production.o 

Object code version is 3.11

Machine type is 16LF18325



                Name                               Link     Load   Length Selector   Space Scale
C:\Users\Leon\AppData\Local\Temp\s2vo.o
                end_init                              F        F        2        8       0
                reset_vec                             0        0        2        0       0
                config                             8007     8007        4    1000E       0
dist/default/production\nRF24L01__PIC16LF1825.X.X.production.o
                cinit                                11       11       18        8       0
                intentry                              4        4        B        8       0
                text60                              B0F      B0F       30     161E       0
                text59                              A10      A10       21     1420       0
                text58                              8EE      8EE       1B     11DC       0
                text57                              8A5      8A5       18     114A       0
                text56                              A73      A73       26     14E6       0
                text55                              817      817        3     102E       0
                text54                              81A      81A        3     1034       0
                text53                              830      830        8     1060       0
                text52                              81D      81D        3     103A       0
                text51                              829      829        7     1052       0
                text50                              7F2      7F2        D        8       0
                text49                              820      820        3     1040       0
                text48                              838      838        8     1070       0
                text47                              909      909       1B     1212       0
                text46                              B71      B71       37     16E2       0
                text45                              A31      A31       21     1462       0
                text44                              8BD      8BD       18     117A       0
                text43                              CE5      CE5       4D     19CA       0
                text42                              D32      D32       4E     1A64       0
                text40                              B3F      B3F       32     167E       0
                text39                              9D0      9D0       20     13A0       0
                text38                              9F0      9F0       20     13E0       0
                text37                              C1F      C1F       3F     183E       0
                text36                                2        2        2        0       0
                text35                              87C      87C       14     10F8       0
                text34                              E7E      E7E       65     1CFC       0
                text33                              2FC      2FC       F6        8       0
                text32                              60A      60A       A9        8       0
                text31                              4AC      4AC       B4        8       0
                text30                              924      924       1B     1248       0
                text29                              890      890       15     1120       0
                text28                              756      756       9C        8       0
                text27                              BA8      BA8       3B     1750       0
                text26                              9B1      9B1       1F     1362       0
                text25                              3F2      3F2       BA        8       0
                text24                              BE3      BE3       3C     17C6       0
                text23                              840      840        9     1080       0
                text22                              993      993       1E     1326       0
                text21                              EE3      EE3       87     1DC6       0
                text20                              AE5      AE5       2A     15CA       0
                text19                              D80      D80       53     1B00       0
                text18                              C5E      C5E       43     18BC       0
                text17                              93F      93F       1C     127E       0
                text16                              849      849        F     1092       0
                text15                               29       29      1CD        8       0
                text14                              6B3      6B3       A3        8       0
                text13                              8D5      8D5       19     11AA       0
                text12                              A99      A99       26     1532       0
                text11                              E28      E28       56     1C50       0
                text10                              858      858       12     10B0       0
                text9                               560      560       AA        8       0
                text8                               DD3      DD3       55     1BA6       0
                text7                               A52      A52       21     14A4       0
                text6                               86A      86A       12     10D4       0
                text5                               CA1      CA1       44     1942       0
                text4                               1F6      1F6      106        8       0
                text3                               95B      95B       1C     12B6       0
                text2                               ABF      ABF       26     157E       0
                text1                               977      977       1C     12EE       0
                maintext                            F6A      F6A       96     1ED4       0
                cstackBANK0                          20       20       4E       20       1
                cstackCOMMON                         70       70        E       70       1
                cstackBANK1                          A0       A0       4D       A0       1
                clrtext                             823      823        6     1046       0
                bssBANK3                            1A0      1A0       20      1A0       1
                bssBANK2                            120      120       49      120       1
                bssBANK1                             ED       ED        2       A0       1
                bssBANK0                             6E       6E        1       20       1
                stringtext11                       1064     1064        2     2000       0
                stringtext10                       1060     1060        4     2000       0
                stringtext9                        105B     105B        5     2000       0
                stringtext8                        1056     1056        5     2000       0
                stringtext7                        1051     1051        5     2000       0
                stringtext6                        1046     1046        6     2000       0
                stringtext5                        103B     103B        B     2000       0
                _romArray_text                     1FE0     1FE0       20     3FC0       0
                stringtext4                        1066     1066        1     2000       0
                stringtext3                        104C     104C        5     2000       0
                stringtext2                        1028     1028       13     2000       0
                stringtext1                        1000     1000       28     2000       0

TOTAL           Name                               Link     Load   Length     Space
        CLASS   STACK          

        CLASS   CODE           
                end_init                              F        F        2         0
                cinit                                11       11       18         0
                intentry                              4        4        B         0
                reset_vec                             0        0        2         0
                text60                              B0F      B0F       30         0
                text59                              A10      A10       21         0
                text58                              8EE      8EE       1B         0
                text57                              8A5      8A5       18         0
                text56                              A73      A73       26         0
                text55                              817      817        3         0
                text54                              81A      81A        3         0
                text53                              830      830        8         0
                text52                              81D      81D        3         0
                text51                              829      829        7         0
                text50                              7F2      7F2        D         0
                text49                              820      820        3         0
                text48                              838      838        8         0
                text47                              909      909       1B         0
                text46                              B71      B71       37         0
                text45                              A31      A31       21         0
                text44                              8BD      8BD       18         0
                text43                              CE5      CE5       4D         0
                text42                              D32      D32       4E         0
                text40                              B3F      B3F       32         0
                text39                              9D0      9D0       20         0
                text38                              9F0      9F0       20         0
                text37                              C1F      C1F       3F         0
                text36                                2        2        2         0
                text35                              87C      87C       14         0
                text34                              E7E      E7E       65         0
                text33                              2FC      2FC       F6         0
                text32                              60A      60A       A9         0
                text31                              4AC      4AC       B4         0
                text30                              924      924       1B         0
                text29                              890      890       15         0
                text28                              756      756       9C         0
                text27                              BA8      BA8       3B         0
                text26                              9B1      9B1       1F         0
                text25                              3F2      3F2       BA         0
                text24                              BE3      BE3       3C         0
                text23                              840      840        9         0
                text22                              993      993       1E         0
                text21                              EE3      EE3       87         0
                text20                              AE5      AE5       2A         0
                text19                              D80      D80       53         0
                text18                              C5E      C5E       43         0
                text17                              93F      93F       1C         0
                text16                              849      849        F         0
                text15                               29       29      1CD         0
                text14                              6B3      6B3       A3         0
                text13                              8D5      8D5       19         0
                text12                              A99      A99       26         0
                text11                              E28      E28       56         0
                text10                              858      858       12         0
                text9                               560      560       AA         0
                text8                               DD3      DD3       55         0
                text7                               A52      A52       21         0
                text6                               86A      86A       12         0
                text5                               CA1      CA1       44         0
                text4                               1F6      1F6      106         0
                text3                               95B      95B       1C         0
                text2                               ABF      ABF       26         0
                text1                               977      977       1C         0
                maintext                            F6A      F6A       96         0
                clrtext                             823      823        6         0

        CLASS   STRCODE        
                stringtext11                       1064     1064        2         0
                stringtext10                       1060     1060        4         0
                stringtext9                        105B     105B        5         0
                stringtext8                        1056     1056        5         0
                stringtext7                        1051     1051        5         0
                stringtext6                        1046     1046        6         0
                stringtext5                        103B     103B        B         0
                _romArray_text                     1FE0     1FE0       20         0
                stringtext4                        1066     1066        1         0
                stringtext3                        104C     104C        5         0
                stringtext2                        1028     1028       13         0
                stringtext1                        1000     1000       28         0

        CLASS   STRING         

        CLASS   CONST          

        CLASS   ENTRY          

        CLASS   COMMON         
                cstackCOMMON                         70       70        E         1

        CLASS   BANK0          
                cstackBANK0                          20       20       4E         1
                bssBANK0                             6E       6E        1         1

        CLASS   BANK1          
                cstackBANK1                          A0       A0       4D         1
                bssBANK1                             ED       ED        2         1

        CLASS   BANK2          
                bssBANK2                            120      120       49         1

        CLASS   BANK3          
                bssBANK3                            1A0      1A0       20         1

        CLASS   BANK4          

        CLASS   BANK5          

        CLASS   BANK6          

        CLASS   BANK7          

        CLASS   BANK8          

        CLASS   BANK9          

        CLASS   BANK10         

        CLASS   BANK11         

        CLASS   BANK12         

        CLASS   BIGRAM         

        CLASS   RAM            

        CLASS   ABS1           
                abs_s1                               7E       7E        2         1

        CLASS   SFR0           

        CLASS   SFR1           

        CLASS   SFR2           

        CLASS   SFR3           

        CLASS   SFR4           

        CLASS   SFR5           

        CLASS   SFR6           

        CLASS   SFR7           

        CLASS   SFR8           

        CLASS   SFR9           

        CLASS   SFR10          

        CLASS   SFR11          

        CLASS   SFR12          

        CLASS   SFR13          

        CLASS   SFR14          

        CLASS   SFR15          

        CLASS   SFR16          

        CLASS   SFR17          

        CLASS   SFR18          

        CLASS   SFR19          

        CLASS   SFR20          

        CLASS   SFR21          

        CLASS   SFR22          

        CLASS   SFR23          

        CLASS   SFR24          

        CLASS   SFR25          

        CLASS   SFR26          

        CLASS   SFR27          

        CLASS   SFR28          

        CLASS   SFR29          

        CLASS   SFR30          

        CLASS   SFR31          

        CLASS   CONFIG         
                config                             8007     8007        4         0

        CLASS   IDLOC          

        CLASS   EEDATA         

        CLASS   BANK31         

        CLASS   BANK30         

        CLASS   BANK29         

        CLASS   BANK28         

        CLASS   BANK27         

        CLASS   BANK26         

        CLASS   BANK25         

        CLASS   BANK24         

        CLASS   BANK23         

        CLASS   BANK22         

        CLASS   BANK21         

        CLASS   BANK20         

        CLASS   BANK19         

        CLASS   BANK18         

        CLASS   BANK17         

        CLASS   BANK16         

        CLASS   BANK15         

        CLASS   BANK14         

        CLASS   BANK13         



SEGMENTS        Name                           Load    Length   Top    Selector   Space  Class     Delta

                reset_vec                      000000  000004  000004         0       0  CODE        2
                intentry                       000004  0007FB  0007FF         8       0  CODE        2
                cstackBANK0                    000020  00004F  00006F        20       1  BANK0       1
                cstackCOMMON                   000070  00000E  00007E        70       1  COMMON      1
                cstackBANK1                    0000A0  00004F  0000EF        A0       1  BANK1       1
                bssBANK2                       000120  000049  000169       120       1  BANK2       1
                bssBANK3                       0001A0  000020  0001C0       1A0       1  BANK3       1
                text55                         000817  000003  00081A      102E       0  CODE        2
                text54                         00081A  000003  00081D      1034       0  CODE        2
                text52                         00081D  000003  000820      103A       0  CODE        2
                text49                         000820  000003  000823      1040       0  CODE        2
                clrtext                        000823  000006  000829      1046       0  CODE        2
                text51                         000829  000007  000830      1052       0  CODE        2
                text53                         000830  000008  000838      1060       0  CODE        2
                text48                         000838  000008  000840      1070       0  CODE        2
                text23                         000840  000009  000849      1080       0  CODE        2
                text16                         000849  00000F  000858      1092       0  CODE        2
                text10                         000858  000012  00086A      10B0       0  CODE        2
                text6                          00086A  000012  00087C      10D4       0  CODE        2
                text35                         00087C  000014  000890      10F8       0  CODE        2
                text29                         000890  000015  0008A5      1120       0  CODE        2
                text57                         0008A5  000018  0008BD      114A       0  CODE        2
                text44                         0008BD  000018  0008D5      117A       0  CODE        2
                text13                         0008D5  000019  0008EE      11AA       0  CODE        2
                text58                         0008EE  00001B  000909      11DC       0  CODE        2
                text47                         000909  00001B  000924      1212       0  CODE        2
                text30                         000924  00001B  00093F      1248       0  CODE        2
                text17                         00093F  00001C  00095B      127E       0  CODE        2
                text3                          00095B  00001C  000977      12B6       0  CODE        2
                text1                          000977  00001C  000993      12EE       0  CODE        2
                text22                         000993  00001E  0009B1      1326       0  CODE        2
                text26                         0009B1  00001F  0009D0      1362       0  CODE        2
                text39                         0009D0  000020  0009F0      13A0       0  CODE        2
                text38                         0009F0  000020  000A10      13E0       0  CODE        2
                text59                         000A10  000021  000A31      1420       0  CODE        2
                text45                         000A31  000021  000A52      1462       0  CODE        2
                text7                          000A52  000021  000A73      14A4       0  CODE        2
                text56                         000A73  000026  000A99      14E6       0  CODE        2
                text12                         000A99  000026  000ABF      1532       0  CODE        2
                text2                          000ABF  000026  000AE5      157E       0  CODE        2
                text20                         000AE5  00002A  000B0F      15CA       0  CODE        2
                text60                         000B0F  000030  000B3F      161E       0  CODE        2
                text40                         000B3F  000032  000B71      167E       0  CODE        2
                text46                         000B71  000037  000BA8      16E2       0  CODE        2
                text27                         000BA8  00003B  000BE3      1750       0  CODE        2
                text24                         000BE3  00003C  000C1F      17C6       0  CODE        2
                text37                         000C1F  00003F  000C5E      183E       0  CODE        2
                text18                         000C5E  000043  000CA1      18BC       0  CODE        2
                text5                          000CA1  000044  000CE5      1942       0  CODE        2
                text43                         000CE5  00004D  000D32      19CA       0  CODE        2
                text42                         000D32  00004E  000D80      1A64       0  CODE        2
                text19                         000D80  000053  000DD3      1B00       0  CODE        2
                text8                          000DD3  000055  000E28      1BA6       0  CODE        2
                text11                         000E28  000056  000E7E      1C50       0  CODE        2
                text34                         000E7E  000065  000EE3      1CFC       0  CODE        2
                text21                         000EE3  000087  000F6A      1DC6       0  CODE        2
                maintext                       000F6A  000096  001000      1ED4       0  CODE        2
                stringtext1                    001000  000067  001067      2000       0  STRCODE     2
                _romArray_text                 001FE0  000020  002000      3FC0       0  STRCODE     2
                config                         008007  000004  00800B     1000E       0  CONFIG      2


UNUSED ADDRESS RANGES

        Name                Unused          Largest block    Delta
        BANK0            0006F-0006F               1           1
        BANK1            000EF-000EF               1           1
        BANK10           00520-0056F              50           1
        BANK11           005A0-005EF              50           1
        BANK12           00620-0064F              30           1
        BANK2            00169-0016F               7           1
        BANK3            001C0-001EF              30           1
        BANK4            00220-0026F              50           1
        BANK5            002A0-002EF              50           1
        BANK6            00320-0036F              50           1
        BANK7            003A0-003EF              50           1
        BANK8            00420-0046F              50           1
        BANK9            004A0-004EF              50           1
        BIGRAM           02000-023EF             3F0           1
        CODE             007FF-00816               1           2
                         01067-01FDF             799
        CONST            007FF-00816               1           2
                         01067-01FDF             100
        EEDATA           0F000-0F0FF             100           2
        ENTRY            007FF-00816               1           2
                         01067-01FDF             100
        IDLOC            08000-08003               4           2
        RAM              0006F-0006F               1           1
                         000EF-000EF               1
                         00169-0016F               7
                         001C0-001EF              30
                         00220-0026F              50
                         002A0-002EF              50
                         00320-0036F              50
                         003A0-003EF              50
                         00420-0046F              50
                         004A0-004EF              50
                         00520-0056F              50
                         005A0-005EF              50
                         00620-0064F              30
        SFR0             00000-0001F              20           1
        SFR1             00080-0009F              20           1
        SFR10            00500-0051F              20           1
        SFR11            00580-0059F              20           1
        SFR12            00600-0061F              20           1
        SFR13            00680-006EF              70           1
        SFR14            00700-0076F              70           1
        SFR15            00780-007EF              70           1
        SFR16            00800-0086F              70           1
        SFR17            00880-008EF              70           1
        SFR18            00900-0096F              70           1
        SFR19            00980-009EF              70           1
        SFR2             00100-0011F              20           1
        SFR20            00A00-00A6F              70           1
        SFR21            00A80-00AEF              70           1
        SFR22            00B00-00B6F              70           1
        SFR23            00B80-00BEF              70           1
        SFR24            00C00-00C6F              70           1
        SFR25            00C80-00CEF              70           1
        SFR26            00D00-00D6F              70           1
        SFR27            00D80-00DEF              70           1
        SFR28            00E00-00E6F              70           1
        SFR29            00E80-00EEF              70           1
        SFR3             00180-0019F              20           1
        SFR30            00F00-00F6F              70           1
        SFR31            00F80-00FEF              70           1
        SFR4             00200-0021F              20           1
        SFR5             00280-0029F              20           1
        SFR6             00300-0031F              20           1
        SFR7             00380-0039F              20           1
        SFR8             00400-0041F              20           1
        SFR9             00480-0049F              20           1
        STACK            02110-023EF             2E0           1
        STRCODE          007FF-00816              18           2
                         01067-01FDF             F79
        STRING           007FF-00816               1           2
                         01067-01FDF             100

                                  Symbol Table

?___ftadd                       cstackBANK0    00031
?___ftdiv                       cstackBANK0    00029
?___ftmul                       cstackBANK0    00029
?___ftneg                       cstackBANK0    00021
?___ftpack                      cstackBANK0    00021
?___ftsub                       cstackBANK0    0003E
?___fttol                       cstackBANK0    00039
?___lbtoft                      cstackBANK0    00029
?___lldiv                       cstackBANK0    00021
?___llmod                       cstackBANK0    0002F
?___lltoft                      cstackBANK0    00029
?___lwtoft                      cstackBANK0    00029
?___wmul                        cstackBANK0    00021
?_flashReadByte                 cstackBANK0    00021
?_getADCValue                   cstackBANK0    0003E
?_sprintf                       cstackBANK0    00039
?_strcmp                        cstackCOMMON   00070
?_strlen                        cstackBANK0    00021
?i1___wmul                      cstackCOMMON   00070
_ADCON0bits                     (abs)          0009D
_ADCON1bits                     (abs)          0009E
_ADRESH                         (abs)          0009C
_ADRESL                         (abs)          0009B
_ANSELA                         (abs)          0018C
_ANSELAbits                     (abs)          0018C
_ANSELC                         (abs)          0018E
_ANSELCbits                     (abs)          0018E
_FVRCONbits                     (abs)          00117
_INLVLA                         (abs)          0038C
_INLVLC                         (abs)          0038E
_INTCONbits                     (abs)          0000B
_ISR                            intentry       00004
_ODCONA                         (abs)          0028C
_ODCONC                         (abs)          0028E
_OSCCON1bits                    (abs)          00919
_PIE0bits                       (abs)          00090
_PIR0bits                       (abs)          00010
_PMADRH                         (abs)          00892
_PMADRL                         (abs)          00891
_PMCON1                         (abs)          00895
_PMCON1bits                     (abs)          00895
_PMCON2                         (abs)          00896
_PMDATH                         (abs)          00894
_PMDATL                         (abs)          00893
_PORTAbits                      (abs)          0000C
_PORTCbits                      (abs)          0000E
_RC0PPSbits                     (abs)          00EA0
_RC1PPSbits                     (abs)          00EA1
_RC2PPSbits                     (abs)          00EA2
_RXPacket                       bssBANK2       00124
_SSP1BUF                        (abs)          00211
_SSP1CON1bits                   (abs)          00215
_SSP1STATbits                   (abs)          00214
_STATUSbits                     (abs)          00003
_TRISAbits                      (abs)          0008C
_TRISCbits                      (abs)          0008E
_TXPacket                       bssBANK1       000ED
_WDTCONbits                     (abs)          00097
_WPUA                           (abs)          0020C
_WPUAbits                       (abs)          0020C
_WPUC                           (abs)          0020E
__CFG_BOREN$OFF                 (abs)          00000
__CFG_BORV$LOW                  (abs)          00000
__CFG_CLKOUTEN$OFF              (abs)          00000
__CFG_CP$OFF                    (abs)          00000
__CFG_CPD$OFF                   (abs)          00000
__CFG_CSWEN$ON                  (abs)          00000
__CFG_DEBUG$OFF                 (abs)          00000
__CFG_FCMEN$ON                  (abs)          00000
__CFG_FEXTOSC$OFF               (abs)          00000
__CFG_LPBOREN$OFF               (abs)          00000
__CFG_LVP$ON                    (abs)          00000
__CFG_MCLRE$ON                  (abs)          00000
__CFG_PPS1WAY$ON                (abs)          00000
__CFG_PWRTE$ON                  (abs)          00000
__CFG_RSTOSC$HFINT32            (abs)          00000
__CFG_STVREN$ON                 (abs)          00000
__CFG_WDTE$ON                   (abs)          00000
__CFG_WRT$OFF                   (abs)          00000
__H_romArray_text               _romArray_text 02000
__Habs1                         abs1           00000
__Hbank0                        bank0          00000
__Hbank1                        bank1          00000
__Hbank10                       bank10         00000
__Hbank11                       bank11         00000
__Hbank12                       bank12         00000
__Hbank13                       bank13         00000
__Hbank14                       bank14         00000
__Hbank15                       bank15         00000
__Hbank16                       bank16         00000
__Hbank17                       bank17         00000
__Hbank18                       bank18         00000
__Hbank19                       bank19         00000
__Hbank2                        bank2          00000
__Hbank20                       bank20         00000
__Hbank21                       bank21         00000
__Hbank22                       bank22         00000
__Hbank23                       bank23         00000
__Hbank24                       bank24         00000
__Hbank25                       bank25         00000
__Hbank26                       bank26         00000
__Hbank27                       bank27         00000
__Hbank28                       bank28         00000
__Hbank29                       bank29         00000
__Hbank3                        bank3          00000
__Hbank30                       bank30         00000
__Hbank31                       bank31         00000
__Hbank4                        bank4          00000
__Hbank5                        bank5          00000
__Hbank6                        bank6          00000
__Hbank7                        bank7          00000
__Hbank8                        bank8          00000
__Hbank9                        bank9          00000
__Hbigram                       bigram         00000
__HbssBANK0                     bssBANK0       00000
__HbssBANK1                     bssBANK1       00000
__HbssBANK2                     bssBANK2       00000
__HbssBANK3                     bssBANK3       00000
__Hcinit                        cinit          00029
__Hclrtext                      clrtext        00000
__Hcode                         code           00000
__Hcommon                       common         00000
__Hconfig                       config         0800B
__HcstackBANK0                  cstackBANK0    00000
__HcstackBANK1                  cstackBANK1    00000
__HcstackCOMMON                 cstackCOMMON   00000
__Heeprom_data                  eeprom_data    00000
__Hend_init                     end_init       00011
__Hfunctab                      functab        00000
__Hidloc                        idloc          00000
__Hinit                         init           0000F
__Hintentry                     intentry       0000F
__Hmaintext                     maintext       00000
__Hpowerup                      powerup        00000
__Hram                          ram            00000
__Hreset_vec                    reset_vec      00002
__Hsfr0                         sfr0           00000
__Hsfr1                         sfr1           00000
__Hsfr10                        sfr10          00000
__Hsfr11                        sfr11          00000
__Hsfr12                        sfr12          00000
__Hsfr13                        sfr13          00000
__Hsfr14                        sfr14          00000
__Hsfr15                        sfr15          00000
__Hsfr16                        sfr16          00000
__Hsfr17                        sfr17          00000
__Hsfr18                        sfr18          00000
__Hsfr19                        sfr19          00000
__Hsfr2                         sfr2           00000
__Hsfr20                        sfr20          00000
__Hsfr21                        sfr21          00000
__Hsfr22                        sfr22          00000
__Hsfr23                        sfr23          00000
__Hsfr24                        sfr24          00000
__Hsfr25                        sfr25          00000
__Hsfr26                        sfr26          00000
__Hsfr27                        sfr27          00000
__Hsfr28                        sfr28          00000
__Hsfr29                        sfr29          00000
__Hsfr3                         sfr3           00000
__Hsfr30                        sfr30          00000
__Hsfr31                        sfr31          00000
__Hsfr4                         sfr4           00000
__Hsfr5                         sfr5           00000
__Hsfr6                         sfr6           00000
__Hsfr7                         sfr7           00000
__Hsfr8                         sfr8           00000
__Hsfr9                         sfr9           00000
__Hspace_0                      (abs)          0800B
__Hspace_1                      (abs)          001C0
__Hspace_2                      (abs)          00000
__Hspace_3                      (abs)          00000
__Hstack                        stack          00000
__Hstrings                      strings        00000
__Hstringtext1                  stringtext1    00000
__Hstringtext10                 stringtext10   00000
__Hstringtext11                 stringtext11   00000
__Hstringtext12                 stringtext12   00000
__Hstringtext2                  stringtext2    00000
__Hstringtext3                  stringtext3    00000
__Hstringtext4                  stringtext4    00000
__Hstringtext5                  stringtext5    00000
__Hstringtext6                  stringtext6    00000
__Hstringtext7                  stringtext7    00000
__Hstringtext8                  stringtext8    00000
__Hstringtext9                  stringtext9    00000
__Htext                         text           00000
__L_romArray_text               _romArray_text 01FE0
__Labs1                         abs1           00000
__Lbank0                        bank0          00000
__Lbank1                        bank1          00000
__Lbank10                       bank10         00000
__Lbank11                       bank11         00000
__Lbank12                       bank12         00000
__Lbank13                       bank13         00000
__Lbank14                       bank14         00000
__Lbank15                       bank15         00000
__Lbank16                       bank16         00000
__Lbank17                       bank17         00000
__Lbank18                       bank18         00000
__Lbank19                       bank19         00000
__Lbank2                        bank2          00000
__Lbank20                       bank20         00000
__Lbank21                       bank21         00000
__Lbank22                       bank22         00000
__Lbank23                       bank23         00000
__Lbank24                       bank24         00000
__Lbank25                       bank25         00000
__Lbank26                       bank26         00000
__Lbank27                       bank27         00000
__Lbank28                       bank28         00000
__Lbank29                       bank29         00000
__Lbank3                        bank3          00000
__Lbank30                       bank30         00000
__Lbank31                       bank31         00000
__Lbank4                        bank4          00000
__Lbank5                        bank5          00000
__Lbank6                        bank6          00000
__Lbank7                        bank7          00000
__Lbank8                        bank8          00000
__Lbank9                        bank9          00000
__Lbigram                       bigram         00000
__LbssBANK0                     bssBANK0       00000
__LbssBANK1                     bssBANK1       00000
__LbssBANK2                     bssBANK2       00000
__LbssBANK3                     bssBANK3       00000
__Lcinit                        cinit          00011
__Lclrtext                      clrtext        00000
__Lcode                         code           00000
__Lcommon                       common         00000
__Lconfig                       config         08007
__LcstackBANK0                  cstackBANK0    00000
__LcstackBANK1                  cstackBANK1    00000
__LcstackCOMMON                 cstackCOMMON   00000
__Leeprom_data                  eeprom_data    00000
__Lend_init                     end_init       0000F
__Lfunctab                      functab        00000
__Lidloc                        idloc          00000
__Linit                         init           0000F
__Lintentry                     intentry       00004
__Lmaintext                     maintext       00000
__Lpowerup                      powerup        00000
__Lram                          ram            00000
__Lreset_vec                    reset_vec      00000
__Lsfr0                         sfr0           00000
__Lsfr1                         sfr1           00000
__Lsfr10                        sfr10          00000
__Lsfr11                        sfr11          00000
__Lsfr12                        sfr12          00000
__Lsfr13                        sfr13          00000
__Lsfr14                        sfr14          00000
__Lsfr15                        sfr15          00000
__Lsfr16                        sfr16          00000
__Lsfr17                        sfr17          00000
__Lsfr18                        sfr18          00000
__Lsfr19                        sfr19          00000
__Lsfr2                         sfr2           00000
__Lsfr20                        sfr20          00000
__Lsfr21                        sfr21          00000
__Lsfr22                        sfr22          00000
__Lsfr23                        sfr23          00000
__Lsfr24                        sfr24          00000
__Lsfr25                        sfr25          00000
__Lsfr26                        sfr26          00000
__Lsfr27                        sfr27          00000
__Lsfr28                        sfr28          00000
__Lsfr29                        sfr29          00000
__Lsfr3                         sfr3           00000
__Lsfr30                        sfr30          00000
__Lsfr31                        sfr31          00000
__Lsfr4                         sfr4           00000
__Lsfr5                         sfr5           00000
__Lsfr6                         sfr6           00000
__Lsfr7                         sfr7           00000
__Lsfr8                         sfr8           00000
__Lsfr9                         sfr9           00000
__Lspace_0                      (abs)          00000
__Lspace_1                      (abs)          00000
__Lspace_2                      (abs)          00000
__Lspace_3                      (abs)          00000
__Lstack                        stack          00000
__Lstrings                      strings        00000
__Lstringtext1                  stringtext1    00000
__Lstringtext10                 stringtext10   00000
__Lstringtext11                 stringtext11   00000
__Lstringtext12                 stringtext12   00000
__Lstringtext2                  stringtext2    00000
__Lstringtext3                  stringtext3    00000
__Lstringtext4                  stringtext4    00000
__Lstringtext5                  stringtext5    00000
__Lstringtext6                  stringtext6    00000
__Lstringtext7                  stringtext7    00000
__Lstringtext8                  stringtext8    00000
__Lstringtext9                  stringtext9    00000
__Ltext                         text           00000
__S0                            (abs)          0800B
__S1                            (abs)          001C0
__S2                            (abs)          00000
__S3                            (abs)          00000
___bmul                         text6          0086A
___bmul@multiplicand            cstackBANK0    00021
___bmul@multiplier              cstackBANK0    00024
___bmul@product                 cstackBANK0    00023
___ftadd                        text33         002FC
___ftadd@exp1                   cstackBANK0    0003D
___ftadd@exp2                   cstackBANK0    0003C
___ftadd@f1                     cstackBANK0    00031
___ftadd@f2                     cstackBANK0    00034
___ftadd@sign                   cstackBANK0    0003B
___ftdiv                        text32         0060A
___ftdiv@cntr                   cstackBANK0    00033
___ftdiv@exp                    cstackBANK0    00037
___ftdiv@f1                     cstackBANK0    0002C
___ftdiv@f2                     cstackBANK0    00029
___ftdiv@f3                     cstackBANK0    00034
___ftdiv@sign                   cstackBANK0    00038
___ftge                         text24         00BE3
___ftge@ff1                     cstackBANK0    00021
___ftge@ff2                     cstackBANK0    00024
___ftmul                        text31         004AC
___ftmul@cntr                   cstackBANK0    00037
___ftmul@exp                    cstackBANK0    00033
___ftmul@f1                     cstackBANK0    00029
___ftmul@f2                     cstackBANK0    0002C
___ftmul@f3_as_product          cstackBANK0    00034
___ftmul@sign                   cstackBANK0    00038
___ftneg                        text23         00840
___ftneg@f1                     cstackBANK0    00021
___ftpack                       text34         00E7E
___ftpack@arg                   cstackBANK0    00021
___ftpack@exp                   cstackBANK0    00024
___ftpack@sign                  cstackBANK0    00025
___ftsub                        text22         00993
___ftsub@f1                     cstackBANK0    00041
___ftsub@f2                     cstackBANK0    0003E
___fttol                        text21         00EE3
___fttol@exp1                   cstackBANK0    00046
___fttol@f1                     cstackBANK0    00039
___fttol@lval                   cstackBANK0    00042
___fttol@sign1                  cstackBANK0    00041
___int_sp                       stack          00000
___latbits                      (abs)          00002
___lbtoft                       text30         00924
___lbtoft@c                     cstackBANK0    00030
___lldiv                        text19         00D80
___lldiv@counter                cstackBANK0    0002E
___lldiv@dividend               cstackBANK0    00025
___lldiv@divisor                cstackBANK0    00021
___lldiv@quotient               cstackBANK0    0002A
___llmod                        text18         00C5E
___llmod@counter                cstackBANK0    00038
___llmod@dividend               cstackBANK0    00033
___llmod@divisor                cstackBANK0    0002F
___lltoft                       text20         00AE5
___lltoft@c                     cstackBANK0    00029
___lltoft@exp                   cstackBANK0    0002E
___lwtoft                       text29         00890
___lwtoft@c                     cstackBANK0    00029
___sp                           stack          00000
___wmul                         text17         0093F
___wmul@multiplicand            cstackBANK0    00023
___wmul@multiplier              cstackBANK0    00021
___wmul@product                 cstackBANK0    00025
__end_of_ISR                    intentry       0000F
__end_of___bmul                 text6          0087C
__end_of___ftadd                text33         003F2
__end_of___ftdiv                text32         006B3
__end_of___ftge                 text24         00C1F
__end_of___ftmul                text31         00560
__end_of___ftneg                text23         00849
__end_of___ftpack               text34         00EE3
__end_of___ftsub                text22         009B1
__end_of___fttol                text21         00F6A
__end_of___lbtoft               text30         0093F
__end_of___lldiv                text19         00DD3
__end_of___llmod                text18         00CA1
__end_of___lltoft               text20         00B0F
__end_of___lwtoft               text29         008A5
__end_of___wmul                 text17         0095B
__end_of__initialization        cinit          00025
__end_of_checkTXPower           text35         00890
__end_of_dpowers                stringtext1    01028
__end_of_enableInterrupts       text53         00838
__end_of_exception              text57         008BD
__end_of_flashReadByte          text40         00B71
__end_of_flashRealod            text39         009F0
__end_of_flashUpdate            text59         00A31
__end_of_flashWriteByte         text60         00B3F
__end_of_ftoa                   text14         00756
__end_of_getADCValue            text28         007F2
__end_of_isdigit                text16         00858
__end_of_loop                   text9          0060A
__end_of_main                   maintext       01000
__end_of_memset                 text13         008EE
__end_of_n_ADDRESS_MUL          stringtext4    01067
__end_of_n_ADDRESS_P0           stringtext3    01051
__end_of_nrf24l01CEHigh         text55         0081A
__end_of_nrf24l01CELow          text54         0081D
__end_of_nrf24l01CSHigh         text52         00820
__end_of_nrf24l01CSLow          text49         00823
__end_of_nrf24l01ChangeTXPower  text37         00C5E
__end_of_nrf24l01CheckACK       text45         00A52
__end_of_nrf24l01GetPipe        text8          00E28
__end_of_nrf24l01GetRXPacket    text36         00004
__end_of_nrf24l01ISR            text42         00D80
__end_of_nrf24l01Init           text2          00AE5
__end_of_nrf24l01InitRegisters  text4          002FC
__end_of_nrf24l01InterfaceInit  text3          00977
__end_of_nrf24l01ReceivePacket  text43         00D32
__end_of_nrf24l01SPIEnd         text51         00830
__end_of_nrf24l01SPISend        text50         007FF
__end_of_nrf24l01SPIStart       text48         00840
__end_of_nrf24l01Send           text38         00A10
__end_of_nrf24l01SendPacket     text25         004AC
__end_of_nrf24l01SetRXMode      text27         00BE3
__end_of_nrf24l01SetRXPipe      text7          00A73
__end_of_nrf24l01SetTXPipe      text5          00CE5
__end_of_resetRomData           stringtext2    0103B
__end_of_romArray               _romArray_text 02000
__end_of_setMessage             text11         00E7E
__end_of_sleep                  text10         0086A
__end_of_sprintf                text15         001F6
__end_of_strcat                 text12         00ABF
__end_of_strcmp                 text56         00A99
__end_of_strcpy                 text1          00993
__end_of_strlen                 text26         009D0
__end_ofi1___wmul               text58         00909
__end_ofi1_memset               text44         008D5
__end_ofi1_nrf24l01Send         text47         00924
__end_ofi1_nrf24l01SetRXMode    text46         00BA8
__initialization                cinit          00011
__p_romArray_text               _romArray_text 01FE0
__pbssBANK0                     bssBANK0       0006E
__pbssBANK1                     bssBANK1       000ED
__pbssBANK2                     bssBANK2       00120
__pbssBANK3                     bssBANK3       001A0
__pcstackBANK0                  cstackBANK0    00020
__pcstackBANK1                  cstackBANK1    000A0
__pcstackCOMMON                 cstackCOMMON   00070
__pintentry                     intentry       00004
__pmaintext                     maintext       00F6A
__pstringtext1                  stringtext1    01000
__pstringtext10                 stringtext10   01060
__pstringtext11                 stringtext11   01064
__pstringtext12                 stringtext12   00000
__pstringtext2                  stringtext2    01028
__pstringtext3                  stringtext3    0104C
__pstringtext4                  stringtext4    01066
__pstringtext5                  stringtext5    0103B
__pstringtext6                  stringtext6    01046
__pstringtext7                  stringtext7    01051
__pstringtext8                  stringtext8    01056
__pstringtext9                  stringtext9    0105B
__ptext1                        text1          00977
__ptext10                       text10         00858
__ptext11                       text11         00E28
__ptext12                       text12         00A99
__ptext13                       text13         008D5
__ptext14                       text14         006B3
__ptext15                       text15         00029
__ptext16                       text16         00849
__ptext17                       text17         0093F
__ptext18                       text18         00C5E
__ptext19                       text19         00D80
__ptext2                        text2          00ABF
__ptext20                       text20         00AE5
__ptext21                       text21         00EE3
__ptext22                       text22         00993
__ptext23                       text23         00840
__ptext24                       text24         00BE3
__ptext25                       text25         003F2
__ptext26                       text26         009B1
__ptext27                       text27         00BA8
__ptext28                       text28         00756
__ptext29                       text29         00890
__ptext3                        text3          0095B
__ptext30                       text30         00924
__ptext31                       text31         004AC
__ptext32                       text32         0060A
__ptext33                       text33         002FC
__ptext34                       text34         00E7E
__ptext35                       text35         0087C
__ptext36                       text36         00002
__ptext37                       text37         00C1F
__ptext38                       text38         009F0
__ptext39                       text39         009D0
__ptext4                        text4          001F6
__ptext40                       text40         00B3F
__ptext42                       text42         00D32
__ptext43                       text43         00CE5
__ptext44                       text44         008BD
__ptext45                       text45         00A31
__ptext46                       text46         00B71
__ptext47                       text47         00909
__ptext48                       text48         00838
__ptext49                       text49         00820
__ptext5                        text5          00CA1
__ptext50                       text50         007F2
__ptext51                       text51         00829
__ptext52                       text52         0081D
__ptext53                       text53         00830
__ptext54                       text54         0081A
__ptext55                       text55         00817
__ptext56                       text56         00A73
__ptext57                       text57         008A5
__ptext58                       text58         008EE
__ptext59                       text59         00A10
__ptext6                        text6          0086A
__ptext60                       text60         00B0F
__ptext7                        text7          00A52
__ptext8                        text8          00DD3
__ptext9                        text9          00560
__size_of_ISR                   (abs)          00000
__size_of___bmul                (abs)          00000
__size_of___ftadd               (abs)          00000
__size_of___ftdiv               (abs)          00000
__size_of___ftge                (abs)          00000
__size_of___ftmul               (abs)          00000
__size_of___ftneg               (abs)          00000
__size_of___ftpack              (abs)          00000
__size_of___ftsub               (abs)          00000
__size_of___fttol               (abs)          00000
__size_of___lbtoft              (abs)          00000
__size_of___lldiv               (abs)          00000
__size_of___llmod               (abs)          00000
__size_of___lltoft              (abs)          00000
__size_of___lwtoft              (abs)          00000
__size_of___wmul                (abs)          00000
__size_of_checkTXPower          (abs)          00000
__size_of_enableInterrupts      (abs)          00000
__size_of_exception             (abs)          00000
__size_of_flashReadByte         (abs)          00000
__size_of_flashRealod           (abs)          00000
__size_of_flashUpdate           (abs)          00000
__size_of_flashWriteByte        (abs)          00000
__size_of_ftoa                  (abs)          00000
__size_of_getADCValue           (abs)          00000
__size_of_isdigit               (abs)          00000
__size_of_loop                  (abs)          00000
__size_of_main                  (abs)          00000
__size_of_memset                (abs)          00000
__size_of_nrf24l01CEHigh        (abs)          00000
__size_of_nrf24l01CELow         (abs)          00000
__size_of_nrf24l01CSHigh        (abs)          00000
__size_of_nrf24l01CSLow         (abs)          00000
__size_of_nrf24l01ChangeTXPower (abs)          00000
__size_of_nrf24l01CheckACK      (abs)          00000
__size_of_nrf24l01GetPipe       (abs)          00000
__size_of_nrf24l01GetRXPacket   (abs)          00000
__size_of_nrf24l01ISR           (abs)          00000
__size_of_nrf24l01Init          (abs)          00000
__size_of_nrf24l01InitRegisters (abs)          00000
__size_of_nrf24l01InterfaceInit (abs)          00000
__size_of_nrf24l01ReceivePacket (abs)          00000
__size_of_nrf24l01SPIEnd        (abs)          00000
__size_of_nrf24l01SPISend       (abs)          00000
__size_of_nrf24l01SPIStart      (abs)          00000
__size_of_nrf24l01Send          (abs)          00000
__size_of_nrf24l01SendPacket    (abs)          00000
__size_of_nrf24l01SetRXMode     (abs)          00000
__size_of_nrf24l01SetRXPipe     (abs)          00000
__size_of_nrf24l01SetTXPipe     (abs)          00000
__size_of_setMessage            (abs)          00000
__size_of_sleep                 (abs)          00000
__size_of_sprintf               (abs)          00000
__size_of_strcat                (abs)          00000
__size_of_strcmp                (abs)          00000
__size_of_strcpy                (abs)          00000
__size_of_strlen                (abs)          00000
__size_ofi1___wmul              (abs)          00000
__size_ofi1_memset              (abs)          00000
__size_ofi1_nrf24l01Send        (abs)          00000
__size_ofi1_nrf24l01SetRXMode   (abs)          00000
_checkTXPower                   text35         0087C
_counter                        bssBANK2       00120
_dpowers                        stringtext1    01000
_enableInterrupts               text53         00830
_exception                      text57         008A5
_flashReadByte                  text40         00B3F
_flashRealod                    text39         009D0
_flashUpdate                    text59         00A10
_flashWriteByte                 text60         00B0F
_ftoa                           text14         006B3
_getADCValue                    text28         00756
_isdigit                        text16         00849
_isdigit$1776                   cstackBANK0    00021
_loop                           text9          00560
_loop$2039                      cstackBANK1    000A3
_loop$2040                      cstackBANK1    000A6
_main                           maintext       00F6A
_memset                         text13         008D5
_n_ADDRESS_MUL                  stringtext4    01066
_n_ADDRESS_P0                   stringtext3    0104C
_nrf24l01                       bssBANK0       0006E
_nrf24l01CEHigh                 text55         00817
_nrf24l01CELow                  text54         0081A
_nrf24l01CSHigh                 text52         0081D
_nrf24l01CSLow                  text49         00820
_nrf24l01ChangeTXPower          text37         00C1F
_nrf24l01CheckACK               text45         00A31
_nrf24l01GetPipe                text8          00DD3
_nrf24l01GetRXPacket            text36         00002
_nrf24l01ISR                    text42         00D32
_nrf24l01Init                   text2          00ABF
_nrf24l01InitRegisters          text4          001F6
_nrf24l01InterfaceInit          text3          0095B
_nrf24l01ReceivePacket          text43         00CE5
_nrf24l01SPIEnd                 text51         00829
_nrf24l01SPISend                text50         007F2
_nrf24l01SPIStart               text48         00838
_nrf24l01Send                   text38         009F0
_nrf24l01SendPacket             text25         003F2
_nrf24l01SetRXMode              text27         00BA8
_nrf24l01SetRXPipe              text7          00A52
_nrf24l01SetTXPipe              text5          00CA1
_romArray                       _romArray_text 01FE0
_romArray_absaddr               (abs)          01FE0
_romData                        bssBANK2       00145
_romHolder                      bssBANK3       001A0
_setMessage                     text11         00E28
_sleep                          text10         00858
_sprintf                        text15         00029
_strcat                         text12         00A99
_strcmp                         text56         00A73
_strcpy                         text1          00977
_strlen                         text26         009B1
btemp                           (abs)          0007E
checkTXPower@rxPacket           cstackBANK0    00029
clear_ram0                      clrtext        00823
enableInterrupts@enable         cstackCOMMON   00070
end_of_initialization           cinit          00025
exception@exception             cstackCOMMON   0007C
flashReadByte@address           cstackBANK0    00028
flashReadByte@offset            cstackBANK0    00021
flashReadByte@result            cstackBANK0    00026
flashRealod@i                   cstackBANK0    0002B
flashUpdate@i                   cstackCOMMON   00078
flashWriteByte@address          cstackCOMMON   00074
flashWriteByte@data             cstackCOMMON   00072
flashWriteByte@offset           cstackCOMMON   00070
ftoa@buf                        bssBANK2       00158
ftoa@cp                         cstackBANK0    00062
ftoa@f                          cstackBANK0    00055
ftoa@l                          cstackBANK0    0005E
ftoa@rem                        cstackBANK0    0005A
ftoa@status                     cstackBANK0    00058
getADCValue@adcLoop             cstackBANK0    00045
getADCValue@adcSum              cstackBANK0    00046
getADCValue@channel             cstackBANK0    00044
getADCValue@multiplier          cstackBANK0    0003E
i1___wmul                       text58         008EE
i1___wmul@multiplicand          cstackCOMMON   00072
i1___wmul@multiplier            cstackCOMMON   00070
i1___wmul@product               cstackCOMMON   00074
i1_memset                       text44         008BD
i1_nrf24l01Send                 text47         00909
i1_nrf24l01SetRXMode            text46         00B71
i1memset@c                      cstackCOMMON   00072
i1memset@n                      cstackCOMMON   00074
i1memset@p                      cstackCOMMON   00076
i1memset@p1                     cstackCOMMON   00070
i1nrf24l01Send@command          cstackCOMMON   00073
i1nrf24l01Send@data             cstackCOMMON   00071
i1nrf24l01SetRXMode@config      cstackCOMMON   00075
i1nrf24l01SetRXMode@rxMode      cstackCOMMON   00076
int$flags                       (abs)          0007E
intlevel0                       functab        00000
intlevel1                       functab        00000
intlevel2                       functab        00000
intlevel3                       functab        00000
intlevel4                       functab        00000
intlevel5                       functab        00000
isdigit@c                       cstackBANK0    00022
loop@packet                     cstackBANK1    000A9
main@packet                     cstackBANK1    000CC
main@pipe                       cstackBANK1    000CB
memset@c                        cstackBANK0    00023
memset@n                        cstackBANK0    00025
memset@p                        cstackBANK0    00027
memset@p1                       cstackBANK0    00021
nrf24l01ChangeTXPower@addPower  cstackBANK0    00024
nrf24l01ChangeTXPower@rfSetup   cstackBANK0    00027
nrf24l01GetPipe@i               cstackBANK0    00043
nrf24l01GetPipe@name            cstackBANK0    0003E
nrf24l01GetPipe@pipe            cstackBANK0    0003F
nrf24l01ISR@status              cstackBANK0    00020
nrf24l01InitRegisters@DynPD     cstackBANK0    00030
nrf24l01InitRegisters@channel   cstackBANK0    0002A
nrf24l01InitRegisters@config    cstackBANK0    00031
nrf24l01InitRegisters@enAA      cstackBANK0    0002F
nrf24l01InitRegisters@feature   cstackBANK0    0002C
nrf24l01InitRegisters@i         cstackBANK0    00032
nrf24l01InitRegisters@rfSetup   cstackBANK0    0002D
nrf24l01InitRegisters@setupAW   cstackBANK0    0002B
nrf24l01InitRegisters@status    cstackBANK0    0002E
nrf24l01ReceivePacket@i         cstackCOMMON   0007A
nrf24l01ReceivePacket@width     cstackCOMMON   00079
nrf24l01SPISend@data            cstackCOMMON   00070
nrf24l01Send@command            cstackBANK0    00023
nrf24l01Send@data               cstackBANK0    00021
nrf24l01SendPacket@Packet       cstackBANK0    0002A
nrf24l01SendPacket@i            cstackBANK0    0002B
nrf24l01SetRXMode@config        cstackBANK0    00025
nrf24l01SetRXMode@rxMode        cstackBANK0    00026
nrf24l01SetRXPipe@enRXAddr      cstackBANK0    00027
nrf24l01SetRXPipe@pipe          cstackBANK0    00026
nrf24l01SetTXPipe@pipe          cstackBANK0    00027
reset_vec                       reset_vec      00000
setMessage@packet               cstackBANK1    000A2
setMessage@status               cstackBANK1    000A0
setMessage@topic                cstackBANK0    00068
setMessage@value                cstackBANK0    0006A
sprintf@ap                      cstackBANK0    0004A
sprintf@c                       cstackBANK0    00054
sprintf@f                       cstackBANK0    00039
sprintf@flag                    cstackBANK0    00049
sprintf@prec                    cstackBANK0    00052
sprintf@sp                      cstackBANK0    0004F
sprintf@val                     cstackBANK0    0004B
sprintf@width                   cstackBANK0    00050
stackhi                         (abs)          023EF
stacklo                         (abs)          02110
start                           init           0000F
start_initialization            cinit          00011
strcat@cp                       cstackBANK0    00066
strcat@from                     cstackBANK0    00063
strcat@to                       cstackBANK0    00067
strcmp@r                        cstackCOMMON   00073
strcmp@s1                       cstackCOMMON   00074
strcmp@s2                       cstackCOMMON   00070
strcpy@cp                       cstackBANK0    00025
strcpy@from                     cstackBANK0    00021
strcpy@to                       cstackBANK0    00024
strlen@cp                       cstackBANK0    00025
strlen@s                        cstackBANK0    00021
wtemp0                          (abs)          0007E


FUNCTION INFORMATION:

 *************** function _main *****************
 Defined at:
		line 178 in file "main.c"
 Parameters:    Size  Location     Type
		None
 Auto vars:     Size  Location     Type
  packet         33   44[BANK1 ] struct .
  pipe            1   43[BANK1 ] unsigned char 
 Return value:  Size  Location     Type
                  1    wreg      void 
 Registers used:
		wreg, fsr0l, fsr0h, fsr1l, fsr1h, status,2, status,0, pclath, cstack
 Tracked objects:
		On entry : 
		On exit  : 
		Unchanged: 
 Data sizes:     COMMON   BANK0   BANK1   BANK2   BANK3   BANK4   BANK5   BANK6   BANK7   BANK8   BANK9  BANK10  BANK11  BANK12
      Params:         0       0       0       0       0       0       0       0       0       0       0       0       0       0
      Locals:         0       0      34       0       0       0       0       0       0       0       0       0       0       0
      Temps:          0       0       1       0       0       0       0       0       0       0       0       0       0       0
      Totals:         0       0      35       0       0       0       0       0       0       0       0       0       0       0
Total ram usage:       35 bytes
 Hardware stack levels required when called:   13
 This function calls:
		___lwtoft
		_flashRealod
		_loop
		_nrf24l01GetPipe
		_nrf24l01Init
		_nrf24l01SendPacket
		_nrf24l01SetRXPipe
		_nrf24l01SetTXPipe
		_setMessage
		_sleep
		_strcpy
 This function is called by:
		Startup code after reset
 This function uses a non-reentrant model


 *************** function _strcpy *****************
 Defined at:
		line 8 in file "C:\Program Files (x86)\Microchip\xc8\v2.00\pic\sources\c90\common\strcpy.c"
 Parameters:    Size  Location     Type
  to              1    wreg     PTR unsigned char 
		 -> romData(19), 
  from            2    1[BANK0 ] PTR const unsigned char 
		 -> STR_6(4), 
 Auto vars:     Size  Location     Type
  to              1    4[BANK0 ] PTR unsigned char 
		 -> romData(19), 
  cp              1    5[BANK0 ] PTR unsigned char 
		 -> romData(19), 
 Return value:  Size  Location     Type
                  1    wreg      PTR unsigned char 
 Registers used:
		wreg, fsr0l, fsr0h, fsr1l, fsr1h, status,2, status,0, pclath
 Tracked objects:
		On entry : 
		On exit  : 
		Unchanged: 
 Data sizes:     COMMON   BANK0   BANK1   BANK2   BANK3   BANK4   BANK5   BANK6   BANK7   BANK8   BANK9  BANK10  BANK11  BANK12
      Params:         0       2       0       0       0       0       0       0       0       0       0       0       0       0
      Locals:         0       2       0       0       0       0       0       0       0       0       0       0       0       0
      Temps:          0       1       0       0       0       0       0       0       0       0       0       0       0       0
      Totals:         0       5       0       0       0       0       0       0       0       0       0       0       0       0
Total ram usage:        5 bytes
 Hardware stack levels used:    1
 Hardware stack levels required when called:    7
 This function calls:
		Nothing
 This function is called by:
		_main
 This function uses a non-reentrant model


 *************** function _nrf24l01Init *****************
 Defined at:
		line 444 in file "nrf24l01.c"
 Parameters:    Size  Location     Type
		None
 Auto vars:     Size  Location     Type
		None
 Return value:  Size  Location     Type
                  1    wreg      void 
 Registers used:
		wreg, fsr0l, fsr0h, status,2, status,0, pclath, cstack
 Tracked objects:
		On entry : 
		On exit  : 
		Unchanged: 
 Data sizes:     COMMON   BANK0   BANK1   BANK2   BANK3   BANK4   BANK5   BANK6   BANK7   BANK8   BANK9  BANK10  BANK11  BANK12
      Params:         0       0       0       0       0       0       0       0       0       0       0       0       0       0
      Locals:         0       0       0       0       0       0       0       0       0       0       0       0       0       0
      Temps:          0       2       0       0       0       0       0       0       0       0       0       0       0       0
      Totals:         0       2       0       0       0       0       0       0       0       0       0       0       0       0
Total ram usage:        2 bytes
 Hardware stack levels used:    1
 Hardware stack levels required when called:   12
 This function calls:
		_nrf24l01CEHigh
		_nrf24l01CELow
		_nrf24l01InitRegisters
		_nrf24l01InterfaceInit
 This function is called by:
		_main
 This function uses a non-reentrant model


 *************** function _nrf24l01InterfaceInit *****************
 Defined at:
		line 28 in file "interface.c"
 Parameters:    Size  Location     Type
		None
 Auto vars:     Size  Location     Type
		None
 Return value:  Size  Location     Type
                  1    wreg      void 
 Registers used:
		wreg, status,2, status,0
 Tracked objects:
		On entry : 
		On exit  : 
		Unchanged: 
 Data sizes:     COMMON   BANK0   BANK1   BANK2   BANK3   BANK4   BANK5   BANK6   BANK7   BANK8   BANK9  BANK10  BANK11  BANK12
      Params:         0       0       0       0       0       0       0       0       0       0       0       0       0       0
      Locals:         0       0       0       0       0       0       0       0       0       0       0       0       0       0
      Temps:          0       0       0       0       0       0       0       0       0       0       0       0       0       0
      Totals:         0       0       0       0       0       0       0       0       0       0       0       0       0       0
Total ram usage:        0 bytes
 Hardware stack levels used:    1
 Hardware stack levels required when called:    7
 This function calls:
		Nothing
 This function is called by:
		_nrf24l01Init
 This function uses a non-reentrant model


 *************** function _nrf24l01InitRegisters *****************
 Defined at:
		line 343 in file "nrf24l01.c"
 Parameters:    Size  Location     Type
		None
 Auto vars:     Size  Location     Type
  i               2   18[BANK0 ] unsigned int 
  config          1   17[BANK0 ] struct .
  DynPD           1   16[BANK0 ] struct .
  enAA            1   15[BANK0 ] struct .
  status          1   14[BANK0 ] struct .
  rfSetup         1   13[BANK0 ] struct .
  feature         1   12[BANK0 ] struct .
  setupAW         1   11[BANK0 ] struct .
  channel         1   10[BANK0 ] struct .
 Return value:  Size  Location     Type
                  1    wreg      void 
 Registers used:
		wreg, fsr0l, fsr0h, status,2, status,0, pclath, cstack
 Tracked objects:
		On entry : 
		On exit  : 
		Unchanged: 
 Data sizes:     COMMON   BANK0   BANK1   BANK2   BANK3   BANK4   BANK5   BANK6   BANK7   BANK8   BANK9  BANK10  BANK11  BANK12
      Params:         0       0       0       0       0       0       0       0       0       0       0       0       0       0
      Locals:         0      10       0       0       0       0       0       0       0       0       0       0       0       0
      Temps:          0       2       0       0       0       0       0       0       0       0       0       0       0       0
      Totals:         0      12       0       0       0       0       0       0       0       0       0       0       0       0
Total ram usage:       12 bytes
 Hardware stack levels used:    1
 Hardware stack levels required when called:   11
 This function calls:
		___bmul
		_nrf24l01SPIEnd
		_nrf24l01SPISend
		_nrf24l01SPIStart
		_nrf24l01Send
		_nrf24l01SetRXPipe
		_nrf24l01SetTXPipe
 This function is called by:
		_nrf24l01Init
 This function uses a non-reentrant model


 *************** function _nrf24l01SetTXPipe *****************
 Defined at:
		line 309 in file "nrf24l01.c"
 Parameters:    Size  Location     Type
  pipe            1    wreg     unsigned char 
 Auto vars:     Size  Location     Type
  pipe            1    7[BANK0 ] unsigned char 
 Return value:  Size  Location     Type
                  1    wreg      void 
 Registers used:
		wreg, fsr0l, fsr0h, status,2, status,0, pclath, cstack
 Tracked objects:
		On entry : 
		On exit  : 
		Unchanged: 
 Data sizes:     COMMON   BANK0   BANK1   BANK2   BANK3   BANK4   BANK5   BANK6   BANK7   BANK8   BANK9  BANK10  BANK11  BANK12
      Params:         0       0       0       0       0       0       0       0       0       0       0       0       0       0
      Locals:         0       1       0       0       0       0       0       0       0       0       0       0       0       0
      Temps:          0       2       0       0       0       0       0       0       0       0       0       0       0       0
      Totals:         0       3       0       0       0       0       0       0       0       0       0       0       0       0
Total ram usage:        3 bytes
 Hardware stack levels used:    1
 Hardware stack levels required when called:    9
 This function calls:
		___bmul
		_nrf24l01SPIEnd
		_nrf24l01SPISend
		_nrf24l01SPIStart
 This function is called by:
		_main
		_nrf24l01InitRegisters
		_nrf24l01SendACK
 This function uses a non-reentrant model


 *************** function ___bmul *****************
 Defined at:
		line 4 in file "C:\Program Files (x86)\Microchip\xc8\v2.00\pic\sources\c90\common\Umul8.c"
 Parameters:    Size  Location     Type
  multiplier      1    wreg     unsigned char 
  multiplicand    1    1[BANK0 ] unsigned char 
 Auto vars:     Size  Location     Type
  multiplier      1    4[BANK0 ] unsigned char 
  product         1    3[BANK0 ] unsigned char 
 Return value:  Size  Location     Type
                  1    wreg      unsigned char 
 Registers used:
		wreg, status,2, status,0
 Tracked objects:
		On entry : 
		On exit  : 
		Unchanged: 
 Data sizes:     COMMON   BANK0   BANK1   BANK2   BANK3   BANK4   BANK5   BANK6   BANK7   BANK8   BANK9  BANK10  BANK11  BANK12
[...]
		_nrf24l01InitRegisters
		i1_nrf24l01Send
 This function uses a non-reentrant model


 *************** function _nrf24l01CSHigh *****************
 Defined at:
		line 23 in file "interface.c"
 Parameters:    Size  Location     Type
		None
 Auto vars:     Size  Location     Type
		None
 Return value:  Size  Location     Type
                  1    wreg      void 
 Registers used:
		None
 Tracked objects:
		On entry : 
		On exit  : 
		Unchanged: 
 Data sizes:     COMMON   BANK0   BANK1   BANK2   BANK3   BANK4   BANK5   BANK6   BANK7   BANK8   BANK9  BANK10  BANK11  BANK12
      Params:         0       0       0       0       0       0       0       0       0       0       0       0       0       0
      Locals:         0       0       0       0       0       0       0       0       0       0       0       0       0       0
      Temps:          0       0       0       0       0       0       0       0       0       0       0       0       0       0
      Totals:         0       0       0       0       0       0       0       0       0       0       0       0       0       0
Total ram usage:        0 bytes
 Hardware stack levels used:    1
 Hardware stack levels required when called:    7
 This function calls:
		Nothing
 This function is called by:
		_nrf24l01SPIEnd
 This function uses a non-reentrant model


 *************** function _enableInterrupts *****************
 Defined at:
		line 77 in file "interface.c"
 Parameters:    Size  Location     Type
  enable          1    wreg     unsigned char 
 Auto vars:     Size  Location     Type
  enable          1    0[COMMON] unsigned char 
 Return value:  Size  Location     Type
                  1    wreg      void 
 Registers used:
		wreg, status,0
 Tracked objects:
		On entry : 
		On exit  : 
		Unchanged: 
 Data sizes:     COMMON   BANK0   BANK1   BANK2   BANK3   BANK4   BANK5   BANK6   BANK7   BANK8   BANK9  BANK10  BANK11  BANK12
      Params:         0       0       0       0       0       0       0       0       0       0       0       0       0       0
      Locals:         0       0       0       0       0       0       0       0       0       0       0       0       0       0
      Temps:          0       0       0       0       0       0       0       0       0       0       0       0       0       0
      Totals:         0       0       0       0       0       0       0       0       0       0       0       0       0       0
Total ram usage:        0 bytes
 Hardware stack levels used:    1
 Hardware stack levels required when called:    7
 This function calls:
		Nothing
 This function is called by:
		_nrf24l01Send
		_nrf24l01SendPacket
		i1_nrf24l01Send
 This function uses a non-reentrant model


 *************** function _nrf24l01CELow *****************
 Defined at:
		line 8 in file "interface.c"
 Parameters:    Size  Location     Type
		None
 Auto vars:     Size  Location     Type
		None
 Return value:  Size  Location     Type
                  1    wreg      void 
 Registers used:
		None
 Tracked objects:
		On entry : 
		On exit  : 
		Unchanged: 
 Data sizes:     COMMON   BANK0   BANK1   BANK2   BANK3   BANK4   BANK5   BANK6   BANK7   BANK8   BANK9  BANK10  BANK11  BANK12
      Params:         0       0       0       0       0       0       0       0       0       0       0       0       0       0
      Locals:         0       0       0       0       0       0       0       0       0       0       0       0       0       0
      Temps:          0       0       0       0       0       0       0       0       0       0       0       0       0       0
      Totals:         0       0       0       0       0       0       0       0       0       0       0       0       0       0
Total ram usage:        0 bytes
 Hardware stack levels used:    1
 Hardware stack levels required when called:    7
 This function calls:
		Nothing
 This function is called by:
		_nrf24l01SetRXMode
		_nrf24l01ReceivePacket
		_nrf24l01SendPacket
		_nrf24l01Init
		i1_nrf24l01SetRXMode
 This function uses a non-reentrant model


 *************** function _nrf24l01CEHigh *****************
 Defined at:
		line 13 in file "interface.c"
 Parameters:    Size  Location     Type
		None
 Auto vars:     Size  Location     Type
		None
 Return value:  Size  Location     Type
                  1    wreg      void 
 Registers used:
		None
 Tracked objects:
		On entry : 
		On exit  : 
		Unchanged: 
 Data sizes:     COMMON   BANK0   BANK1   BANK2   BANK3   BANK4   BANK5   BANK6   BANK7   BANK8   BANK9  BANK10  BANK11  BANK12
      Params:         0       0       0       0       0       0       0       0       0       0       0       0       0       0
      Locals:         0       0       0       0       0       0       0       0       0       0       0       0       0       0
      Temps:          0       0       0       0       0       0       0       0       0       0       0       0       0       0
      Totals:         0       0       0       0       0       0       0       0       0       0       0       0       0       0
Total ram usage:        0 bytes
 Hardware stack levels used:    1
 Hardware stack levels required when called:    7
 This function calls:
		Nothing
 This function is called by:
		_nrf24l01SetRXMode
		_nrf24l01ReceivePacket
		_nrf24l01SendPacket
		_nrf24l01Init
		i1_nrf24l01SetRXMode
 This function uses a non-reentrant model


 *************** function _strcmp *****************
 Defined at:
		line 33 in file "C:\Program Files (x86)\Microchip\xc8\v2.00\pic\sources\c90\common\strcmp.c"
 Parameters:    Size  Location     Type
  s1              1    wreg     PTR const unsigned char 
		 -> packet.Message(32), packet.Message(32), NULL(0), main@packet(33), 
		 -> loop@packet(33), 
  s2              1    0[COMMON] PTR const unsigned char 
		 -> RXPacket.Message(32), RXPacket(33), 
 Auto vars:     Size  Location     Type
  s1              1    4[COMMON] PTR const unsigned char 
		 -> packet.Message(32), packet.Message(32), NULL(0), main@packet(33), 
		 -> loop@packet(33), 
  r               1    3[COMMON] char 
 Return value:  Size  Location     Type
                  2    0[COMMON] int 
 Registers used:
		wreg, fsr0l, fsr0h, fsr1l, fsr1h, status,2, status,0
 Tracked objects:
		On entry : 
		On exit  : 
		Unchanged: 
 Data sizes:     COMMON   BANK0   BANK1   BANK2   BANK3   BANK4   BANK5   BANK6   BANK7   BANK8   BANK9  BANK10  BANK11  BANK12
      Params:         2       0       0       0       0       0       0       0       0       0       0       0       0       0
      Locals:         2       0       0       0       0       0       0       0       0       0       0       0       0       0
      Temps:          1       0       0       0       0       0       0       0       0       0       0       0       0       0
      Totals:         5       0       0       0       0       0       0       0       0       0       0       0       0       0
Total ram usage:        5 bytes
 Hardware stack levels used:    1
 This function calls:
		Nothing
 This function is called by:
		_nrf24l01CheckACK
 This function uses a non-reentrant model


 *************** function _exception *****************
 Defined at:
		line 81 in file "interface.c"
 Parameters:    Size  Location     Type
  exception       1    wreg     unsigned char 
 Auto vars:     Size  Location     Type
  exception       1   12[COMMON] unsigned char 
 Return value:  Size  Location     Type
                  1    wreg      void 
 Registers used:
		wreg, fsr1l, fsr1h, status,2, status,0, pclath, cstack
 Tracked objects:
		On entry : 
		On exit  : 
		Unchanged: 
 Data sizes:     COMMON   BANK0   BANK1   BANK2   BANK3   BANK4   BANK5   BANK6   BANK7   BANK8   BANK9  BANK10  BANK11  BANK12
      Params:         0       0       0       0       0       0       0       0       0       0       0       0       0       0
      Locals:         1       0       0       0       0       0       0       0       0       0       0       0       0       0
      Temps:          2       0       0       0       0       0       0       0       0       0       0       0       0       0
      Totals:         3       0       0       0       0       0       0       0       0       0       0       0       0       0
Total ram usage:        3 bytes
 Hardware stack levels used:    1
 Hardware stack levels required when called:    2
 This function calls:
		_flashUpdate
		i1___wmul
 This function is called by:
		_nrf24l01ISR
 This function uses a non-reentrant model


 *************** function i1___wmul *****************
 Defined at:
		line 15 in file "C:\Program Files (x86)\Microchip\xc8\v2.00\pic\sources\c90\common\Umul16.c"
 Parameters:    Size  Location     Type
  multiplier      2    0[COMMON] unsigned int 
  multiplicand    2    2[COMMON] unsigned int 
 Auto vars:     Size  Location     Type
  __wmul          2    4[COMMON] unsigned int 
 Return value:  Size  Location     Type
                  2    0[COMMON] unsigned int 
 Registers used:
		wreg, status,2, status,0
 Tracked objects:
		On entry : 
		On exit  : 
		Unchanged: 
 Data sizes:     COMMON   BANK0   BANK1   BANK2   BANK3   BANK4   BANK5   BANK6   BANK7   BANK8   BANK9  BANK10  BANK11  BANK12
      Params:         4       0       0       0       0       0       0       0       0       0       0       0       0       0
      Locals:         2       0       0       0       0       0       0       0       0       0       0       0       0       0
      Temps:          0       0       0       0       0       0       0       0       0       0       0       0       0       0
      Totals:         6       0       0       0       0       0       0       0       0       0       0       0       0       0
Total ram usage:        6 bytes
 Hardware stack levels used:    1
 This function calls:
		Nothing
 This function is called by:
		_exception
 This function uses a non-reentrant model


 *************** function _flashUpdate *****************
 Defined at:
		line 97 in file "flash.c"
 Parameters:    Size  Location     Type
		None
 Auto vars:     Size  Location     Type
  i               2    8[COMMON] unsigned int 
 Return value:  Size  Location     Type
                  1    wreg      void 
 Registers used:
		wreg, fsr1l, fsr1h, status,2, status,0, pclath, cstack
 Tracked objects:
		On entry : 
		On exit  : 
		Unchanged: 
 Data sizes:     COMMON   BANK0   BANK1   BANK2   BANK3   BANK4   BANK5   BANK6   BANK7   BANK8   BANK9  BANK10  BANK11  BANK12
      Params:         0       0       0       0       0       0       0       0       0       0       0       0       0       0
      Locals:         2       0       0       0       0       0       0       0       0       0       0       0       0       0
      Temps:          2       0       0       0       0       0       0       0       0       0       0       0       0       0
      Totals:         4       0       0       0       0       0       0       0       0       0       0       0       0       0
Total ram usage:        4 bytes
 Hardware stack levels used:    1
 Hardware stack levels required when called:    1
 This function calls:
		_flashWriteByte
 This function is called by:
		_exception
 This function uses a non-reentrant model


 *************** function _flashWriteByte *****************
 Defined at:
		line 8 in file "flash.c"
 Parameters:    Size  Location     Type
  offset          2    0[COMMON] unsigned int 
  data            2    2[COMMON] unsigned int 
 Auto vars:     Size  Location     Type
  address         2    4[COMMON] unsigned int 
 Return value:  Size  Location     Type
                  1    wreg      void 
 Registers used:
		wreg, status,2, status,0
 Tracked objects:
		On entry : 
		On exit  : 
		Unchanged: 
 Data sizes:     COMMON   BANK0   BANK1   BANK2   BANK3   BANK4   BANK5   BANK6   BANK7   BANK8   BANK9  BANK10  BANK11  BANK12
      Params:         4       0       0       0       0       0       0       0       0       0       0       0       0       0
      Locals:         2       0       0       0       0       0       0       0       0       0       0       0       0       0
      Temps:          0       0       0       0       0       0       0       0       0       0       0       0       0       0
      Totals:         6       0       0       0       0       0       0       0       0       0       0       0       0       0
Total ram usage:        6 bytes
 Hardware stack levels used:    1
 This function calls:
		Nothing
 This function is called by:
		_flashUpdate
 This function uses a non-reentrant model



MODULE INFORMATION

Module		Function		Class		Link	Load	Size
C:\Program Files (x86)\Microchip\xc8\v2.00\pic\sources\c90\common\ftneg.c
		___ftneg       		CODE           	0840	0000	10

C:\Program Files (x86)\Microchip\xc8\v2.00\pic\sources\c90\common\ftneg.c estimated size: 10

C:\Program Files (x86)\Microchip\xc8\v2.00\pic\sources\c90\common\ftsub.c
		___ftsub       		CODE           	0993	0000	31

C:\Program Files (x86)\Microchip\xc8\v2.00\pic\sources\c90\common\ftsub.c estimated size: 31

C:\Program Files (x86)\Microchip\xc8\v2.00\pic\sources\c90\common\float.c
		___ftpack      		CODE           	0E7E	0000	102

C:\Program Files (x86)\Microchip\xc8\v2.00\pic\sources\c90\common\float.c estimated size: 102

C:\Program Files (x86)\Microchip\xc8\v2.00\pic\sources\c90\common\doprnt.c
		_sprintf       		CODE           	0029	0000	462

C:\Program Files (x86)\Microchip\xc8\v2.00\pic\sources\c90\common\doprnt.c estimated size: 462

C:\Program Files (x86)\Microchip\xc8\v2.00\pic\sources\c90\common\llmod.c
		___llmod       		CODE           	0C5E	0000	68

C:\Program Files (x86)\Microchip\xc8\v2.00\pic\sources\c90\common\llmod.c estimated size: 68

C:\Program Files (x86)\Microchip\xc8\v2.00\pic\sources\c90\common\Umul16.c
		___wmul        		CODE           	093F	0000	29

C:\Program Files (x86)\Microchip\xc8\v2.00\pic\sources\c90\common\Umul16.c estimated size: 29

C:\Program Files (x86)\Microchip\xc8\v2.00\pic\sources\c90\common\ftmul.c
		___ftmul       		CODE           	04AC	0000	181

C:\Program Files (x86)\Microchip\xc8\v2.00\pic\sources\c90\common\ftmul.c estimated size: 181

C:\Program Files (x86)\Microchip\xc8\v2.00\pic\sources\c90\common\ftdiv.c
		___ftdiv       		CODE           	060A	0000	170

C:\Program Files (x86)\Microchip\xc8\v2.00\pic\sources\c90\common\ftdiv.c estimated size: 170

C:\Program Files (x86)\Microchip\xc8\v2.00\pic\sources\c90\common\__lldiv.c
		___lldiv       		CODE           	0D80	0000	84

C:\Program Files (x86)\Microchip\xc8\v2.00\pic\sources\c90\common\__lldiv.c estimated size: 84

C:\Program Files (x86)\Microchip\xc8\v2.00\pic\sources\c90\common\ftoa.c
		_ftoa          		CODE           	06B3	0000	164

C:\Program Files (x86)\Microchip\xc8\v2.00\pic\sources\c90\common\ftoa.c estimated size: 164

C:\Program Files (x86)\Microchip\xc8\v2.00\pic\sources\c90\common\isdigit.c
		_isdigit       		CODE           	0849	0000	16

C:\Program Files (x86)\Microchip\xc8\v2.00\pic\sources\c90\common\isdigit.c estimated size: 16

C:\Program Files (x86)\Microchip\xc8\v2.00\pic\sources\c90\common\Umul8.c
		___bmul        		CODE           	086A	0000	19

C:\Program Files (x86)\Microchip\xc8\v2.00\pic\sources\c90\common\Umul8.c estimated size: 19

C:\Program Files (x86)\Microchip\xc8\v2.00\pic\sources\c90\common\strcat.c
		_strcat        		CODE           	0A99	0000	39

C:\Program Files (x86)\Microchip\xc8\v2.00\pic\sources\c90\common\strcat.c estimated size: 39

shared
		i1_nrf24l01Send		CODE           	0909	0000	28
		_dpowers       		STRCODE        	1000	0000	41
		i1_nrf24l01SetRXMode		CODE           	0B71	0000	56
		_n_ADDRESS_P0  		STRCODE        	104C	0000	6
		i1___wmul      		CODE           	08EE	0000	28
		_n_ADDRESS_MUL 		STRCODE        	1066	0000	2
		__initialization		CODE           	0011	0000	21
		_romArray      		STRCODE        	1FE0	0000	33
		_resetRomData  		STRCODE        	0000	0000	0
		i1_memset      		CODE           	08BD	0000	25

shared estimated size: 240

interface.c
		_nrf24l01SPISend		CODE           	07F2	0000	14
		_exception     		CODE           	08A5	0000	25
		_nrf24l01CELow 		CODE           	081A	0000	4
		_nrf24l01CSLow 		CODE           	0820	0000	4
		_nrf24l01SPIStart		CODE           	0838	0000	9
		_nrf24l01SPIEnd		CODE           	0829	0000	8
		_nrf24l01CEHigh		CODE           	0817	0000	4
		_nrf24l01CSHigh		CODE           	081D	0000	4
		_enableInterrupts		CODE           	0830	0000	9
		_nrf24l01InterfaceInit		CODE           	095B	0000	29

interface.c estimated size: 110

flash.c
		_flashWriteByte		CODE           	0B0F	0000	49
		_flashRealod   		CODE           	09D0	0000	33
		_flashReadByte 		CODE           	0B3F	0000	51
		_flashUpdate   		CODE           	0A10	0000	34

flash.c estimated size: 167

C:\Program Files (x86)\Microchip\xc8\v2.00\pic\sources\c90\common\fttol.c
		___fttol       		CODE           	0EE3	0000	136

C:\Program Files (x86)\Microchip\xc8\v2.00\pic\sources\c90\common\fttol.c estimated size: 136

C:\Program Files (x86)\Microchip\xc8\v2.00\pic\sources\c90\common\strlen.c
		_strlen        		CODE           	09B1	0000	32

C:\Program Files (x86)\Microchip\xc8\v2.00\pic\sources\c90\common\strlen.c estimated size: 32

C:\Program Files (x86)\Microchip\xc8\v2.00\pic\sources\c90\common\ftge.c
		___ftge        		CODE           	0BE3	0000	61

C:\Program Files (x86)\Microchip\xc8\v2.00\pic\sources\c90\common\ftge.c estimated size: 61

C:\Program Files (x86)\Microchip\xc8\v2.00\pic\sources\c90\common\ftadd.c
		___ftadd       		CODE           	02FC	0000	247

C:\Program Files (x86)\Microchip\xc8\v2.00\pic\sources\c90\common\ftadd.c estimated size: 247

C:\Program Files (x86)\Microchip\xc8\v2.00\pic\sources\c90\common\strcmp.c
		_strcmp        		CODE           	0A73	0000	39

C:\Program Files (x86)\Microchip\xc8\v2.00\pic\sources\c90\common\strcmp.c estimated size: 39

C:\Program Files (x86)\Microchip\xc8\v2.00\pic\sources\c90\common\strcpy.c
		_strcpy        		CODE           	0977	0000	29

C:\Program Files (x86)\Microchip\xc8\v2.00\pic\sources\c90\common\strcpy.c estimated size: 29

nrf24l01.c
		_nrf24l01ChangeTXPower		CODE           	0C1F	0000	64
		_nrf24l01SendPacket		CODE           	03F2	0000	187
		_nrf24l01InitRegisters		CODE           	01F6	0000	263
		_nrf24l01CheckACK		CODE           	0A31	0000	34
		_nrf24l01ISR   		CODE           	0D32	0000	79
		_nrf24l01Send  		CODE           	09F0	0000	33
		_nrf24l01Init  		CODE           	0ABF	0000	39
		_nrf24l01SetRXMode		CODE           	0BA8	0000	60
		_nrf24l01SetRXPipe		CODE           	0A52	0000	34
		_nrf24l01SetTXPipe		CODE           	0CA1	0000	69
		_nrf24l01GetRXPacket		CODE           	0002	0000	3
		_nrf24l01ReceivePacket		CODE           	0CE5	0000	78

nrf24l01.c estimated size: 943

C:\Program Files (x86)\Microchip\xc8\v2.00\pic\sources\c90\common\lbtoft.c
		___lbtoft      		CODE           	0924	0000	28

C:\Program Files (x86)\Microchip\xc8\v2.00\pic\sources\c90\common\lbtoft.c estimated size: 28

C:\Program Files (x86)\Microchip\xc8\v2.00\pic\sources\c90\common\memset.c
		_memset        		CODE           	08D5	0000	26

C:\Program Files (x86)\Microchip\xc8\v2.00\pic\sources\c90\common\memset.c estimated size: 26

main.c
		_loop          		CODE           	0560	0000	171
		_nrf24l01GetPipe		CODE           	0DD3	0000	86
		_checkTXPower  		CODE           	087C	0000	21
		_setMessage    		CODE           	0E28	0000	87
		_ISR           		CODE           	0004	0000	12
		_main          		CODE           	0F6A	0000	151
		_getADCValue   		CODE           	0756	0000	157
		_sleep         		CODE           	0858	0000	19

main.c estimated size: 704

C:\Program Files (x86)\Microchip\xc8\v2.00\pic\sources\c90\common\lwtoft.c
		___lwtoft      		CODE           	0890	0000	22

C:\Program Files (x86)\Microchip\xc8\v2.00\pic\sources\c90\common\lwtoft.c estimated size: 22

C:\Program Files (x86)\Microchip\xc8\v2.00\pic\sources\c90\common\lltoft.c
		___lltoft      		CODE           	0AE5	0000	43

C:\Program Files (x86)\Microchip\xc8\v2.00\pic\sources\c90\common\lltoft.c estimated size: 43

