Microchip MPLAB XC8 Compiler V2.00 ()

Linker command line:

-W-3 --edf=C:\Program Files (x86)\Microchip\xc8\v2.00\pic\dat\en_msgs.txt \
  -cs -h+dist/default/production\nRF24L01__PIC16LF1825.X.X.production.sym \
  --cmf=dist/default/production\nRF24L01__PIC16LF1825.X.X.production.cmf -z \
  -Q16LF18325 -oC:\Users\Leon\AppData\Local\Temp\sc7c.2 \
  --defsym=__MPLAB_BUILD=1 \
  -Mdist/default/production/nRF24L01__PIC16LF1825.X.X.production.map -E1 \
  -ver=XC8 -ASTACK=02161h-023efh -pstack=STACK -ACODE=00h-07FFhx4 \
  -ASTRCODE=00h-01FFFh -ASTRING=00h-0FFhx32 -ACONST=00h-0FFhx32 \
  -AENTRY=00h-0FFhx32 -ACOMMON=070h-07Fh -ABANK0=020h-06Fh \
  -ABANK1=0A0h-0EFh -ABANK2=0120h-016Fh -ABANK3=01A0h-01EFh \
  -ABANK4=0220h-026Fh -ABANK5=02A0h-02EFh -ABANK6=0320h-036Fh \
  -ABANK7=03A0h-03EFh -ABANK8=0420h-046Fh -ABANK9=04A0h-04EFh \
  -ABANK10=0520h-056Fh -ABANK11=05A0h-05EFh -ABANK12=0620h-064Fh \
  -ABIGRAM=02000h-023EFh \
  -ARAM=020h-06Fh,0A0h-0EFh,0120h-016Fh,01A0h-01EFh,0220h-026Fh,02A0h-02EFh,0320h-036Fh,03A0h-03EFh,0420h-046Fh,04A0h-04EFh,0520h-056Fh,05A0h-05EFh,0620h-064Fh \
  -AABS1=020h-07Fh,0A0h-0EFh,0120h-016Fh,01A0h-01EFh,0220h-026Fh,02A0h-02EFh,0320h-036Fh,03A0h-03EFh,0420h-046Fh,04A0h-04EFh,0520h-056Fh,05A0h-05EFh,0620h-064Fh \
  -ASFR0=00h-01Fh -ASFR1=080h-09Fh -ASFR2=0100h-011Fh -ASFR3=0180h-019Fh \
  -ASFR4=0200h-021Fh -ASFR5=0280h-029Fh -ASFR6=0300h-031Fh \
  -ASFR7=0380h-039Fh -ASFR8=0400h-041Fh -ASFR9=0480h-049Fh \
  -ASFR10=0500h-051Fh -ASFR11=0580h-059Fh -ASFR12=0600h-061Fh \
  -ASFR13=0680h-06EFh -ASFR14=0700h-076Fh -ASFR15=0780h-07EFh \
  -ASFR16=0800h-086Fh -ASFR17=0880h-08EFh -ASFR18=0900h-096Fh \
  -ASFR19=0980h-09EFh -ASFR20=0A00h-0A6Fh -ASFR21=0A80h-0AEFh \
  -ASFR22=0B00h-0B6Fh -ASFR23=0B80h-0BEFh -ASFR24=0C00h-0C6Fh \
  -ASFR25=0C80h-0CEFh -ASFR26=0D00h-0D6Fh -ASFR27=0D80h-0DEFh \
  -ASFR28=0E00h-0E6Fh -ASFR29=0E80h-0EEFh -ASFR30=0F00h-0F6Fh \
  -ASFR31=0F80h-0FEFh -preset_vec=00h,intentry=04h,init,end_init \
  -ppowerup=CODE -pcinit=CODE -pfunctab=ENTRY -ACONFIG=08007h-0800Ah \
  -pconfig=CONFIG -DCONFIG=2 -AIDLOC=08000h-08003h -pidloc=IDLOC -DIDLOC=2 \
  -AEEDATA=00h-0FFh/0F000h -peeprom_data=EEDATA -DEEDATA=2 -DCODE=2 \
  -DSTRCODE=2 -DSTRING=2 -DCONST=2 -DENTRY=2 -k \
  C:\Users\Leon\AppData\Local\Temp\sc7c.o \
  dist/default/production\nRF24L01__PIC16LF1825.X.X.production.o 

Object code version is 3.11

Machine type is 16LF18325



                Name                               Link     Load   Length Selector   Space Scale
C:\Users\Leon\AppData\Local\Temp\sc7c.o
                stack                              2161     2161      28F     2161       2
                end_init                             2D       2D        2        8       0
                reset_vec                             0        0        2        0       0
                config                             8007     8007        4    1000E       0
dist/default/production\nRF24L01__PIC16LF1825.X.X.production.o
                cinit                                2F       2F       33        8       0
                intentry                              4        4       29        8       0
                text48                              CA1      CA1       4C     1942       0
                text46                              844      844        C     1088       0
                text45                              95E      95E       1F     12BC       0
                text44                              D40      D40       65     1A80       0
                text43                              8AD      8AD       1B     115A       0
                text42                              880      880       15     1100       0
                text41                              99C      99C       22     1338       0
                text40                              333      333       F6        8       0
                text39                              F57      F57       A9     1EAE       0
                text38                              822      822        7     1044       0
                text37                              A64      A64       2C     14C8       0
                text36                              EB2      EB2       A5     1D64       0
                text35                              B5E      B5E       3C     16BC       0
                text34                              6B5      6B5       B4        8       0
                text33                              829      829        9     1052       0
                text32                              8C8      8C8       1E     1190       0
                text31                              E2B      E2B       87     1C56       0
                text30                              A10      A10       2A     1420       0
                text29                              CED      CED       53     19DA       0
                text28                              C17      C17       43     182E       0
                text27                              8E6      8E6       1E     11CC       0
                text26                              850      850        E     10A0       0
                text25                               62       62      1CD        8       0
                text24                              515      515       E7        8       0
                text23                              ABD      ABD       32     157A       0
                text22                              832      832        9     1064       0
                text21                              85E      85E        F     10BC       0
                text20                              83B      83B        9     1076       0
                text19                              86D      86D       13     10DA       0
                text18                              B23      B23       3B     1646       0
                text17                              904      904       1E     1208       0
                text16                              C5A      C5A       47     18B4       0
                text15                              895      895       18     112A       0
                text14                              B9A      B9A       3D     1734       0
                text13                              9BE      9BE       29     137C       0
                text12                              A3A      A3A       2A     1474       0
                text11                              5FC      5FC       B9        8       0
                text10                              BD7      BD7       40     17AE       0
                text9                               9E7      9E7       29     13CE       0
                text8                               DA5      DA5       86     1B4A       0
                text7                               429      429       EC        8       0
                text6                               A90      A90       2D     1520       0
                text5                               AEF      AEF       34     15DE       0
                text4                               922      922       1E     1244       0
                text3                               22F      22F      104        8       0
                text2                               940      940       1E     1280       0
                text1                               97D      97D       1F     12FA       0
                maintext                            769      769       95        8       0
                cstackBANK0                          20       20       42       20       1
                cstackCOMMON                         70       70        4       70       1
                cstackBANK1                          A0       A0       3F       A0       1
                cstackBANK2                         120      120       2D      120       1
                clrtext                             81C      81C        6     1038       0
                bssBANK4                            220      220       21      220       1
                bssBANK3                            1A0      1A0       4E      1A0       1
                bssBANK2                            14D      14D       21      120       1
                dataBANK1                            E9       E9        1       A0       1
                bssBANK1                             DF       DF        A       A0       1
                bssBANK0                             62       62        7       20       1
                stringtext9                        1052     1052        2     2000       0
                stringtext8                        104E     104E        4     2000       0
                stringtext7                        1049     1049        5     2000       0
                stringtext6                        1044     1044        5     2000       0
                stringtext5                        103F     103F        5     2000       0
                stringtext4                        1034     1034        6     2000       0
                stringtext3                        1028     1028        C     2000       0
                stringtext2                        103A     103A        5     2000       0
                stringtext1                        1000     1000       28     2000       0
                idataBANK1                          7FE      7FE        1        8       0

TOTAL           Name                               Link     Load   Length     Space
        CLASS   STACK          
                stack                              2161     2161      28F         2

        CLASS   CODE           
                end_init                             2D       2D        2         0
                cinit                                2F       2F       33         0
                intentry                              4        4       29         0
                reset_vec                             0        0        2         0
                text48                              CA1      CA1       4C         0
                text46                              844      844        C         0
                text45                              95E      95E       1F         0
                text44                              D40      D40       65         0
                text43                              8AD      8AD       1B         0
                text42                              880      880       15         0
                text41                              99C      99C       22         0
                text40                              333      333       F6         0
                text39                              F57      F57       A9         0
                text38                              822      822        7         0
                text37                              A64      A64       2C         0
                text36                              EB2      EB2       A5         0
                text35                              B5E      B5E       3C         0
                text34                              6B5      6B5       B4         0
                text33                              829      829        9         0
                text32                              8C8      8C8       1E         0
                text31                              E2B      E2B       87         0
                text30                              A10      A10       2A         0
                text29                              CED      CED       53         0
                text28                              C17      C17       43         0
                text27                              8E6      8E6       1E         0
                text26                              850      850        E         0
                text25                               62       62      1CD         0
                text24                              515      515       E7         0
                text23                              ABD      ABD       32         0
                text22                              832      832        9         0
                text21                              85E      85E        F         0
                text20                              83B      83B        9         0
                text19                              86D      86D       13         0
                text18                              B23      B23       3B         0
                text17                              904      904       1E         0
                text16                              C5A      C5A       47         0
                text15                              895      895       18         0
                text14                              B9A      B9A       3D         0
                text13                              9BE      9BE       29         0
                text12                              A3A      A3A       2A         0
                text11                              5FC      5FC       B9         0
                text10                              BD7      BD7       40         0
                text9                               9E7      9E7       29         0
                text8                               DA5      DA5       86         0
                text7                               429      429       EC         0
                text6                               A90      A90       2D         0
                text5                               AEF      AEF       34         0
                text4                               922      922       1E         0
                text3                               22F      22F      104         0
                text2                               940      940       1E         0
                text1                               97D      97D       1F         0
                maintext                            769      769       95         0
                clrtext                             81C      81C        6         0
                idataBANK1                          7FE      7FE        1         0

        CLASS   STRCODE        
                stringtext9                        1052     1052        2         0
                stringtext8                        104E     104E        4         0
                stringtext7                        1049     1049        5         0
                stringtext6                        1044     1044        5         0
                stringtext5                        103F     103F        5         0
                stringtext4                        1034     1034        6         0
                stringtext3                        1028     1028        C         0
                stringtext2                        103A     103A        5         0
                stringtext1                        1000     1000       28         0

        CLASS   STRING         

        CLASS   CONST          

        CLASS   ENTRY          

        CLASS   COMMON         
                cstackCOMMON                         70       70        4         1

        CLASS   BANK0          
                cstackBANK0                          20       20       42         1
                bssBANK0                             62       62        7         1

        CLASS   BANK1          
                cstackBANK1                          A0       A0       3F         1
                dataBANK1                            E9       E9        1         1
                bssBANK1                             DF       DF        A         1

        CLASS   BANK2          
                cstackBANK2                         120      120       2D         1
                bssBANK2                            14D      14D       21         1

        CLASS   BANK3          
                bssBANK3                            1A0      1A0       4E         1

        CLASS   BANK4          
                bssBANK4                            220      220       21         1

        CLASS   BANK5          

        CLASS   BANK6          

        CLASS   BANK7          

        CLASS   BANK8          

        CLASS   BANK9          

        CLASS   BANK10         

        CLASS   BANK11         

        CLASS   BANK12         

        CLASS   BIGRAM         

        CLASS   RAM            

        CLASS   ABS1           
                abs_s1                               74       74        C         1

        CLASS   SFR0           

        CLASS   SFR1           

        CLASS   SFR2           

        CLASS   SFR3           

        CLASS   SFR4           

        CLASS   SFR5           

        CLASS   SFR6           

        CLASS   SFR7           

        CLASS   SFR8           

        CLASS   SFR9           

        CLASS   SFR10          

        CLASS   SFR11          

        CLASS   SFR12          

        CLASS   SFR13          

        CLASS   SFR14          

        CLASS   SFR15          

        CLASS   SFR16          

        CLASS   SFR17          

        CLASS   SFR18          

        CLASS   SFR19          

        CLASS   SFR20          

        CLASS   SFR21          

        CLASS   SFR22          

        CLASS   SFR23          

        CLASS   SFR24          

        CLASS   SFR25          

        CLASS   SFR26          

        CLASS   SFR27          

        CLASS   SFR28          

        CLASS   SFR29          

        CLASS   SFR30          

        CLASS   SFR31          

        CLASS   CONFIG         
                config                             8007     8007        4         0

        CLASS   IDLOC          

        CLASS   EEDATA         

        CLASS   BANK31         

        CLASS   BANK30         

        CLASS   BANK29         

        CLASS   BANK28         

        CLASS   BANK27         

        CLASS   BANK26         

        CLASS   BANK25         

        CLASS   BANK24         

        CLASS   BANK23         

        CLASS   BANK22         

        CLASS   BANK21         

        CLASS   BANK20         

        CLASS   BANK19         

        CLASS   BANK18         

        CLASS   BANK17         

        CLASS   BANK16         

        CLASS   BANK15         

        CLASS   BANK14         

        CLASS   BANK13         



SEGMENTS        Name                           Load    Length   Top    Selector   Space  Class     Delta

                reset_vec                      000000  000002  000002         0       0  CODE        2
                intentry                       000004  0007FB  0007FF         8       0  CODE        2
                cstackBANK0                    000020  000049  000069        20       1  BANK0       1
                cstackCOMMON                   000070  000004  000074        70       1  COMMON      1
                cstackBANK1                    0000A0  00004A  0000EA        A0       1  BANK1       1
                cstackBANK2                    000120  00004E  00016E       120       1  BANK2       1
                bssBANK3                       0001A0  00004E  0001EE       1A0       1  BANK3       1
                bssBANK4                       000220  000021  000241       220       1  BANK4       1
                clrtext                        00081C  000006  000822      1038       0  CODE        2
                text38                         000822  000007  000829      1044       0  CODE        2
                text33                         000829  000009  000832      1052       0  CODE        2
                text22                         000832  000009  00083B      1064       0  CODE        2
                text20                         00083B  000009  000844      1076       0  CODE        2
                text46                         000844  00000C  000850      1088       0  CODE        2
                text26                         000850  00000E  00085E      10A0       0  CODE        2
                text21                         00085E  00000F  00086D      10BC       0  CODE        2
                text19                         00086D  000013  000880      10DA       0  CODE        2
                text42                         000880  000015  000895      1100       0  CODE        2
                text15                         000895  000018  0008AD      112A       0  CODE        2
                text43                         0008AD  00001B  0008C8      115A       0  CODE        2
                text32                         0008C8  00001E  0008E6      1190       0  CODE        2
                text27                         0008E6  00001E  000904      11CC       0  CODE        2
                text17                         000904  00001E  000922      1208       0  CODE        2
                text4                          000922  00001E  000940      1244       0  CODE        2
                text2                          000940  00001E  00095E      1280       0  CODE        2
                text45                         00095E  00001F  00097D      12BC       0  CODE        2
                text1                          00097D  00001F  00099C      12FA       0  CODE        2
                text41                         00099C  000022  0009BE      1338       0  CODE        2
                text13                         0009BE  000029  0009E7      137C       0  CODE        2
                text9                          0009E7  000029  000A10      13CE       0  CODE        2
                text30                         000A10  00002A  000A3A      1420       0  CODE        2
                text12                         000A3A  00002A  000A64      1474       0  CODE        2
                text37                         000A64  00002C  000A90      14C8       0  CODE        2
                text6                          000A90  00002D  000ABD      1520       0  CODE        2
                text23                         000ABD  000032  000AEF      157A       0  CODE        2
                text5                          000AEF  000034  000B23      15DE       0  CODE        2
                text18                         000B23  00003B  000B5E      1646       0  CODE        2
                text35                         000B5E  00003C  000B9A      16BC       0  CODE        2
                text14                         000B9A  00003D  000BD7      1734       0  CODE        2
                text10                         000BD7  000040  000C17      17AE       0  CODE        2
                text28                         000C17  000043  000C5A      182E       0  CODE        2
                text16                         000C5A  000047  000CA1      18B4       0  CODE        2
                text48                         000CA1  00004C  000CED      1942       0  CODE        2
                text29                         000CED  000053  000D40      19DA       0  CODE        2
                text44                         000D40  000065  000DA5      1A80       0  CODE        2
                text8                          000DA5  000086  000E2B      1B4A       0  CODE        2
                text31                         000E2B  000087  000EB2      1C56       0  CODE        2
                text36                         000EB2  0000A5  000F57      1D64       0  CODE        2
                text39                         000F57  0000A9  001000      1EAE       0  CODE        2
                stringtext1                    001000  000054  001054      2000       0  STRCODE     2
                stack                          002161  00028F  0023F0      2161       2  STACK       1
                config                         008007  000004  00800B     1000E       0  CONFIG      2


UNUSED ADDRESS RANGES

        Name                Unused          Largest block    Delta
        BANK0            00069-0006F               7           1
        BANK1            000EA-000EF               6           1
        BANK10           00520-0056F              50           1
        BANK11           005A0-005EF              50           1
        BANK12           00620-0064F              30           1
        BANK2            0016E-0016F               2           1
        BANK3            001EE-001EF               2           1
        BANK4            00241-0026F              2F           1
        BANK5            002A0-002EF              50           1
        BANK6            00320-0036F              50           1
        BANK7            003A0-003EF              50           1
        BANK8            00420-0046F              50           1
        BANK9            004A0-004EF              50           1
        BIGRAM           02000-023EF             3F0           1
        CODE             00002-00003               2           2
                         007FF-0081B               1
                         01054-01FFF             7AC
        CONST            00002-00003               2           2
                         007FF-0081B               1
                         01054-01FFF             100
        EEDATA           0F000-0F0FF             100           2
        ENTRY            00002-00003               2           2
                         007FF-0081B               1
                         01054-01FFF             100
        IDLOC            08000-08003               4           2
        RAM              00069-0006F               7           1
                         000EA-000EF               6
                         0016E-0016F               2
                         001EE-001EF               2
                         00241-0026F              2F
                         002A0-002EF              50
                         00320-0036F              50
                         003A0-003EF              50
                         00420-0046F              50
                         004A0-004EF              50
                         00520-0056F              50
                         005A0-005EF              50
                         00620-0064F              30
        SFR0             00000-0001F              20           1
        SFR1             00080-0009F              20           1
        SFR10            00500-0051F              20           1
        SFR11            00580-0059F              20           1
        SFR12            00600-0061F              20           1
        SFR13            00680-006EF              70           1
        SFR14            00700-0076F              70           1
        SFR15            00780-007EF              70           1
        SFR16            00800-0086F              70           1
        SFR17            00880-008EF              70           1
        SFR18            00900-0096F              70           1
        SFR19            00980-009EF              70           1
        SFR2             00100-0011F              20           1
        SFR20            00A00-00A6F              70           1
        SFR21            00A80-00AEF              70           1
        SFR22            00B00-00B6F              70           1
        SFR23            00B80-00BEF              70           1
        SFR24            00C00-00C6F              70           1
        SFR25            00C80-00CEF              70           1
        SFR26            00D00-00D6F              70           1
        SFR27            00D80-00DEF              70           1
        SFR28            00E00-00E6F              70           1
        SFR29            00E80-00EEF              70           1
        SFR3             00180-0019F              20           1
        SFR30            00F00-00F6F              70           1
        SFR31            00F80-00FEF              70           1
        SFR4             00200-0021F              20           1
        SFR5             00280-0029F              20           1
        SFR6             00300-0031F              20           1
        SFR7             00380-0039F              20           1
        SFR8             00400-0041F              20           1
        SFR9             00480-0049F              20           1
        STRCODE          00002-00003               2           2
                         007FF-0081B              1D
                         01054-01FFF             FAC
        STRING           00002-00003               2           2
                         007FF-0081B               1
                         01054-01FFF             100

                                  Symbol Table

?___awtoft                      cstackCOMMON 00070
?___ftadd                       cstackBANK0  0002C
?___ftdiv                       cstackBANK0  00036
?___ftmul                       cstackBANK0  0004C
?___ftneg                       cstackBANK0  0004C
?___ftpack                      cstackBANK0  00027
?___ftsub                       cstackBANK0  00036
?___fttol                       cstackBANK0  00058
?___lbtoft                      cstackCOMMON 00070
?___lldiv                       cstackBANK0  00027
?___llmod                       cstackBANK0  00034
?___lltoft                      cstackCOMMON 00070
?___lwmod                       cstackCOMMON 00070
?___lwtoft                      cstackCOMMON 00070
?___wmul                        cstackCOMMON 00070
?_getADCValue                   cstackBANK0  00043
?_sprintf                       cstackBANK0  0003C
EEPROMRead@address              cstackCOMMON 00070
EEPROMWrite@GIEBitValue         cstackCOMMON 00073
EEPROMWrite@address             cstackCOMMON 00070
EEPROMWrite@data                cstackCOMMON 00072
_ADCON0bits                     (abs)        0009D
_ADCON1bits                     (abs)        0009E
_ADRESH                         (abs)        0009C
_ADRESL                         (abs)        0009B
_ANSELA                         (abs)        0018C
_ANSELAbits                     (abs)        0018C
_ANSELC                         (abs)        0018E
_ANSELCbits                     (abs)        0018E
_EEPROMRead                     text46       00844
_EEPROMWrite                    text45       0095E
_FVRCONbits                     (abs)        00117
_INLVLA                         (abs)        0038C
_INLVLC                         (abs)        0038E
_INTCONbits                     (abs)        0000B
_IOCAPbits                      (abs)        00391
_ISR                            intentry     00004
_NVMADRH                        (abs)        00892
_NVMADRL                        (abs)        00891
_NVMCON1bits                    (abs)        00895
_NVMCON2                        (abs)        00896
_NVMDATL                        (abs)        00893
_ODCONA                         (abs)        0028C
_ODCONAbits                     (abs)        0028C
_ODCONC                         (abs)        0028E
_OSCCON1bits                    (abs)        00919
_PIE0bits                       (abs)        00090
_PIE1bits                       (abs)        00091
_PIR0bits                       (abs)        00010
_PIR1bits                       (abs)        00011
_PORTAbits                      (abs)        0000C
_PORTCbits                      (abs)        0000E
_RC0PPSbits                     (abs)        00EA0
_RC1PPSbits                     (abs)        00EA1
_RC2PPSbits                     (abs)        00EA2
_RXPacket                       bssBANK2     0014D
_SSP1BUF                        (abs)        00211
_SSP1CON1bits                   (abs)        00215
_SSP1STATbits                   (abs)        00214
_STATUSbits                     (abs)        00003
_T1CONbits                      (abs)        0001B
_T1GCONbits                     (abs)        0001C
_TMR1H                          (abs)        0001A
_TMR1L                          (abs)        00019
_TRISAbits                      (abs)        0008C
_TRISCbits                      (abs)        0008E
_TXPacket                       bssBANK3     001A0
_WDTCONbits                     (abs)        00097
_WPUA                           (abs)        0020C
_WPUAbits                       (abs)        0020C
_WPUC                           (abs)        0020E
__CFG_BOREN$OFF                 (abs)        00000
__CFG_BORV$LOW                  (abs)        00000
__CFG_CLKOUTEN$OFF              (abs)        00000
__CFG_CP$OFF                    (abs)        00000
__CFG_CPD$OFF                   (abs)        00000
__CFG_CSWEN$ON                  (abs)        00000
__CFG_DEBUG$OFF                 (abs)        00000
__CFG_FCMEN$ON                  (abs)        00000
__CFG_FEXTOSC$OFF               (abs)        00000
__CFG_LPBOREN$OFF               (abs)        00000
__CFG_LVP$ON                    (abs)        00000
__CFG_MCLRE$ON                  (abs)        00000
__CFG_PPS1WAY$ON                (abs)        00000
__CFG_PWRTE$ON                  (abs)        00000
__CFG_RSTOSC$HFINT32            (abs)        00000
__CFG_STVREN$ON                 (abs)        00000
__CFG_WDTE$ON                   (abs)        00000
__CFG_WRT$OFF                   (abs)        00000
__Habs1                         abs1         00000
__Hbank0                        bank0        00000
__Hbank1                        bank1        00000
__Hbank10                       bank10       00000
__Hbank11                       bank11       00000
__Hbank12                       bank12       00000
__Hbank13                       bank13       00000
__Hbank14                       bank14       00000
__Hbank15                       bank15       00000
__Hbank16                       bank16       00000
__Hbank17                       bank17       00000
__Hbank18                       bank18       00000
__Hbank19                       bank19       00000
__Hbank2                        bank2        00000
__Hbank20                       bank20       00000
__Hbank21                       bank21       00000
__Hbank22                       bank22       00000
__Hbank23                       bank23       00000
__Hbank24                       bank24       00000
__Hbank25                       bank25       00000
__Hbank26                       bank26       00000
__Hbank27                       bank27       00000
__Hbank28                       bank28       00000
__Hbank29                       bank29       00000
__Hbank3                        bank3        00000
__Hbank30                       bank30       00000
__Hbank31                       bank31       00000
__Hbank4                        bank4        00000
__Hbank5                        bank5        00000
__Hbank6                        bank6        00000
__Hbank7                        bank7        00000
__Hbank8                        bank8        00000
__Hbank9                        bank9        00000
__Hbigram                       bigram       00000
__HbssBANK0                     bssBANK0     00000
__HbssBANK1                     bssBANK1     00000
__HbssBANK2                     bssBANK2     00000
__HbssBANK3                     bssBANK3     00000
__HbssBANK4                     bssBANK4     00000
__Hcinit                        cinit        00062
__Hclrtext                      clrtext      00000
__Hcode                         code         00000
__Hcommon                       common       00000
__Hconfig                       config       0800B
__HcstackBANK0                  cstackBANK0  00000
__HcstackBANK1                  cstackBANK1  00000
__HcstackBANK2                  cstackBANK2  00000
__HcstackCOMMON                 cstackCOMMON 00000
__HdataBANK1                    dataBANK1    00000
__Heeprom_data                  eeprom_data  00000
__Hend_init                     end_init     0002F
__Hfunctab                      functab      00000
__HidataBANK1                   idataBANK1   00000
__Hidloc                        idloc        00000
__Hinit                         init         0002D
__Hintentry                     intentry     0002D
__Hmaintext                     maintext     00000
__Hpowerup                      powerup      00000
__Hram                          ram          00000
__Hreset_vec                    reset_vec    00002
__Hsfr0                         sfr0         00000
__Hsfr1                         sfr1         00000
__Hsfr10                        sfr10        00000
__Hsfr11                        sfr11        00000
__Hsfr12                        sfr12        00000
__Hsfr13                        sfr13        00000
__Hsfr14                        sfr14        00000
__Hsfr15                        sfr15        00000
__Hsfr16                        sfr16        00000
__Hsfr17                        sfr17        00000
__Hsfr18                        sfr18        00000
__Hsfr19                        sfr19        00000
__Hsfr2                         sfr2         00000
__Hsfr20                        sfr20        00000
__Hsfr21                        sfr21        00000
__Hsfr22                        sfr22        00000
__Hsfr23                        sfr23        00000
__Hsfr24                        sfr24        00000
__Hsfr25                        sfr25        00000
__Hsfr26                        sfr26        00000
__Hsfr27                        sfr27        00000
__Hsfr28                        sfr28        00000
__Hsfr29                        sfr29        00000
__Hsfr3                         sfr3         00000
__Hsfr30                        sfr30        00000
__Hsfr31                        sfr31        00000
__Hsfr4                         sfr4         00000
__Hsfr5                         sfr5         00000
__Hsfr6                         sfr6         00000
__Hsfr7                         sfr7         00000
__Hsfr8                         sfr8         00000
__Hsfr9                         sfr9         00000
__Hspace_0                      (abs)        0800B
__Hspace_1                      (abs)        00241
__Hspace_2                      (abs)        023F0
__Hspace_3                      (abs)        00000
__Hstack                        stack        023F0
__Hstrings                      strings      00000
__Hstringtext1                  stringtext1  00000
__Hstringtext10                 stringtext10 00000
__Hstringtext2                  stringtext2  00000
__Hstringtext3                  stringtext3  00000
__Hstringtext4                  stringtext4  00000
__Hstringtext5                  stringtext5  00000
__Hstringtext6                  stringtext6  00000
__Hstringtext7                  stringtext7  00000
__Hstringtext8                  stringtext8  00000
__Hstringtext9                  stringtext9  00000
__Htext                         text         00000
__Labs1                         abs1         00000
__Lbank0                        bank0        00000
__Lbank1                        bank1        00000
__Lbank10                       bank10       00000
__Lbank11                       bank11       00000
__Lbank12                       bank12       00000
__Lbank13                       bank13       00000
__Lbank14                       bank14       00000
__Lbank15                       bank15       00000
__Lbank16                       bank16       00000
__Lbank17                       bank17       00000
__Lbank18                       bank18       00000
__Lbank19                       bank19       00000
__Lbank2                        bank2        00000
__Lbank20                       bank20       00000
__Lbank21                       bank21       00000
__Lbank22                       bank22       00000
__Lbank23                       bank23       00000
__Lbank24                       bank24       00000
__Lbank25                       bank25       00000
__Lbank26                       bank26       00000
__Lbank27                       bank27       00000
__Lbank28                       bank28       00000
__Lbank29                       bank29       00000
__Lbank3                        bank3        00000
__Lbank30                       bank30       00000
__Lbank31                       bank31       00000
__Lbank4                        bank4        00000
__Lbank5                        bank5        00000
__Lbank6                        bank6        00000
__Lbank7                        bank7        00000
__Lbank8                        bank8        00000
__Lbank9                        bank9        00000
__Lbigram                       bigram       00000
__LbssBANK0                     bssBANK0     00000
__LbssBANK1                     bssBANK1     00000
__LbssBANK2                     bssBANK2     00000
__LbssBANK3                     bssBANK3     00000
__LbssBANK4                     bssBANK4     00000
__Lcinit                        cinit        0002F
__Lclrtext                      clrtext      00000
__Lcode                         code         00000
__Lcommon                       common       00000
__Lconfig                       config       08007
__LcstackBANK0                  cstackBANK0  00000
__LcstackBANK1                  cstackBANK1  00000
__LcstackBANK2                  cstackBANK2  00000
__LcstackCOMMON                 cstackCOMMON 00000
__LdataBANK1                    dataBANK1    00000
__Leeprom_data                  eeprom_data  00000
__Lend_init                     end_init     0002D
__Lfunctab                      functab      00000
__LidataBANK1                   idataBANK1   00000
__Lidloc                        idloc        00000
__Linit                         init         0002D
__Lintentry                     intentry     00004
__Lmaintext                     maintext     00000
__Lpowerup                      powerup      00000
__Lram                          ram          00000
__Lreset_vec                    reset_vec    00000
__Lsfr0                         sfr0         00000
__Lsfr1                         sfr1         00000
__Lsfr10                        sfr10        00000
__Lsfr11                        sfr11        00000
__Lsfr12                        sfr12        00000
__Lsfr13                        sfr13        00000
__Lsfr14                        sfr14        00000
__Lsfr15                        sfr15        00000
__Lsfr16                        sfr16        00000
__Lsfr17                        sfr17        00000
__Lsfr18                        sfr18        00000
__Lsfr19                        sfr19        00000
__Lsfr2                         sfr2         00000
__Lsfr20                        sfr20        00000
__Lsfr21                        sfr21        00000
__Lsfr22                        sfr22        00000
__Lsfr23                        sfr23        00000
__Lsfr24                        sfr24        00000
__Lsfr25                        sfr25        00000
__Lsfr26                        sfr26        00000
__Lsfr27                        sfr27        00000
__Lsfr28                        sfr28        00000
__Lsfr29                        sfr29        00000
__Lsfr3                         sfr3         00000
__Lsfr30                        sfr30        00000
__Lsfr31                        sfr31        00000
__Lsfr4                         sfr4         00000
__Lsfr5                         sfr5         00000
__Lsfr6                         sfr6         00000
__Lsfr7                         sfr7         00000
__Lsfr8                         sfr8         00000
__Lsfr9                         sfr9         00000
__Lspace_0                      (abs)        00000
__Lspace_1                      (abs)        00000
__Lspace_2                      (abs)        00000
__Lspace_3                      (abs)        00000
__Lstack                        stack        02161
__Lstrings                      strings      00000
__Lstringtext1                  stringtext1  00000
__Lstringtext10                 stringtext10 00000
__Lstringtext2                  stringtext2  00000
__Lstringtext3                  stringtext3  00000
__Lstringtext4                  stringtext4  00000
__Lstringtext5                  stringtext5  00000
__Lstringtext6                  stringtext6  00000
__Lstringtext7                  stringtext7  00000
__Lstringtext8                  stringtext8  00000
__Lstringtext9                  stringtext9  00000
__Ltext                         text         00000
__S0                            (abs)        0800B
__S1                            (abs)        00241
__S2                            (abs)        023F0
__S3                            (abs)        00000
___awtoft                       text41       0099C
___awtoft@c                     cstackCOMMON 00070
___awtoft@sign                  cstackCOMMON 00073
___bmul                         text15       00895
___ftadd                        text40       00333
___ftadd@exp1                   cstackBANK0  00035
___ftadd@exp2                   cstackBANK0  00034
___ftadd@f1                     cstackBANK0  0002C
___ftadd@f2                     cstackBANK0  0002F
___ftadd@sign                   cstackBANK0  00033
___ftdiv                        text39       00F57
___ftdiv@cntr                   cstackBANK0  0003D
___ftdiv@exp                    cstackBANK0  00041
___ftdiv@f1                     cstackBANK0  00039
___ftdiv@f2                     cstackBANK0  00036
___ftdiv@f3                     cstackBANK0  0003E
___ftdiv@sign                   cstackBANK0  00042
___ftge                         text35       00B5E
___ftge@ff1                     cstackBANK0  00027
___ftge@ff2                     cstackBANK0  0002A
___ftmul                        text34       006B5
___ftmul@cntr                   cstackBANK0  00056
___ftmul@exp                    cstackBANK0  00052
___ftmul@f1                     cstackBANK0  0004C
___ftmul@f2                     cstackBANK0  0004F
___ftmul@f3_as_product          cstackBANK0  00053
___ftmul@sign                   cstackBANK0  00057
___ftneg                        text33       00829
___ftneg@f1                     cstackBANK0  0004C
___ftpack                       text44       00D40
___ftpack@arg                   cstackBANK0  00027
___ftpack@exp                   cstackBANK0  0002A
___ftpack@sign                  cstackBANK0  0002B
___ftsub                        text32       008C8
___ftsub@f1                     cstackBANK0  00039
___ftsub@f2                     cstackBANK0  00036
___fttol                        text31       00E2B
___fttol@exp1                   cstackBANK0  00061
___fttol@f1                     cstackBANK0  00058
___fttol@lval                   cstackBANK0  0005D
___fttol@sign1                  cstackBANK0  0005C
___int_sp                       stack        022A9
___latbits                      (abs)        00002
___lbtoft                       text43       008AD
___lbtoft@c                     cstackBANK0  0002C
___lldiv                        text29       00CED
___lldiv@counter                cstackBANK0  00033
___lldiv@dividend               cstackBANK0  0002B
___lldiv@divisor                cstackBANK0  00027
___lldiv@quotient               cstackBANK0  0002F
___llmod                        text28       00C17
___llmod@counter                cstackCOMMON 00070
___llmod@dividend               cstackBANK0  00038
___llmod@divisor                cstackBANK0  00034
___lltoft                       text30       00A10
___lltoft@c                     cstackCOMMON 00070
___lltoft@exp                   cstackBANK0  0002C
___lwmod                        text6        00A90
___lwmod@counter                cstackBANK0  00027
___lwmod@dividend               cstackCOMMON 00072
___lwmod@divisor                cstackCOMMON 00070
___lwtoft                       text42       00880
___lwtoft@c                     cstackCOMMON 00070
___sp                           stack        02161
___wmul                         text27       008E6
___wmul@multiplicand            cstackCOMMON 00072
___wmul@multiplier              cstackCOMMON 00070
___wmul@product                 cstackBANK0  00027
__end_of_EEPROMRead             text46       00850
__end_of_EEPROMWrite            text45       0097D
__end_of_ISR                    intentry     0002D
__end_of___awtoft               text41       009BE
__end_of___bmul                 text15       008AD
__end_of___ftadd                text40       00429
__end_of___ftdiv                text39       01000
__end_of___ftge                 text35       00B9A
__end_of___ftmul                text34       00769
__end_of___ftneg                text33       00832
__end_of___ftpack               text44       00DA5
__end_of___ftsub                text32       008E6
__end_of___fttol                text31       00EB2
__end_of___lbtoft               text43       008C8
__end_of___lldiv                text29       00D40
__end_of___llmod                text28       00C5A
__end_of___lltoft               text30       00A3A
__end_of___lwmod                text6        00ABD
__end_of___lwtoft               text42       00895
__end_of___wmul                 text27       00904
__end_of__initialization        cinit        0005B
__end_of_dpowers                stringtext1  01028
__end_of_ftoa                   text24       005FC
__end_of_getADCValue            text36       00F57
__end_of_isdigit                text26       0085E
__end_of_loop                   text7        00515
__end_of_main                   maintext     007FE
__end_of_memset                 text23       00AEF
__end_of_n_ADDRESS_MUL          stringtext3  01029
__end_of_n_ADDRESS_P0           stringtext2  0103F
__end_of_nrf24l01GetPipe        text5        00B23
__end_of_nrf24l01ISR            text48       00CED
__end_of_nrf24l01Init           text1        0099C
__end_of_nrf24l01InitRegisters  text3        00333
__end_of_nrf24l01InterfaceInit  text2        0095E
__end_of_nrf24l01SPIEnd         text22       0083B
__end_of_nrf24l01SPISend        text21       0086D
__end_of_nrf24l01SPIStart       text20       00844
__end_of_nrf24l01Send           text19       00880
__end_of_nrf24l01SendPacket     text10       00C17
__end_of_nrf24l01SendTXBuffer   text16       00CA1
__end_of_nrf24l01Service        text11       006B5
__end_of_nrf24l01SetRXMode      text18       00B5E
__end_of_nrf24l01SetRXPipe      text4        00940
__end_of_nrf24l01SetTXPipe      text14       00BD7
__end_of_resetWDT               text38       00829
__end_of_sendMessage            text8        00E2B
__end_of_sleepMs                text37       00A90
__end_of_sprintf                text25       0022F
__end_of_strcat                 text9        00A10
__end_of_strcmp                 text13       009E7
__end_of_strcpy                 text12       00A64
__end_of_strlen                 text17       00922
__initialization                cinit        0002F
__pbssBANK0                     bssBANK0     00062
__pbssBANK1                     bssBANK1     000DF
__pbssBANK2                     bssBANK2     0014D
__pbssBANK3                     bssBANK3     001A0
__pbssBANK4                     bssBANK4     00220
__pcstackBANK0                  cstackBANK0  00020
__pcstackBANK1                  cstackBANK1  000A0
__pcstackBANK2                  cstackBANK2  00120
__pcstackCOMMON                 cstackCOMMON 00070
__pdataBANK1                    dataBANK1    000E9
__pidataBANK1                   idataBANK1   007FE
__pintentry                     intentry     00004
__pmaintext                     maintext     00769
__pstringtext1                  stringtext1  01000
__pstringtext10                 stringtext10 00000
__pstringtext2                  stringtext2  0103A
__pstringtext3                  stringtext3  01028
__pstringtext4                  stringtext4  01034
__pstringtext5                  stringtext5  0103F
__pstringtext6                  stringtext6  01044
__pstringtext7                  stringtext7  01049
__pstringtext8                  stringtext8  0104E
__pstringtext9                  stringtext9  01052
__ptext1                        text1        0097D
__ptext10                       text10       00BD7
__ptext11                       text11       005FC
__ptext12                       text12       00A3A
__ptext13                       text13       009BE
__ptext14                       text14       00B9A
__ptext15                       text15       00895
__ptext16                       text16       00C5A
__ptext17                       text17       00904
__ptext18                       text18       00B23
__ptext19                       text19       0086D
__ptext2                        text2        00940
__ptext20                       text20       0083B
__ptext21                       text21       0085E
__ptext22                       text22       00832
__ptext23                       text23       00ABD
__ptext24                       text24       00515
__ptext25                       text25       00062
__ptext26                       text26       00850
__ptext27                       text27       008E6
__ptext28                       text28       00C17
__ptext29                       text29       00CED
__ptext3                        text3        0022F
__ptext30                       text30       00A10
__ptext31                       text31       00E2B
__ptext32                       text32       008C8
__ptext33                       text33       00829
__ptext34                       text34       006B5
__ptext35                       text35       00B5E
__ptext36                       text36       00EB2
__ptext37                       text37       00A64
__ptext38                       text38       00822
__ptext39                       text39       00F57
__ptext4                        text4        00922
__ptext40                       text40       00333
__ptext41                       text41       0099C
__ptext42                       text42       00880
__ptext43                       text43       008AD
__ptext44                       text44       00D40
__ptext45                       text45       0095E
__ptext46                       text46       00844
__ptext48                       text48       00CA1
__ptext5                        text5        00AEF
__ptext6                        text6        00A90
__ptext7                        text7        00429
__ptext8                        text8        00DA5
__ptext9                        text9        009E7
__size_of_EEPROMRead            (abs)        00000
__size_of_EEPROMWrite           (abs)        00000
__size_of_ISR                   (abs)        00000
__size_of___awtoft              (abs)        00000
__size_of___bmul                (abs)        00000
__size_of___ftadd               (abs)        00000
__size_of___ftdiv               (abs)        00000
__size_of___ftge                (abs)        00000
__size_of___ftmul               (abs)        00000
__size_of___ftneg               (abs)        00000
__size_of___ftpack              (abs)        00000
__size_of___ftsub               (abs)        00000
__size_of___fttol               (abs)        00000
__size_of___lbtoft              (abs)        00000
__size_of___lldiv               (abs)        00000
__size_of___llmod               (abs)        00000
__size_of___lltoft              (abs)        00000
__size_of___lwmod               (abs)        00000
__size_of___lwtoft              (abs)        00000
__size_of___wmul                (abs)        00000
__size_of_ftoa                  (abs)        00000
__size_of_getADCValue           (abs)        00000
__size_of_isdigit               (abs)        00000
__size_of_loop                  (abs)        00000
__size_of_main                  (abs)        00000
__size_of_memset                (abs)        00000
__size_of_nrf24l01GetPipe       (abs)        00000
__size_of_nrf24l01ISR           (abs)        00000
__size_of_nrf24l01Init          (abs)        00000
__size_of_nrf24l01InitRegisters (abs)        00000
__size_of_nrf24l01InterfaceInit (abs)        00000
__size_of_nrf24l01SPIEnd        (abs)        00000
__size_of_nrf24l01SPISend       (abs)        00000
__size_of_nrf24l01SPIStart      (abs)        00000
__size_of_nrf24l01Send          (abs)        00000
__size_of_nrf24l01SendPacket    (abs)        00000
__size_of_nrf24l01SendTXBuffer  (abs)        00000
__size_of_nrf24l01Service       (abs)        00000
__size_of_nrf24l01SetRXMode     (abs)        00000
__size_of_nrf24l01SetRXPipe     (abs)        00000
__size_of_nrf24l01SetTXPipe     (abs)        00000
__size_of_resetWDT              (abs)        00000
__size_of_sendMessage           (abs)        00000
__size_of_sleepMs               (abs)        00000
__size_of_sprintf               (abs)        00000
__size_of_strcat                (abs)        00000
__size_of_strcmp                (abs)        00000
__size_of_strcpy                (abs)        00000
__size_of_strlen                (abs)        00000
_counter                        bssBANK1     000E7
_dpowers                        stringtext1  01000
_ftoa                           text24       00515
_getADCValue                    text36       00EB2
_isdigit                        text26       00850
_isdigit$1998                   cstackCOMMON 00070
_lastTXPacket                   bssBANK0     00068
_loop                           text7        00429
_loop$2253                      cstackBANK2  00126
_loop$2254                      cstackBANK2  00129
_main                           maintext     00769
_memset                         text23       00ABD
_n_ADDRESS_MUL                  stringtext3  01028
_n_ADDRESS_P0                   stringtext2  0103A
_nrf24l01GetPipe                text5        00AEF
_nrf24l01ISR                    text48       00CA1
_nrf24l01Init                   text1        0097D
_nrf24l01InitRegisters          text3        0022F
_nrf24l01InterfaceInit          text2        00940
_nrf24l01SPIEnd                 text22       00832
_nrf24l01SPISend                text21       0085E
_nrf24l01SPIStart               text20       0083B
_nrf24l01Send                   text19       0086D
_nrf24l01SendPacket             text10       00BD7
_nrf24l01SendTXBuffer           text16       00C5A
_nrf24l01Service                text11       005FC
_nrf24l01SetRXMode              text18       00B23
_nrf24l01SetRXPipe              text4        00922
_nrf24l01SetTXPipe              text14       00B9A
_rcount                         bssBANK1     000E1
_resetWDT                       text38       00822
_rloop                          bssBANK1     000E5
_romData                        dataBANK1    000E9
_romDataMap                     bssBANK3     001C1
_sendMessage                    text8        00DA5
_sleepMs                        text37       00A64
_sprintf                        text25       00062
_status                         bssBANK0     00062
_strcat                         text9        009E7
_strcmp                         text13       009BE
_strcpy                         text12       00A3A
_strlen                         text17       00904
_userRXPacket                   bssBANK4     00220
_waiting                        bssBANK0     00067
btemp                           (abs)        00074
clear_ram0                      clrtext      0081C
end_of_initialization           cinit        0005B
ftoa@buf                        bssBANK3     001DD
ftoa@cp                         cstackBANK1  000AC
ftoa@f                          cstackBANK1  000A0
ftoa@l                          cstackBANK1  000A8
ftoa@rem                        cstackBANK1  000A4
ftoa@status                     cstackBANK1  000A3
getADCValue@adcLoop             cstackBANK0  00048
getADCValue@adcSum              cstackBANK0  00049
getADCValue@channel             cstackBANK0  00047
intlevel0                       functab      00000
intlevel1                       functab      00000
intlevel2                       functab      00000
intlevel3                       functab      00000
intlevel4                       functab      00000
intlevel5                       functab      00000
isdigit@c                       cstackCOMMON 00071
loop@packet                     cstackBANK2  0012C
loop@ta                         cstackBANK2  00123
loop@vt                         cstackBANK2  00120
ltemp0                          (abs)        00074
ltemp1                          (abs)        00078
ltemp2                          (abs)        0007C
ltemp3                          (abs)        00076
main@packet                     cstackBANK1  000BE
main@pipe                       cstackBANK1  000BD
nrf24l01GetPipe@i               cstackBANK0  0002B
nrf24l01GetPipe@name            cstackBANK0  0002A
nrf24l01GetPipe@pipe            cstackBANK0  00029
nrf24l01InitRegisters@DynPD     cstackBANK0  0002C
nrf24l01InitRegisters@channel   cstackBANK0  00027
nrf24l01InitRegisters@enAA      cstackBANK0  0002B
nrf24l01InitRegisters@feature   cstackBANK0  00029
nrf24l01InitRegisters@i         cstackBANK0  0002D
nrf24l01InitRegisters@rfSetup   cstackBANK0  0002A
nrf24l01InitRegisters@setupAW   cstackBANK0  00028
nrf24l01SendPacket@loopCount    cstackBANK0  00027
nrf24l01SendPacket@txPacket     cstackCOMMON 00070
nrf24l01SetRXPipe@enRXAddr      cstackCOMMON 00072
nrf24l01SetRXPipe@pipe          cstackCOMMON 00071
reset_vec                       reset_vec    00000
sendMessage@ftoaStatus          cstackBANK1  000BA
sendMessage@packet              cstackBANK1  000B3
sendMessage@topic               cstackBANK1  000B5
sendMessage@value               cstackBANK1  000B7
sleepMs@milliseconds            cstackCOMMON 00070
sleepMs@wdtps                   cstackCOMMON 00073
sprintf@ap                      cstackBANK0  0004B
sprintf@c                       cstackBANK0  00055
sprintf@f                       cstackBANK0  0003C
sprintf@flag                    cstackBANK0  0004A
sprintf@prec                    cstackBANK0  00053
sprintf@sp                      cstackBANK0  00050
sprintf@val                     cstackBANK0  0004C
sprintf@width                   cstackBANK0  00051
stackhi                         (abs)        023EF
stacklo                         (abs)        02161
start                           init         0002D
start_initialization            cinit        0002F
strcat@cp                       cstackBANK1  000B1
strcat@from                     cstackBANK1  000AF
strcat@to                       cstackBANK1  000AD
ttemp0                          (abs)        00074
ttemp1                          (abs)        00077
ttemp2                          (abs)        0007A
ttemp3                          (abs)        0007D
wtemp0                          (abs)        00074
wtemp1                          (abs)        00076
wtemp2                          (abs)        00078
wtemp3                          (abs)        0007A
wtemp4                          (abs)        0007C
wtemp5                          (abs)        0007E


FUNCTION INFORMATION:

 *************** function _main *****************
 Defined at:
		line 173 in file "main.c"
 Parameters:    Size  Location     Type
		None
 Auto vars:     Size  Location     Type
  packet         33   30[BANK1 ] struct .
  pipe            1   29[BANK1 ] unsigned char 
 Return value:  Size  Location     Type
                  1    wreg      void 
 Registers used:
		wreg, fsr0l, fsr0h, fsr1l, fsr1h, status,2, status,0, btemp+0, btemp+1, btemp+8, btemp+9, btemp+10, btemp+11, pclath, cstack
 Tracked objects:
		On entry : 
		On exit  : 
		Unchanged: 
 Data sizes:     COMMON   BANK0   BANK1   BANK2   BANK3   BANK4   BANK5   BANK6   BANK7   BANK8   BANK9  BANK10  BANK11  BANK12
      Params:         0       0       0       0       0       0       0       0       0       0       0       0       0       0
      Locals:         0       0      34       0       0       0       0       0       0       0       0       0       0       0
      Temps:          0       0       1       0       0       0       0       0       0       0       0       0       0       0
      Totals:         0       0      35       0       0       0       0       0       0       0       0       0       0       0
Total ram usage:       35 bytes
 Hardware stack levels required when called:   15
 This function calls:
		_EEPROMRead
		_EEPROMWrite
		___lbtoft
		_loop
		_nrf24l01GetPipe
		_nrf24l01Init
		_nrf24l01SetRXPipe
		_nrf24l01SetTXPipe
		_sendMessage
		_strcpy
 This function is called by:
		Startup code after reset
 This function uses a non-reentrant model


 *************** function _nrf24l01Init *****************
 Defined at:
		line 457 in file "nrf24l01.c"
 Parameters:    Size  Location     Type
		None
 Auto vars:     Size  Location     Type
		None
 Return value:  Size  Location     Type
                  1    wreg      void 
 Registers used:
		wreg, fsr0l, fsr0h, fsr1l, fsr1h, status,2, status,0, btemp+0, btemp+10, btemp+11, pclath, cstack
 Tracked objects:
		On entry : 
		On exit  : 
		Unchanged: 
 Data sizes:     COMMON   BANK0   BANK1   BANK2   BANK3   BANK4   BANK5   BANK6   BANK7   BANK8   BANK9  BANK10  BANK11  BANK12
      Params:         0       0       0       0       0       0       0       0       0       0       0       0       0       0
      Locals:         0       0       0       0       0       0       0       0       0       0       0       0       0       0
      Temps:          0       1       0       0       0       0       0       0       0       0       0       0       0       0
      Totals:         0       1       0       0       0       0       0       0       0       0       0       0       0       0
Total ram usage:        1 bytes
 Hardware stack levels used:    1
 Hardware stack levels required when called:   11
 This function calls:
		_nrf24l01InitRegisters
		_nrf24l01InterfaceInit
 This function is called by:
		_main
 This function uses a non-reentrant model


 *************** function _nrf24l01InterfaceInit *****************
 Defined at:
		line 9 in file "interface.c"
 Parameters:    Size  Location     Type
		None
 Auto vars:     Size  Location     Type
		None
 Return value:  Size  Location     Type
                  1    wreg      void 
 Registers used:
		wreg, status,2, status,0
 Tracked objects:
		On entry : 
		On exit  : 
		Unchanged: 
 Data sizes:     COMMON   BANK0   BANK1   BANK2   BANK3   BANK4   BANK5   BANK6   BANK7   BANK8   BANK9  BANK10  BANK11  BANK12
      Params:         0       0       0       0       0       0       0       0       0       0       0       0       0       0
      Locals:         0       0       0       0       0       0       0       0       0       0       0       0       0       0
      Temps:          0       0       0       0       0       0       0       0       0       0       0       0       0       0
      Totals:         0       0       0       0       0       0       0       0       0       0       0       0       0       0
Total ram usage:        0 bytes
 Hardware stack levels used:    1
 Hardware stack levels required when called:    7
 This function calls:
		Nothing
 This function is called by:
		_nrf24l01Init
 This function uses a non-reentrant model


 *************** function _nrf24l01InitRegisters *****************
 Defined at:
		line 355 in file "nrf24l01.c"
 Parameters:    Size  Location     Type
		None
 Auto vars:     Size  Location     Type
  i               2   13[BANK0 ] unsigned int 
  DynPD           1   12[BANK0 ] struct .
  enAA            1   11[BANK0 ] struct .
  rfSetup         1   10[BANK0 ] struct .
  feature         1    9[BANK0 ] struct .
  setupAW         1    8[BANK0 ] struct .
  channel         1    7[BANK0 ] struct .
 Return value:  Size  Location     Type
                  1    wreg      void 
 Registers used:
		wreg, fsr0l, fsr0h, fsr1l, fsr1h, status,2, status,0, btemp+0, btemp+10, btemp+11, pclath, cstack
 Tracked objects:
		On entry : 
		On exit  : 
		Unchanged: 
 Data sizes:     COMMON   BANK0   BANK1   BANK2   BANK3   BANK4   BANK5   BANK6   BANK7   BANK8   BANK9  BANK10  BANK11  BANK12
      Params:         0       0       0       0       0       0       0       0       0       0       0       0       0       0
      Locals:         0       8       0       0       0       0       0       0       0       0       0       0       0       0
      Temps:          1       0       0       0       0       0       0       0       0       0       0       0       0       0
      Totals:         1       8       0       0       0       0       0       0       0       0       0       0       0       0
Total ram usage:        9 bytes
 Hardware stack levels used:    1
 Hardware stack levels required when called:   10
 This function calls:
		___bmul
		_nrf24l01SPIEnd
		_nrf24l01SPISend
		_nrf24l01SPIStart
		_nrf24l01Send
		_nrf24l01SetRXPipe
		_nrf24l01SetTXPipe
 This function is called by:
		_nrf24l01Init
 This function uses a non-reentrant model


 *************** function _nrf24l01SetRXPipe *****************
 Defined at:
		line 109 in file "nrf24l01.c"
 Parameters:    Size  Location     Type
  pipe            1    wreg     unsigned char 
 Auto vars:     Size  Location     Type
  pipe            1    1[COMMON] unsigned char 
  enRXAddr        1    2[COMMON] struct .
 Return value:  Size  Location     Type
                  1    wreg      void 
 Registers used:
		wreg, fsr1l, fsr1h, status,2, status,0, btemp+11, pclath
 Tracked objects:
		On entry : 
		On exit  : 
		Unchanged: 
 Data sizes:     COMMON   BANK0   BANK1   BANK2   BANK3   BANK4   BANK5   BANK6   BANK7   BANK8   BANK9  BANK10  BANK11  BANK12
      Params:         0       0       0       0       0       0       0       0       0       0       0       0       0       0
      Locals:         2       0       0       0       0       0       0       0       0       0       0       0       0       0
      Temps:          1       0       0       0       0       0       0       0       0       0       0       0       0       0
      Totals:         3       0       0       0       0       0       0       0       0       0       0       0       0       0
Total ram usage:        3 bytes
 Hardware stack levels used:    1
 Hardware stack levels required when called:    9
 This function calls:
		_nrf24l01Send
 This function is called by:
		_main
		_nrf24l01InitRegisters
 This function uses a non-reentrant model


 *************** function _nrf24l01GetPipe *****************
 Defined at:
		line 161 in file "main.c"
 Parameters:    Size  Location     Type
  name            1    wreg     PTR unsigned char 
		 -> romDataMap(28), 
 Auto vars:     Size  Location     Type
  name            1   10[BANK0 ] PTR unsigned char 
		 -> romDataMap(28), 
  i               1   11[BANK0 ] unsigned char 
  pipe            1    9[BANK0 ] unsigned char 
 Return value:  Size  Location     Type
                  1    wreg      unsigned char 
 Registers used:
		wreg, fsr0l, fsr0h, fsr1l, fsr1h, status,2, status,0, btemp+0, btemp+1, btemp+10, btemp+11, pclath, cstack
 Tracked objects:
		On entry : 
		On exit  : 
		Unchanged: 
 Data sizes:     COMMON   BANK0   BANK1   BANK2   BANK3   BANK4   BANK5   BANK6   BANK7   BANK8   BANK9  BANK10  BANK11  BANK12
      Params:         0       0       0       0       0       0       0       0       0       0       0       0       0       0
      Locals:         0       3       0       0       0       0       0       0       0       0       0       0       0       0
      Temps:          0       1       0       0       0       0       0       0       0       0       0       0       0       0
      Totals:         0       4       0       0       0       0       0       0       0       0       0       0       0       0
Total ram usage:        4 bytes
 Hardware stack levels used:    1
 Hardware stack levels required when called:    8
 This function calls:
		___lwmod
		_strlen
 This function is called by:
		_main
 This function uses a non-reentrant model


 *************** function ___lwmod *****************
 Defined at:
		line 5 in file "C:\Program Files (x86)\Microchip\xc8\v2.00\pic\sources\c90\common\lwmod.c"
 Parameters:    Size  Location     Type
  divisor         2    0[COMMON] unsigned int 
  dividend        2    2[COMMON] unsigned int 
 Auto vars:     Size  Location     Type
  counter         1    7[BANK0 ] unsigned char 
 Return value:  Size  Location     Type
                  2    0[COMMON] unsigned int 
 Registers used:
		wreg, status,2, status,0, btemp+11
 Tracked objects:
		On entry : 
		On exit  : 
		Unchanged: 
 Data sizes:     COMMON   BANK0   BANK1   BANK2   BANK3   BANK4   BANK5   BANK6   BANK7   BANK8   BANK9  BANK10  BANK11  BANK12
      Params:         4       0       0       0       0       0       0       0       0       0       0       0       0       0
      Locals:         0       1       0       0       0       0       0       0       0       0       0       0       0       0
      Temps:          0       0       0       0       0       0       0       0       0       0       0       0       0       0
      Totals:         4       1       0       0       0       0       0       0       0       0       0       0       0       0
Total ram usage:        5 bytes
 Hardware stack levels used:    1
 Hardware stack levels required when called:    7
 This function calls:
		Nothing
 This function is called by:
		_nrf24l01GetPipe
 This function uses a non-reentrant model


 *************** function _loop *****************
 Defined at:
		line 107 in file "main.c"
 Parameters:    Size  Location     Type
		None
 Auto vars:     Size  Location     Type
  packet         33   12[BANK2 ] struct .
  ta              3    3[BANK2 ] float 
  vt              3    0[BANK2 ] float 
 Return value:  Size  Location     Type
                  1    wreg      void 
 Registers used:
		wreg, fsr0l, fsr0h, fsr1l, fsr1h, status,2, status,0, btemp+0, btemp+1, btemp+8, btemp+9, btemp+10, btemp+11, pclath, cstack
 Tracked objects:
		On entry : 
		On exit  : 
		Unchanged: 
 Data sizes:     COMMON   BANK0   BANK1   BANK2   BANK3   BANK4   BANK5   BANK6   BANK7   BANK8   BANK9  BANK10  BANK11  BANK12
      Params:         0       0       0       0       0       0       0       0       0       0       0       0       0       0
      Locals:         0       0       0      45       0       0       0       0       0       0       0       0       0       0
      Temps:          0       0       0       0       0       0       0       0       0       0       0       0       0       0
      Totals:         0       0       0      45       0       0       0       0       0       0       0       0       0       0
Total ram usage:       45 bytes
 Hardware stack levels used:    1
 Hardware stack levels required when called:   14
 This function calls:
		___ftadd
		___ftdiv
		___ftmul
		___ftneg
		___lwtoft
		_getADCValue
		_sendMessage
 This function is called by:
		_main
 This function uses a non-reentrant model


 *************** function _sendMessage *****************
 Defined at:
		line 87 in file "main.c"
 Parameters:    Size  Location     Type
  packet          2   19[BANK1 ] PTR struct .
		 -> main@packet(33), loop@packet(33), 
  topic           2   21[BANK1 ] PTR const unsigned char 
		 -> STR_7(5), STR_5(5), STR_4(5), STR_3(6), 
  value           3   23[BANK1 ] float 
 Auto vars:     Size  Location     Type
  ftoaStatus      2   26[BANK1 ] int 
 Return value:  Size  Location     Type
                  1    wreg      void 
 Registers used:
		wreg, fsr0l, fsr0h, fsr1l, fsr1h, status,2, status,0, btemp+0, btemp+1, btemp+8, btemp+9, btemp+10, btemp+11, pclath, cstack
 Tracked objects:
		On entry : 
		On exit  : 
		Unchanged: 
 Data sizes:     COMMON   BANK0   BANK1   BANK2   BANK3   BANK4   BANK5   BANK6   BANK7   BANK8   BANK9  BANK10  BANK11  BANK12
      Params:         0       0       7       0       0       0       0       0       0       0       0       0       0       0
      Locals:         0       0       2       0       0       0       0       0       0       0       0       0       0       0
      Temps:          0       0       0       0       0       0       0       0       0       0       0       0       0       0
      Totals:         0       0       9       0       0       0       0       0       0       0       0       0       0       0
Total ram usage:        9 bytes
 Hardware stack levels used:    1
 Hardware stack levels required when called:   13
 This function calls:
		_ftoa
		_memset
		_nrf24l01SendPacket
		_sleepMs
		_strcat
		_strcpy
 This function is called by:
		_loop
		_main
 This function uses a non-reentrant model


 *************** function _strcat *****************
 Defined at:
		line 8 in file "C:\Program Files (x86)\Microchip\xc8\v2.00\pic\sources\c90\common\strcat.c"
 Parameters:    Size  Location     Type
  to              2   13[BANK1 ] PTR unsigned char 
		 -> main@packet(33), loop@packet(33), 
  from            2   15[BANK1 ] PTR const unsigned char 
		 -> ftoa@buf(17), STR_7(5), STR_5(5), STR_4(5), 
		 -> STR_3(6), STR_2(2), STR_1(2), 
 Auto vars:     Size  Location     Type
  cp              2   17[BANK1 ] PTR unsigned char 
		 -> main@packet(33), loop@packet(33), 
 Return value:  Size  Location     Type
                  2   13[BANK1 ] PTR unsigned char 
 Registers used:
		wreg, fsr0l, fsr0h, status,2, status,0, btemp+11, pclath
 Tracked objects:
		On entry : 
		On exit  : 
		Unchanged: 
 Data sizes:     COMMON   BANK0   BANK1   BANK2   BANK3   BANK4   BANK5   BANK6   BANK7   BANK8   BANK9  BANK10  BANK11  BANK12
      Params:         0       0       4       0       0       0       0       0       0       0       0       0       0       0
      Locals:         0       0       2       0       0       0       0       0       0       0       0       0       0       0
      Temps:          0       0       0       0       0       0       0       0       0       0       0       0       0       0
      Totals:         0       0       6       0       0       0       0       0       0       0       0       0       0       0
Total ram usage:        6 bytes
 Hardware stack levels used:    1
 Hardware stack levels required when called:    7
 This function calls:
		Nothing
 This function is called by:
		_sendMessage
 This function uses a non-reentrant model


 *************** function _nrf24l01SendPacket *****************
 Defined at:
		line 131 in file "nrf24l01.c"
 Parameters:    Size  Location     Type
  txPacket        2    0[COMMON] PTR struct .
		 -> main@packet(33), loop@packet(33), 
 Auto vars:     Size  Location     Type
  loopCount       2    7[BANK0 ] unsigned int 
 Return value:  Size  Location     Type
                  1    wreg      void 
 Registers used:
		wreg, fsr0l, fsr0h, fsr1l, fsr1h, status,2, status,0, btemp+0, btemp+1, btemp+8, btemp+9, btemp+10, btemp+11, pclath
 Tracked objects:
		On entry : 
		On exit  : 
		Unchanged: 
 Data sizes:     COMMON   BANK0   BANK1   BANK2   BANK3   BANK4   BANK5   BANK6   BANK7   BANK8   BANK9  BANK10  BANK11  BANK12
      Params:         2       0       0       0       0       0       0       0       0       0       0       0       0       0
      Locals:         0       2       0       0       0       0       0       0       0       0       0       0       0       0
      Temps:          1       0       0       0       0       0       0       0       0       0       0       0       0       0
      Totals:         3       2       0       0       0       0       0       0       0       0       0       0       0       0
Total ram usage:        5 bytes
 Hardware stack levels used:    1
 Hardware stack levels required when called:   12
 This function calls:
		_nrf24l01Service
		_strcpy
 This function is called by:
		_sendMessage
 This function uses a non-reentrant model


 *************** function _nrf24l01Service *****************
 Defined at:
		line 250 in file "nrf24l01.c"
 Parameters:    Size  Location     Type
		None
 Auto vars:     Size  Location     Type
  width           1  [STACK] unsigned char 
  i               1  [STACK] unsigned char 
[...]


 *************** function ___ftadd *****************
 Defined at:
		line 86 in file "C:\Program Files (x86)\Microchip\xc8\v2.00\pic\sources\c90\common\ftadd.c"
 Parameters:    Size  Location     Type
  f1              3   12[BANK0 ] float 
  f2              3   15[BANK0 ] float 
 Auto vars:     Size  Location     Type
  exp1            1   21[BANK0 ] unsigned char 
  exp2            1   20[BANK0 ] unsigned char 
  sign            1   19[BANK0 ] unsigned char 
 Return value:  Size  Location     Type
                  3   12[BANK0 ] float 
 Registers used:
		wreg, status,2, status,0, btemp+9, btemp+10, btemp+11, pclath, cstack
 Tracked objects:
		On entry : 
		On exit  : 
		Unchanged: 
 Data sizes:     COMMON   BANK0   BANK1   BANK2   BANK3   BANK4   BANK5   BANK6   BANK7   BANK8   BANK9  BANK10  BANK11  BANK12
      Params:         0       6       0       0       0       0       0       0       0       0       0       0       0       0
      Locals:         0       3       0       0       0       0       0       0       0       0       0       0       0       0
      Temps:          0       1       0       0       0       0       0       0       0       0       0       0       0       0
      Totals:         0      10       0       0       0       0       0       0       0       0       0       0       0       0
Total ram usage:       10 bytes
 Hardware stack levels used:    1
 Hardware stack levels required when called:    8
 This function calls:
		___ftpack
 This function is called by:
		_getADCValue
		_loop
		___ftsub
		_hcsr04GetAerage
 This function uses a non-reentrant model


 *************** function ___awtoft *****************
 Defined at:
		line 32 in file "C:\Program Files (x86)\Microchip\xc8\v2.00\pic\sources\c90\common\awtoft.c"
 Parameters:    Size  Location     Type
  c               2    0[COMMON] int 
 Auto vars:     Size  Location     Type
  sign            1    3[COMMON] unsigned char 
 Return value:  Size  Location     Type
                  3    0[COMMON] float 
 Registers used:
		wreg, status,2, status,0, btemp+9, btemp+10, btemp+11, pclath, cstack
 Tracked objects:
		On entry : 
		On exit  : 
		Unchanged: 
 Data sizes:     COMMON   BANK0   BANK1   BANK2   BANK3   BANK4   BANK5   BANK6   BANK7   BANK8   BANK9  BANK10  BANK11  BANK12
      Params:         3       0       0       0       0       0       0       0       0       0       0       0       0       0
      Locals:         1       0       0       0       0       0       0       0       0       0       0       0       0       0
      Temps:          0       0       0       0       0       0       0       0       0       0       0       0       0       0
      Totals:         4       0       0       0       0       0       0       0       0       0       0       0       0       0
Total ram usage:        4 bytes
 Hardware stack levels used:    1
 Hardware stack levels required when called:    8
 This function calls:
		___ftpack
 This function is called by:
		_getADCValue
 This function uses a non-reentrant model


 *************** function ___lwtoft *****************
 Defined at:
		line 28 in file "C:\Program Files (x86)\Microchip\xc8\v2.00\pic\sources\c90\common\lwtoft.c"
 Parameters:    Size  Location     Type
  c               2    0[COMMON] unsigned int 
 Auto vars:     Size  Location     Type
		None
 Return value:  Size  Location     Type
                  3    0[COMMON] float 
 Registers used:
		wreg, status,2, status,0, btemp+9, btemp+10, btemp+11, pclath, cstack
 Tracked objects:
		On entry : 
		On exit  : 
		Unchanged: 
 Data sizes:     COMMON   BANK0   BANK1   BANK2   BANK3   BANK4   BANK5   BANK6   BANK7   BANK8   BANK9  BANK10  BANK11  BANK12
      Params:         3       0       0       0       0       0       0       0       0       0       0       0       0       0
      Locals:         0       0       0       0       0       0       0       0       0       0       0       0       0       0
      Temps:          0       0       0       0       0       0       0       0       0       0       0       0       0       0
      Totals:         3       0       0       0       0       0       0       0       0       0       0       0       0       0
Total ram usage:        3 bytes
 Hardware stack levels used:    1
 Hardware stack levels required when called:    8
 This function calls:
		___ftpack
 This function is called by:
		_loop
		_hcsr04GetAerage
 This function uses a non-reentrant model


 *************** function ___lbtoft *****************
 Defined at:
		line 27 in file "C:\Program Files (x86)\Microchip\xc8\v2.00\pic\sources\c90\common\lbtoft.c"
 Parameters:    Size  Location     Type
  c               1    wreg     unsigned char 
 Auto vars:     Size  Location     Type
  c               1   12[BANK0 ] unsigned char 
 Return value:  Size  Location     Type
                  3    0[COMMON] float 
 Registers used:
		wreg, status,2, status,0, btemp+9, btemp+10, btemp+11, pclath, cstack
 Tracked objects:
		On entry : 
		On exit  : 
		Unchanged: 
 Data sizes:     COMMON   BANK0   BANK1   BANK2   BANK3   BANK4   BANK5   BANK6   BANK7   BANK8   BANK9  BANK10  BANK11  BANK12
      Params:         4       0       0       0       0       0       0       0       0       0       0       0       0       0
      Locals:         0       1       0       0       0       0       0       0       0       0       0       0       0       0
      Temps:          0       0       0       0       0       0       0       0       0       0       0       0       0       0
      Totals:         4       1       0       0       0       0       0       0       0       0       0       0       0       0
Total ram usage:        5 bytes
 Hardware stack levels used:    1
 Hardware stack levels required when called:    8
 This function calls:
		___ftpack
 This function is called by:
		_main
 This function uses a non-reentrant model


 *************** function ___ftpack *****************
 Defined at:
		line 62 in file "C:\Program Files (x86)\Microchip\xc8\v2.00\pic\sources\c90\common\float.c"
 Parameters:    Size  Location     Type
  arg             3    7[BANK0 ] unsigned um
  exp             1   10[BANK0 ] unsigned char 
  sign            1   11[BANK0 ] unsigned char 
 Auto vars:     Size  Location     Type
		None
 Return value:  Size  Location     Type
                  3    7[BANK0 ] float 
 Registers used:
		wreg, status,2, status,0, btemp+9, btemp+10, btemp+11
 Tracked objects:
		On entry : 
		On exit  : 
		Unchanged: 
 Data sizes:     COMMON   BANK0   BANK1   BANK2   BANK3   BANK4   BANK5   BANK6   BANK7   BANK8   BANK9  BANK10  BANK11  BANK12
      Params:         0       5       0       0       0       0       0       0       0       0       0       0       0       0
      Locals:         0       0       0       0       0       0       0       0       0       0       0       0       0       0
      Temps:          0       0       0       0       0       0       0       0       0       0       0       0       0       0
      Totals:         0       5       0       0       0       0       0       0       0       0       0       0       0       0
Total ram usage:        5 bytes
 Hardware stack levels used:    1
 Hardware stack levels required when called:    7
 This function calls:
		Nothing
 This function is called by:
		___awtoft
		___ftadd
		___ftdiv
		___ftmul
		___lbtoft
		___lltoft
		___lwtoft
 This function uses a non-reentrant model


 *************** function _EEPROMWrite *****************
 Defined at:
		line 7 in file "eeprom.c"
 Parameters:    Size  Location     Type
  address         2    0[COMMON] unsigned int 
  data            1    2[COMMON] unsigned char 
 Auto vars:     Size  Location     Type
  GIEBitValue     1    3[COMMON] unsigned char 
 Return value:  Size  Location     Type
                  1    wreg      void 
 Registers used:
		wreg, status,2, status,0
 Tracked objects:
		On entry : 
		On exit  : 
		Unchanged: 
 Data sizes:     COMMON   BANK0   BANK1   BANK2   BANK3   BANK4   BANK5   BANK6   BANK7   BANK8   BANK9  BANK10  BANK11  BANK12
      Params:         3       0       0       0       0       0       0       0       0       0       0       0       0       0
      Locals:         1       0       0       0       0       0       0       0       0       0       0       0       0       0
      Temps:          0       0       0       0       0       0       0       0       0       0       0       0       0       0
      Totals:         4       0       0       0       0       0       0       0       0       0       0       0       0       0
Total ram usage:        4 bytes
 Hardware stack levels used:    1
 Hardware stack levels required when called:    7
 This function calls:
		Nothing
 This function is called by:
		_main
		_exception
 This function uses a non-reentrant model


 *************** function _EEPROMRead *****************
 Defined at:
		line 29 in file "eeprom.c"
 Parameters:    Size  Location     Type
  address         2    0[COMMON] unsigned int 
 Auto vars:     Size  Location     Type
		None
 Return value:  Size  Location     Type
                  1    wreg      unsigned char 
 Registers used:
		wreg, status,2
 Tracked objects:
		On entry : 
		On exit  : 
		Unchanged: 
 Data sizes:     COMMON   BANK0   BANK1   BANK2   BANK3   BANK4   BANK5   BANK6   BANK7   BANK8   BANK9  BANK10  BANK11  BANK12
      Params:         2       0       0       0       0       0       0       0       0       0       0       0       0       0
      Locals:         0       0       0       0       0       0       0       0       0       0       0       0       0       0
      Temps:          0       0       0       0       0       0       0       0       0       0       0       0       0       0
      Totals:         2       0       0       0       0       0       0       0       0       0       0       0       0       0
Total ram usage:        2 bytes
 Hardware stack levels used:    1
 Hardware stack levels required when called:    7
 This function calls:
		Nothing
 This function is called by:
		_main
 This function uses a non-reentrant model


 *************** function _ISR *****************
 Defined at:
		line 13 in file "main.c"
 Parameters:    Size  Location     Type
		None
 Auto vars:     Size  Location     Type
		None
 Return value:  Size  Location     Type
                  1    wreg      void 
 Registers used:
		wreg, fsr0l, fsr0h, fsr1l, fsr1h, status,2, status,0, btemp+0, btemp+1, btemp+8, btemp+9, btemp+10, btemp+11, pclath, cstack
 Tracked objects:
		On entry : 
		On exit  : 
		Unchanged: 
 Data sizes:     COMMON   BANK0   BANK1   BANK2   BANK3   BANK4   BANK5   BANK6   BANK7   BANK8   BANK9  BANK10  BANK11  BANK12
      Params:         0       0       0       0       0       0       0       0       0       0       0       0       0       0
      Locals:         0       0       0       0       0       0       0       0       0       0       0       0       0       0
      Temps:          0       7       0       0       0       0       0       0       0       0       0       0       0       0
      Totals:         0       7       0       0       0       0       0       0       0       0       0       0       0       0
Total ram usage:        7 bytes
 Hardware stack levels used:    1
 Hardware stack levels required when called:    6
 This function calls:
		_nrf24l01ISR
 This function is called by:
		Interrupt level 1
 This function uses a non-reentrant model


 *************** function _nrf24l01ISR *****************
 Defined at:
		line 157 in file "nrf24l01.c"
 Parameters:    Size  Location     Type
		None
 Auto vars:     Size  Location     Type
		None
 Return value:  Size  Location     Type
                  1    wreg      void 
 Registers used:
		wreg, fsr0l, fsr0h, fsr1l, fsr1h, status,2, status,0, btemp+0, btemp+1, btemp+8, btemp+9, btemp+10, btemp+11, pclath
 Tracked objects:
		On entry : 
		On exit  : 
		Unchanged: 
 Data sizes:     COMMON   BANK0   BANK1   BANK2   BANK3   BANK4   BANK5   BANK6   BANK7   BANK8   BANK9  BANK10  BANK11  BANK12
      Params:         0       0       0       0       0       0       0       0       0       0       0       0       0       0
      Locals:         0       0       0       0       0       0       0       0       0       0       0       0       0       0
      Temps:          0       0       0       0       0       0       0       0       0       0       0       0       0       0
      Totals:         0       0       0       0       0       0       0       0       0       0       0       0       0       0
Total ram usage:        0 bytes
 Hardware stack levels used:    1
 Hardware stack levels required when called:    5
 This function calls:
		_nrf24l01Send
		_nrf24l01Service
		_nrf24l01SetRXMode
 This function is called by:
		_ISR
 This function uses a non-reentrant model



MODULE INFORMATION

Module		Function		Class		Link	Load	Size
C:\Program Files (x86)\Microchip\xc8\v2.00\pic\sources\c90\common\ftneg.c
		___ftneg       		CODE           	0829	0000	10

C:\Program Files (x86)\Microchip\xc8\v2.00\pic\sources\c90\common\ftneg.c estimated size: 10

C:\Program Files (x86)\Microchip\xc8\v2.00\pic\sources\c90\common\ftsub.c
		___ftsub       		CODE           	08C8	0000	31

C:\Program Files (x86)\Microchip\xc8\v2.00\pic\sources\c90\common\ftsub.c estimated size: 31

C:\Program Files (x86)\Microchip\xc8\v2.00\pic\sources\c90\common\float.c
		___ftpack      		CODE           	0D40	0000	102

C:\Program Files (x86)\Microchip\xc8\v2.00\pic\sources\c90\common\float.c estimated size: 102

C:\Program Files (x86)\Microchip\xc8\v2.00\pic\sources\c90\common\lwmod.c
		___lwmod       		CODE           	0A90	0000	46

C:\Program Files (x86)\Microchip\xc8\v2.00\pic\sources\c90\common\lwmod.c estimated size: 46

C:\Program Files (x86)\Microchip\xc8\v2.00\pic\sources\c90\common\doprnt.c
		_sprintf       		CODE           	0062	0000	462

C:\Program Files (x86)\Microchip\xc8\v2.00\pic\sources\c90\common\doprnt.c estimated size: 462

C:\Program Files (x86)\Microchip\xc8\v2.00\pic\sources\c90\common\llmod.c
		___llmod       		CODE           	0C17	0000	68

C:\Program Files (x86)\Microchip\xc8\v2.00\pic\sources\c90\common\llmod.c estimated size: 68

C:\Program Files (x86)\Microchip\xc8\v2.00\pic\sources\c90\common\Umul16.c
		___wmul        		CODE           	08E6	0000	31

C:\Program Files (x86)\Microchip\xc8\v2.00\pic\sources\c90\common\Umul16.c estimated size: 31

C:\Program Files (x86)\Microchip\xc8\v2.00\pic\sources\c90\common\ftmul.c
		___ftmul       		CODE           	06B5	0000	181

C:\Program Files (x86)\Microchip\xc8\v2.00\pic\sources\c90\common\ftmul.c estimated size: 181

C:\Program Files (x86)\Microchip\xc8\v2.00\pic\sources\c90\common\ftdiv.c
		___ftdiv       		CODE           	0F57	0000	170

C:\Program Files (x86)\Microchip\xc8\v2.00\pic\sources\c90\common\ftdiv.c estimated size: 170

C:\Program Files (x86)\Microchip\xc8\v2.00\pic\sources\c90\common\__lldiv.c
		___lldiv       		CODE           	0CED	0000	84

C:\Program Files (x86)\Microchip\xc8\v2.00\pic\sources\c90\common\__lldiv.c estimated size: 84

eeprom.c
		_EEPROMRead    		CODE           	0844	0000	13
		_EEPROMWrite   		CODE           	095E	0000	32

eeprom.c estimated size: 45

C:\Program Files (x86)\Microchip\xc8\v2.00\pic\sources\c90\common\ftoa.c
		_ftoa          		CODE           	0515	0000	232

C:\Program Files (x86)\Microchip\xc8\v2.00\pic\sources\c90\common\ftoa.c estimated size: 232

C:\Program Files (x86)\Microchip\xc8\v2.00\pic\sources\c90\common\isdigit.c
		_isdigit       		CODE           	0850	0000	15

C:\Program Files (x86)\Microchip\xc8\v2.00\pic\sources\c90\common\isdigit.c estimated size: 15

C:\Program Files (x86)\Microchip\xc8\v2.00\pic\sources\c90\common\strcat.c
		_strcat        		CODE           	09E7	0000	42

C:\Program Files (x86)\Microchip\xc8\v2.00\pic\sources\c90\common\strcat.c estimated size: 42

C:\Program Files (x86)\Microchip\xc8\v2.00\pic\sources\c90\common\Umul8.c
		___bmul        		CODE           	0895	0000	25

C:\Program Files (x86)\Microchip\xc8\v2.00\pic\sources\c90\common\Umul8.c estimated size: 25

shared
		_dpowers       		STRCODE        	1000	0000	41
		_n_ADDRESS_P0  		STRCODE        	103A	0000	6
		_n_ADDRESS_MUL 		STRCODE        	1028	0000	2
		__initialization		CODE           	002F	0000	45

shared estimated size: 94

interface.c
		_nrf24l01SPISend		CODE           	085E	0000	16
		_sleepMs       		CODE           	0A64	0000	45
		_nrf24l01SPIStart		CODE           	083B	0000	10
		_resetWDT      		CODE           	0822	0000	8
		_nrf24l01SPIEnd		CODE           	0832	0000	10
		_nrf24l01InterfaceInit		CODE           	0940	0000	31

interface.c estimated size: 120

C:\Program Files (x86)\Microchip\xc8\v2.00\pic\sources\c90\common\fttol.c
		___fttol       		CODE           	0E2B	0000	136

C:\Program Files (x86)\Microchip\xc8\v2.00\pic\sources\c90\common\fttol.c estimated size: 136

C:\Program Files (x86)\Microchip\xc8\v2.00\pic\sources\c90\common\strlen.c
		_strlen        		CODE           	0904	0000	31

C:\Program Files (x86)\Microchip\xc8\v2.00\pic\sources\c90\common\strlen.c estimated size: 31

C:\Program Files (x86)\Microchip\xc8\v2.00\pic\sources\c90\common\ftge.c
		___ftge        		CODE           	0B5E	0000	61

C:\Program Files (x86)\Microchip\xc8\v2.00\pic\sources\c90\common\ftge.c estimated size: 61

C:\Program Files (x86)\Microchip\xc8\v2.00\pic\sources\c90\common\ftadd.c
		___ftadd       		CODE           	0333	0000	247

C:\Program Files (x86)\Microchip\xc8\v2.00\pic\sources\c90\common\ftadd.c estimated size: 247

C:\Program Files (x86)\Microchip\xc8\v2.00\pic\sources\c90\common\strcmp.c
		_strcmp        		CODE           	09BE	0000	42

C:\Program Files (x86)\Microchip\xc8\v2.00\pic\sources\c90\common\strcmp.c estimated size: 42

C:\Program Files (x86)\Microchip\xc8\v2.00\pic\sources\c90\common\awtoft.c
		___awtoft      		CODE           	099C	0000	35

C:\Program Files (x86)\Microchip\xc8\v2.00\pic\sources\c90\common\awtoft.c estimated size: 35

C:\Program Files (x86)\Microchip\xc8\v2.00\pic\sources\c90\common\strcpy.c
		_strcpy        		CODE           	0A3A	0000	43

C:\Program Files (x86)\Microchip\xc8\v2.00\pic\sources\c90\common\strcpy.c estimated size: 43

nrf24l01.c
		_nrf24l01Service		CODE           	05FC	0000	186
		_nrf24l01SendPacket		CODE           	0BD7	0000	65
		_nrf24l01InitRegisters		CODE           	022F	0000	261
		_nrf24l01ISR   		CODE           	0CA1	0000	77
		_nrf24l01Send  		CODE           	086D	0000	20
		_nrf24l01Init  		CODE           	097D	0000	32
		_nrf24l01SetRXMode		CODE           	0B23	0000	60
		_nrf24l01SetRXPipe		CODE           	0922	0000	31
		_nrf24l01SetTXPipe		CODE           	0B9A	0000	62
		_nrf24l01SendTXBuffer		CODE           	0C5A	0000	72

nrf24l01.c estimated size: 866

C:\Program Files (x86)\Microchip\xc8\v2.00\pic\sources\c90\common\lbtoft.c
		___lbtoft      		CODE           	08AD	0000	28

C:\Program Files (x86)\Microchip\xc8\v2.00\pic\sources\c90\common\lbtoft.c estimated size: 28

C:\Program Files (x86)\Microchip\xc8\v2.00\pic\sources\c90\common\memset.c
		_memset        		CODE           	0ABD	0000	51

C:\Program Files (x86)\Microchip\xc8\v2.00\pic\sources\c90\common\memset.c estimated size: 51

main.c
		_loop          		CODE           	0429	0000	237
		_nrf24l01GetPipe		CODE           	0AEF	0000	53
		_ISR           		CODE           	0004	0000	42
		_main          		CODE           	0769	0000	150
		_getADCValue   		CODE           	0EB2	0000	166
		_sendMessage   		CODE           	0DA5	0000	135

main.c estimated size: 783

C:\Program Files (x86)\Microchip\xc8\v2.00\pic\sources\c90\common\lwtoft.c
		___lwtoft      		CODE           	0880	0000	22

C:\Program Files (x86)\Microchip\xc8\v2.00\pic\sources\c90\common\lwtoft.c estimated size: 22

C:\Program Files (x86)\Microchip\xc8\v2.00\pic\sources\c90\common\lltoft.c
		___lltoft      		CODE           	0A10	0000	43

C:\Program Files (x86)\Microchip\xc8\v2.00\pic\sources\c90\common\lltoft.c estimated size: 43

