Microchip MPLAB XC8 Compiler V2.00 ()

Linker command line:

-W-3 --edf=C:\Program Files (x86)\Microchip\xc8\v2.00\pic\dat\en_msgs.txt \
  -cs -h+dist/default/production\nRF24L01__PIC16LF1825.X.X.production.sym \
  --cmf=dist/default/production\nRF24L01__PIC16LF1825.X.X.production.cmf -z \
  -Q16LF18325 -oC:\Users\Leon\AppData\Local\Temp\se1o.2 \
  --defsym=__MPLAB_BUILD=1 \
  -Mdist/default/production/nRF24L01__PIC16LF1825.X.X.production.map -E1 \
  -ver=XC8 -ASTACK=0215Ch-023efh -pstack=STACK -ACODE=00h-07FFhx4 \
  -ASTRCODE=00h-01FFFh -ASTRING=00h-0FFhx32 -ACONST=00h-0FFhx32 \
  -AENTRY=00h-0FFhx32 -ACOMMON=070h-07Fh -ABANK0=020h-06Fh \
  -ABANK1=0A0h-0EFh -ABANK2=0120h-016Fh -ABANK3=01A0h-01EFh \
  -ABANK4=0220h-026Fh -ABANK5=02A0h-02EFh -ABANK6=0320h-036Fh \
  -ABANK7=03A0h-03EFh -ABANK8=0420h-046Fh -ABANK9=04A0h-04EFh \
  -ABANK10=0520h-056Fh -ABANK11=05A0h-05EFh -ABANK12=0620h-064Fh \
  -ABIGRAM=02000h-023EFh \
  -ARAM=020h-06Fh,0A0h-0EFh,0120h-016Fh,01A0h-01EFh,0220h-026Fh,02A0h-02EFh,0320h-036Fh,03A0h-03EFh,0420h-046Fh,04A0h-04EFh,0520h-056Fh,05A0h-05EFh,0620h-064Fh \
  -AABS1=020h-07Fh,0A0h-0EFh,0120h-016Fh,01A0h-01EFh,0220h-026Fh,02A0h-02EFh,0320h-036Fh,03A0h-03EFh,0420h-046Fh,04A0h-04EFh,0520h-056Fh,05A0h-05EFh,0620h-064Fh \
  -ASFR0=00h-01Fh -ASFR1=080h-09Fh -ASFR2=0100h-011Fh -ASFR3=0180h-019Fh \
  -ASFR4=0200h-021Fh -ASFR5=0280h-029Fh -ASFR6=0300h-031Fh \
  -ASFR7=0380h-039Fh -ASFR8=0400h-041Fh -ASFR9=0480h-049Fh \
  -ASFR10=0500h-051Fh -ASFR11=0580h-059Fh -ASFR12=0600h-061Fh \
  -ASFR13=0680h-06EFh -ASFR14=0700h-076Fh -ASFR15=0780h-07EFh \
  -ASFR16=0800h-086Fh -ASFR17=0880h-08EFh -ASFR18=0900h-096Fh \
  -ASFR19=0980h-09EFh -ASFR20=0A00h-0A6Fh -ASFR21=0A80h-0AEFh \
  -ASFR22=0B00h-0B6Fh -ASFR23=0B80h-0BEFh -ASFR24=0C00h-0C6Fh \
  -ASFR25=0C80h-0CEFh -ASFR26=0D00h-0D6Fh -ASFR27=0D80h-0DEFh \
  -ASFR28=0E00h-0E6Fh -ASFR29=0E80h-0EEFh -ASFR30=0F00h-0F6Fh \
  -ASFR31=0F80h-0FEFh -preset_vec=00h,intentry=04h,init,end_init \
  -ppowerup=CODE -pcinit=CODE -pfunctab=ENTRY -ACONFIG=08007h-0800Ah \
  -pconfig=CONFIG -DCONFIG=2 -AIDLOC=08000h-08003h -pidloc=IDLOC -DIDLOC=2 \
  -AEEDATA=00h-0FFh/0F000h -peeprom_data=EEDATA -DEEDATA=2 -DCODE=2 \
  -DSTRCODE=2 -DSTRING=2 -DCONST=2 -DENTRY=2 -k \
  C:\Users\Leon\AppData\Local\Temp\se1o.o \
  dist/default/production\nRF24L01__PIC16LF1825.X.X.production.o 

Object code version is 3.11

Machine type is 16LF18325



                Name                               Link     Load   Length Selector   Space Scale
C:\Users\Leon\AppData\Local\Temp\se1o.o
                end_init                              F        F        2        8       0
                reset_vec                             0        0        2        0       0
                config                             8007     8007        4    1000E       0
dist/default/production\nRF24L01__PIC16LF1825.X.X.production.o
                cinit                                11       11       25        8       0
                intentry                              4        4        B        8       0
                text56                             14F0     14F0       18     29E0       0
                text55                             146A     146A        3     28D4       0
                text54                             146D     146D        3     28DA       0
                text53                             147D     147D        8     28FA       0
                text52                              801      801        3     1002       0
                text51                             1476     1476        7     28EC       0
                text50                             1496     1496        D     292C       0
                text49                              7FD      7FD        3        8       0
                text48                             1485     1485        8     290A       0
                text47                             1521     1521       1B     2A42       0
                text46                             166A     166A       27     2CD4       0
                text45                             16B8     16B8       28     2D70       0
                text44                             158E     158E       1E     2B1C       0
                text43                              5A0      5A0      145        8       0
                text42                              969      969       63     12D2       0
                text40                              9CC      9CC       65     1398       0
                text39                             14C4     14C4       15     2988       0
                text38                             153C     153C       1B     2A78       0
                text37                             1648     1648       22     2C90       0
                text36                              6E5      6E5       F6        8       0
                text35                              C93      C93       A9     1926       0
                text34                             14D9     14D9       17     29B2       0
                text33                              BED      BED       A6     17DA       0
                text32                             17C4     17C4       3C     2F88       0
                text31                              D3C      D3C       B4     1A78       0
                text30                             148D     148D        9     291A       0
                text29                             15AC     15AC       1E     2B58       0
                text28                              B4E      B4E       9F     169C       0
                text27                             1709     1709       2A     2E12       0
                text26                              916      916       53     122C       0
                text25                              804      804       43     1008       0
                text24                             1572     1572       1C     2AE4       0
                text23                             14A3     14A3        F     2946       0
                text22                              260      260      1CD        8       0
                text21                              DF0      DF0       F2     1BE0       0
                text20                             1508     1508       19     2A10       0
                text19                             1607     1607       20     2C0E       0
                text18                             1733     1733       2C     2E66       0
                text17                             16E0     16E0       29     2DC0       0
                text16                             15E8     15E8       1F     2BD0       0
                text15                              42D      42D      173        8       0
                text14                             1557     1557       1B     2AAE       0
                text13                              8CE      8CE       48     119C       0
                text12                              7DB      7DB       22        8       0
                text11                             1691     1691       27     2D22       0
                text10                              A31      A31       8A     1462       0
                text9                                36       36      22A        8       0
                text8                              175F     175F       2D     2EBE       0
                text7                              178C     178C       38     2F18       0
                text6                              1627     1627       21     2C4E       0
                text5                              14B2     14B2       12     2964       0
                text4                               88A      88A       44     1114       0
                text3                               EE2      EE2      11E     1DC4       0
                text2                              15CA     15CA       1E     2B94       0
                text1                               847      847       43     108E       0
                maintext                            ABB      ABB       93     1576       0
                cstackBANK0                          20       20       50       20       1
                cstackCOMMON                         70       70        D       70       1
                cstackBANK1                          A0       A0       47       A0       1
                cstackBANK2                         120      120       31      120       1
                clrtext                            1470     1470        6     28E0       0
                bssBANK4                            220      220       1C      220       1
                bssBANK3                            1A0      1A0       42      1A0       1
                bssBANK2                            151      151       15      120       1
                dataBANK1                            EB       EB        1       A0       1
                bssBANK1                             E7       E7        4       A0       1
                bssCOMMON                            7D       7D        1       70       1
                stringtext16                       187C     187C        2     3000       0
                stringtext15                       1878     1878        4     3000       0
                stringtext14                       1873     1873        5     3000       0
                stringtext13                       186E     186E        5     3000       0
                stringtext12                       1869     1869        5     3000       0
                stringtext11                       1864     1864        5     3000       0
                stringtext10                       185F     185F        5     3000       0
                stringtext9                        185A     185A        5     3000       0
                stringtext8                        1855     1855        5     3000       0
                stringtext7                        1850     1850        5     3000       0
                stringtext6                        1845     1845        6     3000       0
                stringtext5                        183E     183E        7     3000       0
                stringtext4                        1828     1828        C     3000       0
                stringtext3                        184B     184B        5     3000       0
                stringtext2                        1834     1834        A     3000       0
                stringtext1                        1800     1800       28     3000       0
                idataBANK1                            3        3        1        6       0

TOTAL           Name                               Link     Load   Length     Space
        CLASS   STACK          

        CLASS   CODE           
                end_init                              F        F        2         0
                cinit                                11       11       25         0
                intentry                              4        4        B         0
                reset_vec                             0        0        2         0
                text56                             14F0     14F0       18         0
                text55                             146A     146A        3         0
                text54                             146D     146D        3         0
                text53                             147D     147D        8         0
                text52                              801      801        3         0
                text51                             1476     1476        7         0
                text50                             1496     1496        D         0
                text49                              7FD      7FD        3         0
                text48                             1485     1485        8         0
                text47                             1521     1521       1B         0
                text46                             166A     166A       27         0
                text45                             16B8     16B8       28         0
                text44                             158E     158E       1E         0
                text43                              5A0      5A0      145         0
                text42                              969      969       63         0
                text40                              9CC      9CC       65         0
                text39                             14C4     14C4       15         0
                text38                             153C     153C       1B         0
                text37                             1648     1648       22         0
                text36                              6E5      6E5       F6         0
                text35                              C93      C93       A9         0
                text34                             14D9     14D9       17         0
                text33                              BED      BED       A6         0
                text32                             17C4     17C4       3C         0
                text31                              D3C      D3C       B4         0
                text30                             148D     148D        9         0
                text29                             15AC     15AC       1E         0
                text28                              B4E      B4E       9F         0
                text27                             1709     1709       2A         0
                text26                              916      916       53         0
                text25                              804      804       43         0
                text24                             1572     1572       1C         0
                text23                             14A3     14A3        F         0
                text22                              260      260      1CD         0
                text21                              DF0      DF0       F2         0
                text20                             1508     1508       19         0
                text19                             1607     1607       20         0
                text18                             1733     1733       2C         0
                text17                             16E0     16E0       29         0
                text16                             15E8     15E8       1F         0
                text15                              42D      42D      173         0
                text14                             1557     1557       1B         0
                text13                              8CE      8CE       48         0
                text12                              7DB      7DB       22         0
                text11                             1691     1691       27         0
                text10                              A31      A31       8A         0
                text9                                36       36      22A         0
                text8                              175F     175F       2D         0
                text7                              178C     178C       38         0
                text6                              1627     1627       21         0
                text5                              14B2     14B2       12         0
                text4                               88A      88A       44         0
                text3                               EE2      EE2      11E         0
                text2                              15CA     15CA       1E         0
                text1                               847      847       43         0
                maintext                            ABB      ABB       93         0
                clrtext                            1470     1470        6         0
                idataBANK1                            3        3        1         0

        CLASS   STRCODE        
                stringtext16                       187C     187C        2         0
                stringtext15                       1878     1878        4         0
                stringtext14                       1873     1873        5         0
                stringtext13                       186E     186E        5         0
                stringtext12                       1869     1869        5         0
                stringtext11                       1864     1864        5         0
                stringtext10                       185F     185F        5         0
                stringtext9                        185A     185A        5         0
                stringtext8                        1855     1855        5         0
                stringtext7                        1850     1850        5         0
                stringtext6                        1845     1845        6         0
                stringtext5                        183E     183E        7         0
                stringtext4                        1828     1828        C         0
                stringtext3                        184B     184B        5         0
                stringtext2                        1834     1834        A         0
                stringtext1                        1800     1800       28         0

        CLASS   STRING         

        CLASS   CONST          

        CLASS   ENTRY          

        CLASS   COMMON         
                cstackCOMMON                         70       70        D         1
                bssCOMMON                            7D       7D        1         1

        CLASS   BANK0          
                cstackBANK0                          20       20       50         1

        CLASS   BANK1          
                cstackBANK1                          A0       A0       47         1
                dataBANK1                            EB       EB        1         1
                bssBANK1                             E7       E7        4         1

        CLASS   BANK2          
                cstackBANK2                         120      120       31         1
                bssBANK2                            151      151       15         1

        CLASS   BANK3          
                bssBANK3                            1A0      1A0       42         1

        CLASS   BANK4          
                bssBANK4                            220      220       1C         1

        CLASS   BANK5          

        CLASS   BANK6          

        CLASS   BANK7          

        CLASS   BANK8          

        CLASS   BANK9          

        CLASS   BANK10         

        CLASS   BANK11         

        CLASS   BANK12         

        CLASS   BIGRAM         

        CLASS   RAM            

        CLASS   ABS1           
                abs_s1                               7E       7E        2         1

        CLASS   SFR0           

        CLASS   SFR1           

        CLASS   SFR2           

        CLASS   SFR3           

        CLASS   SFR4           

        CLASS   SFR5           

        CLASS   SFR6           

        CLASS   SFR7           

        CLASS   SFR8           

        CLASS   SFR9           

        CLASS   SFR10          

        CLASS   SFR11          

        CLASS   SFR12          

        CLASS   SFR13          

        CLASS   SFR14          

        CLASS   SFR15          

        CLASS   SFR16          

        CLASS   SFR17          

        CLASS   SFR18          

        CLASS   SFR19          

        CLASS   SFR20          

        CLASS   SFR21          

        CLASS   SFR22          

        CLASS   SFR23          

        CLASS   SFR24          

        CLASS   SFR25          

        CLASS   SFR26          

        CLASS   SFR27          

        CLASS   SFR28          

        CLASS   SFR29          

        CLASS   SFR30          

        CLASS   SFR31          

        CLASS   CONFIG         
                config                             8007     8007        4         0

        CLASS   IDLOC          

        CLASS   EEDATA         

        CLASS   BANK31         

        CLASS   BANK30         

        CLASS   BANK29         

        CLASS   BANK28         

        CLASS   BANK27         

        CLASS   BANK26         

        CLASS   BANK25         

        CLASS   BANK24         

        CLASS   BANK23         

        CLASS   BANK22         

        CLASS   BANK21         

        CLASS   BANK20         

        CLASS   BANK19         

        CLASS   BANK18         

        CLASS   BANK17         

        CLASS   BANK16         

        CLASS   BANK15         

        CLASS   BANK14         

        CLASS   BANK13         



SEGMENTS        Name                           Load    Length   Top    Selector   Space  Class     Delta

                reset_vec                      000000  000002  000002         0       0  CODE        2
                idataBANK1                     000003  000001  000004         6       0  CODE        2
                intentry                       000004  0007FC  000800         8       0  CODE        2
                cstackBANK0                    000020  000050  000070        20       1  BANK0       1
                cstackCOMMON                   000070  00000E  00007E        70       1  COMMON      1
                cstackBANK1                    0000A0  00004C  0000EC        A0       1  BANK1       1
                cstackBANK2                    000120  000046  000166       120       1  BANK2       1
                bssBANK3                       0001A0  000042  0001E2       1A0       1  BANK3       1
                bssBANK4                       000220  00001C  00023C       220       1  BANK4       1
                text52                         000801  000003  000804      1002       0  CODE        2
                text25                         000804  000043  000847      1008       0  CODE        2
                text1                          000847  000043  00088A      108E       0  CODE        2
                text4                          00088A  000044  0008CE      1114       0  CODE        2
                text13                         0008CE  000048  000916      119C       0  CODE        2
                text26                         000916  000053  000969      122C       0  CODE        2
                text42                         000969  000063  0009CC      12D2       0  CODE        2
                text40                         0009CC  000065  000A31      1398       0  CODE        2
                text10                         000A31  00008A  000ABB      1462       0  CODE        2
                maintext                       000ABB  000093  000B4E      1576       0  CODE        2
                text28                         000B4E  00009F  000BED      169C       0  CODE        2
                text33                         000BED  0000A6  000C93      17DA       0  CODE        2
                text35                         000C93  0000A9  000D3C      1926       0  CODE        2
                text31                         000D3C  0000B4  000DF0      1A78       0  CODE        2
                text21                         000DF0  0000F2  000EE2      1BE0       0  CODE        2
                text3                          000EE2  00011E  001000      1DC4       0  CODE        2
                text55                         00146A  000003  00146D      28D4       0  CODE        2
                text54                         00146D  000003  001470      28DA       0  CODE        2
                clrtext                        001470  000006  001476      28E0       0  CODE        2
                text51                         001476  000007  00147D      28EC       0  CODE        2
                text53                         00147D  000008  001485      28FA       0  CODE        2
                text48                         001485  000008  00148D      290A       0  CODE        2
                text30                         00148D  000009  001496      291A       0  CODE        2
                text50                         001496  00000D  0014A3      292C       0  CODE        2
                text23                         0014A3  00000F  0014B2      2946       0  CODE        2
                text5                          0014B2  000012  0014C4      2964       0  CODE        2
                text39                         0014C4  000015  0014D9      2988       0  CODE        2
                text34                         0014D9  000017  0014F0      29B2       0  CODE        2
                text56                         0014F0  000018  001508      29E0       0  CODE        2
                text20                         001508  000019  001521      2A10       0  CODE        2
                text47                         001521  00001B  00153C      2A42       0  CODE        2
                text38                         00153C  00001B  001557      2A78       0  CODE        2
                text14                         001557  00001B  001572      2AAE       0  CODE        2
                text24                         001572  00001C  00158E      2AE4       0  CODE        2
                text44                         00158E  00001E  0015AC      2B1C       0  CODE        2
                text29                         0015AC  00001E  0015CA      2B58       0  CODE        2
                text2                          0015CA  00001E  0015E8      2B94       0  CODE        2
                text16                         0015E8  00001F  001607      2BD0       0  CODE        2
                text19                         001607  000020  001627      2C0E       0  CODE        2
                text6                          001627  000021  001648      2C4E       0  CODE        2
                text37                         001648  000022  00166A      2C90       0  CODE        2
                text46                         00166A  000027  001691      2CD4       0  CODE        2
                text11                         001691  000027  0016B8      2D22       0  CODE        2
                text45                         0016B8  000028  0016E0      2D70       0  CODE        2
                text17                         0016E0  000029  001709      2DC0       0  CODE        2
                text27                         001709  00002A  001733      2E12       0  CODE        2
                text18                         001733  00002C  00175F      2E66       0  CODE        2
                text8                          00175F  00002D  00178C      2EBE       0  CODE        2
                text7                          00178C  000038  0017C4      2F18       0  CODE        2
                text32                         0017C4  00003C  001800      2F88       0  CODE        2
                stringtext1                    001800  00007E  00187E      3000       0  STRCODE     2
                config                         008007  000004  00800B     1000E       0  CONFIG      2


UNUSED ADDRESS RANGES

        Name                Unused          Largest block    Delta
        BANK1            000EC-000EF               4           1
        BANK10           00520-0056F              50           1
        BANK11           005A0-005EF              50           1
        BANK12           00620-0064F              30           1
        BANK2            00166-0016F               A           1
        BANK3            001E2-001EF               E           1
        BANK4            0023C-0026F              34           1
        BANK5            002A0-002EF              50           1
        BANK6            00320-0036F              50           1
        BANK7            003A0-003EF              50           1
        BANK8            00420-0046F              50           1
        BANK9            004A0-004EF              50           1
        BIGRAM           02000-023EF             3F0           1
        CODE             00002-00002               1           2
                         00800-00800               1
                         01000-01469             46A
                         0187E-01FFF             782
        CONST            00002-00002               1           2
                         00800-00800               1
                         01000-01469             100
                         0187E-01FFF             100
        EEDATA           0F000-0F0FF             100           2
        ENTRY            00002-00002               1           2
                         00800-00800               1
                         01000-01469             100
                         0187E-01FFF             100
        IDLOC            08000-08003               4           2
        RAM              000EC-000EF               4           1
                         00166-0016F               A
                         001E2-001EF               E
                         0023C-0026F              34
                         002A0-002EF              50
                         00320-0036F              50
                         003A0-003EF              50
                         00420-0046F              50
                         004A0-004EF              50
                         00520-0056F              50
                         005A0-005EF              50
                         00620-0064F              30
        SFR0             00000-0001F              20           1
        SFR1             00080-0009F              20           1
        SFR10            00500-0051F              20           1
        SFR11            00580-0059F              20           1
        SFR12            00600-0061F              20           1
        SFR13            00680-006EF              70           1
        SFR14            00700-0076F              70           1
        SFR15            00780-007EF              70           1
        SFR16            00800-0086F              70           1
        SFR17            00880-008EF              70           1
        SFR18            00900-0096F              70           1
        SFR19            00980-009EF              70           1
        SFR2             00100-0011F              20           1
        SFR20            00A00-00A6F              70           1
        SFR21            00A80-00AEF              70           1
        SFR22            00B00-00B6F              70           1
        SFR23            00B80-00BEF              70           1
        SFR24            00C00-00C6F              70           1
        SFR25            00C80-00CEF              70           1
        SFR26            00D00-00D6F              70           1
        SFR27            00D80-00DEF              70           1
        SFR28            00E00-00E6F              70           1
        SFR29            00E80-00EEF              70           1
        SFR3             00180-0019F              20           1
        SFR30            00F00-00F6F              70           1
        SFR31            00F80-00FEF              70           1
        SFR4             00200-0021F              20           1
        SFR5             00280-0029F              20           1
        SFR6             00300-0031F              20           1
        SFR7             00380-0039F              20           1
        SFR8             00400-0041F              20           1
        SFR9             00480-0049F              20           1
        STACK            0215C-023EF             294           1
        STRCODE          00002-00002               1           2
                         00800-00800               1
                         01000-01469             46A
                         0187E-01FFF             782
        STRING           00002-00002               1           2
                         00800-00800               1
                         01000-01469             100
                         0187E-01FFF             100

                                  Symbol Table

?___awtoft                      cstackBANK0  00028
?___ftadd                       cstackBANK0  0002E
?___ftdiv                       cstackBANK0  0003B
?___ftmul                       cstackBANK0  00057
?___ftneg                       cstackBANK0  00057
?___ftpack                      cstackBANK0  00020
?___ftsub                       cstackBANK0  0003B
?___fttol                       cstackBANK0  00067
?___lbtoft                      cstackBANK0  00028
?___lldiv                       cstackBANK0  00020
?___llmod                       cstackBANK0  0002E
?___lltoft                      cstackBANK0  00028
?___lwmod                       cstackBANK0  00020
?___lwtoft                      cstackBANK0  00028
?___wmul                        cstackBANK0  00020
?_getADCValue                   cstackBANK0  0004B
?_sprintf                       cstackBANK0  00038
?_strcmp                        cstackBANK0  00020
?_strlen                        cstackBANK0  00020
?i1_strcmp                      cstackCOMMON 00070
?i1_strlen                      cstackCOMMON 00070
_ADCON0bits                     (abs)        0009D
_ADCON1bits                     (abs)        0009E
_ADRESH                         (abs)        0009C
_ADRESL                         (abs)        0009B
_ANSELA                         (abs)        0018C
_ANSELAbits                     (abs)        0018C
_ANSELC                         (abs)        0018E
_ANSELCbits                     (abs)        0018E
_FVRCONbits                     (abs)        00117
_INLVLA                         (abs)        0038C
_INLVLC                         (abs)        0038E
_INTCONbits                     (abs)        0000B
_ISR                            intentry     00004
_ODCONA                         (abs)        0028C
_ODCONAbits                     (abs)        0028C
_ODCONC                         (abs)        0028E
_OSCCON1bits                    (abs)        00919
_PIE0bits                       (abs)        00090
_PIR0bits                       (abs)        00010
_PORTAbits                      (abs)        0000C
_PORTCbits                      (abs)        0000E
_RC0PPSbits                     (abs)        00EA0
_RC1PPSbits                     (abs)        00EA1
_RC2PPSbits                     (abs)        00EA2
_RXPacket                       bssBANK3     001A0
_SSP1BUF                        (abs)        00211
_SSP1CON1bits                   (abs)        00215
_SSP1STATbits                   (abs)        00214
_TRISAbits                      (abs)        0008C
_TRISCbits                      (abs)        0008E
_TXPacket                       bssBANK3     001C1
_WDTCONbits                     (abs)        00097
_WPUA                           (abs)        0020C
_WPUAbits                       (abs)        0020C
_WPUC                           (abs)        0020E
__CFG_BOREN$OFF                 (abs)        00000
__CFG_BORV$LOW                  (abs)        00000
__CFG_CLKOUTEN$OFF              (abs)        00000
__CFG_CP$OFF                    (abs)        00000
__CFG_CPD$OFF                   (abs)        00000
__CFG_CSWEN$ON                  (abs)        00000
__CFG_DEBUG$OFF                 (abs)        00000
__CFG_FCMEN$ON                  (abs)        00000
__CFG_FEXTOSC$OFF               (abs)        00000
__CFG_LPBOREN$OFF               (abs)        00000
__CFG_LVP$ON                    (abs)        00000
__CFG_MCLRE$ON                  (abs)        00000
__CFG_PPS1WAY$ON                (abs)        00000
__CFG_PWRTE$ON                  (abs)        00000
__CFG_RSTOSC$HFINT32            (abs)        00000
__CFG_STVREN$ON                 (abs)        00000
__CFG_WDTE$ON                   (abs)        00000
__CFG_WRT$OFF                   (abs)        00000
__Habs1                         abs1         00000
__Hbank0                        bank0        00000
__Hbank1                        bank1        00000
__Hbank10                       bank10       00000
__Hbank11                       bank11       00000
__Hbank12                       bank12       00000
__Hbank13                       bank13       00000
__Hbank14                       bank14       00000
__Hbank15                       bank15       00000
__Hbank16                       bank16       00000
__Hbank17                       bank17       00000
__Hbank18                       bank18       00000
__Hbank19                       bank19       00000
__Hbank2                        bank2        00000
__Hbank20                       bank20       00000
__Hbank21                       bank21       00000
__Hbank22                       bank22       00000
__Hbank23                       bank23       00000
__Hbank24                       bank24       00000
__Hbank25                       bank25       00000
__Hbank26                       bank26       00000
__Hbank27                       bank27       00000
__Hbank28                       bank28       00000
__Hbank29                       bank29       00000
__Hbank3                        bank3        00000
__Hbank30                       bank30       00000
__Hbank31                       bank31       00000
__Hbank4                        bank4        00000
__Hbank5                        bank5        00000
__Hbank6                        bank6        00000
__Hbank7                        bank7        00000
__Hbank8                        bank8        00000
__Hbank9                        bank9        00000
__Hbigram                       bigram       00000
__HbssBANK1                     bssBANK1     00000
__HbssBANK2                     bssBANK2     00000
__HbssBANK3                     bssBANK3     00000
__HbssBANK4                     bssBANK4     00000
__HbssCOMMON                    bssCOMMON    00000
__Hcinit                        cinit        00036
__Hclrtext                      clrtext      00000
__Hcode                         code         00000
__Hcommon                       common       00000
__Hconfig                       config       0800B
__HcstackBANK0                  cstackBANK0  00000
__HcstackBANK1                  cstackBANK1  00000
__HcstackBANK2                  cstackBANK2  00000
__HcstackCOMMON                 cstackCOMMON 00000
__HdataBANK1                    dataBANK1    00000
__Heeprom_data                  eeprom_data  00000
__Hend_init                     end_init     00011
__Hfunctab                      functab      00000
__HidataBANK1                   idataBANK1   00000
__Hidloc                        idloc        00000
__Hinit                         init         0000F
__Hintentry                     intentry     0000F
__Hmaintext                     maintext     00000
__Hpowerup                      powerup      00000
__Hram                          ram          00000
__Hreset_vec                    reset_vec    00002
__Hsfr0                         sfr0         00000
__Hsfr1                         sfr1         00000
__Hsfr10                        sfr10        00000
__Hsfr11                        sfr11        00000
__Hsfr12                        sfr12        00000
__Hsfr13                        sfr13        00000
__Hsfr14                        sfr14        00000
__Hsfr15                        sfr15        00000
__Hsfr16                        sfr16        00000
__Hsfr17                        sfr17        00000
__Hsfr18                        sfr18        00000
__Hsfr19                        sfr19        00000
__Hsfr2                         sfr2         00000
__Hsfr20                        sfr20        00000
__Hsfr21                        sfr21        00000
__Hsfr22                        sfr22        00000
__Hsfr23                        sfr23        00000
__Hsfr24                        sfr24        00000
__Hsfr25                        sfr25        00000
__Hsfr26                        sfr26        00000
__Hsfr27                        sfr27        00000
__Hsfr28                        sfr28        00000
__Hsfr29                        sfr29        00000
__Hsfr3                         sfr3         00000
__Hsfr30                        sfr30        00000
__Hsfr31                        sfr31        00000
__Hsfr4                         sfr4         00000
__Hsfr5                         sfr5         00000
__Hsfr6                         sfr6         00000
__Hsfr7                         sfr7         00000
__Hsfr8                         sfr8         00000
__Hsfr9                         sfr9         00000
__Hspace_0                      (abs)        0800B
__Hspace_1                      (abs)        0023C
__Hspace_2                      (abs)        00000
__Hspace_3                      (abs)        00000
__Hstack                        stack        00000
__Hstrings                      strings      00000
__Hstringtext1                  stringtext1  00000
__Hstringtext10                 stringtext10 00000
__Hstringtext11                 stringtext11 00000
__Hstringtext12                 stringtext12 00000
__Hstringtext13                 stringtext13 00000
__Hstringtext14                 stringtext14 00000
__Hstringtext15                 stringtext15 00000
__Hstringtext16                 stringtext16 00000
__Hstringtext17                 stringtext17 00000
__Hstringtext2                  stringtext2  00000
__Hstringtext3                  stringtext3  00000
__Hstringtext4                  stringtext4  00000
__Hstringtext5                  stringtext5  00000
__Hstringtext6                  stringtext6  00000
__Hstringtext7                  stringtext7  00000
__Hstringtext8                  stringtext8  00000
__Hstringtext9                  stringtext9  00000
__Htext                         text         00000
__Labs1                         abs1         00000
__Lbank0                        bank0        00000
__Lbank1                        bank1        00000
__Lbank10                       bank10       00000
__Lbank11                       bank11       00000
__Lbank12                       bank12       00000
__Lbank13                       bank13       00000
__Lbank14                       bank14       00000
__Lbank15                       bank15       00000
__Lbank16                       bank16       00000
__Lbank17                       bank17       00000
__Lbank18                       bank18       00000
__Lbank19                       bank19       00000
__Lbank2                        bank2        00000
__Lbank20                       bank20       00000
__Lbank21                       bank21       00000
__Lbank22                       bank22       00000
__Lbank23                       bank23       00000
__Lbank24                       bank24       00000
__Lbank25                       bank25       00000
__Lbank26                       bank26       00000
__Lbank27                       bank27       00000
__Lbank28                       bank28       00000
__Lbank29                       bank29       00000
__Lbank3                        bank3        00000
__Lbank30                       bank30       00000
__Lbank31                       bank31       00000
__Lbank4                        bank4        00000
__Lbank5                        bank5        00000
__Lbank6                        bank6        00000
__Lbank7                        bank7        00000
__Lbank8                        bank8        00000
__Lbank9                        bank9        00000
__Lbigram                       bigram       00000
__LbssBANK1                     bssBANK1     00000
__LbssBANK2                     bssBANK2     00000
__LbssBANK3                     bssBANK3     00000
__LbssBANK4                     bssBANK4     00000
__LbssCOMMON                    bssCOMMON    00000
__Lcinit                        cinit        00011
__Lclrtext                      clrtext      00000
__Lcode                         code         00000
__Lcommon                       common       00000
__Lconfig                       config       08007
__LcstackBANK0                  cstackBANK0  00000
__LcstackBANK1                  cstackBANK1  00000
__LcstackBANK2                  cstackBANK2  00000
__LcstackCOMMON                 cstackCOMMON 00000
__LdataBANK1                    dataBANK1    00000
__Leeprom_data                  eeprom_data  00000
__Lend_init                     end_init     0000F
__Lfunctab                      functab      00000
__LidataBANK1                   idataBANK1   00000
__Lidloc                        idloc        00000
__Linit                         init         0000F
__Lintentry                     intentry     00004
__Lmaintext                     maintext     00000
__Lpowerup                      powerup      00000
__Lram                          ram          00000
__Lreset_vec                    reset_vec    00000
__Lsfr0                         sfr0         00000
__Lsfr1                         sfr1         00000
__Lsfr10                        sfr10        00000
__Lsfr11                        sfr11        00000
__Lsfr12                        sfr12        00000
__Lsfr13                        sfr13        00000
__Lsfr14                        sfr14        00000
__Lsfr15                        sfr15        00000
__Lsfr16                        sfr16        00000
__Lsfr17                        sfr17        00000
__Lsfr18                        sfr18        00000
__Lsfr19                        sfr19        00000
__Lsfr2                         sfr2         00000
__Lsfr20                        sfr20        00000
__Lsfr21                        sfr21        00000
__Lsfr22                        sfr22        00000
__Lsfr23                        sfr23        00000
__Lsfr24                        sfr24        00000
__Lsfr25                        sfr25        00000
__Lsfr26                        sfr26        00000
__Lsfr27                        sfr27        00000
__Lsfr28                        sfr28        00000
__Lsfr29                        sfr29        00000
__Lsfr3                         sfr3         00000
__Lsfr30                        sfr30        00000
__Lsfr31                        sfr31        00000
__Lsfr4                         sfr4         00000
__Lsfr5                         sfr5         00000
__Lsfr6                         sfr6         00000
__Lsfr7                         sfr7         00000
__Lsfr8                         sfr8         00000
__Lsfr9                         sfr9         00000
__Lspace_0                      (abs)        00000
__Lspace_1                      (abs)        00000
__Lspace_2                      (abs)        00000
__Lspace_3                      (abs)        00000
__Lstack                        stack        00000
__Lstrings                      strings      00000
__Lstringtext1                  stringtext1  00000
__Lstringtext10                 stringtext10 00000
__Lstringtext11                 stringtext11 00000
__Lstringtext12                 stringtext12 00000
__Lstringtext13                 stringtext13 00000
__Lstringtext14                 stringtext14 00000
__Lstringtext15                 stringtext15 00000
__Lstringtext16                 stringtext16 00000
__Lstringtext17                 stringtext17 00000
__Lstringtext2                  stringtext2  00000
__Lstringtext3                  stringtext3  00000
__Lstringtext4                  stringtext4  00000
__Lstringtext5                  stringtext5  00000
__Lstringtext6                  stringtext6  00000
__Lstringtext7                  stringtext7  00000
__Lstringtext8                  stringtext8  00000
__Lstringtext9                  stringtext9  00000
__Ltext                         text         00000
__S0                            (abs)        0800B
__S1                            (abs)        0023C
__S2                            (abs)        00000
__S3                            (abs)        00000
___awtoft                       text37       01648
___awtoft@c                     cstackBANK0  00028
___awtoft@sign                  cstackBANK0  0002D
___bmul                         text5        014B2
___bmul@multiplicand            cstackBANK0  00020
___bmul@multiplier              cstackBANK0  00023
___bmul@product                 cstackBANK0  00022
___ftadd                        text36       006E5
___ftadd@exp1                   cstackBANK0  0003A
___ftadd@exp2                   cstackBANK0  00039
___ftadd@f1                     cstackBANK0  0002E
___ftadd@f2                     cstackBANK0  00031
___ftadd@sign                   cstackBANK0  00038
___ftdiv                        text35       00C93
___ftdiv@cntr                   cstackBANK0  00045
___ftdiv@exp                    cstackBANK0  00049
___ftdiv@f1                     cstackBANK0  0003E
___ftdiv@f2                     cstackBANK0  0003B
___ftdiv@f3                     cstackBANK0  00046
___ftdiv@sign                   cstackBANK0  0004A
___ftge                         text32       017C4
___ftge@ff1                     cstackBANK0  00020
___ftge@ff2                     cstackBANK0  00023
___ftmul                        text31       00D3C
___ftmul@cntr                   cstackBANK0  00065
___ftmul@exp                    cstackBANK0  00061
___ftmul@f1                     cstackBANK0  00057
___ftmul@f2                     cstackBANK0  0005A
___ftmul@f3_as_product          cstackBANK0  00062
___ftmul@sign                   cstackBANK0  00066
___ftneg                        text30       0148D
___ftneg@f1                     cstackBANK0  00057
___ftpack                       text40       009CC
___ftpack@arg                   cstackBANK0  00020
___ftpack@exp                   cstackBANK0  00023
___ftpack@sign                  cstackBANK0  00024
___ftsub                        text29       015AC
___ftsub@f1                     cstackBANK0  0003E
___ftsub@f2                     cstackBANK0  0003B
___fttol                        text28       00B4E
___fttol@exp1                   cstackBANK1  000A5
___fttol@f1                     cstackBANK0  00067
___fttol@lval                   cstackBANK1  000A1
___fttol@sign1                  cstackBANK1  000A0
___int_sp                       stack        00000
___latbits                      (abs)        00002
___lbtoft                       text38       0153C
___lbtoft@c                     cstackBANK0  0002F
___lldiv                        text26       00916
___lldiv@counter                cstackBANK0  0002D
___lldiv@dividend               cstackBANK0  00024
___lldiv@divisor                cstackBANK0  00020
___lldiv@quotient               cstackBANK0  00029
___llmod                        text25       00804
___llmod@counter                cstackBANK0  00037
___llmod@dividend               cstackBANK0  00032
___llmod@divisor                cstackBANK0  0002E
___lltoft                       text27       01709
___lltoft@c                     cstackBANK0  00028
___lltoft@exp                   cstackBANK0  0002D
___lwmod                        text8        0175F
___lwmod@counter                cstackBANK0  00025
___lwmod@dividend               cstackBANK0  00022
___lwmod@divisor                cstackBANK0  00020
___lwtoft                       text39       014C4
___lwtoft@c                     cstackBANK0  00028
___sp                           stack        00000
___wmul                         text24       01572
___wmul@multiplicand            cstackBANK0  00022
___wmul@multiplier              cstackBANK0  00020
___wmul@product                 cstackBANK0  00024
__end_of_ISR                    intentry     0000F
__end_of___awtoft               text37       0166A
__end_of___bmul                 text5        014C4
__end_of___ftadd                text36       007DB
__end_of___ftdiv                text35       00D3C
__end_of___ftge                 text32       01800
__end_of___ftmul                text31       00DF0
__end_of___ftneg                text30       01496
__end_of___ftpack               text40       00A31
__end_of___ftsub                text29       015CA
__end_of___fttol                text28       00BED
__end_of___lbtoft               text38       01557
__end_of___lldiv                text26       00969
__end_of___llmod                text25       00847
__end_of___lltoft               text27       01733
__end_of___lwmod                text8        0178C
__end_of___lwtoft               text39       014D9
__end_of___wmul                 text24       0158E
__end_of__initialization        cinit        00032
__end_of_doWDTSleep             text34       014F0
__end_of_dpowers                stringtext1  01828
__end_of_enableInterrupts       text53       01485
__end_of_ftoa                   text21       00EE2
__end_of_getADCValue            text33       00C93
__end_of_isdigit                text23       014B2
__end_of_loop                   text9        00260
__end_of_main                   maintext     00B4E
__end_of_memset                 text20       01521
__end_of_n_ADDRESS_MUL          stringtext4  01829
__end_of_n_ADDRESS_P0           stringtext3  01850
__end_of_nrf24l01CEHigh         text55       0146D
__end_of_nrf24l01CELow          text54       01470
__end_of_nrf24l01CSHigh         text52       00804
__end_of_nrf24l01CSLow          text49       00800
__end_of_nrf24l01GetPipe        text7        017C4
__end_of_nrf24l01ISR            text42       009CC
__end_of_nrf24l01Init           text1        0088A
__end_of_nrf24l01InitRegisters  text3        01000
__end_of_nrf24l01InterfaceInit  text2        015E8
__end_of_nrf24l01SPIEnd         text51       0147D
__end_of_nrf24l01SPISend        text50       014A3
__end_of_nrf24l01SPIStart       text48       0148D
__end_of_nrf24l01Send           text19       01627
__end_of_nrf24l01SendPacket     text13       00916
__end_of_nrf24l01Service        text15       005A0
__end_of_nrf24l01SetRXMode      text18       0175F
__end_of_nrf24l01SetRXPipe      text6        01648
__end_of_nrf24l01SetTXPipe      text4        008CE
__end_of_sendMessage            text10       00ABB
__end_of_sleep                  text12       007FD
__end_of_sprintf                text22       0042D
__end_of_statuses               stringtext2  0183E
__end_of_strcat                 text11       016B8
__end_of_strcmp                 text17       01709
__end_of_strcpy                 text14       01572
__end_of_strlen                 text16       01607
__end_ofi1_memset               text56       01508
__end_ofi1_nrf24l01Send         text47       0153C
__end_ofi1_nrf24l01Service      text43       006E5
__end_ofi1_nrf24l01SetRXMode    text46       01691
__end_ofi1_strcmp               text45       016E0
__end_ofi1_strlen               text44       015AC
__initialization                cinit        00011
__pbssBANK1                     bssBANK1     000E7
__pbssBANK2                     bssBANK2     00151
__pbssBANK3                     bssBANK3     001A0
__pbssBANK4                     bssBANK4     00220
__pbssCOMMON                    bssCOMMON    0007D
__pcstackBANK0                  cstackBANK0  00020
__pcstackBANK1                  cstackBANK1  000A0
__pcstackBANK2                  cstackBANK2  00120
__pcstackCOMMON                 cstackCOMMON 00070
__pdataBANK1                    dataBANK1    000EB
__pidataBANK1                   idataBANK1   00003
__pintentry                     intentry     00004
__pmaintext                     maintext     00ABB
__pstringtext1                  stringtext1  01800
__pstringtext10                 stringtext10 0185F
__pstringtext11                 stringtext11 01864
__pstringtext12                 stringtext12 01869
__pstringtext13                 stringtext13 0186E
__pstringtext14                 stringtext14 01873
__pstringtext15                 stringtext15 01878
__pstringtext16                 stringtext16 0187C
__pstringtext17                 stringtext17 00000
__pstringtext2                  stringtext2  01834
__pstringtext3                  stringtext3  0184B
__pstringtext4                  stringtext4  01828
__pstringtext5                  stringtext5  0183E
__pstringtext6                  stringtext6  01845
__pstringtext7                  stringtext7  01850
__pstringtext8                  stringtext8  01855
__pstringtext9                  stringtext9  0185A
__ptext1                        text1        00847
__ptext10                       text10       00A31
__ptext11                       text11       01691
__ptext12                       text12       007DB
__ptext13                       text13       008CE
__ptext14                       text14       01557
__ptext15                       text15       0042D
__ptext16                       text16       015E8
__ptext17                       text17       016E0
__ptext18                       text18       01733
__ptext19                       text19       01607
__ptext2                        text2        015CA
__ptext20                       text20       01508
__ptext21                       text21       00DF0
__ptext22                       text22       00260
__ptext23                       text23       014A3
__ptext24                       text24       01572
__ptext25                       text25       00804
__ptext26                       text26       00916
__ptext27                       text27       01709
__ptext28                       text28       00B4E
__ptext29                       text29       015AC
__ptext3                        text3        00EE2
__ptext30                       text30       0148D
__ptext31                       text31       00D3C
__ptext32                       text32       017C4
__ptext33                       text33       00BED
__ptext34                       text34       014D9
__ptext35                       text35       00C93
__ptext36                       text36       006E5
__ptext37                       text37       01648
__ptext38                       text38       0153C
__ptext39                       text39       014C4
__ptext4                        text4        0088A
__ptext40                       text40       009CC
__ptext42                       text42       00969
__ptext43                       text43       005A0
__ptext44                       text44       0158E
__ptext45                       text45       016B8
__ptext46                       text46       0166A
__ptext47                       text47       01521
__ptext48                       text48       01485
__ptext49                       text49       007FD
__ptext5                        text5        014B2
__ptext50                       text50       01496
__ptext51                       text51       01476
__ptext52                       text52       00801
__ptext53                       text53       0147D
__ptext54                       text54       0146D
__ptext55                       text55       0146A
__ptext56                       text56       014F0
__ptext6                        text6        01627
__ptext7                        text7        0178C
__ptext8                        text8        0175F
__ptext9                        text9        00036
__size_of_ISR                   (abs)        00000
__size_of___awtoft              (abs)        00000
__size_of___bmul                (abs)        00000
__size_of___ftadd               (abs)        00000
__size_of___ftdiv               (abs)        00000
__size_of___ftge                (abs)        00000
__size_of___ftmul               (abs)        00000
__size_of___ftneg               (abs)        00000
__size_of___ftpack              (abs)        00000
__size_of___ftsub               (abs)        00000
__size_of___fttol               (abs)        00000
__size_of___lbtoft              (abs)        00000
__size_of___lldiv               (abs)        00000
__size_of___llmod               (abs)        00000
__size_of___lltoft              (abs)        00000
__size_of___lwmod               (abs)        00000
__size_of___lwtoft              (abs)        00000
__size_of___wmul                (abs)        00000
__size_of_doWDTSleep            (abs)        00000
__size_of_enableInterrupts      (abs)        00000
__size_of_ftoa                  (abs)        00000
__size_of_getADCValue           (abs)        00000
__size_of_isdigit               (abs)        00000
__size_of_loop                  (abs)        00000
__size_of_main                  (abs)        00000
__size_of_memset                (abs)        00000
__size_of_nrf24l01CEHigh        (abs)        00000
__size_of_nrf24l01CELow         (abs)        00000
__size_of_nrf24l01CSHigh        (abs)        00000
__size_of_nrf24l01CSLow         (abs)        00000
__size_of_nrf24l01GetPipe       (abs)        00000
__size_of_nrf24l01ISR           (abs)        00000
__size_of_nrf24l01Init          (abs)        00000
__size_of_nrf24l01InitRegisters (abs)        00000
__size_of_nrf24l01InterfaceInit (abs)        00000
__size_of_nrf24l01SPIEnd        (abs)        00000
__size_of_nrf24l01SPISend       (abs)        00000
__size_of_nrf24l01SPIStart      (abs)        00000
__size_of_nrf24l01Send          (abs)        00000
__size_of_nrf24l01SendPacket    (abs)        00000
__size_of_nrf24l01Service       (abs)        00000
__size_of_nrf24l01SetRXMode     (abs)        00000
__size_of_nrf24l01SetRXPipe     (abs)        00000
__size_of_nrf24l01SetTXPipe     (abs)        00000
__size_of_sendMessage           (abs)        00000
__size_of_sleep                 (abs)        00000
__size_of_sprintf               (abs)        00000
__size_of_strcat                (abs)        00000
__size_of_strcmp                (abs)        00000
__size_of_strcpy                (abs)        00000
__size_of_strlen                (abs)        00000
__size_ofi1_memset              (abs)        00000
__size_ofi1_nrf24l01Send        (abs)        00000
__size_ofi1_nrf24l01Service     (abs)        00000
__size_ofi1_nrf24l01SetRXMode   (abs)        00000
__size_ofi1_strcmp              (abs)        00000
__size_ofi1_strlen              (abs)        00000
_counter                        bssBANK2     00151
_doWDTSleep                     text34       014D9
_dpowers                        stringtext1  01800
_enableInterrupts               text53       0147D
_ftoa                           text21       00DF0
_getADCValue                    text33       00BED
_isdigit                        text23       014A3
_isdigit$1712                   cstackBANK0  00020
_loop                           text9        00036
_loop$1962                      cstackBANK2  0012D
_loop$1963                      cstackBANK2  00126
_loop$1964                      cstackBANK2  00129
_main                           maintext     00ABB
_memset                         text20       01508
_n_ADDRESS_MUL                  stringtext4  01828
_n_ADDRESS_P0                   stringtext3  0184B
_nrf24l01CEHigh                 text55       0146A
_nrf24l01CELow                  text54       0146D
_nrf24l01CSHigh                 text52       00801
_nrf24l01CSLow                  text49       007FD
_nrf24l01GetPipe                text7        0178C
_nrf24l01ISR                    text42       00969
_nrf24l01Init                   text1        00847
_nrf24l01InitRegisters          text3        00EE2
_nrf24l01InterfaceInit          text2        015CA
_nrf24l01SPIEnd                 text51       01476
_nrf24l01SPISend                text50       01496
_nrf24l01SPIStart               text48       01485
_nrf24l01Send                   text19       01607
_nrf24l01SendPacket             text13       008CE
_nrf24l01Service                text15       0042D
_nrf24l01SetRXMode              text18       01733
_nrf24l01SetRXPipe              text6        01627
_nrf24l01SetTXPipe              text4        0088A
_romData                        dataBANK1    000EB
_romDataMap                     bssBANK4     00220
_sendMessage                    text10       00A31
_sleep                          text12       007DB
_sprintf                        text22       00260
_status                         bssBANK1     000E7
_statuses                       stringtext2  01834
_strcat                         text11       01691
_strcmp                         text17       016E0
_strcpy                         text14       01557
_strlen                         text16       015E8
btemp                           (abs)        0007E
clear_ram0                      clrtext      01470
doWDTSleep@wdtps                cstackBANK0  00021
enableInterrupts@enable         cstackCOMMON 00070
end_of_initialization           cinit        00032
ftoa@buf                        bssBANK2     00155
ftoa@cp                         cstackBANK1  000B2
ftoa@f                          cstackBANK1  000A6
ftoa@l                          cstackBANK1  000AE
ftoa@rem                        cstackBANK1  000AA
ftoa@status                     cstackBANK1  000A9
getADCValue@adcLoop             cstackBANK0  00051
getADCValue@adcSum              cstackBANK0  00054
getADCValue@channel             cstackBANK0  00053
i1_memset                       text56       014F0
i1_nrf24l01Send                 text47       01521
i1_nrf24l01Service              text43       005A0
i1_nrf24l01SetRXMode            text46       0166A
i1_strcmp                       text45       016B8
i1_strlen                       text44       0158E
i1memset@c                      cstackCOMMON 00072
i1memset@n                      cstackCOMMON 00074
i1memset@p                      cstackCOMMON 00076
i1memset@p1                     cstackCOMMON 00070
i1nrf24l01Send@command          cstackCOMMON 00073
i1nrf24l01Send@data             cstackCOMMON 00071
i1nrf24l01Service@i             cstackCOMMON 0007B
i1nrf24l01Service@width         cstackCOMMON 0007A
i1nrf24l01SetRXMode@rxMode      cstackCOMMON 00075
i1strcmp@r                      cstackCOMMON 00073
i1strcmp@s1                     cstackCOMMON 00074
i1strcmp@s2                     cstackCOMMON 00070
i1strlen@cp                     cstackCOMMON 00074
i1strlen@s                      cstackCOMMON 00070
int$flags                       (abs)        0007E
intlevel0                       functab      00000
intlevel1                       functab      00000
intlevel2                       functab      00000
intlevel3                       functab      00000
intlevel4                       functab      00000
intlevel5                       functab      00000
isdigit@c                       cstackBANK0  00021
loop@packet                     cstackBANK2  00130
loop@rfSetup                    cstackBANK2  0012C
loop@ta                         cstackBANK2  00123
loop@vt                         cstackBANK2  00120
main@packet                     cstackBANK1  000C6
main@pipe                       cstackBANK1  000C5
memset@c                        cstackBANK0  00022
memset@n                        cstackBANK0  00024
memset@p                        cstackBANK0  00026
memset@p1                       cstackBANK0  00020
nrf24l01GetPipe@i               cstackBANK0  0002A
nrf24l01GetPipe@name            cstackBANK0  00029
nrf24l01GetPipe@pipe            cstackBANK0  00028
nrf24l01InitRegisters@DynPD     cstackBANK0  0002E
nrf24l01InitRegisters@channel   cstackBANK0  00029
nrf24l01InitRegisters@enAA      cstackBANK0  0002D
nrf24l01InitRegisters@feature   cstackBANK0  0002B
nrf24l01InitRegisters@i         cstackBANK0  0002F
nrf24l01InitRegisters@rfSetup   cstackBANK0  0002C
nrf24l01InitRegisters@setupAW   cstackBANK0  0002A
nrf24l01SPISend@data            cstackCOMMON 00070
nrf24l01Send@command            cstackBANK0  00022
nrf24l01Send@data               cstackBANK0  00020
nrf24l01SendPacket@txPacket     cstackBANK0  0002C
nrf24l01Service@i               cstackBANK0  0002B
nrf24l01Service@width           cstackBANK0  0002A
nrf24l01SetRXMode@rxMode        cstackBANK0  00024
nrf24l01SetRXPipe@enRXAddr      cstackBANK0  00026
nrf24l01SetRXPipe@pipe          cstackBANK0  00025
nrf24l01SetTXPipe@pipe          cstackBANK0  00026
reset_vec                       reset_vec    00000
sendMessage@packet              cstackBANK1  000B9
sendMessage@status              cstackBANK1  000C1
sendMessage@topic               cstackBANK1  000BB
sendMessage@value               cstackBANK1  000BD
sleep@milliseconds              cstackBANK0  00022
sprintf@ap                      cstackBANK0  00049
sprintf@c                       cstackBANK0  00053
sprintf@f                       cstackBANK0  00038
sprintf@flag                    cstackBANK0  00048
sprintf@prec                    cstackBANK0  00051
sprintf@sp                      cstackBANK0  0004E
sprintf@val                     cstackBANK0  0004A
sprintf@width                   cstackBANK0  0004F
stackhi                         (abs)        023EF
stacklo                         (abs)        0215C
start                           init         0000F
start_initialization            cinit        00011
strcat@cp                       cstackBANK1  000B7
strcat@from                     cstackBANK1  000B5
strcat@to                       cstackBANK1  000B3
strcmp@r                        cstackBANK0  00023
strcmp@s1                       cstackBANK0  00024
strcmp@s2                       cstackBANK0  00020
strcpy@cp                       cstackBANK0  00024
strcpy@from                     cstackBANK0  00022
strcpy@to                       cstackBANK0  00020
strlen@cp                       cstackBANK0  00024
strlen@s                        cstackBANK0  00020
wtemp0                          (abs)        0007E


FUNCTION INFORMATION:

 *************** function _main *****************
 Defined at:
		line 178 in file "main.c"
 Parameters:    Size  Location     Type
		None
 Auto vars:     Size  Location     Type
  packet         33   38[BANK1 ] struct .
  pipe            1   37[BANK1 ] unsigned char 
 Return value:  Size  Location     Type
                  1    wreg      void 
 Registers used:
		wreg, fsr0l, fsr0h, fsr1l, fsr1h, status,2, status,0, pclath, cstack
 Tracked objects:
		On entry : 
		On exit  : 
		Unchanged: 
 Data sizes:     COMMON   BANK0   BANK1   BANK2   BANK3   BANK4   BANK5   BANK6   BANK7   BANK8   BANK9  BANK10  BANK11  BANK12
      Params:         0       0       0       0       0       0       0       0       0       0       0       0       0       0
      Locals:         0       0      34       0       0       0       0       0       0       0       0       0       0       0
      Temps:          0       0       1       0       0       0       0       0       0       0       0       0       0       0
      Totals:         0       0      35       0       0       0       0       0       0       0       0       0       0       0
Total ram usage:       35 bytes
 Hardware stack levels required when called:   15
 This function calls:
		___lwtoft
		_loop
		_nrf24l01GetPipe
		_nrf24l01Init
		_nrf24l01SetTXPipe
		_sendMessage
		_strcpy
 This function is called by:
		Startup code after reset
 This function uses a non-reentrant model


 *************** function _nrf24l01Init *****************
 Defined at:
		line 480 in file "nrf24l01.c"
 Parameters:    Size  Location     Type
		None
 Auto vars:     Size  Location     Type
		None
 Return value:  Size  Location     Type
                  1    wreg      void 
 Registers used:
		wreg, fsr0l, fsr0h, status,2, status,0, pclath, cstack
 Tracked objects:
		On entry : 
		On exit  : 
		Unchanged: 
 Data sizes:     COMMON   BANK0   BANK1   BANK2   BANK3   BANK4   BANK5   BANK6   BANK7   BANK8   BANK9  BANK10  BANK11  BANK12
      Params:         0       0       0       0       0       0       0       0       0       0       0       0       0       0
      Locals:         0       0       0       0       0       0       0       0       0       0       0       0       0       0
      Temps:          0       2       0       0       0       0       0       0       0       0       0       0       0       0
      Totals:         0       2       0       0       0       0       0       0       0       0       0       0       0       0
Total ram usage:        2 bytes
 Hardware stack levels used:    1
 Hardware stack levels required when called:   12
 This function calls:
		_nrf24l01CEHigh
		_nrf24l01CELow
		_nrf24l01InitRegisters
		_nrf24l01InterfaceInit
 This function is called by:
		_main
 This function uses a non-reentrant model


 *************** function _nrf24l01InterfaceInit *****************
 Defined at:
		line 27 in file "interface.c"
 Parameters:    Size  Location     Type
		None
 Auto vars:     Size  Location     Type
		None
 Return value:  Size  Location     Type
                  1    wreg      void 
 Registers used:
		wreg, status,2, status,0
 Tracked objects:
		On entry : 
		On exit  : 
		Unchanged: 
 Data sizes:     COMMON   BANK0   BANK1   BANK2   BANK3   BANK4   BANK5   BANK6   BANK7   BANK8   BANK9  BANK10  BANK11  BANK12
      Params:         0       0       0       0       0       0       0       0       0       0       0       0       0       0
      Locals:         0       0       0       0       0       0       0       0       0       0       0       0       0       0
      Temps:          0       0       0       0       0       0       0       0       0       0       0       0       0       0
      Totals:         0       0       0       0       0       0       0       0       0       0       0       0       0       0
Total ram usage:        0 bytes
 Hardware stack levels used:    1
 Hardware stack levels required when called:    7
 This function calls:
		Nothing
 This function is called by:
		_nrf24l01Init
 This function uses a non-reentrant model


 *************** function _nrf24l01InitRegisters *****************
 Defined at:
		line 380 in file "nrf24l01.c"
 Parameters:    Size  Location     Type
		None
 Auto vars:     Size  Location     Type
  i               2   15[BANK0 ] unsigned int 
  DynPD           1   14[BANK0 ] struct .
  enAA            1   13[BANK0 ] struct .
  rfSetup         1   12[BANK0 ] struct .
  feature         1   11[BANK0 ] struct .
  setupAW         1   10[BANK0 ] struct .
  channel         1    9[BANK0 ] struct .
 Return value:  Size  Location     Type
                  1    wreg      void 
 Registers used:
		wreg, fsr0l, fsr0h, status,2, status,0, pclath, cstack
 Tracked objects:
		On entry : 
		On exit  : 
		Unchanged: 
 Data sizes:     COMMON   BANK0   BANK1   BANK2   BANK3   BANK4   BANK5   BANK6   BANK7   BANK8   BANK9  BANK10  BANK11  BANK12
      Params:         0       0       0       0       0       0       0       0       0       0       0       0       0       0
      Locals:         0       8       0       0       0       0       0       0       0       0       0       0       0       0
      Temps:          0       2       0       0       0       0       0       0       0       0       0       0       0       0
      Totals:         0      10       0       0       0       0       0       0       0       0       0       0       0       0
Total ram usage:       10 bytes
 Hardware stack levels used:    1
 Hardware stack levels required when called:   11
 This function calls:
		___bmul
		_nrf24l01SPIEnd
		_nrf24l01SPISend
		_nrf24l01SPIStart
		_nrf24l01Send
		_nrf24l01SetRXPipe
		_nrf24l01SetTXPipe
 This function is called by:
		_nrf24l01Init
 This function uses a non-reentrant model


 *************** function _nrf24l01SetTXPipe *****************
 Defined at:
		line 183 in file "nrf24l01.c"
 Parameters:    Size  Location     Type
  pipe            1    wreg     unsigned char 
 Auto vars:     Size  Location     Type
  pipe            1    6[BANK0 ] unsigned char 
 Return value:  Size  Location     Type
                  1    wreg      void 
 Registers used:
		wreg, fsr0l, fsr0h, status,2, status,0, pclath, cstack
 Tracked objects:
		On entry : 
		On exit  : 
		Unchanged: 
 Data sizes:     COMMON   BANK0   BANK1   BANK2   BANK3   BANK4   BANK5   BANK6   BANK7   BANK8   BANK9  BANK10  BANK11  BANK12
      Params:         0       0       0       0       0       0       0       0       0       0       0       0       0       0
      Locals:         0       1       0       0       0       0       0       0       0       0       0       0       0       0
      Temps:          0       2       0       0       0       0       0       0       0       0       0       0       0       0
      Totals:         0       3       0       0       0       0       0       0       0       0       0       0       0       0
Total ram usage:        3 bytes
 Hardware stack levels used:    1
 Hardware stack levels required when called:    9
 This function calls:
		___bmul
		_nrf24l01SPIEnd
		_nrf24l01SPISend
		_nrf24l01SPIStart
 This function is called by:
		_main
		_nrf24l01InitRegisters
 This function uses a non-reentrant model


 *************** function ___bmul *****************
 Defined at:
		line 4 in file "C:\Program Files (x86)\Microchip\xc8\v2.00\pic\sources\c90\common\Umul8.c"
 Parameters:    Size  Location     Type
  multiplier      1    wreg     unsigned char 
  multiplicand    1    0[BANK0 ] unsigned char 
 Auto vars:     Size  Location     Type
  multiplier      1    3[BANK0 ] unsigned char 
  product         1    2[BANK0 ] unsigned char 
 Return value:  Size  Location     Type
                  1    wreg      unsigned char 
 Registers used:
		wreg, status,2, status,0
 Tracked objects:
		On entry : 
		On exit  : 
		Unchanged: 
 Data sizes:     COMMON   BANK0   BANK1   BANK2   BANK3   BANK4   BANK5   BANK6   BANK7   BANK8   BANK9  BANK10  BANK11  BANK12
      Params:         0       1       0       0       0       0       0       0       0       0       0       0       0       0
      Locals:         0       2       0       0       0       0       0       0       0       0       0       0       0       0
      Temps:          0       1       0       0       0       0       0       0       0       0       0       0       0       0
      Totals:         0       4       0       0       0       0       0       0       0       0       0       0       0       0
Total ram usage:        4 bytes
 Hardware stack levels used:    1
 Hardware stack levels required when called:    7
 This function calls:
		Nothing
 This function is called by:
		_nrf24l01SetTXPipe
		_nrf24l01InitRegisters
 This function uses a non-reentrant model


 *************** function _nrf24l01SetRXPipe *****************
 Defined at:
		line 196 in file "nrf24l01.c"
 Parameters:    Size  Location     Type
  pipe            1    wreg     unsigned char 
 Auto vars:     Size  Location     Type
  pipe            1    5[BANK0 ] unsigned char 
  enRXAddr        1    6[BANK0 ] struct .
 Return value:  Size  Location     Type
                  1    wreg      void 
 Registers used:
		wreg, status,2, status,0, pclath, cstack
 Tracked objects:
		On entry : 
		On exit  : 
		Unchanged: 
 Data sizes:     COMMON   BANK0   BANK1   BANK2   BANK3   BANK4   BANK5   BANK6   BANK7   BANK8   BANK9  BANK10  BANK11  BANK12
      Params:         0       0       0       0       0       0       0       0       0       0       0       0       0       0
      Locals:         0       2       0       0       0       0       0       0       0       0       0       0       0       0
      Temps:          0       2       0       0       0       0       0       0       0       0       0       0       0       0
      Totals:         0       4       0       0       0       0       0       0       0       0       0       0       0       0
Total ram usage:        4 bytes
 Hardware stack levels used:    1
 Hardware stack levels required when called:   10
 This function calls:
		_nrf24l01Send
 This function is called by:
		_nrf24l01InitRegisters
 This function uses a non-reentrant model


 *************** function _nrf24l01GetPipe *****************
 Defined at:
		line 166 in file "main.c"
[...]
 This function calls:
		_enableInterrupts
		_nrf24l01SPIEnd
		_nrf24l01SPISend
		_nrf24l01SPIStart
 This function is called by:
		_nrf24l01ISR
		i1_nrf24l01SetRXMode
		i1_nrf24l01Service
 This function uses a non-reentrant model


 *************** function _nrf24l01SPIStart *****************
 Defined at:
		line 64 in file "interface.c"
 Parameters:    Size  Location     Type
		None
 Auto vars:     Size  Location     Type
		None
 Return value:  Size  Location     Type
                  1    wreg      void 
 Registers used:
		wreg, status,2, status,0, pclath, cstack
 Tracked objects:
		On entry : 
		On exit  : 
		Unchanged: 
 Data sizes:     COMMON   BANK0   BANK1   BANK2   BANK3   BANK4   BANK5   BANK6   BANK7   BANK8   BANK9  BANK10  BANK11  BANK12
      Params:         0       0       0       0       0       0       0       0       0       0       0       0       0       0
      Locals:         0       0       0       0       0       0       0       0       0       0       0       0       0       0
      Temps:          0       0       0       0       0       0       0       0       0       0       0       0       0       0
      Totals:         0       0       0       0       0       0       0       0       0       0       0       0       0       0
Total ram usage:        0 bytes
 Hardware stack levels used:    1
 Hardware stack levels required when called:    8
 This function calls:
		_nrf24l01CSLow
 This function is called by:
		_nrf24l01Send
		_nrf24l01SetTXPipe
		_nrf24l01Service
		_nrf24l01InitRegisters
		i1_nrf24l01Send
		i1_nrf24l01Service
 This function uses a non-reentrant model


 *************** function _nrf24l01CSLow *****************
 Defined at:
		line 17 in file "interface.c"
 Parameters:    Size  Location     Type
		None
 Auto vars:     Size  Location     Type
		None
 Return value:  Size  Location     Type
                  1    wreg      void 
 Registers used:
		None
 Tracked objects:
		On entry : 
		On exit  : 
		Unchanged: 
 Data sizes:     COMMON   BANK0   BANK1   BANK2   BANK3   BANK4   BANK5   BANK6   BANK7   BANK8   BANK9  BANK10  BANK11  BANK12
      Params:         0       0       0       0       0       0       0       0       0       0       0       0       0       0
      Locals:         0       0       0       0       0       0       0       0       0       0       0       0       0       0
      Temps:          0       0       0       0       0       0       0       0       0       0       0       0       0       0
      Totals:         0       0       0       0       0       0       0       0       0       0       0       0       0       0
Total ram usage:        0 bytes
 Hardware stack levels used:    1
 Hardware stack levels required when called:    7
 This function calls:
		Nothing
 This function is called by:
		_nrf24l01SPIStart
 This function uses a non-reentrant model


 *************** function _nrf24l01SPISend *****************
 Defined at:
		line 51 in file "interface.c"
 Parameters:    Size  Location     Type
  data            1    wreg     unsigned char 
 Auto vars:     Size  Location     Type
  data            1    0[COMMON] unsigned char 
 Return value:  Size  Location     Type
                  1    wreg      unsigned char 
 Registers used:
		wreg
 Tracked objects:
		On entry : 
		On exit  : 
		Unchanged: 
 Data sizes:     COMMON   BANK0   BANK1   BANK2   BANK3   BANK4   BANK5   BANK6   BANK7   BANK8   BANK9  BANK10  BANK11  BANK12
      Params:         0       0       0       0       0       0       0       0       0       0       0       0       0       0
      Locals:         0       0       0       0       0       0       0       0       0       0       0       0       0       0
      Temps:          0       0       0       0       0       0       0       0       0       0       0       0       0       0
      Totals:         0       0       0       0       0       0       0       0       0       0       0       0       0       0
Total ram usage:        0 bytes
 Hardware stack levels used:    1
 Hardware stack levels required when called:    7
 This function calls:
		Nothing
 This function is called by:
		_nrf24l01Send
		_nrf24l01SetTXPipe
		_nrf24l01Service
		_nrf24l01InitRegisters
		i1_nrf24l01Send
		i1_nrf24l01Service
 This function uses a non-reentrant model


 *************** function _nrf24l01SPIEnd *****************
 Defined at:
		line 70 in file "interface.c"
 Parameters:    Size  Location     Type
		None
 Auto vars:     Size  Location     Type
		None
 Return value:  Size  Location     Type
                  1    wreg      void 
 Registers used:
		wreg, status,2, status,0, pclath, cstack
 Tracked objects:
		On entry : 
		On exit  : 
		Unchanged: 
 Data sizes:     COMMON   BANK0   BANK1   BANK2   BANK3   BANK4   BANK5   BANK6   BANK7   BANK8   BANK9  BANK10  BANK11  BANK12
      Params:         0       0       0       0       0       0       0       0       0       0       0       0       0       0
      Locals:         0       0       0       0       0       0       0       0       0       0       0       0       0       0
      Temps:          0       0       0       0       0       0       0       0       0       0       0       0       0       0
      Totals:         0       0       0       0       0       0       0       0       0       0       0       0       0       0
Total ram usage:        0 bytes
 Hardware stack levels used:    1
 Hardware stack levels required when called:    8
 This function calls:
		_nrf24l01CSHigh
 This function is called by:
		_nrf24l01Send
		_nrf24l01SetTXPipe
		_nrf24l01Service
		_nrf24l01InitRegisters
		i1_nrf24l01Send
		i1_nrf24l01Service
 This function uses a non-reentrant model


 *************** function _nrf24l01CSHigh *****************
 Defined at:
		line 22 in file "interface.c"
 Parameters:    Size  Location     Type
		None
 Auto vars:     Size  Location     Type
		None
 Return value:  Size  Location     Type
                  1    wreg      void 
 Registers used:
		None
 Tracked objects:
		On entry : 
		On exit  : 
		Unchanged: 
 Data sizes:     COMMON   BANK0   BANK1   BANK2   BANK3   BANK4   BANK5   BANK6   BANK7   BANK8   BANK9  BANK10  BANK11  BANK12
      Params:         0       0       0       0       0       0       0       0       0       0       0       0       0       0
      Locals:         0       0       0       0       0       0       0       0       0       0       0       0       0       0
      Temps:          0       0       0       0       0       0       0       0       0       0       0       0       0       0
      Totals:         0       0       0       0       0       0       0       0       0       0       0       0       0       0
Total ram usage:        0 bytes
 Hardware stack levels used:    1
 Hardware stack levels required when called:    7
 This function calls:
		Nothing
 This function is called by:
		_nrf24l01SPIEnd
 This function uses a non-reentrant model


 *************** function _enableInterrupts *****************
 Defined at:
		line 76 in file "interface.c"
 Parameters:    Size  Location     Type
  enable          1    wreg     unsigned char 
 Auto vars:     Size  Location     Type
  enable          1    0[COMMON] unsigned char 
 Return value:  Size  Location     Type
                  1    wreg      void 
 Registers used:
		wreg, status,0
 Tracked objects:
		On entry : 
		On exit  : 
		Unchanged: 
 Data sizes:     COMMON   BANK0   BANK1   BANK2   BANK3   BANK4   BANK5   BANK6   BANK7   BANK8   BANK9  BANK10  BANK11  BANK12
      Params:         0       0       0       0       0       0       0       0       0       0       0       0       0       0
      Locals:         0       0       0       0       0       0       0       0       0       0       0       0       0       0
      Temps:          0       0       0       0       0       0       0       0       0       0       0       0       0       0
      Totals:         0       0       0       0       0       0       0       0       0       0       0       0       0       0
Total ram usage:        0 bytes
 Hardware stack levels used:    1
 Hardware stack levels required when called:    7
 This function calls:
		Nothing
 This function is called by:
		_nrf24l01Send
		i1_nrf24l01Send
 This function uses a non-reentrant model


 *************** function _nrf24l01CELow *****************
 Defined at:
		line 7 in file "interface.c"
 Parameters:    Size  Location     Type
		None
 Auto vars:     Size  Location     Type
		None
 Return value:  Size  Location     Type
                  1    wreg      void 
 Registers used:
		None
 Tracked objects:
		On entry : 
		On exit  : 
		Unchanged: 
 Data sizes:     COMMON   BANK0   BANK1   BANK2   BANK3   BANK4   BANK5   BANK6   BANK7   BANK8   BANK9  BANK10  BANK11  BANK12
      Params:         0       0       0       0       0       0       0       0       0       0       0       0       0       0
      Locals:         0       0       0       0       0       0       0       0       0       0       0       0       0       0
      Temps:          0       0       0       0       0       0       0       0       0       0       0       0       0       0
      Totals:         0       0       0       0       0       0       0       0       0       0       0       0       0       0
Total ram usage:        0 bytes
 Hardware stack levels used:    1
 Hardware stack levels required when called:    7
 This function calls:
		Nothing
 This function is called by:
		_nrf24l01SetRXMode
		_nrf24l01Service
		_nrf24l01Init
		i1_nrf24l01SetRXMode
		i1_nrf24l01Service
 This function uses a non-reentrant model


 *************** function _nrf24l01CEHigh *****************
 Defined at:
		line 12 in file "interface.c"
 Parameters:    Size  Location     Type
		None
 Auto vars:     Size  Location     Type
		None
 Return value:  Size  Location     Type
                  1    wreg      void 
 Registers used:
		None
 Tracked objects:
		On entry : 
		On exit  : 
		Unchanged: 
 Data sizes:     COMMON   BANK0   BANK1   BANK2   BANK3   BANK4   BANK5   BANK6   BANK7   BANK8   BANK9  BANK10  BANK11  BANK12
      Params:         0       0       0       0       0       0       0       0       0       0       0       0       0       0
      Locals:         0       0       0       0       0       0       0       0       0       0       0       0       0       0
      Temps:          0       0       0       0       0       0       0       0       0       0       0       0       0       0
      Totals:         0       0       0       0       0       0       0       0       0       0       0       0       0       0
Total ram usage:        0 bytes
 Hardware stack levels used:    1
 Hardware stack levels required when called:    7
 This function calls:
		Nothing
 This function is called by:
		_nrf24l01SetRXMode
		_nrf24l01Service
		_nrf24l01Init
		i1_nrf24l01SetRXMode
		i1_nrf24l01Service
 This function uses a non-reentrant model


 *************** function i1_memset *****************
 Defined at:
		line 8 in file "C:\Program Files (x86)\Microchip\xc8\v2.00\pic\sources\c90\common\memset.c"
 Parameters:    Size  Location     Type
  p1              2    0[COMMON] PTR void 
		 -> RXPacket(33), main@packet(33), loop@packet(33), 
  c               2    2[COMMON] int 
  n               2    4[COMMON] unsigned int 
 Auto vars:     Size  Location     Type
  memset          2    6[COMMON] PTR unsigned char 
		 -> RXPacket(33), main@packet(33), loop@packet(33), 
 Return value:  Size  Location     Type
                  1    wreg      PTR void 
 Registers used:
		wreg, fsr1l, fsr1h, status,2, status,0
 Tracked objects:
		On entry : 
		On exit  : 
		Unchanged: 
 Data sizes:     COMMON   BANK0   BANK1   BANK2   BANK3   BANK4   BANK5   BANK6   BANK7   BANK8   BANK9  BANK10  BANK11  BANK12
      Params:         6       0       0       0       0       0       0       0       0       0       0       0       0       0
      Locals:         2       0       0       0       0       0       0       0       0       0       0       0       0       0
      Temps:          0       0       0       0       0       0       0       0       0       0       0       0       0       0
      Totals:         8       0       0       0       0       0       0       0       0       0       0       0       0       0
Total ram usage:        8 bytes
 Hardware stack levels used:    1
 This function calls:
		Nothing
 This function is called by:
		i1_nrf24l01Service
 This function uses a non-reentrant model



MODULE INFORMATION

Module		Function		Class		Link	Load	Size
C:\Program Files (x86)\Microchip\xc8\v2.00\pic\sources\c90\common\ftneg.c
		___ftneg       		CODE           	148D	0000	10

C:\Program Files (x86)\Microchip\xc8\v2.00\pic\sources\c90\common\ftneg.c estimated size: 10

C:\Program Files (x86)\Microchip\xc8\v2.00\pic\sources\c90\common\ftsub.c
		___ftsub       		CODE           	15AC	0000	31

C:\Program Files (x86)\Microchip\xc8\v2.00\pic\sources\c90\common\ftsub.c estimated size: 31

C:\Program Files (x86)\Microchip\xc8\v2.00\pic\sources\c90\common\float.c
		___ftpack      		CODE           	09CC	0000	102

C:\Program Files (x86)\Microchip\xc8\v2.00\pic\sources\c90\common\float.c estimated size: 102

C:\Program Files (x86)\Microchip\xc8\v2.00\pic\sources\c90\common\lwmod.c
		___lwmod       		CODE           	175F	0000	46

C:\Program Files (x86)\Microchip\xc8\v2.00\pic\sources\c90\common\lwmod.c estimated size: 46

C:\Program Files (x86)\Microchip\xc8\v2.00\pic\sources\c90\common\doprnt.c
		_sprintf       		CODE           	0260	0000	462

C:\Program Files (x86)\Microchip\xc8\v2.00\pic\sources\c90\common\doprnt.c estimated size: 462

C:\Program Files (x86)\Microchip\xc8\v2.00\pic\sources\c90\common\llmod.c
		___llmod       		CODE           	0804	0000	68

C:\Program Files (x86)\Microchip\xc8\v2.00\pic\sources\c90\common\llmod.c estimated size: 68

C:\Program Files (x86)\Microchip\xc8\v2.00\pic\sources\c90\common\Umul16.c
		___wmul        		CODE           	1572	0000	29

C:\Program Files (x86)\Microchip\xc8\v2.00\pic\sources\c90\common\Umul16.c estimated size: 29

C:\Program Files (x86)\Microchip\xc8\v2.00\pic\sources\c90\common\ftmul.c
		___ftmul       		CODE           	0D3C	0000	181

C:\Program Files (x86)\Microchip\xc8\v2.00\pic\sources\c90\common\ftmul.c estimated size: 181

C:\Program Files (x86)\Microchip\xc8\v2.00\pic\sources\c90\common\ftdiv.c
		___ftdiv       		CODE           	0C93	0000	170

C:\Program Files (x86)\Microchip\xc8\v2.00\pic\sources\c90\common\ftdiv.c estimated size: 170

C:\Program Files (x86)\Microchip\xc8\v2.00\pic\sources\c90\common\__lldiv.c
		___lldiv       		CODE           	0916	0000	84

C:\Program Files (x86)\Microchip\xc8\v2.00\pic\sources\c90\common\__lldiv.c estimated size: 84

C:\Program Files (x86)\Microchip\xc8\v2.00\pic\sources\c90\common\ftoa.c
		_ftoa          		CODE           	0DF0	0000	243

C:\Program Files (x86)\Microchip\xc8\v2.00\pic\sources\c90\common\ftoa.c estimated size: 243

C:\Program Files (x86)\Microchip\xc8\v2.00\pic\sources\c90\common\isdigit.c
		_isdigit       		CODE           	14A3	0000	16

C:\Program Files (x86)\Microchip\xc8\v2.00\pic\sources\c90\common\isdigit.c estimated size: 16

C:\Program Files (x86)\Microchip\xc8\v2.00\pic\sources\c90\common\Umul8.c
		___bmul        		CODE           	14B2	0000	19

C:\Program Files (x86)\Microchip\xc8\v2.00\pic\sources\c90\common\Umul8.c estimated size: 19

C:\Program Files (x86)\Microchip\xc8\v2.00\pic\sources\c90\common\strcat.c
		_strcat        		CODE           	1691	0000	40

C:\Program Files (x86)\Microchip\xc8\v2.00\pic\sources\c90\common\strcat.c estimated size: 40

shared
		i1_nrf24l01Send		CODE           	1521	0000	28
		_statuses      		STRCODE        	1834	0000	11
		_dpowers       		STRCODE        	1800	0000	41
		i1_strcmp      		CODE           	16B8	0000	41
		i1_nrf24l01SetRXMode		CODE           	166A	0000	40
		_n_ADDRESS_P0  		STRCODE        	184B	0000	6
		_n_ADDRESS_MUL 		STRCODE        	1828	0000	2
		__initialization		CODE           	0011	0000	34
		i1_strlen      		CODE           	158E	0000	31
		i1_memset      		CODE           	14F0	0000	25
		i1_nrf24l01Service		CODE           	05A0	0000	326

shared estimated size: 585

interface.c
		_nrf24l01SPISend		CODE           	1496	0000	14
		_nrf24l01CELow 		CODE           	146D	0000	4
		_nrf24l01CSLow 		CODE           	07FD	0000	4
		_nrf24l01SPIStart		CODE           	1485	0000	9
		_nrf24l01SPIEnd		CODE           	1476	0000	8
		_nrf24l01CEHigh		CODE           	146A	0000	4
		_nrf24l01CSHigh		CODE           	0801	0000	4
		_enableInterrupts		CODE           	147D	0000	9
		_nrf24l01InterfaceInit		CODE           	15CA	0000	31

interface.c estimated size: 87

C:\Program Files (x86)\Microchip\xc8\v2.00\pic\sources\c90\common\fttol.c
		___fttol       		CODE           	0B4E	0000	160

C:\Program Files (x86)\Microchip\xc8\v2.00\pic\sources\c90\common\fttol.c estimated size: 160

C:\Program Files (x86)\Microchip\xc8\v2.00\pic\sources\c90\common\strlen.c
		_strlen        		CODE           	15E8	0000	32

C:\Program Files (x86)\Microchip\xc8\v2.00\pic\sources\c90\common\strlen.c estimated size: 32

C:\Program Files (x86)\Microchip\xc8\v2.00\pic\sources\c90\common\ftge.c
		___ftge        		CODE           	17C4	0000	61

C:\Program Files (x86)\Microchip\xc8\v2.00\pic\sources\c90\common\ftge.c estimated size: 61

C:\Program Files (x86)\Microchip\xc8\v2.00\pic\sources\c90\common\ftadd.c
		___ftadd       		CODE           	06E5	0000	247

C:\Program Files (x86)\Microchip\xc8\v2.00\pic\sources\c90\common\ftadd.c estimated size: 247

C:\Program Files (x86)\Microchip\xc8\v2.00\pic\sources\c90\common\strcmp.c
		_strcmp        		CODE           	16E0	0000	42

C:\Program Files (x86)\Microchip\xc8\v2.00\pic\sources\c90\common\strcmp.c estimated size: 42

C:\Program Files (x86)\Microchip\xc8\v2.00\pic\sources\c90\common\awtoft.c
		___awtoft      		CODE           	1648	0000	35

C:\Program Files (x86)\Microchip\xc8\v2.00\pic\sources\c90\common\awtoft.c estimated size: 35

C:\Program Files (x86)\Microchip\xc8\v2.00\pic\sources\c90\common\strcpy.c
		_strcpy        		CODE           	1557	0000	28

C:\Program Files (x86)\Microchip\xc8\v2.00\pic\sources\c90\common\strcpy.c estimated size: 28

nrf24l01.c
		_nrf24l01Service		CODE           	042D	0000	372
		_nrf24l01SendPacket		CODE           	08CE	0000	73
		_nrf24l01InitRegisters		CODE           	0EE2	0000	287
		_nrf24l01ISR   		CODE           	0969	0000	100
		_nrf24l01Send  		CODE           	1607	0000	33
		_nrf24l01Init  		CODE           	0847	0000	68
		_nrf24l01SetRXMode		CODE           	1733	0000	45
		_nrf24l01SetRXPipe		CODE           	1627	0000	34
		_nrf24l01SetTXPipe		CODE           	088A	0000	69

nrf24l01.c estimated size: 1081

C:\Program Files (x86)\Microchip\xc8\v2.00\pic\sources\c90\common\lbtoft.c
		___lbtoft      		CODE           	153C	0000	28

C:\Program Files (x86)\Microchip\xc8\v2.00\pic\sources\c90\common\lbtoft.c estimated size: 28

C:\Program Files (x86)\Microchip\xc8\v2.00\pic\sources\c90\common\memset.c
		_memset        		CODE           	1508	0000	26

C:\Program Files (x86)\Microchip\xc8\v2.00\pic\sources\c90\common\memset.c estimated size: 26

main.c
		_loop          		CODE           	0036	0000	555
		_nrf24l01GetPipe		CODE           	178C	0000	57
		_ISR           		CODE           	0004	0000	12
		_main          		CODE           	0ABB	0000	148
		_doWDTSleep    		CODE           	14D9	0000	24
		_getADCValue   		CODE           	0BED	0000	167
		_sleep         		CODE           	07DB	0000	35
		_sendMessage   		CODE           	0A31	0000	139

main.c estimated size: 1137

C:\Program Files (x86)\Microchip\xc8\v2.00\pic\sources\c90\common\lwtoft.c
		___lwtoft      		CODE           	14C4	0000	22

C:\Program Files (x86)\Microchip\xc8\v2.00\pic\sources\c90\common\lwtoft.c estimated size: 22

C:\Program Files (x86)\Microchip\xc8\v2.00\pic\sources\c90\common\lltoft.c
		___lltoft      		CODE           	1709	0000	43

C:\Program Files (x86)\Microchip\xc8\v2.00\pic\sources\c90\common\lltoft.c estimated size: 43

