Microchip MPLAB XC8 Compiler V2.00 ()

Linker command line:

-W-3 --edf=C:\Program Files (x86)\Microchip\xc8\v2.00\pic\dat\en_msgs.txt \
  -cs -h+dist/default/production\nRF24L01__PIC16LF1825.X.X.production.sym \
  --cmf=dist/default/production\nRF24L01__PIC16LF1825.X.X.production.cmf -z \
  -Q16LF18325 -oC:\Users\Leon\AppData\Local\Temp\seb4.2 \
  --defsym=__MPLAB_BUILD=1 \
  -Mdist/default/production/nRF24L01__PIC16LF1825.X.X.production.map -E1 \
  -ver=XC8 -ASTACK=0215Ch-023efh -pstack=STACK -ACODE=00h-07FFhx4 \
  -ASTRCODE=00h-01FFFh -ASTRING=00h-0FFhx32 -ACONST=00h-0FFhx32 \
  -AENTRY=00h-0FFhx32 -ACOMMON=070h-07Fh -ABANK0=020h-06Fh \
  -ABANK1=0A0h-0EFh -ABANK2=0120h-016Fh -ABANK3=01A0h-01EFh \
  -ABANK4=0220h-026Fh -ABANK5=02A0h-02EFh -ABANK6=0320h-036Fh \
  -ABANK7=03A0h-03EFh -ABANK8=0420h-046Fh -ABANK9=04A0h-04EFh \
  -ABANK10=0520h-056Fh -ABANK11=05A0h-05EFh -ABANK12=0620h-064Fh \
  -ABIGRAM=02000h-023EFh \
  -ARAM=020h-06Fh,0A0h-0EFh,0120h-016Fh,01A0h-01EFh,0220h-026Fh,02A0h-02EFh,0320h-036Fh,03A0h-03EFh,0420h-046Fh,04A0h-04EFh,0520h-056Fh,05A0h-05EFh,0620h-064Fh \
  -AABS1=020h-07Fh,0A0h-0EFh,0120h-016Fh,01A0h-01EFh,0220h-026Fh,02A0h-02EFh,0320h-036Fh,03A0h-03EFh,0420h-046Fh,04A0h-04EFh,0520h-056Fh,05A0h-05EFh,0620h-064Fh \
  -ASFR0=00h-01Fh -ASFR1=080h-09Fh -ASFR2=0100h-011Fh -ASFR3=0180h-019Fh \
  -ASFR4=0200h-021Fh -ASFR5=0280h-029Fh -ASFR6=0300h-031Fh \
  -ASFR7=0380h-039Fh -ASFR8=0400h-041Fh -ASFR9=0480h-049Fh \
  -ASFR10=0500h-051Fh -ASFR11=0580h-059Fh -ASFR12=0600h-061Fh \
  -ASFR13=0680h-06EFh -ASFR14=0700h-076Fh -ASFR15=0780h-07EFh \
  -ASFR16=0800h-086Fh -ASFR17=0880h-08EFh -ASFR18=0900h-096Fh \
  -ASFR19=0980h-09EFh -ASFR20=0A00h-0A6Fh -ASFR21=0A80h-0AEFh \
  -ASFR22=0B00h-0B6Fh -ASFR23=0B80h-0BEFh -ASFR24=0C00h-0C6Fh \
  -ASFR25=0C80h-0CEFh -ASFR26=0D00h-0D6Fh -ASFR27=0D80h-0DEFh \
  -ASFR28=0E00h-0E6Fh -ASFR29=0E80h-0EEFh -ASFR30=0F00h-0F6Fh \
  -ASFR31=0F80h-0FEFh -preset_vec=00h,intentry=04h,init,end_init \
  -ppowerup=CODE -pcinit=CODE -pfunctab=ENTRY -ACONFIG=08007h-0800Ah \
  -pconfig=CONFIG -DCONFIG=2 -AIDLOC=08000h-08003h -pidloc=IDLOC -DIDLOC=2 \
  -AEEDATA=00h-0FFh/0F000h -peeprom_data=EEDATA -DEEDATA=2 -DCODE=2 \
  -DSTRCODE=2 -DSTRING=2 -DCONST=2 -DENTRY=2 -k \
  C:\Users\Leon\AppData\Local\Temp\seb4.o \
  dist/default/production\nRF24L01__PIC16LF1825.X.X.production.o 

Object code version is 3.11

Machine type is 16LF18325



                Name                               Link     Load   Length Selector   Space Scale
C:\Users\Leon\AppData\Local\Temp\seb4.o
                end_init                             1C       1C        2        8       0
                reset_vec                             0        0        2        0       0
                config                             8007     8007        4    1000E       0
dist/default/production\nRF24L01__PIC16LF1825.X.X.production.o
                cinit                                1E       1E       22        8       0
                intentry                              4        4       18        8       0
                text54                             1C76     1C76        8     38EC       0
                text53                             1C67     1C67        3     38CE       0
                text52                             1C7E     1C7E        8     38FC       0
                text51                             1C93     1C93       11     3926       0
                text50                             1C6A     1C6A        3     38D4       0
                text49                             1003     1003        8     2006       0
                text48                             1D1C     1D1C       1D     3A38       0
                text47                             1056     1056       4F     20AC       0
                text45                             1274     1274       7D     24E8       0
                text44                             1CB8     1CB8       17     3970       0
                text43                             1D39     1D39       1D     3A72       0
                text42                             1E42     1E42       27     3C84       0
                text41                             16CF     16CF      131     2D9E       0
                text40                              748      748       B8        8       0
                text39                             1CCF     1CCF       17     399E       0
                text38                             1436     1436       B4     286C       0
                text37                             1CA4     1CA4       14     3948       0
                text36                             100B     100B       4B     2016       0
                text35                             1C86     1C86        D     390C       0
                text34                             1DD8     1DD8       23     3BB0       0
                text33                             12F1     12F1       9F     25E2       0
                text32                             11A8     11A8       62     2350       0
                text31                             10A5     10A5       52     214A       0
                text30                             1E90     1E90       30     3D20       0
                text29                              8FA      8FA      13B     11F4       0
                text28                              826      826       D4     104C       0
                text27                             14EA     14EA       CA     29D4       0
                text26                             1F77     1F77       44     3EEE       0
                text25                             1EC0     1EC0       3C     3D80       0
                text24                             1DFB     1DFB       23     3BF6       0
                text23                              58C      58C      1BC        8       0
                text22                             120A     120A       6A     2414       0
                text21                             114A     114A       5E     2294       0
                text20                              D20      D20      2E0     1A40       0
                text19                               40       40      54C        8       0
                text18                             1D56     1D56       1D     3AAC       0
                text17                             1D94     1D94       22     3B28       0
                text16                             1C6D     1C6D        3     38DA       0
                text15                             1000     1000        3     1A40       0
                text14                             1DB6     1DB6       22     3B6C       0
                text13                             10F7     10F7       53     21EE       0
                text12                             1E1E     1E1E       24     3C3C       0
                text11                              A35      A35      160     146A       0
                text10                             1E69     1E69       27     3CD2       0
                text9                               B95      B95      18B     172A       0
                text8                              1F39     1F39       3E     3E72       0
                text7                               801      801       25     1002       0
                text6                              1CE6     1CE6       1A     39CC       0
                text5                              1FBB     1FBB       45     3F76       0
                text4                              15B4     15B4      11B     2B68       0
                text3                              1D00     1D00       1C     3A00       0
                text2                              1EFC     1EFC       3D     3DF8       0
                text1                              1D73     1D73       21     3AE6       0
                maintext                           1390     1390       A6     2720       0
                cstackBANK0                          20       20       50       20       1
                cstackCOMMON                         70       70        6       70       1
                cstackBANK1                          A0       A0       48       A0       1
                cstackBANK2                         120      120       31      120       1
                cstackBANK3                         1A0      1A0       22      1A0       1
                clrtext                            1C70     1C70        6     38E0       0
                bssBANK4                            220      220       1C      220       1
                bssBANK3                            1C2      1C2       21      1A0       1
                bssBANK2                            151      151        4      120       1
                dataBANK1                            E8       E8        1       A0       1
                bssCOMMON                            76       76        4       70       1
                stringtext14                       18B8     18B8        4     3000       0
                stringtext13                       18B4     18B4        4     3000       0
                stringtext12                       18AF     18AF        5     3000       0
                stringtext11                       18AA     18AA        5     3000       0
                stringtext10                       18A5     18A5        5     3000       0
                stringtext9                        189A     189A        6     3000       0
                stringtext8                        1893     1893        7     3000       0
                stringtext7                        188C     188C        7     3000       0
                stringtext6                        1881     1881        B     3000       0
                stringtext5                        18A0     18A0        5     3000       0
                stringtext4                        1876     1876        B     3000       0
                stringtext3                        184F     184F       27     3000       0
                stringtext2                        1828     1828       27     3000       0
                stringtext1                        1800     1800       28     3000       0
                idataBANK1                            3        3        1        6       0

TOTAL           Name                               Link     Load   Length     Space
        CLASS   STACK          

        CLASS   CODE           
                end_init                             1C       1C        2         0
                cinit                                1E       1E       22         0
                intentry                              4        4       18         0
                reset_vec                             0        0        2         0
                text54                             1C76     1C76        8         0
                text53                             1C67     1C67        3         0
                text52                             1C7E     1C7E        8         0
                text51                             1C93     1C93       11         0
                text50                             1C6A     1C6A        3         0
                text49                             1003     1003        8         0
                text48                             1D1C     1D1C       1D         0
                text47                             1056     1056       4F         0
                text45                             1274     1274       7D         0
                text44                             1CB8     1CB8       17         0
                text43                             1D39     1D39       1D         0
                text42                             1E42     1E42       27         0
                text41                             16CF     16CF      131         0
                text40                              748      748       B8         0
                text39                             1CCF     1CCF       17         0
                text38                             1436     1436       B4         0
                text37                             1CA4     1CA4       14         0
                text36                             100B     100B       4B         0
                text35                             1C86     1C86        D         0
                text34                             1DD8     1DD8       23         0
                text33                             12F1     12F1       9F         0
                text32                             11A8     11A8       62         0
                text31                             10A5     10A5       52         0
                text30                             1E90     1E90       30         0
                text29                              8FA      8FA      13B         0
                text28                              826      826       D4         0
                text27                             14EA     14EA       CA         0
                text26                             1F77     1F77       44         0
                text25                             1EC0     1EC0       3C         0
                text24                             1DFB     1DFB       23         0
                text23                              58C      58C      1BC         0
                text22                             120A     120A       6A         0
                text21                             114A     114A       5E         0
                text20                              D20      D20      2E0         0
                text19                               40       40      54C         0
                text18                             1D56     1D56       1D         0
                text17                             1D94     1D94       22         0
                text16                             1C6D     1C6D        3         0
                text15                             1000     1000        3         0
                text14                             1DB6     1DB6       22         0
                text13                             10F7     10F7       53         0
                text12                             1E1E     1E1E       24         0
                text11                              A35      A35      160         0
                text10                             1E69     1E69       27         0
                text9                               B95      B95      18B         0
                text8                              1F39     1F39       3E         0
                text7                               801      801       25         0
                text6                              1CE6     1CE6       1A         0
                text5                              1FBB     1FBB       45         0
                text4                              15B4     15B4      11B         0
                text3                              1D00     1D00       1C         0
                text2                              1EFC     1EFC       3D         0
                text1                              1D73     1D73       21         0
                maintext                           1390     1390       A6         0
                clrtext                            1C70     1C70        6         0
                idataBANK1                            3        3        1         0

        CLASS   STRCODE        
                stringtext14                       18B8     18B8        4         0
                stringtext13                       18B4     18B4        4         0
                stringtext12                       18AF     18AF        5         0
                stringtext11                       18AA     18AA        5         0
                stringtext10                       18A5     18A5        5         0
                stringtext9                        189A     189A        6         0
                stringtext8                        1893     1893        7         0
                stringtext7                        188C     188C        7         0
                stringtext6                        1881     1881        B         0
                stringtext5                        18A0     18A0        5         0
                stringtext4                        1876     1876        B         0
                stringtext3                        184F     184F       27         0
                stringtext2                        1828     1828       27         0
                stringtext1                        1800     1800       28         0

        CLASS   STRING         

        CLASS   CONST          

        CLASS   ENTRY          

        CLASS   COMMON         
                cstackCOMMON                         70       70        6         1
                bssCOMMON                            76       76        4         1

        CLASS   BANK0          
                cstackBANK0                          20       20       50         1

        CLASS   BANK1          
                cstackBANK1                          A0       A0       48         1
                dataBANK1                            E8       E8        1         1

        CLASS   BANK2          
                cstackBANK2                         120      120       31         1
                bssBANK2                            151      151        4         1

        CLASS   BANK3          
                cstackBANK3                         1A0      1A0       22         1
                bssBANK3                            1C2      1C2       21         1

        CLASS   BANK4          
                bssBANK4                            220      220       1C         1

        CLASS   BANK5          

        CLASS   BANK6          

        CLASS   BANK7          

        CLASS   BANK8          

        CLASS   BANK9          

        CLASS   BANK10         

        CLASS   BANK11         

        CLASS   BANK12         

        CLASS   BIGRAM         

        CLASS   RAM            

        CLASS   ABS1           
                abs_s1                               7E       7E        2         1

        CLASS   SFR0           

        CLASS   SFR1           

        CLASS   SFR2           

        CLASS   SFR3           

        CLASS   SFR4           

        CLASS   SFR5           

        CLASS   SFR6           

        CLASS   SFR7           

        CLASS   SFR8           

        CLASS   SFR9           

        CLASS   SFR10          

        CLASS   SFR11          

        CLASS   SFR12          

        CLASS   SFR13          

        CLASS   SFR14          

        CLASS   SFR15          

        CLASS   SFR16          

        CLASS   SFR17          

        CLASS   SFR18          

        CLASS   SFR19          

        CLASS   SFR20          

        CLASS   SFR21          

        CLASS   SFR22          

        CLASS   SFR23          

        CLASS   SFR24          

        CLASS   SFR25          

        CLASS   SFR26          

        CLASS   SFR27          

        CLASS   SFR28          

        CLASS   SFR29          

        CLASS   SFR30          

        CLASS   SFR31          

        CLASS   CONFIG         
                config                             8007     8007        4         0

        CLASS   IDLOC          

        CLASS   EEDATA         

        CLASS   BANK31         

        CLASS   BANK30         

        CLASS   BANK29         

        CLASS   BANK28         

        CLASS   BANK27         

        CLASS   BANK26         

        CLASS   BANK25         

        CLASS   BANK24         

        CLASS   BANK23         

        CLASS   BANK22         

        CLASS   BANK21         

        CLASS   BANK20         

        CLASS   BANK19         

        CLASS   BANK18         

        CLASS   BANK17         

        CLASS   BANK16         

        CLASS   BANK15         

        CLASS   BANK14         

        CLASS   BANK13         



SEGMENTS        Name                           Load    Length   Top    Selector   Space  Class     Delta

                reset_vec                      000000  000002  000002         0       0  CODE        2
                idataBANK1                     000003  000001  000004         6       0  CODE        2
                intentry                       000004  0007FC  000800         8       0  CODE        2
                cstackBANK0                    000020  000050  000070        20       1  BANK0       1
                cstackCOMMON                   000070  00000A  00007A        70       1  COMMON      1
                cstackBANK1                    0000A0  000049  0000E9        A0       1  BANK1       1
                cstackBANK2                    000120  000035  000155       120       1  BANK2       1
                cstackBANK3                    0001A0  000043  0001E3       1A0       1  BANK3       1
                bssBANK4                       000220  00001C  00023C       220       1  BANK4       1
                text7                          000801  000025  000826      1002       0  CODE        2
                text28                         000826  0000D4  0008FA      104C       0  CODE        2
                text29                         0008FA  00013B  000A35      11F4       0  CODE        2
                text11                         000A35  000160  000B95      146A       0  CODE        2
                text9                          000B95  00018B  000D20      172A       0  CODE        2
                text20                         000D20  0002E3  001003      1A40       0  CODE        2
                text49                         001003  000008  00100B      2006       0  CODE        2
                text36                         00100B  00004B  001056      2016       0  CODE        2
                text47                         001056  00004F  0010A5      20AC       0  CODE        2
                text31                         0010A5  000052  0010F7      214A       0  CODE        2
                text13                         0010F7  000053  00114A      21EE       0  CODE        2
                text21                         00114A  00005E  0011A8      2294       0  CODE        2
                text32                         0011A8  000062  00120A      2350       0  CODE        2
                text22                         00120A  00006A  001274      2414       0  CODE        2
                text45                         001274  00007D  0012F1      24E8       0  CODE        2
                text33                         0012F1  00009F  001390      25E2       0  CODE        2
                maintext                       001390  0000A6  001436      2720       0  CODE        2
                text38                         001436  0000B4  0014EA      286C       0  CODE        2
                text27                         0014EA  0000CA  0015B4      29D4       0  CODE        2
                text4                          0015B4  00011B  0016CF      2B68       0  CODE        2
                text41                         0016CF  000131  001800      2D9E       0  CODE        2
                stringtext1                    001800  0000BC  0018BC      3000       0  STRCODE     2
                text53                         001C67  000003  001C6A      38CE       0  CODE        2
                text50                         001C6A  000003  001C6D      38D4       0  CODE        2
                text16                         001C6D  000003  001C70      38DA       0  CODE        2
                clrtext                        001C70  000006  001C76      38E0       0  CODE        2
                text54                         001C76  000008  001C7E      38EC       0  CODE        2
                text52                         001C7E  000008  001C86      38FC       0  CODE        2
                text35                         001C86  00000D  001C93      390C       0  CODE        2
                text51                         001C93  000011  001CA4      3926       0  CODE        2
                text37                         001CA4  000014  001CB8      3948       0  CODE        2
                text44                         001CB8  000017  001CCF      3970       0  CODE        2
                text39                         001CCF  000017  001CE6      399E       0  CODE        2
                text6                          001CE6  00001A  001D00      39CC       0  CODE        2
                text3                          001D00  00001C  001D1C      3A00       0  CODE        2
                text48                         001D1C  00001D  001D39      3A38       0  CODE        2
                text43                         001D39  00001D  001D56      3A72       0  CODE        2
                text18                         001D56  00001D  001D73      3AAC       0  CODE        2
                text1                          001D73  000021  001D94      3AE6       0  CODE        2
                text17                         001D94  000022  001DB6      3B28       0  CODE        2
                text14                         001DB6  000022  001DD8      3B6C       0  CODE        2
                text34                         001DD8  000023  001DFB      3BB0       0  CODE        2
                text24                         001DFB  000023  001E1E      3BF6       0  CODE        2
                text12                         001E1E  000024  001E42      3C3C       0  CODE        2
                text42                         001E42  000027  001E69      3C84       0  CODE        2
                text10                         001E69  000027  001E90      3CD2       0  CODE        2
                text30                         001E90  000030  001EC0      3D20       0  CODE        2
                text25                         001EC0  00003C  001EFC      3D80       0  CODE        2
                text2                          001EFC  00003D  001F39      3DF8       0  CODE        2
                text8                          001F39  00003E  001F77      3E72       0  CODE        2
                text26                         001F77  000044  001FBB      3EEE       0  CODE        2
                text5                          001FBB  000045  002000      3F76       0  CODE        2
                config                         008007  000004  00800B     1000E       0  CONFIG      2


UNUSED ADDRESS RANGES

        Name                Unused          Largest block    Delta
        BANK1            000E9-000EF               7           1
        BANK10           00520-0056F              50           1
        BANK11           005A0-005EF              50           1
        BANK12           00620-0064F              30           1
        BANK2            00155-0016F              1B           1
        BANK3            001E3-001EF               D           1
        BANK4            0023C-0026F              34           1
        BANK5            002A0-002EF              50           1
        BANK6            00320-0036F              50           1
        BANK7            003A0-003EF              50           1
        BANK8            00420-0046F              50           1
        BANK9            004A0-004EF              50           1
        BIGRAM           02000-023EF             3F0           1
        CODE             00002-00002               1           2
                         00800-00800               1
                         018BC-01C66             3AB
        COMMON           0007A-0007D               4           1
        CONST            00002-00002               1           2
                         00800-00800               1
                         018BC-01C66             100
        EEDATA           0F000-0F0FF             100           2
        ENTRY            00002-00002               1           2
                         00800-00800               1
                         018BC-01C66             100
        IDLOC            08000-08003               4           2
        RAM              000E9-000EF               7           1
                         00155-0016F              1B
                         001E3-001EF               D
                         0023C-0026F              34
                         002A0-002EF              50
                         00320-0036F              50
                         003A0-003EF              50
                         00420-0046F              50
                         004A0-004EF              50
                         00520-0056F              50
                         005A0-005EF              50
                         00620-0064F              30
        SFR0             00000-0001F              20           1
        SFR1             00080-0009F              20           1
        SFR10            00500-0051F              20           1
        SFR11            00580-0059F              20           1
        SFR12            00600-0061F              20           1
        SFR13            00680-006EF              70           1
        SFR14            00700-0076F              70           1
        SFR15            00780-007EF              70           1
        SFR16            00800-0086F              70           1
        SFR17            00880-008EF              70           1
        SFR18            00900-0096F              70           1
        SFR19            00980-009EF              70           1
        SFR2             00100-0011F              20           1
        SFR20            00A00-00A6F              70           1
        SFR21            00A80-00AEF              70           1
        SFR22            00B00-00B6F              70           1
        SFR23            00B80-00BEF              70           1
        SFR24            00C00-00C6F              70           1
        SFR25            00C80-00CEF              70           1
        SFR26            00D00-00D6F              70           1
        SFR27            00D80-00DEF              70           1
        SFR28            00E00-00E6F              70           1
        SFR29            00E80-00EEF              70           1
        SFR3             00180-0019F              20           1
        SFR30            00F00-00F6F              70           1
        SFR31            00F80-00FEF              70           1
        SFR4             00200-0021F              20           1
        SFR5             00280-0029F              20           1
        SFR6             00300-0031F              20           1
        SFR7             00380-0039F              20           1
        SFR8             00400-0041F              20           1
        SFR9             00480-0049F              20           1
        STACK            0215C-023EF             294           1
        STRCODE          00002-00002               1           2
                         00800-00800               1
                         018BC-01C66             3AB
        STRING           00002-00002               1           2
                         00800-00800               1
                         018BC-01C66             100

                                  Symbol Table

?___awdiv                       cstackBANK0  00027
?___awmod                       cstackBANK0  00020
?___awtoft                      cstackBANK0  00028
?___ftadd                       cstackBANK0  00036
?___ftdiv                       cstackBANK0  00043
?___ftmul                       cstackBANK0  0005F
?___ftneg                       cstackBANK0  0005F
?___ftpack                      cstackBANK0  00020
?___ftsub                       cstackBANK0  00043
?___fttol                       cstackBANK1  000AB
?___lbtoft                      cstackBANK0  00028
?___lldiv                       cstackBANK0  00020
?___llmod                       cstackBANK0  00020
?___lltoft                      cstackBANK0  00028
?___lwdiv                       cstackBANK0  00026
?___lwmod                       cstackBANK0  00020
?___lwtoft                      cstackBANK0  00028
?___wmul                        cstackBANK0  00030
?__div_to_l_                    cstackBANK0  00020
?__tdiv_to_l_                   cstackBANK0  00020
?_fround                        cstackBANK1  000A0
?_getADCValue                   cstackBANK0  00053
?_scale                         cstackBANK1  000A0
?_sprintf                       cstackBANK1  000B9
?_strlen                        cstackBANK0  00020
_ADCON0bits                     (abs)        0009D
_ADCON1bits                     (abs)        0009E
_ADRESH                         (abs)        0009C
_ADRESL                         (abs)        0009B
_ANSELA                         (abs)        0018C
_ANSELAbits                     (abs)        0018C
_ANSELC                         (abs)        0018E
_ANSELCbits                     (abs)        0018E
_FVRCONbits                     (abs)        00117
_INLVLA                         (abs)        0038C
_INLVLC                         (abs)        0038E
_INTCONbits                     (abs)        0000B
_ISR                            intentry     00004
_ODCONA                         (abs)        0028C
_ODCONAbits                     (abs)        0028C
_ODCONC                         (abs)        0028E
_OSCCON1bits                    (abs)        00919
_PIE0bits                       (abs)        00090
_PIR0bits                       (abs)        00010
_PORTAbits                      (abs)        0000C
_PORTCbits                      (abs)        0000E
_RC0PPSbits                     (abs)        00EA0
_RC1PPSbits                     (abs)        00EA1
_RC2PPSbits                     (abs)        00EA2
_RXPacket                       bssBANK3     001C2
_SSP1BUF                        (abs)        00211
_SSP1CON1bits                   (abs)        00215
_SSP1STATbits                   (abs)        00214
_TRISAbits                      (abs)        0008C
_TRISCbits                      (abs)        0008E
_TXPacket                       bssCOMMON    00078
_WDTCONbits                     (abs)        00097
_WPUA                           (abs)        0020C
_WPUAbits                       (abs)        0020C
_WPUC                           (abs)        0020E
__CFG_BOREN$OFF                 (abs)        00000
__CFG_BORV$LOW                  (abs)        00000
__CFG_CLKOUTEN$OFF              (abs)        00000
__CFG_CP$OFF                    (abs)        00000
__CFG_CPD$OFF                   (abs)        00000
__CFG_CSWEN$ON                  (abs)        00000
__CFG_DEBUG$OFF                 (abs)        00000
__CFG_FCMEN$ON                  (abs)        00000
__CFG_FEXTOSC$OFF               (abs)        00000
__CFG_LPBOREN$OFF               (abs)        00000
__CFG_LVP$ON                    (abs)        00000
__CFG_MCLRE$ON                  (abs)        00000
__CFG_PPS1WAY$ON                (abs)        00000
__CFG_PWRTE$ON                  (abs)        00000
__CFG_RSTOSC$HFINT32            (abs)        00000
__CFG_STVREN$ON                 (abs)        00000
__CFG_WDTE$ON                   (abs)        00000
__CFG_WRT$OFF                   (abs)        00000
__Habs1                         abs1         00000
__Hbank0                        bank0        00000
__Hbank1                        bank1        00000
__Hbank10                       bank10       00000
__Hbank11                       bank11       00000
__Hbank12                       bank12       00000
__Hbank13                       bank13       00000
__Hbank14                       bank14       00000
__Hbank15                       bank15       00000
__Hbank16                       bank16       00000
__Hbank17                       bank17       00000
__Hbank18                       bank18       00000
__Hbank19                       bank19       00000
__Hbank2                        bank2        00000
__Hbank20                       bank20       00000
__Hbank21                       bank21       00000
__Hbank22                       bank22       00000
__Hbank23                       bank23       00000
__Hbank24                       bank24       00000
__Hbank25                       bank25       00000
__Hbank26                       bank26       00000
__Hbank27                       bank27       00000
__Hbank28                       bank28       00000
__Hbank29                       bank29       00000
__Hbank3                        bank3        00000
__Hbank30                       bank30       00000
__Hbank31                       bank31       00000
__Hbank4                        bank4        00000
__Hbank5                        bank5        00000
__Hbank6                        bank6        00000
__Hbank7                        bank7        00000
__Hbank8                        bank8        00000
__Hbank9                        bank9        00000
__Hbigram                       bigram       00000
__HbssBANK2                     bssBANK2     00000
__HbssBANK3                     bssBANK3     00000
__HbssBANK4                     bssBANK4     00000
__HbssCOMMON                    bssCOMMON    00000
__Hcinit                        cinit        00040
__Hclrtext                      clrtext      00000
__Hcode                         code         00000
__Hcommon                       common       00000
__Hconfig                       config       0800B
__HcstackBANK0                  cstackBANK0  00000
__HcstackBANK1                  cstackBANK1  00000
__HcstackBANK2                  cstackBANK2  00000
__HcstackBANK3                  cstackBANK3  00000
__HcstackCOMMON                 cstackCOMMON 00000
__HdataBANK1                    dataBANK1    00000
__Heeprom_data                  eeprom_data  00000
__Hend_init                     end_init     0001E
__Hfunctab                      functab      00000
__HidataBANK1                   idataBANK1   00000
__Hidloc                        idloc        00000
__Hinit                         init         0001C
__Hintentry                     intentry     0001C
__Hmaintext                     maintext     00000
__Hpowerup                      powerup      00000
__Hram                          ram          00000
__Hreset_vec                    reset_vec    00002
__Hsfr0                         sfr0         00000
__Hsfr1                         sfr1         00000
__Hsfr10                        sfr10        00000
__Hsfr11                        sfr11        00000
__Hsfr12                        sfr12        00000
__Hsfr13                        sfr13        00000
__Hsfr14                        sfr14        00000
__Hsfr15                        sfr15        00000
__Hsfr16                        sfr16        00000
__Hsfr17                        sfr17        00000
__Hsfr18                        sfr18        00000
__Hsfr19                        sfr19        00000
__Hsfr2                         sfr2         00000
__Hsfr20                        sfr20        00000
__Hsfr21                        sfr21        00000
__Hsfr22                        sfr22        00000
__Hsfr23                        sfr23        00000
__Hsfr24                        sfr24        00000
__Hsfr25                        sfr25        00000
__Hsfr26                        sfr26        00000
__Hsfr27                        sfr27        00000
__Hsfr28                        sfr28        00000
__Hsfr29                        sfr29        00000
__Hsfr3                         sfr3         00000
__Hsfr30                        sfr30        00000
__Hsfr31                        sfr31        00000
__Hsfr4                         sfr4         00000
__Hsfr5                         sfr5         00000
__Hsfr6                         sfr6         00000
__Hsfr7                         sfr7         00000
__Hsfr8                         sfr8         00000
__Hsfr9                         sfr9         00000
__Hspace_0                      (abs)        0800B
__Hspace_1                      (abs)        0023C
__Hspace_2                      (abs)        00000
__Hspace_3                      (abs)        00000
__Hstack                        stack        00000
__Hstrings                      strings      00000
__Hstringtext1                  stringtext1  00000
__Hstringtext10                 stringtext10 00000
__Hstringtext11                 stringtext11 00000
__Hstringtext12                 stringtext12 00000
__Hstringtext13                 stringtext13 00000
__Hstringtext14                 stringtext14 00000
__Hstringtext15                 stringtext15 00000
__Hstringtext2                  stringtext2  00000
__Hstringtext3                  stringtext3  00000
__Hstringtext4                  stringtext4  00000
__Hstringtext5                  stringtext5  00000
__Hstringtext6                  stringtext6  00000
__Hstringtext7                  stringtext7  00000
__Hstringtext8                  stringtext8  00000
__Hstringtext9                  stringtext9  00000
__Htext                         text         00000
__Labs1                         abs1         00000
__Lbank0                        bank0        00000
__Lbank1                        bank1        00000
__Lbank10                       bank10       00000
__Lbank11                       bank11       00000
__Lbank12                       bank12       00000
__Lbank13                       bank13       00000
__Lbank14                       bank14       00000
__Lbank15                       bank15       00000
__Lbank16                       bank16       00000
__Lbank17                       bank17       00000
__Lbank18                       bank18       00000
__Lbank19                       bank19       00000
__Lbank2                        bank2        00000
__Lbank20                       bank20       00000
__Lbank21                       bank21       00000
__Lbank22                       bank22       00000
__Lbank23                       bank23       00000
__Lbank24                       bank24       00000
__Lbank25                       bank25       00000
__Lbank26                       bank26       00000
__Lbank27                       bank27       00000
__Lbank28                       bank28       00000
__Lbank29                       bank29       00000
__Lbank3                        bank3        00000
__Lbank30                       bank30       00000
__Lbank31                       bank31       00000
__Lbank4                        bank4        00000
__Lbank5                        bank5        00000
__Lbank6                        bank6        00000
__Lbank7                        bank7        00000
__Lbank8                        bank8        00000
__Lbank9                        bank9        00000
__Lbigram                       bigram       00000
__LbssBANK2                     bssBANK2     00000
__LbssBANK3                     bssBANK3     00000
__LbssBANK4                     bssBANK4     00000
__LbssCOMMON                    bssCOMMON    00000
__Lcinit                        cinit        0001E
__Lclrtext                      clrtext      00000
__Lcode                         code         00000
__Lcommon                       common       00000
__Lconfig                       config       08007
__LcstackBANK0                  cstackBANK0  00000
__LcstackBANK1                  cstackBANK1  00000
__LcstackBANK2                  cstackBANK2  00000
__LcstackBANK3                  cstackBANK3  00000
__LcstackCOMMON                 cstackCOMMON 00000
__LdataBANK1                    dataBANK1    00000
__Leeprom_data                  eeprom_data  00000
__Lend_init                     end_init     0001C
__Lfunctab                      functab      00000
__LidataBANK1                   idataBANK1   00000
__Lidloc                        idloc        00000
__Linit                         init         0001C
__Lintentry                     intentry     00004
__Lmaintext                     maintext     00000
__Lpowerup                      powerup      00000
__Lram                          ram          00000
__Lreset_vec                    reset_vec    00000
__Lsfr0                         sfr0         00000
__Lsfr1                         sfr1         00000
__Lsfr10                        sfr10        00000
__Lsfr11                        sfr11        00000
__Lsfr12                        sfr12        00000
__Lsfr13                        sfr13        00000
__Lsfr14                        sfr14        00000
__Lsfr15                        sfr15        00000
__Lsfr16                        sfr16        00000
__Lsfr17                        sfr17        00000
__Lsfr18                        sfr18        00000
__Lsfr19                        sfr19        00000
__Lsfr2                         sfr2         00000
__Lsfr20                        sfr20        00000
__Lsfr21                        sfr21        00000
__Lsfr22                        sfr22        00000
__Lsfr23                        sfr23        00000
__Lsfr24                        sfr24        00000
__Lsfr25                        sfr25        00000
__Lsfr26                        sfr26        00000
__Lsfr27                        sfr27        00000
__Lsfr28                        sfr28        00000
__Lsfr29                        sfr29        00000
__Lsfr3                         sfr3         00000
__Lsfr30                        sfr30        00000
__Lsfr31                        sfr31        00000
__Lsfr4                         sfr4         00000
__Lsfr5                         sfr5         00000
__Lsfr6                         sfr6         00000
__Lsfr7                         sfr7         00000
__Lsfr8                         sfr8         00000
__Lsfr9                         sfr9         00000
__Lspace_0                      (abs)        00000
__Lspace_1                      (abs)        00000
__Lspace_2                      (abs)        00000
__Lspace_3                      (abs)        00000
__Lstack                        stack        00000
__Lstrings                      strings      00000
__Lstringtext1                  stringtext1  00000
__Lstringtext10                 stringtext10 00000
__Lstringtext11                 stringtext11 00000
__Lstringtext12                 stringtext12 00000
__Lstringtext13                 stringtext13 00000
__Lstringtext14                 stringtext14 00000
__Lstringtext15                 stringtext15 00000
__Lstringtext2                  stringtext2  00000
__Lstringtext3                  stringtext3  00000
__Lstringtext4                  stringtext4  00000
__Lstringtext5                  stringtext5  00000
__Lstringtext6                  stringtext6  00000
__Lstringtext7                  stringtext7  00000
__Lstringtext8                  stringtext8  00000
__Lstringtext9                  stringtext9  00000
__Ltext                         text         00000
__S0                            (abs)        0800B
__S1                            (abs)        0023C
__S2                            (abs)        00000
__S3                            (abs)        00000
___awdiv                        text22       0120A
___awdiv@counter                cstackBANK0  0002C
___awdiv@dividend               cstackBANK0  00029
___awdiv@divisor                cstackBANK0  00027
___awdiv@quotient               cstackBANK0  0002E
___awdiv@sign                   cstackBANK0  0002D
___awmod                        text21       0114A
___awmod@counter                cstackBANK0  00025
___awmod@dividend               cstackBANK0  00022
___awmod@divisor                cstackBANK0  00020
___awmod@sign                   cstackBANK0  00026
___awtoft                       text42       01E42
___awtoft@c                     cstackBANK0  00028
___awtoft@sign                  cstackBANK0  0002D
___bmul                         text6        01CE6
___bmul@multiplicand            cstackBANK0  00020
___bmul@multiplier              cstackBANK0  00023
___bmul@product                 cstackBANK0  00022
___ftadd                        text41       016CF
___ftadd@exp1                   cstackBANK0  00042
___ftadd@exp2                   cstackBANK0  00041
___ftadd@f1                     cstackBANK0  00036
___ftadd@f2                     cstackBANK0  00039
___ftadd@sign                   cstackBANK0  00040
___ftdiv                        text40       00748
___ftdiv@cntr                   cstackBANK0  0004D
___ftdiv@exp                    cstackBANK0  00051
___ftdiv@f1                     cstackBANK0  00046
___ftdiv@f2                     cstackBANK0  00043
___ftdiv@f3                     cstackBANK0  0004E
___ftdiv@sign                   cstackBANK0  00052
___ftge                         text36       0100B
___ftge@ff1                     cstackBANK0  00020
___ftge@ff2                     cstackBANK0  00023
___ftmul                        text27       014EA
___ftmul@cntr                   cstackBANK0  0006D
___ftmul@exp                    cstackBANK0  00069
___ftmul@f1                     cstackBANK0  0005F
___ftmul@f2                     cstackBANK0  00062
___ftmul@f3_as_product          cstackBANK0  0006A
___ftmul@sign                   cstackBANK0  0006E
___ftneg                        text35       01C86
___ftneg@f1                     cstackBANK0  0005F
___ftpack                       text45       01274
___ftpack@arg                   cstackBANK0  00020
___ftpack@exp                   cstackBANK0  00023
___ftpack@sign                  cstackBANK0  00024
___ftsub                        text34       01DD8
___ftsub@f1                     cstackBANK0  00046
___ftsub@f2                     cstackBANK0  00043
___fttol                        text33       012F1
___fttol@exp1                   cstackBANK1  000B8
___fttol@f1                     cstackBANK1  000AB
___fttol@lval                   cstackBANK1  000B4
___fttol@sign1                  cstackBANK1  000B3
___int_sp                       stack        00000
___latbits                      (abs)        00002
___lbtoft                       text43       01D39
___lbtoft@c                     cstackBANK0  0002F
___lldiv                        text32       011A8
___lldiv@counter                cstackBANK0  0002D
___lldiv@dividend               cstackBANK0  00024
___lldiv@divisor                cstackBANK0  00020
___lldiv@quotient               cstackBANK0  00029
___llmod                        text31       010A5
___llmod@counter                cstackBANK0  00029
___llmod@dividend               cstackBANK0  00024
___llmod@divisor                cstackBANK0  00020
___lltoft                       text30       01E90
___lltoft@c                     cstackBANK0  00028
___lltoft@exp                   cstackBANK0  0002D
___lwdiv                        text26       01F77
___lwdiv@counter                cstackBANK0  0002B
___lwdiv@dividend               cstackBANK0  00028
___lwdiv@divisor                cstackBANK0  00026
___lwdiv@quotient               cstackBANK0  0002C
___lwmod                        text25       01EC0
___lwmod@counter                cstackBANK0  00025
___lwmod@dividend               cstackBANK0  00022
___lwmod@divisor                cstackBANK0  00020
___lwtoft                       text44       01CB8
___lwtoft@c                     cstackBANK0  00028
___sp                           stack        00000
___wmul                         text24       01DFB
___wmul@multiplicand            cstackBANK0  00032
___wmul@multiplier              cstackBANK0  00030
___wmul@product                 cstackBANK0  00034
__div_to_l_                     text29       008FA
__div_to_l_@cntr                cstackBANK0  00032
__div_to_l_@exp1                cstackBANK0  00033
__div_to_l_@f1                  cstackBANK0  00020
__div_to_l_@f2                  cstackBANK0  00023
__div_to_l_@quot                cstackBANK0  0002E
__end_of_ISR                    intentry     0001C
__end_of___awdiv                text22       01274
__end_of___awmod                text21       011A8
__end_of___awtoft               text42       01E69
__end_of___bmul                 text6        01D00
__end_of___ftadd                text41       01800
__end_of___ftdiv                text40       00800
__end_of___ftge                 text36       01056
__end_of___ftmul                text27       015B4
__end_of___ftneg                text35       01C93
__end_of___ftpack               text45       012F1
__end_of___ftsub                text34       01DFB
__end_of___fttol                text33       01390
__end_of___lbtoft               text43       01D56
__end_of___lldiv                text32       0120A
__end_of___llmod                text31       010F7
__end_of___lltoft               text30       01EC0
__end_of___lwdiv                text26       01FBB
__end_of___lwmod                text25       01EFC
__end_of___lwtoft               text44       01CCF
__end_of___wmul                 text24       01E1E
__end_of__div_to_l_             text29       00A35
__end_of__initialization        cinit        0003C
__end_of__npowers_              stringtext3  01876
__end_of__powers_               stringtext2  0184F
__end_of__tdiv_to_l_            text28       008FA
__end_of_doWDTSleep             text39       01CE6
__end_of_dpowers                stringtext1  01828
__end_of_enableInterrupts       text54       01C7E
__end_of_fround                 text23       00748
__end_of_getADCValue            text38       014EA
__end_of_loop                   text9        00D20
__end_of_main                   maintext     01436
__end_of_memset                 text17       01DB6
__end_of_n_ADDRESS_MUL          stringtext6  01882
__end_of_n_ADDRESS_P0           stringtext5  018A5
__end_of_nrf24l01CEHigh         text16       01C70
__end_of_nrf24l01CELow          text15       01003
__end_of_nrf24l01CSHigh         text53       01C6A
__end_of_nrf24l01CSLow          text50       01C6D
__end_of_nrf24l01GetPipe        text8        01F77
__end_of_nrf24l01ISR            text47       010A5
__end_of_nrf24l01Init           text2        01F39
__end_of_nrf24l01InitRegisters  text4        016CF
__end_of_nrf24l01InterfaceInit  text3        01D1C
__end_of_nrf24l01SPIEnd         text52       01C86
__end_of_nrf24l01SPISend        text51       01CA4
__end_of_nrf24l01SPIStart       text49       0100B
__end_of_nrf24l01Send           text14       01DD8
__end_of_nrf24l01SendPacket     text37       01CB8
__end_of_nrf24l01Service        text11       00B95
__end_of_nrf24l01SetRXMode      text13       0114A
__end_of_nrf24l01SetRXPipe      text7        00826
__end_of_nrf24l01SetTXPipe      text5        02000
__end_of_scale                  text20       01000
__end_of_setMessage             text18       01D73
__end_of_sleep                  text10       01E90
__end_of_sprintf                text19       0058C
__end_of_statuses               stringtext4  01881
__end_of_strcpy                 text1        01D94
__end_of_strlen                 text12       01E42
__end_ofi1_nrf24l01Send         text48       01D39
__initialization                cinit        0001E
__npowers_                      stringtext3  0184F
__pbssBANK2                     bssBANK2     00151
__pbssBANK3                     bssBANK3     001C2
__pbssBANK4                     bssBANK4     00220
__pbssCOMMON                    bssCOMMON    00076
__pcstackBANK0                  cstackBANK0  00020
__pcstackBANK1                  cstackBANK1  000A0
__pcstackBANK2                  cstackBANK2  00120
__pcstackBANK3                  cstackBANK3  001A0
__pcstackCOMMON                 cstackCOMMON 00070
__pdataBANK1                    dataBANK1    000E8
__pidataBANK1                   idataBANK1   00003
__pintentry                     intentry     00004
__pmaintext                     maintext     01390
__powers_                       stringtext2  01828
__pstringtext1                  stringtext1  01800
__pstringtext10                 stringtext10 018A5
__pstringtext11                 stringtext11 018AA
__pstringtext12                 stringtext12 018AF
__pstringtext13                 stringtext13 018B4
__pstringtext14                 stringtext14 018B8
__pstringtext15                 stringtext15 00000
__pstringtext2                  stringtext2  01828
__pstringtext3                  stringtext3  0184F
__pstringtext4                  stringtext4  01876
__pstringtext5                  stringtext5  018A0
__pstringtext6                  stringtext6  01881
__pstringtext7                  stringtext7  0188C
__pstringtext8                  stringtext8  01893
__pstringtext9                  stringtext9  0189A
__ptext1                        text1        01D73
__ptext10                       text10       01E69
__ptext11                       text11       00A35
__ptext12                       text12       01E1E
__ptext13                       text13       010F7
__ptext14                       text14       01DB6
__ptext15                       text15       01000
__ptext16                       text16       01C6D
__ptext17                       text17       01D94
__ptext18                       text18       01D56
__ptext19                       text19       00040
__ptext2                        text2        01EFC
__ptext20                       text20       00D20
__ptext21                       text21       0114A
__ptext22                       text22       0120A
__ptext23                       text23       0058C
__ptext24                       text24       01DFB
__ptext25                       text25       01EC0
__ptext26                       text26       01F77
__ptext27                       text27       014EA
__ptext28                       text28       00826
__ptext29                       text29       008FA
__ptext3                        text3        01D00
__ptext30                       text30       01E90
__ptext31                       text31       010A5
__ptext32                       text32       011A8
__ptext33                       text33       012F1
__ptext34                       text34       01DD8
__ptext35                       text35       01C86
__ptext36                       text36       0100B
__ptext37                       text37       01CA4
__ptext38                       text38       01436
__ptext39                       text39       01CCF
__ptext4                        text4        015B4
__ptext40                       text40       00748
__ptext41                       text41       016CF
__ptext42                       text42       01E42
__ptext43                       text43       01D39
__ptext44                       text44       01CB8
__ptext45                       text45       01274
__ptext47                       text47       01056
__ptext48                       text48       01D1C
__ptext49                       text49       01003
__ptext5                        text5        01FBB
__ptext50                       text50       01C6A
__ptext51                       text51       01C93
__ptext52                       text52       01C7E
__ptext53                       text53       01C67
__ptext54                       text54       01C76
__ptext6                        text6        01CE6
__ptext7                        text7        00801
__ptext8                        text8        01F39
__ptext9                        text9        00B95
__size_of_ISR                   (abs)        00000
__size_of___awdiv               (abs)        00000
__size_of___awmod               (abs)        00000
__size_of___awtoft              (abs)        00000
__size_of___bmul                (abs)        00000
__size_of___ftadd               (abs)        00000
__size_of___ftdiv               (abs)        00000
__size_of___ftge                (abs)        00000
__size_of___ftmul               (abs)        00000
__size_of___ftneg               (abs)        00000
__size_of___ftpack              (abs)        00000
__size_of___ftsub               (abs)        00000
__size_of___fttol               (abs)        00000
__size_of___lbtoft              (abs)        00000
__size_of___lldiv               (abs)        00000
__size_of___llmod               (abs)        00000
__size_of___lltoft              (abs)        00000
__size_of___lwdiv               (abs)        00000
__size_of___lwmod               (abs)        00000
__size_of___lwtoft              (abs)        00000
__size_of___wmul                (abs)        00000
__size_of__div_to_l_            (abs)        00000
__size_of__tdiv_to_l_           (abs)        00000
__size_of_doWDTSleep            (abs)        00000
__size_of_enableInterrupts      (abs)        00000
__size_of_fround                (abs)        00000
__size_of_getADCValue           (abs)        00000
__size_of_loop                  (abs)        00000
__size_of_main                  (abs)        00000
__size_of_memset                (abs)        00000
__size_of_nrf24l01CEHigh        (abs)        00000
__size_of_nrf24l01CELow         (abs)        00000
__size_of_nrf24l01CSHigh        (abs)        00000
__size_of_nrf24l01CSLow         (abs)        00000
__size_of_nrf24l01GetPipe       (abs)        00000
__size_of_nrf24l01ISR           (abs)        00000
__size_of_nrf24l01Init          (abs)        00000
__size_of_nrf24l01InitRegisters (abs)        00000
__size_of_nrf24l01InterfaceInit (abs)        00000
__size_of_nrf24l01SPIEnd        (abs)        00000
__size_of_nrf24l01SPISend       (abs)        00000
__size_of_nrf24l01SPIStart      (abs)        00000
__size_of_nrf24l01Send          (abs)        00000
__size_of_nrf24l01SendPacket    (abs)        00000
__size_of_nrf24l01Service       (abs)        00000
__size_of_nrf24l01SetRXMode     (abs)        00000
__size_of_nrf24l01SetRXPipe     (abs)        00000
__size_of_nrf24l01SetTXPipe     (abs)        00000
__size_of_scale                 (abs)        00000
__size_of_setMessage            (abs)        00000
__size_of_sleep                 (abs)        00000
__size_of_sprintf               (abs)        00000
__size_of_strcpy                (abs)        00000
__size_of_strlen                (abs)        00000
__size_ofi1_nrf24l01Send        (abs)        00000
__tdiv_to_l_                    text28       00826
__tdiv_to_l_@cntr               cstackBANK0  0002E
__tdiv_to_l_@exp1               cstackBANK0  0002F
__tdiv_to_l_@f1                 cstackBANK0  00020
__tdiv_to_l_@f2                 cstackBANK0  00023
__tdiv_to_l_@quot               cstackBANK0  0002A
_counter                        bssBANK2     00151
_doWDTSleep                     text39       01CCF
_dpowers                        stringtext1  01800
_enableInterrupts               text54       01C76
_fround                         text23       0058C
_fround$2003                    cstackBANK1  000AA
_fround$2004                    cstackBANK1  000A7
_getADCValue                    text38       01436
_loop                           text9        00B95
_loop$2000                      cstackBANK2  00126
_loop$2001                      cstackBANK2  00129
_loop$2002                      cstackBANK2  0012C
_main                           maintext     01390
_memset                         text17       01D94
_n_ADDRESS_MUL                  stringtext6  01881
_n_ADDRESS_P0                   stringtext5  018A0
_nrf24l01CEHigh                 text16       01C6D
_nrf24l01CELow                  text15       01000
_nrf24l01CSHigh                 text53       01C67
_nrf24l01CSLow                  text50       01C6A
_nrf24l01GetPipe                text8        01F39
_nrf24l01ISR                    text47       01056
_nrf24l01Init                   text2        01EFC
_nrf24l01InitRegisters          text4        015B4
_nrf24l01InterfaceInit          text3        01D00
_nrf24l01SPIEnd                 text52       01C7E
_nrf24l01SPISend                text51       01C93
_nrf24l01SPIStart               text49       01003
_nrf24l01Send                   text14       01DB6
_nrf24l01SendPacket             text37       01CA4
_nrf24l01Service                text11       00A35
_nrf24l01SetRXMode              text13       010F7
_nrf24l01SetRXPipe              text7        00801
_nrf24l01SetTXPipe              text5        01FBB
_romData                        dataBANK1    000E8
_romDataMap                     bssBANK4     00220
_scale                          text20       00D20
_scale$2005                     cstackBANK1  000A7
_setMessage                     text18       01D56
_sleep                          text10       01E69
_sprintf                        text19       00040
_sprintf$2006                   cstackBANK1  000C8
_status                         bssCOMMON    00076
_statuses                       stringtext4  01876
_strcpy                         text1        01D73
_strlen                         text12       01E1E
btemp                           (abs)        0007E
clear_ram0                      clrtext      01C70
doWDTSleep@wdtps                cstackBANK0  00021
enableInterrupts@enable         cstackCOMMON 00070
end_of_initialization           cinit        0003C
fround@prec                     cstackBANK1  000AD
getADCValue@adcLoop             cstackBANK0  0005A
getADCValue@adcSum              cstackBANK0  0005C
getADCValue@channel             cstackBANK0  00059
i1_nrf24l01Send                 text48       01D1C
i1nrf24l01Send@command          cstackCOMMON 00073
i1nrf24l01Send@data             cstackCOMMON 00071
int$flags                       (abs)        0007E
intlevel0                       functab      00000
intlevel1                       functab      00000
intlevel2                       functab      00000
intlevel3                       functab      00000
intlevel4                       functab      00000
intlevel5                       functab      00000
loop@packet                     cstackBANK2  00130
loop@rfSetup                    cstackBANK2  0012F
loop@ta                         cstackBANK2  00123
loop@vt                         cstackBANK2  00120
main@packet                     cstackBANK3  001A1
main@pipe                       cstackBANK3  001A0
memset@c                        cstackBANK0  00020
memset@n                        cstackBANK0  00022
memset@p                        cstackBANK0  00026
memset@p1                       cstackBANK0  00025
nrf24l01GetPipe@i               cstackBANK0  0002A
nrf24l01GetPipe@name            cstackBANK0  00029
nrf24l01GetPipe@pipe            cstackBANK0  00028
nrf24l01ISR@statusRegister      cstackCOMMON 00075
nrf24l01InitRegisters@DynPD     cstackBANK0  0002E
nrf24l01InitRegisters@channel   cstackBANK0  00029
nrf24l01InitRegisters@config    cstackBANK0  0002F
nrf24l01InitRegisters@enAA      cstackBANK0  0002D
nrf24l01InitRegisters@feature   cstackBANK0  0002B
nrf24l01InitRegisters@i         cstackBANK0  00030
nrf24l01InitRegisters@rfSetup   cstackBANK0  0002C
nrf24l01InitRegisters@setupAW   cstackBANK0  0002A
nrf24l01SPISend@data            cstackCOMMON 00070
nrf24l01Send@command            cstackBANK0  00022
nrf24l01Send@data               cstackBANK0  00020
nrf24l01SendPacket@txPacket     cstackBANK0  00021
nrf24l01Service@i               cstackBANK0  0002A
nrf24l01Service@width           cstackBANK0  00029
nrf24l01SetRXMode@config        cstackBANK0  00024
nrf24l01SetRXMode@rxMode        cstackBANK0  00025
nrf24l01SetRXPipe@enRXAddr      cstackBANK0  00026
nrf24l01SetRXPipe@pipe          cstackBANK0  00025
nrf24l01SetTXPipe@pipe          cstackBANK0  00026
reset_vec                       reset_vec    00000
scale@scl                       cstackBANK1  000AA
setMessage@packet               cstackBANK0  0006F
setMessage@topic                cstackBANK1  000E1
setMessage@value                cstackBANK1  000E3
sleep@milliseconds              cstackBANK0  0002B
sprintf@ap                      cstackBANK1  000CB
sprintf@c                       cstackBANK1  000E0
sprintf@cp                      cstackBANK1  000CE
sprintf@eexp                    cstackBANK1  000D6
sprintf@f                       cstackBANK1  000B9
sprintf@flag                    cstackBANK1  000CC
sprintf@fval                    cstackBANK1  000DD
sprintf@prec                    cstackBANK1  000D0
sprintf@sp                      cstackBANK1  000DC
sprintf@tmpval                  cstackBANK1  000D8
sprintf@val                     cstackBANK1  000D2
stackhi                         (abs)        023EF
stacklo                         (abs)        0215C
start                           init         0001C
start_initialization            cinit        0001E
strcpy@cp                       cstackBANK0  00024
strcpy@from                     cstackBANK0  00020
strcpy@to                       cstackBANK0  00023
strlen@cp                       cstackBANK0  00024
strlen@s                        cstackBANK0  00020
wtemp0                          (abs)        0007E


FUNCTION INFORMATION:

 *************** function _main *****************
 Defined at:
		line 183 in file "main.c"
 Parameters:    Size  Location     Type
		None
 Auto vars:     Size  Location     Type
  packet         33    1[BANK3 ] struct .
  pipe            1    0[BANK3 ] unsigned char 
 Return value:  Size  Location     Type
                  1    wreg      void 
 Registers used:
		wreg, fsr0l, fsr0h, fsr1l, fsr1h, status,2, status,0, pclath, cstack
 Tracked objects:
		On entry : 
		On exit  : 
		Unchanged: 
 Data sizes:     COMMON   BANK0   BANK1   BANK2   BANK3   BANK4   BANK5   BANK6   BANK7   BANK8   BANK9  BANK10  BANK11  BANK12
      Params:         0       0       0       0       0       0       0       0       0       0       0       0       0       0
      Locals:         0       0       0       0      34       0       0       0       0       0       0       0       0       0
      Temps:          0       0       1       0       0       0       0       0       0       0       0       0       0       0
      Totals:         0       0       1       0      34       0       0       0       0       0       0       0       0       0
Total ram usage:       35 bytes
 Hardware stack levels required when called:   12
 This function calls:
		___lwtoft
		_loop
		_nrf24l01GetPipe
		_nrf24l01Init
		_nrf24l01SendPacket
		_nrf24l01SetRXPipe
		_nrf24l01SetTXPipe
		_setMessage
		_sleep
		_strcpy
 This function is called by:
		Startup code after reset
 This function uses a non-reentrant model


 *************** function _strcpy *****************
 Defined at:
		line 8 in file "C:\Program Files (x86)\Microchip\xc8\v2.00\pic\sources\c90\common\strcpy.c"
 Parameters:    Size  Location     Type
  to              1    wreg     PTR unsigned char 
		 -> romDataMap(28), 
  from            2    0[BANK0 ] PTR const unsigned char 
		 -> STR_7(4), 
 Auto vars:     Size  Location     Type
  to              1    3[BANK0 ] PTR unsigned char 
		 -> romDataMap(28), 
  cp              1    4[BANK0 ] PTR unsigned char 
		 -> romDataMap(28), 
 Return value:  Size  Location     Type
                  1    wreg      PTR unsigned char 
 Registers used:
		wreg, fsr0l, fsr0h, fsr1l, fsr1h, status,2, status,0, pclath
 Tracked objects:
		On entry : 
		On exit  : 
		Unchanged: 
 Data sizes:     COMMON   BANK0   BANK1   BANK2   BANK3   BANK4   BANK5   BANK6   BANK7   BANK8   BANK9  BANK10  BANK11  BANK12
      Params:         0       2       0       0       0       0       0       0       0       0       0       0       0       0
      Locals:         0       2       0       0       0       0       0       0       0       0       0       0       0       0
      Temps:          0       1       0       0       0       0       0       0       0       0       0       0       0       0
      Totals:         0       5       0       0       0       0       0       0       0       0       0       0       0       0
Total ram usage:        5 bytes
 Hardware stack levels used:    1
 Hardware stack levels required when called:    5
 This function calls:
		Nothing
 This function is called by:
		_main
 This function uses a non-reentrant model


 *************** function _nrf24l01Init *****************
 Defined at:
		line 481 in file "nrf24l01.c"
 Parameters:    Size  Location     Type
		None
 Auto vars:     Size  Location     Type
		None
 Return value:  Size  Location     Type
                  1    wreg      void 
 Registers used:
		wreg, fsr0l, fsr0h, status,2, status,0, pclath, cstack
 Tracked objects:
		On entry : 
		On exit  : 
		Unchanged: 
 Data sizes:     COMMON   BANK0   BANK1   BANK2   BANK3   BANK4   BANK5   BANK6   BANK7   BANK8   BANK9  BANK10  BANK11  BANK12
      Params:         0       0       0       0       0       0       0       0       0       0       0       0       0       0
      Locals:         0       0       0       0       0       0       0       0       0       0       0       0       0       0
      Temps:          0       2       0       0       0       0       0       0       0       0       0       0       0       0
      Totals:         0       2       0       0       0       0       0       0       0       0       0       0       0       0
Total ram usage:        2 bytes
 Hardware stack levels used:    1
 Hardware stack levels required when called:   10
 This function calls:
		_nrf24l01CEHigh
		_nrf24l01CELow
		_nrf24l01InitRegisters
		_nrf24l01InterfaceInit
 This function is called by:
		_main
 This function uses a non-reentrant model


 *************** function _nrf24l01InterfaceInit *****************
 Defined at:
		line 27 in file "interface.c"
 Parameters:    Size  Location     Type
		None
 Auto vars:     Size  Location     Type
		None
 Return value:  Size  Location     Type
                  1    wreg      void 
 Registers used:
		wreg, status,2, status,0
 Tracked objects:
		On entry : 
		On exit  : 
		Unchanged: 
 Data sizes:     COMMON   BANK0   BANK1   BANK2   BANK3   BANK4   BANK5   BANK6   BANK7   BANK8   BANK9  BANK10  BANK11  BANK12
      Params:         0       0       0       0       0       0       0       0       0       0       0       0       0       0
      Locals:         0       0       0       0       0       0       0       0       0       0       0       0       0       0
      Temps:          0       0       0       0       0       0       0       0       0       0       0       0       0       0
      Totals:         0       0       0       0       0       0       0       0       0       0       0       0       0       0
Total ram usage:        0 bytes
 Hardware stack levels used:    1
 Hardware stack levels required when called:    5
 This function calls:
		Nothing
 This function is called by:
		_nrf24l01Init
 This function uses a non-reentrant model


 *************** function _nrf24l01InitRegisters *****************
 Defined at:
		line 379 in file "nrf24l01.c"
 Parameters:    Size  Location     Type
		None
 Auto vars:     Size  Location     Type
  i               2   16[BANK0 ] unsigned int 
  config          1   15[BANK0 ] struct .
  DynPD           1   14[BANK0 ] struct .
  enAA            1   13[BANK0 ] struct .
  rfSetup         1   12[BANK0 ] struct .
  feature         1   11[BANK0 ] struct .
  setupAW         1   10[BANK0 ] struct .
  channel         1    9[BANK0 ] struct .
 Return value:  Size  Location     Type
                  1    wreg      void 
 Registers used:
		wreg, fsr0l, fsr0h, status,2, status,0, pclath, cstack
 Tracked objects:
		On entry : 
		On exit  : 
		Unchanged: 
 Data sizes:     COMMON   BANK0   BANK1   BANK2   BANK3   BANK4   BANK5   BANK6   BANK7   BANK8   BANK9  BANK10  BANK11  BANK12
      Params:         0       0       0       0       0       0       0       0       0       0       0       0       0       0
      Locals:         0       9       0       0       0       0       0       0       0       0       0       0       0       0
      Temps:          0       2       0       0       0       0       0       0       0       0       0       0       0       0
      Totals:         0      11       0       0       0       0       0       0       0       0       0       0       0       0
Total ram usage:       11 bytes
 Hardware stack levels used:    1
 Hardware stack levels required when called:    9
 This function calls:
		___bmul
		_nrf24l01SPIEnd
		_nrf24l01SPISend
		_nrf24l01SPIStart
		_nrf24l01Send
		_nrf24l01SetRXPipe
		_nrf24l01SetTXPipe
 This function is called by:
		_nrf24l01Init
 This function uses a non-reentrant model


 *************** function _nrf24l01SetTXPipe *****************
 Defined at:
		line 174 in file "nrf24l01.c"
 Parameters:    Size  Location     Type
  pipe            1    wreg     unsigned char 
 Auto vars:     Size  Location     Type
  pipe            1    6[BANK0 ] unsigned char 
 Return value:  Size  Location     Type
                  1    wreg      void 
 Registers used:
		wreg, fsr0l, fsr0h, status,2, status,0, pclath, cstack
 Tracked objects:
		On entry : 
		On exit  : 
		Unchanged: 
 Data sizes:     COMMON   BANK0   BANK1   BANK2   BANK3   BANK4   BANK5   BANK6   BANK7   BANK8   BANK9  BANK10  BANK11  BANK12
      Params:         0       0       0       0       0       0       0       0       0       0       0       0       0       0
      Locals:         0       1       0       0       0       0       0       0       0       0       0       0       0       0
      Temps:          0       2       0       0       0       0       0       0       0       0       0       0       0       0
      Totals:         0       3       0       0       0       0       0       0       0       0       0       0       0       0
Total ram usage:        3 bytes
 Hardware stack levels used:    1
 Hardware stack levels required when called:    7
 This function calls:
		___bmul
		_nrf24l01SPIEnd
		_nrf24l01SPISend
		_nrf24l01SPIStart
 This function is called by:
		_main
		_nrf24l01InitRegisters
 This function uses a non-reentrant model


 *************** function ___bmul *****************
 Defined at:
		line 4 in file "C:\Program Files (x86)\Microchip\xc8\v2.00\pic\sources\c90\common\Umul8.c"
 Parameters:    Size  Location     Type
  multiplier      1    wreg     unsigned char 
  multiplicand    1    0[BANK0 ] unsigned char 
 Auto vars:     Size  Location     Type
  multiplier      1    3[BANK0 ] unsigned char 
  product         1    2[BANK0 ] unsigned char 
 Return value:  Size  Location     Type
                  1    wreg      unsigned char 
 Registers used:
		wreg, status,2, status,0
 Tracked objects:
		On entry : 
		On exit  : 
		Unchanged: 
 Data sizes:     COMMON   BANK0   BANK1   BANK2   BANK3   BANK4   BANK5   BANK6   BANK7   BANK8   BANK9  BANK10  BANK11  BANK12
      Params:         0       1       0       0       0       0       0       0       0       0       0       0       0       0
      Locals:         0       2       0       0       0       0       0       0       0       0       0       0       0       0
      Temps:          0       1       0       0       0       0       0       0       0       0       0       0       0       0
      Totals:         0       4       0       0       0       0       0       0       0       0       0       0       0       0
Total ram usage:        4 bytes
 Hardware stack levels used:    1
 Hardware stack levels required when called:    5
 This function calls:
		Nothing
 This function is called by:
		_nrf24l01SetTXPipe
		_nrf24l01InitRegisters
 This function uses a non-reentrant model


 *************** function _nrf24l01SetRXPipe *****************
 Defined at:
		line 187 in file "nrf24l01.c"
 Parameters:    Size  Location     Type
  pipe            1    wreg     unsigned char 
 Auto vars:     Size  Location     Type
  pipe            1    5[BANK0 ] unsigned char 
  enRXAddr        1    6[BANK0 ] struct .
 Return value:  Size  Location     Type
                  1    wreg      void 
 Registers used:
		wreg, status,2, status,0, pclath, cstack
 Tracked objects:
		On entry : 
[...]
 Hardware stack levels required when called:    5
 This function calls:
		Nothing
 This function is called by:
		___awtoft
		___ftadd
		___ftdiv
		___ftmul
		___lbtoft
		___lltoft
		___lwtoft
 This function uses a non-reentrant model


 *************** function _ISR *****************
 Defined at:
		line 13 in file "main.c"
 Parameters:    Size  Location     Type
		None
 Auto vars:     Size  Location     Type
		None
 Return value:  Size  Location     Type
                  1    wreg      void 
 Registers used:
		wreg, fsr0l, fsr0h, status,2, status,0, pclath, cstack
 Tracked objects:
		On entry : 
		On exit  : 
		Unchanged: 
 Data sizes:     COMMON   BANK0   BANK1   BANK2   BANK3   BANK4   BANK5   BANK6   BANK7   BANK8   BANK9  BANK10  BANK11  BANK12
      Params:         0       0       0       0       0       0       0       0       0       0       0       0       0       0
      Locals:         0       0       0       0       0       0       0       0       0       0       0       0       0       0
      Temps:          0       0       0       0       0       0       0       0       0       0       0       0       0       0
      Totals:         0       0       0       0       0       0       0       0       0       0       0       0       0       0
Total ram usage:        0 bytes
 Hardware stack levels used:    1
 Hardware stack levels required when called:    4
 This function calls:
		_nrf24l01ISR
 This function is called by:
		Interrupt level 1
 This function uses a non-reentrant model


 *************** function _nrf24l01ISR *****************
 Defined at:
		line 225 in file "nrf24l01.c"
 Parameters:    Size  Location     Type
		None
 Auto vars:     Size  Location     Type
  statusRegist    1    5[COMMON] struct .
 Return value:  Size  Location     Type
                  1    wreg      void 
 Registers used:
		wreg, fsr0l, fsr0h, status,2, status,0, pclath, cstack
 Tracked objects:
		On entry : 
		On exit  : 
		Unchanged: 
 Data sizes:     COMMON   BANK0   BANK1   BANK2   BANK3   BANK4   BANK5   BANK6   BANK7   BANK8   BANK9  BANK10  BANK11  BANK12
      Params:         0       0       0       0       0       0       0       0       0       0       0       0       0       0
      Locals:         1       0       0       0       0       0       0       0       0       0       0       0       0       0
      Temps:          1       0       0       0       0       0       0       0       0       0       0       0       0       0
      Totals:         2       0       0       0       0       0       0       0       0       0       0       0       0       0
Total ram usage:        2 bytes
 Hardware stack levels used:    1
 Hardware stack levels required when called:    3
 This function calls:
		i1_nrf24l01Send
 This function is called by:
		_ISR
 This function uses a non-reentrant model


 *************** function i1_nrf24l01Send *****************
 Defined at:
		line 45 in file "nrf24l01.c"
 Parameters:    Size  Location     Type
  command         1    wreg     unsigned char 
  data            1    1[COMMON] unsigned char 
 Auto vars:     Size  Location     Type
  command         1    3[COMMON] unsigned char 
 Return value:  Size  Location     Type
                  1    wreg      unsigned char 
 Registers used:
		wreg, status,2, status,0, pclath, cstack
 Tracked objects:
		On entry : 
		On exit  : 
		Unchanged: 
 Data sizes:     COMMON   BANK0   BANK1   BANK2   BANK3   BANK4   BANK5   BANK6   BANK7   BANK8   BANK9  BANK10  BANK11  BANK12
      Params:         1       0       0       0       0       0       0       0       0       0       0       0       0       0
      Locals:         1       0       0       0       0       0       0       0       0       0       0       0       0       0
      Temps:          1       0       0       0       0       0       0       0       0       0       0       0       0       0
      Totals:         3       0       0       0       0       0       0       0       0       0       0       0       0       0
Total ram usage:        3 bytes
 Hardware stack levels used:    1
 Hardware stack levels required when called:    2
 This function calls:
		_enableInterrupts
		_nrf24l01SPIEnd
		_nrf24l01SPISend
		_nrf24l01SPIStart
 This function is called by:
		_nrf24l01ISR
 This function uses a non-reentrant model


 *************** function _nrf24l01SPIStart *****************
 Defined at:
		line 64 in file "interface.c"
 Parameters:    Size  Location     Type
		None
 Auto vars:     Size  Location     Type
		None
 Return value:  Size  Location     Type
                  1    wreg      void 
 Registers used:
		wreg, status,2, status,0, pclath, cstack
 Tracked objects:
		On entry : 
		On exit  : 
		Unchanged: 
 Data sizes:     COMMON   BANK0   BANK1   BANK2   BANK3   BANK4   BANK5   BANK6   BANK7   BANK8   BANK9  BANK10  BANK11  BANK12
      Params:         0       0       0       0       0       0       0       0       0       0       0       0       0       0
      Locals:         0       0       0       0       0       0       0       0       0       0       0       0       0       0
      Temps:          0       0       0       0       0       0       0       0       0       0       0       0       0       0
      Totals:         0       0       0       0       0       0       0       0       0       0       0       0       0       0
Total ram usage:        0 bytes
 Hardware stack levels used:    1
 Hardware stack levels required when called:    6
 This function calls:
		_nrf24l01CSLow
 This function is called by:
		_nrf24l01Send
		_nrf24l01SetTXPipe
		_nrf24l01Service
		_nrf24l01InitRegisters
		i1_nrf24l01Send
 This function uses a non-reentrant model


 *************** function _nrf24l01CSLow *****************
 Defined at:
		line 17 in file "interface.c"
 Parameters:    Size  Location     Type
		None
 Auto vars:     Size  Location     Type
		None
 Return value:  Size  Location     Type
                  1    wreg      void 
 Registers used:
		None
 Tracked objects:
		On entry : 
		On exit  : 
		Unchanged: 
 Data sizes:     COMMON   BANK0   BANK1   BANK2   BANK3   BANK4   BANK5   BANK6   BANK7   BANK8   BANK9  BANK10  BANK11  BANK12
      Params:         0       0       0       0       0       0       0       0       0       0       0       0       0       0
      Locals:         0       0       0       0       0       0       0       0       0       0       0       0       0       0
      Temps:          0       0       0       0       0       0       0       0       0       0       0       0       0       0
      Totals:         0       0       0       0       0       0       0       0       0       0       0       0       0       0
Total ram usage:        0 bytes
 Hardware stack levels used:    1
 Hardware stack levels required when called:    5
 This function calls:
		Nothing
 This function is called by:
		_nrf24l01SPIStart
 This function uses a non-reentrant model


 *************** function _nrf24l01SPISend *****************
 Defined at:
		line 51 in file "interface.c"
 Parameters:    Size  Location     Type
  data            1    wreg     unsigned char 
 Auto vars:     Size  Location     Type
  data            1    0[COMMON] unsigned char 
 Return value:  Size  Location     Type
                  1    wreg      unsigned char 
 Registers used:
		wreg
 Tracked objects:
		On entry : 
		On exit  : 
		Unchanged: 
 Data sizes:     COMMON   BANK0   BANK1   BANK2   BANK3   BANK4   BANK5   BANK6   BANK7   BANK8   BANK9  BANK10  BANK11  BANK12
      Params:         0       0       0       0       0       0       0       0       0       0       0       0       0       0
      Locals:         0       0       0       0       0       0       0       0       0       0       0       0       0       0
      Temps:          0       0       0       0       0       0       0       0       0       0       0       0       0       0
      Totals:         0       0       0       0       0       0       0       0       0       0       0       0       0       0
Total ram usage:        0 bytes
 Hardware stack levels used:    1
 Hardware stack levels required when called:    5
 This function calls:
		Nothing
 This function is called by:
		_nrf24l01Send
		_nrf24l01SetTXPipe
		_nrf24l01Service
		_nrf24l01InitRegisters
		i1_nrf24l01Send
 This function uses a non-reentrant model


 *************** function _nrf24l01SPIEnd *****************
 Defined at:
		line 70 in file "interface.c"
 Parameters:    Size  Location     Type
		None
 Auto vars:     Size  Location     Type
		None
 Return value:  Size  Location     Type
                  1    wreg      void 
 Registers used:
		wreg, status,2, status,0, pclath, cstack
 Tracked objects:
		On entry : 
		On exit  : 
		Unchanged: 
 Data sizes:     COMMON   BANK0   BANK1   BANK2   BANK3   BANK4   BANK5   BANK6   BANK7   BANK8   BANK9  BANK10  BANK11  BANK12
      Params:         0       0       0       0       0       0       0       0       0       0       0       0       0       0
      Locals:         0       0       0       0       0       0       0       0       0       0       0       0       0       0
      Temps:          0       0       0       0       0       0       0       0       0       0       0       0       0       0
      Totals:         0       0       0       0       0       0       0       0       0       0       0       0       0       0
Total ram usage:        0 bytes
 Hardware stack levels used:    1
 Hardware stack levels required when called:    6
 This function calls:
		_nrf24l01CSHigh
 This function is called by:
		_nrf24l01Send
		_nrf24l01SetTXPipe
		_nrf24l01Service
		_nrf24l01InitRegisters
		i1_nrf24l01Send
 This function uses a non-reentrant model


 *************** function _nrf24l01CSHigh *****************
 Defined at:
		line 22 in file "interface.c"
 Parameters:    Size  Location     Type
		None
 Auto vars:     Size  Location     Type
		None
 Return value:  Size  Location     Type
                  1    wreg      void 
 Registers used:
		None
 Tracked objects:
		On entry : 
		On exit  : 
		Unchanged: 
 Data sizes:     COMMON   BANK0   BANK1   BANK2   BANK3   BANK4   BANK5   BANK6   BANK7   BANK8   BANK9  BANK10  BANK11  BANK12
      Params:         0       0       0       0       0       0       0       0       0       0       0       0       0       0
      Locals:         0       0       0       0       0       0       0       0       0       0       0       0       0       0
      Temps:          0       0       0       0       0       0       0       0       0       0       0       0       0       0
      Totals:         0       0       0       0       0       0       0       0       0       0       0       0       0       0
Total ram usage:        0 bytes
 Hardware stack levels used:    1
 Hardware stack levels required when called:    5
 This function calls:
		Nothing
 This function is called by:
		_nrf24l01SPIEnd
 This function uses a non-reentrant model


 *************** function _enableInterrupts *****************
 Defined at:
		line 76 in file "interface.c"
 Parameters:    Size  Location     Type
  enable          1    wreg     unsigned char 
 Auto vars:     Size  Location     Type
  enable          1    0[COMMON] unsigned char 
 Return value:  Size  Location     Type
                  1    wreg      void 
 Registers used:
		wreg, status,0
 Tracked objects:
		On entry : 
		On exit  : 
		Unchanged: 
 Data sizes:     COMMON   BANK0   BANK1   BANK2   BANK3   BANK4   BANK5   BANK6   BANK7   BANK8   BANK9  BANK10  BANK11  BANK12
      Params:         0       0       0       0       0       0       0       0       0       0       0       0       0       0
      Locals:         0       0       0       0       0       0       0       0       0       0       0       0       0       0
      Temps:          0       0       0       0       0       0       0       0       0       0       0       0       0       0
      Totals:         0       0       0       0       0       0       0       0       0       0       0       0       0       0
Total ram usage:        0 bytes
 Hardware stack levels used:    1
 Hardware stack levels required when called:    5
 This function calls:
		Nothing
 This function is called by:
		_nrf24l01Send
		_nrf24l01Service
		i1_nrf24l01Send
 This function uses a non-reentrant model



MODULE INFORMATION

Module		Function		Class		Link	Load	Size
C:\Program Files (x86)\Microchip\xc8\v2.00\pic\sources\c90\common\ftneg.c
		___ftneg       		CODE           	1C86	0000	14

C:\Program Files (x86)\Microchip\xc8\v2.00\pic\sources\c90\common\ftneg.c estimated size: 14

C:\Program Files (x86)\Microchip\xc8\v2.00\pic\sources\c90\common\ftsub.c
		___ftsub       		CODE           	1DD8	0000	36

C:\Program Files (x86)\Microchip\xc8\v2.00\pic\sources\c90\common\ftsub.c estimated size: 36

C:\Program Files (x86)\Microchip\xc8\v2.00\pic\sources\c90\common\float.c
		___ftpack      		CODE           	1274	0000	126

C:\Program Files (x86)\Microchip\xc8\v2.00\pic\sources\c90\common\float.c estimated size: 126

C:\Program Files (x86)\Microchip\xc8\v2.00\pic\sources\c90\common\lwmod.c
		___lwmod       		CODE           	1EC0	0000	61

C:\Program Files (x86)\Microchip\xc8\v2.00\pic\sources\c90\common\lwmod.c estimated size: 61

C:\Program Files (x86)\Microchip\xc8\v2.00\pic\sources\c90\common\awmod.c
		___awmod       		CODE           	114A	0000	95

C:\Program Files (x86)\Microchip\xc8\v2.00\pic\sources\c90\common\awmod.c estimated size: 95

C:\Program Files (x86)\Microchip\xc8\v2.00\pic\sources\c90\common\doprnt.c
		_scale         		CODE           	0D20	0000	737
		_sprintf       		CODE           	0040	0000	1357
		_fround        		CODE           	058C	0000	445

C:\Program Files (x86)\Microchip\xc8\v2.00\pic\sources\c90\common\doprnt.c estimated size: 2539

C:\Program Files (x86)\Microchip\xc8\v2.00\pic\sources\c90\common\llmod.c
		___llmod       		CODE           	10A5	0000	83

C:\Program Files (x86)\Microchip\xc8\v2.00\pic\sources\c90\common\llmod.c estimated size: 83

C:\Program Files (x86)\Microchip\xc8\v2.00\pic\sources\c90\common\ftdivl.c
		__tdiv_to_l_   		CODE           	0826	0000	213

C:\Program Files (x86)\Microchip\xc8\v2.00\pic\sources\c90\common\ftdivl.c estimated size: 213

C:\Program Files (x86)\Microchip\xc8\v2.00\pic\sources\c90\common\Umul16.c
		___wmul        		CODE           	1DFB	0000	36

C:\Program Files (x86)\Microchip\xc8\v2.00\pic\sources\c90\common\Umul16.c estimated size: 36

C:\Program Files (x86)\Microchip\xc8\v2.00\pic\sources\c90\common\ftmul.c
		___ftmul       		CODE           	14EA	0000	203

C:\Program Files (x86)\Microchip\xc8\v2.00\pic\sources\c90\common\ftmul.c estimated size: 203

C:\Program Files (x86)\Microchip\xc8\v2.00\pic\sources\c90\common\ftdiv.c
		___ftdiv       		CODE           	0748	0000	185

C:\Program Files (x86)\Microchip\xc8\v2.00\pic\sources\c90\common\ftdiv.c estimated size: 185

C:\Program Files (x86)\Microchip\xc8\v2.00\pic\sources\c90\common\__lldiv.c
		___lldiv       		CODE           	11A8	0000	99

C:\Program Files (x86)\Microchip\xc8\v2.00\pic\sources\c90\common\__lldiv.c estimated size: 99

C:\Program Files (x86)\Microchip\xc8\v2.00\pic\sources\c90\common\lwdiv.c
		___lwdiv       		CODE           	1F77	0000	69

C:\Program Files (x86)\Microchip\xc8\v2.00\pic\sources\c90\common\lwdiv.c estimated size: 69

C:\Program Files (x86)\Microchip\xc8\v2.00\pic\sources\c90\common\awdiv.c
		___awdiv       		CODE           	120A	0000	107

C:\Program Files (x86)\Microchip\xc8\v2.00\pic\sources\c90\common\awdiv.c estimated size: 107

C:\Program Files (x86)\Microchip\xc8\v2.00\pic\sources\c90\common\fldivl.c
		__div_to_l_    		CODE           	08FA	0000	316

C:\Program Files (x86)\Microchip\xc8\v2.00\pic\sources\c90\common\fldivl.c estimated size: 316

C:\Program Files (x86)\Microchip\xc8\v2.00\pic\sources\c90\common\Umul8.c
		___bmul        		CODE           	1CE6	0000	27

C:\Program Files (x86)\Microchip\xc8\v2.00\pic\sources\c90\common\Umul8.c estimated size: 27

shared
		i1_nrf24l01Send		CODE           	1D1C	0000	30
		_statuses      		STRCODE        	1876	0000	12
		__powers_      		STRCODE        	1828	0000	40
		_dpowers       		STRCODE        	1800	0000	41
		_n_ADDRESS_P0  		STRCODE        	18A0	0000	6
		_n_ADDRESS_MUL 		STRCODE        	1881	0000	2
		__npowers_     		STRCODE        	184F	0000	40
		__initialization		CODE           	001E	0000	31

shared estimated size: 202

interface.c
		_nrf24l01SPISend		CODE           	1C93	0000	18
		_nrf24l01CELow 		CODE           	1000	0000	4
		_nrf24l01CSLow 		CODE           	1C6A	0000	4
		_nrf24l01SPIStart		CODE           	1003	0000	9
		_nrf24l01SPIEnd		CODE           	1C7E	0000	9
		_nrf24l01CEHigh		CODE           	1C6D	0000	4
		_nrf24l01CSHigh		CODE           	1C67	0000	4
		_enableInterrupts		CODE           	1C76	0000	9
		_nrf24l01InterfaceInit		CODE           	1D00	0000	29

interface.c estimated size: 90

C:\Program Files (x86)\Microchip\xc8\v2.00\pic\sources\c90\common\fttol.c
		___fttol       		CODE           	12F1	0000	160

C:\Program Files (x86)\Microchip\xc8\v2.00\pic\sources\c90\common\fttol.c estimated size: 160

C:\Program Files (x86)\Microchip\xc8\v2.00\pic\sources\c90\common\strlen.c
		_strlen        		CODE           	1E1E	0000	37

C:\Program Files (x86)\Microchip\xc8\v2.00\pic\sources\c90\common\strlen.c estimated size: 37

C:\Program Files (x86)\Microchip\xc8\v2.00\pic\sources\c90\common\ftge.c
		___ftge        		CODE           	100B	0000	76

C:\Program Files (x86)\Microchip\xc8\v2.00\pic\sources\c90\common\ftge.c estimated size: 76

C:\Program Files (x86)\Microchip\xc8\v2.00\pic\sources\c90\common\ftadd.c
		___ftadd       		CODE           	16CF	0000	306

C:\Program Files (x86)\Microchip\xc8\v2.00\pic\sources\c90\common\ftadd.c estimated size: 306

C:\Program Files (x86)\Microchip\xc8\v2.00\pic\sources\c90\common\awtoft.c
		___awtoft      		CODE           	1E42	0000	40

C:\Program Files (x86)\Microchip\xc8\v2.00\pic\sources\c90\common\awtoft.c estimated size: 40

C:\Program Files (x86)\Microchip\xc8\v2.00\pic\sources\c90\common\strcpy.c
		_strcpy        		CODE           	1D73	0000	34

C:\Program Files (x86)\Microchip\xc8\v2.00\pic\sources\c90\common\strcpy.c estimated size: 34

nrf24l01.c
		_nrf24l01Service		CODE           	0A35	0000	353
		_nrf24l01SendPacket		CODE           	1CA4	0000	21
		_nrf24l01InitRegisters		CODE           	15B4	0000	284
		_nrf24l01ISR   		CODE           	1056	0000	80
		_nrf24l01Send  		CODE           	1DB6	0000	35
		_nrf24l01Init  		CODE           	1EFC	0000	62
		_nrf24l01SetRXMode		CODE           	10F7	0000	84
		_nrf24l01SetRXPipe		CODE           	0801	0000	38
		_nrf24l01SetTXPipe		CODE           	1FBB	0000	70

nrf24l01.c estimated size: 1027

C:\Program Files (x86)\Microchip\xc8\v2.00\pic\sources\c90\common\lbtoft.c
		___lbtoft      		CODE           	1D39	0000	30

C:\Program Files (x86)\Microchip\xc8\v2.00\pic\sources\c90\common\lbtoft.c estimated size: 30

C:\Program Files (x86)\Microchip\xc8\v2.00\pic\sources\c90\common\memset.c
		_memset        		CODE           	1D94	0000	35

C:\Program Files (x86)\Microchip\xc8\v2.00\pic\sources\c90\common\memset.c estimated size: 35

main.c
		_loop          		CODE           	0B95	0000	396
		_nrf24l01GetPipe		CODE           	1F39	0000	63
		_setMessage    		CODE           	1D56	0000	30
		_ISR           		CODE           	0004	0000	25
		_main          		CODE           	1390	0000	167
		_doWDTSleep    		CODE           	1CCF	0000	24
		_getADCValue   		CODE           	1436	0000	181
		_sleep         		CODE           	1E69	0000	40

main.c estimated size: 926

C:\Program Files (x86)\Microchip\xc8\v2.00\pic\sources\c90\common\lwtoft.c
		___lwtoft      		CODE           	1CB8	0000	24

C:\Program Files (x86)\Microchip\xc8\v2.00\pic\sources\c90\common\lwtoft.c estimated size: 24

C:\Program Files (x86)\Microchip\xc8\v2.00\pic\sources\c90\common\lltoft.c
		___lltoft      		CODE           	1E90	0000	49

C:\Program Files (x86)\Microchip\xc8\v2.00\pic\sources\c90\common\lltoft.c estimated size: 49

