Microchip MPLAB XC8 Compiler V2.00 ()

Linker command line:

-W-3 --edf=C:\Program Files (x86)\Microchip\xc8\v2.00\pic\dat\en_msgs.txt \
  -cs -h+dist/default/production\nRF24L01__PIC16LF1825.X.X.production.sym \
  --cmf=dist/default/production\nRF24L01__PIC16LF1825.X.X.production.cmf -z \
  -Q16LF18325 -oC:\Users\Leon\AppData\Local\Temp\s6gc.2 \
  --defsym=__MPLAB_BUILD=1 \
  -Mdist/default/production/nRF24L01__PIC16LF1825.X.X.production.map -E1 \
  -ver=XC8 -ASTACK=0215Ch-023efh -pstack=STACK -ACODE=00h-07FFhx4 \
  -ASTRCODE=00h-01FFFh -ASTRING=00h-0FFhx32 -ACONST=00h-0FFhx32 \
  -AENTRY=00h-0FFhx32 -ACOMMON=070h-07Fh -ABANK0=020h-06Fh \
  -ABANK1=0A0h-0EFh -ABANK2=0120h-016Fh -ABANK3=01A0h-01EFh \
  -ABANK4=0220h-026Fh -ABANK5=02A0h-02EFh -ABANK6=0320h-036Fh \
  -ABANK7=03A0h-03EFh -ABANK8=0420h-046Fh -ABANK9=04A0h-04EFh \
  -ABANK10=0520h-056Fh -ABANK11=05A0h-05EFh -ABANK12=0620h-064Fh \
  -ABIGRAM=02000h-023EFh \
  -ARAM=020h-06Fh,0A0h-0EFh,0120h-016Fh,01A0h-01EFh,0220h-026Fh,02A0h-02EFh,0320h-036Fh,03A0h-03EFh,0420h-046Fh,04A0h-04EFh,0520h-056Fh,05A0h-05EFh,0620h-064Fh \
  -AABS1=020h-07Fh,0A0h-0EFh,0120h-016Fh,01A0h-01EFh,0220h-026Fh,02A0h-02EFh,0320h-036Fh,03A0h-03EFh,0420h-046Fh,04A0h-04EFh,0520h-056Fh,05A0h-05EFh,0620h-064Fh \
  -ASFR0=00h-01Fh -ASFR1=080h-09Fh -ASFR2=0100h-011Fh -ASFR3=0180h-019Fh \
  -ASFR4=0200h-021Fh -ASFR5=0280h-029Fh -ASFR6=0300h-031Fh \
  -ASFR7=0380h-039Fh -ASFR8=0400h-041Fh -ASFR9=0480h-049Fh \
  -ASFR10=0500h-051Fh -ASFR11=0580h-059Fh -ASFR12=0600h-061Fh \
  -ASFR13=0680h-06EFh -ASFR14=0700h-076Fh -ASFR15=0780h-07EFh \
  -ASFR16=0800h-086Fh -ASFR17=0880h-08EFh -ASFR18=0900h-096Fh \
  -ASFR19=0980h-09EFh -ASFR20=0A00h-0A6Fh -ASFR21=0A80h-0AEFh \
  -ASFR22=0B00h-0B6Fh -ASFR23=0B80h-0BEFh -ASFR24=0C00h-0C6Fh \
  -ASFR25=0C80h-0CEFh -ASFR26=0D00h-0D6Fh -ASFR27=0D80h-0DEFh \
  -ASFR28=0E00h-0E6Fh -ASFR29=0E80h-0EEFh -ASFR30=0F00h-0F6Fh \
  -ASFR31=0F80h-0FEFh -preset_vec=00h,intentry=04h,init,end_init \
  -ppowerup=CODE -pcinit=CODE -pfunctab=ENTRY -ACONFIG=08007h-0800Ah \
  -pconfig=CONFIG -DCONFIG=2 -AIDLOC=08000h-08003h -pidloc=IDLOC -DIDLOC=2 \
  -AEEDATA=00h-0FFh/0F000h -peeprom_data=EEDATA -DEEDATA=2 -DCODE=2 \
  -DSTRCODE=2 -DSTRING=2 -DCONST=2 -DENTRY=2 -k \
  C:\Users\Leon\AppData\Local\Temp\s6gc.o \
  dist/default/production\nRF24L01__PIC16LF1825.X.X.production.o 

Object code version is 3.11

Machine type is 16LF18325



                Name                               Link     Load   Length Selector   Space Scale
C:\Users\Leon\AppData\Local\Temp\s6gc.o
                end_init                              F        F        2        8       0
                reset_vec                             0        0        2        0       0
                config                             8007     8007        4    1000E       0
dist/default/production\nRF24L01__PIC16LF1825.X.X.production.o
                cinit                                11       11       25        8       0
                intentry                              4        4        B        8       0
                text57                             1593     1593       18     2B26       0
                text56                             1519     1519        3     2A32       0
                text55                             151C     151C        3     2A38       0
                text54                             1532     1532        8     2A64       0
                text53                             151F     151F        3     2A3E       0
                text52                             152B     152B        7     2A56       0
                text51                             154B     154B        D     2A96       0
                text50                             1522     1522        3     2A44       0
                text49                             153A     153A        8     2A74       0
                text48                             15DE     15DE       1B     2BBC       0
                text47                             170B     170B       27     2E16       0
                text46                             1759     1759       28     2EB2       0
                text45                             162F     162F       1E     2C5E       0
                text44                              4C8      4C8      149        8       0
                text43                              A45      A45       63     148A       0
                text41                              AA8      AA8       65     1550       0
                text40                             1567     1567       15     2ACE       0
                text39                             15F9     15F9       1B     2BF2       0
                text38                             16E9     16E9       22     2DD2       0
                text37                              F0A      F0A       F6     1E14       0
                text36                              D6F      D6F       A9     1ADE       0
                text35                             157C     157C       17     2AF8       0
                text34                              CC9      CC9       A6     1992       0
                text33                              8A7      8A7       3C     114E       0
                text32                              72F      72F       B4        8       0
                text31                             1542     1542        9     2A84       0
                text30                             164D     164D       1E     2C9A       0
                text29                              C2A      C2A       9F     1854       0
                text28                             17AA     17AA       2A     2F54       0
                text27                              9F2      9F2       53     13E4       0
                text26                              8E3      8E3       43     11C6       0
                text25                              7E3      7E3       1C        8       0
                text24                             1558     1558        F     2AB0       0
                text23                               36       36      1CD        8       0
                text22                              E18      E18       F2     1C30       0
                text21                             15AB     15AB       19     2B56       0
                text20                             16A8     16A8       20     2D50       0
                text19                             17D4     17D4       2C     2FA8       0
                text18                             1781     1781       29     2F02       0
                text17                             1689     1689       1F     2D12       0
                text16                              203      203      177        8       0
                text15                              83F      83F       30     107E       0
                text14                             1614     1614       1B     2C28       0
                text13                              9AD      9AD       45     135A       0
                text12                             15C4     15C4       1A     2B88       0
                text11                             1732     1732       27     2E64       0
                text10                              B0D      B0D       8A     161A       0
                text9                               37A      37A      14E        8       0
                text8                               812      812       2D     1024       0
                text7                               86F      86F       38     10DE       0
                text6                              16C8     16C8       21     2D90       0
                text5                               800      800       12     1000       0
                text4                               969      969       44     12D2       0
                text3                               611      611      11E        8       0
                text2                              166B     166B       1E     2CD6       0
                text1                               926      926       43     124C       0
                maintext                            B97      B97       93     172E       0
                cstackBANK0                          20       20       50       20       1
                cstackCOMMON                         70       70        D       70       1
                cstackBANK1                          A0       A0       47       A0       1
                cstackBANK2                         120      120       31      120       1
                clrtext                            1525     1525        6     2A4A       0
                bssBANK4                            220      220       1C      220       1
                bssBANK3                            1A0      1A0       42      1A0       1
                bssBANK2                            151      151       15      120       1
                dataBANK1                            EB       EB        1       A0       1
                bssBANK1                             E7       E7        4       A0       1
                bssCOMMON                            7D       7D        1       70       1
                stringtext12                       1868     1868        2     3000       0
                stringtext11                       1864     1864        4     3000       0
                stringtext10                       185F     185F        5     3000       0
                stringtext9                        185A     185A        5     3000       0
                stringtext8                        1855     1855        5     3000       0
                stringtext7                        1850     1850        5     3000       0
                stringtext6                        1845     1845        6     3000       0
                stringtext5                        183E     183E        7     3000       0
                stringtext4                        1828     1828        C     3000       0
                stringtext3                        184B     184B        5     3000       0
                stringtext2                        1834     1834        A     3000       0
                stringtext1                        1800     1800       28     3000       0
                idataBANK1                          7FF      7FF        1        8       0

TOTAL           Name                               Link     Load   Length     Space
        CLASS   STACK          

        CLASS   CODE           
                end_init                              F        F        2         0
                cinit                                11       11       25         0
                intentry                              4        4        B         0
                reset_vec                             0        0        2         0
                text57                             1593     1593       18         0
                text56                             1519     1519        3         0
                text55                             151C     151C        3         0
                text54                             1532     1532        8         0
                text53                             151F     151F        3         0
                text52                             152B     152B        7         0
                text51                             154B     154B        D         0
                text50                             1522     1522        3         0
                text49                             153A     153A        8         0
                text48                             15DE     15DE       1B         0
                text47                             170B     170B       27         0
                text46                             1759     1759       28         0
                text45                             162F     162F       1E         0
                text44                              4C8      4C8      149         0
                text43                              A45      A45       63         0
                text41                              AA8      AA8       65         0
                text40                             1567     1567       15         0
                text39                             15F9     15F9       1B         0
                text38                             16E9     16E9       22         0
                text37                              F0A      F0A       F6         0
                text36                              D6F      D6F       A9         0
                text35                             157C     157C       17         0
                text34                              CC9      CC9       A6         0
                text33                              8A7      8A7       3C         0
                text32                              72F      72F       B4         0
                text31                             1542     1542        9         0
                text30                             164D     164D       1E         0
                text29                              C2A      C2A       9F         0
                text28                             17AA     17AA       2A         0
                text27                              9F2      9F2       53         0
                text26                              8E3      8E3       43         0
                text25                              7E3      7E3       1C         0
                text24                             1558     1558        F         0
                text23                               36       36      1CD         0
                text22                              E18      E18       F2         0
                text21                             15AB     15AB       19         0
                text20                             16A8     16A8       20         0
                text19                             17D4     17D4       2C         0
                text18                             1781     1781       29         0
                text17                             1689     1689       1F         0
                text16                              203      203      177         0
                text15                              83F      83F       30         0
                text14                             1614     1614       1B         0
                text13                              9AD      9AD       45         0
                text12                             15C4     15C4       1A         0
                text11                             1732     1732       27         0
                text10                              B0D      B0D       8A         0
                text9                               37A      37A      14E         0
                text8                               812      812       2D         0
                text7                               86F      86F       38         0
                text6                              16C8     16C8       21         0
                text5                               800      800       12         0
                text4                               969      969       44         0
                text3                               611      611      11E         0
                text2                              166B     166B       1E         0
                text1                               926      926       43         0
                maintext                            B97      B97       93         0
                clrtext                            1525     1525        6         0
                idataBANK1                          7FF      7FF        1         0

        CLASS   STRCODE        
                stringtext12                       1868     1868        2         0
                stringtext11                       1864     1864        4         0
                stringtext10                       185F     185F        5         0
                stringtext9                        185A     185A        5         0
                stringtext8                        1855     1855        5         0
                stringtext7                        1850     1850        5         0
                stringtext6                        1845     1845        6         0
                stringtext5                        183E     183E        7         0
                stringtext4                        1828     1828        C         0
                stringtext3                        184B     184B        5         0
                stringtext2                        1834     1834        A         0
                stringtext1                        1800     1800       28         0

        CLASS   STRING         

        CLASS   CONST          

        CLASS   ENTRY          

        CLASS   COMMON         
                cstackCOMMON                         70       70        D         1
                bssCOMMON                            7D       7D        1         1

        CLASS   BANK0          
                cstackBANK0                          20       20       50         1

        CLASS   BANK1          
                cstackBANK1                          A0       A0       47         1
                dataBANK1                            EB       EB        1         1
                bssBANK1                             E7       E7        4         1

        CLASS   BANK2          
                cstackBANK2                         120      120       31         1
                bssBANK2                            151      151       15         1

        CLASS   BANK3          
                bssBANK3                            1A0      1A0       42         1

        CLASS   BANK4          
                bssBANK4                            220      220       1C         1

        CLASS   BANK5          

        CLASS   BANK6          

        CLASS   BANK7          

        CLASS   BANK8          

        CLASS   BANK9          

        CLASS   BANK10         

        CLASS   BANK11         

        CLASS   BANK12         

        CLASS   BIGRAM         

        CLASS   RAM            

        CLASS   ABS1           
                abs_s1                               7E       7E        2         1

        CLASS   SFR0           

        CLASS   SFR1           

        CLASS   SFR2           

        CLASS   SFR3           

        CLASS   SFR4           

        CLASS   SFR5           

        CLASS   SFR6           

        CLASS   SFR7           

        CLASS   SFR8           

        CLASS   SFR9           

        CLASS   SFR10          

        CLASS   SFR11          

        CLASS   SFR12          

        CLASS   SFR13          

        CLASS   SFR14          

        CLASS   SFR15          

        CLASS   SFR16          

        CLASS   SFR17          

        CLASS   SFR18          

        CLASS   SFR19          

        CLASS   SFR20          

        CLASS   SFR21          

        CLASS   SFR22          

        CLASS   SFR23          

        CLASS   SFR24          

        CLASS   SFR25          

        CLASS   SFR26          

        CLASS   SFR27          

        CLASS   SFR28          

        CLASS   SFR29          

        CLASS   SFR30          

        CLASS   SFR31          

        CLASS   CONFIG         
                config                             8007     8007        4         0

        CLASS   IDLOC          

        CLASS   EEDATA         

        CLASS   BANK31         

        CLASS   BANK30         

        CLASS   BANK29         

        CLASS   BANK28         

        CLASS   BANK27         

        CLASS   BANK26         

        CLASS   BANK25         

        CLASS   BANK24         

        CLASS   BANK23         

        CLASS   BANK22         

        CLASS   BANK21         

        CLASS   BANK20         

        CLASS   BANK19         

        CLASS   BANK18         

        CLASS   BANK17         

        CLASS   BANK16         

        CLASS   BANK15         

        CLASS   BANK14         

        CLASS   BANK13         



SEGMENTS        Name                           Load    Length   Top    Selector   Space  Class     Delta

                reset_vec                      000000  000002  000002         0       0  CODE        2
                intentry                       000004  0007FC  000800         8       0  CODE        2
                cstackBANK0                    000020  000050  000070        20       1  BANK0       1
                cstackCOMMON                   000070  00000E  00007E        70       1  COMMON      1
                cstackBANK1                    0000A0  00004C  0000EC        A0       1  BANK1       1
                cstackBANK2                    000120  000046  000166       120       1  BANK2       1
                bssBANK3                       0001A0  000042  0001E2       1A0       1  BANK3       1
                bssBANK4                       000220  00001C  00023C       220       1  BANK4       1
                text5                          000800  000012  000812      1000       0  CODE        2
                text8                          000812  00002D  00083F      1024       0  CODE        2
                text15                         00083F  000030  00086F      107E       0  CODE        2
                text7                          00086F  000038  0008A7      10DE       0  CODE        2
                text33                         0008A7  00003C  0008E3      114E       0  CODE        2
                text26                         0008E3  000043  000926      11C6       0  CODE        2
                text1                          000926  000043  000969      124C       0  CODE        2
                text4                          000969  000044  0009AD      12D2       0  CODE        2
                text13                         0009AD  000045  0009F2      135A       0  CODE        2
                text27                         0009F2  000053  000A45      13E4       0  CODE        2
                text43                         000A45  000063  000AA8      148A       0  CODE        2
                text41                         000AA8  000065  000B0D      1550       0  CODE        2
                text10                         000B0D  00008A  000B97      161A       0  CODE        2
                maintext                       000B97  000093  000C2A      172E       0  CODE        2
                text29                         000C2A  00009F  000CC9      1854       0  CODE        2
                text34                         000CC9  0000A6  000D6F      1992       0  CODE        2
                text36                         000D6F  0000A9  000E18      1ADE       0  CODE        2
                text22                         000E18  0000F2  000F0A      1C30       0  CODE        2
                text37                         000F0A  0000F6  001000      1E14       0  CODE        2
                text56                         001519  000003  00151C      2A32       0  CODE        2
                text55                         00151C  000003  00151F      2A38       0  CODE        2
                text53                         00151F  000003  001522      2A3E       0  CODE        2
                text50                         001522  000003  001525      2A44       0  CODE        2
                clrtext                        001525  000006  00152B      2A4A       0  CODE        2
                text52                         00152B  000007  001532      2A56       0  CODE        2
                text54                         001532  000008  00153A      2A64       0  CODE        2
                text49                         00153A  000008  001542      2A74       0  CODE        2
                text31                         001542  000009  00154B      2A84       0  CODE        2
                text51                         00154B  00000D  001558      2A96       0  CODE        2
                text24                         001558  00000F  001567      2AB0       0  CODE        2
                text40                         001567  000015  00157C      2ACE       0  CODE        2
                text35                         00157C  000017  001593      2AF8       0  CODE        2
                text57                         001593  000018  0015AB      2B26       0  CODE        2
                text21                         0015AB  000019  0015C4      2B56       0  CODE        2
                text12                         0015C4  00001A  0015DE      2B88       0  CODE        2
                text48                         0015DE  00001B  0015F9      2BBC       0  CODE        2
                text39                         0015F9  00001B  001614      2BF2       0  CODE        2
                text14                         001614  00001B  00162F      2C28       0  CODE        2
                text45                         00162F  00001E  00164D      2C5E       0  CODE        2
                text30                         00164D  00001E  00166B      2C9A       0  CODE        2
                text2                          00166B  00001E  001689      2CD6       0  CODE        2
                text17                         001689  00001F  0016A8      2D12       0  CODE        2
                text20                         0016A8  000020  0016C8      2D50       0  CODE        2
                text6                          0016C8  000021  0016E9      2D90       0  CODE        2
                text38                         0016E9  000022  00170B      2DD2       0  CODE        2
                text47                         00170B  000027  001732      2E16       0  CODE        2
                text11                         001732  000027  001759      2E64       0  CODE        2
                text46                         001759  000028  001781      2EB2       0  CODE        2
                text18                         001781  000029  0017AA      2F02       0  CODE        2
                text28                         0017AA  00002A  0017D4      2F54       0  CODE        2
                text19                         0017D4  00002C  001800      2FA8       0  CODE        2
                stringtext1                    001800  00006A  00186A      3000       0  STRCODE     2
                config                         008007  000004  00800B     1000E       0  CONFIG      2


UNUSED ADDRESS RANGES

        Name                Unused          Largest block    Delta
        BANK1            000EC-000EF               4           1
        BANK10           00520-0056F              50           1
        BANK11           005A0-005EF              50           1
        BANK12           00620-0064F              30           1
        BANK2            00166-0016F               A           1
        BANK3            001E2-001EF               E           1
        BANK4            0023C-0026F              34           1
        BANK5            002A0-002EF              50           1
        BANK6            00320-0036F              50           1
        BANK7            003A0-003EF              50           1
        BANK8            00420-0046F              50           1
        BANK9            004A0-004EF              50           1
        BIGRAM           02000-023EF             3F0           1
        CODE             00002-00003               2           2
                         01000-01518             519
                         0186A-01FFF             796
        CONST            00002-00003               2           2
                         01000-01518             100
                         0186A-01FFF             100
        EEDATA           0F000-0F0FF             100           2
        ENTRY            00002-00003               2           2
                         01000-01518             100
                         0186A-01FFF             100
        IDLOC            08000-08003               4           2
        RAM              000EC-000EF               4           1
                         00166-0016F               A
                         001E2-001EF               E
                         0023C-0026F              34
                         002A0-002EF              50
                         00320-0036F              50
                         003A0-003EF              50
                         00420-0046F              50
                         004A0-004EF              50
                         00520-0056F              50
                         005A0-005EF              50
                         00620-0064F              30
        SFR0             00000-0001F              20           1
        SFR1             00080-0009F              20           1
        SFR10            00500-0051F              20           1
        SFR11            00580-0059F              20           1
        SFR12            00600-0061F              20           1
        SFR13            00680-006EF              70           1
        SFR14            00700-0076F              70           1
        SFR15            00780-007EF              70           1
        SFR16            00800-0086F              70           1
        SFR17            00880-008EF              70           1
        SFR18            00900-0096F              70           1
        SFR19            00980-009EF              70           1
        SFR2             00100-0011F              20           1
        SFR20            00A00-00A6F              70           1
        SFR21            00A80-00AEF              70           1
        SFR22            00B00-00B6F              70           1
        SFR23            00B80-00BEF              70           1
        SFR24            00C00-00C6F              70           1
        SFR25            00C80-00CEF              70           1
        SFR26            00D00-00D6F              70           1
        SFR27            00D80-00DEF              70           1
        SFR28            00E00-00E6F              70           1
        SFR29            00E80-00EEF              70           1
        SFR3             00180-0019F              20           1
        SFR30            00F00-00F6F              70           1
        SFR31            00F80-00FEF              70           1
        SFR4             00200-0021F              20           1
        SFR5             00280-0029F              20           1
        SFR6             00300-0031F              20           1
        SFR7             00380-0039F              20           1
        SFR8             00400-0041F              20           1
        SFR9             00480-0049F              20           1
        STACK            0215C-023EF             294           1
        STRCODE          00002-00003               2           2
                         01000-01518             519
                         0186A-01FFF             796
        STRING           00002-00003               2           2
                         01000-01518             100
                         0186A-01FFF             100

                                  Symbol Table

?___awtoft                      cstackBANK0  00028
?___ftadd                       cstackBANK0  0002E
?___ftdiv                       cstackBANK0  0003B
?___ftmul                       cstackBANK0  00057
?___ftneg                       cstackBANK0  00057
?___ftpack                      cstackBANK0  00020
?___ftsub                       cstackBANK0  0003B
?___fttol                       cstackBANK0  00067
?___lbtoft                      cstackBANK0  00028
?___lldiv                       cstackBANK0  00020
?___llmod                       cstackBANK0  0002E
?___lltoft                      cstackBANK0  00028
?___lwmod                       cstackBANK0  00020
?___lwtoft                      cstackBANK0  00028
?___wmul                        cstackBANK0  00020
?_getADCValue                   cstackBANK0  0004B
?_sprintf                       cstackBANK0  00038
?_strcmp                        cstackBANK0  00020
?_strlen                        cstackBANK0  00020
?i1_strcmp                      cstackCOMMON 00070
?i1_strlen                      cstackCOMMON 00070
_ADCON0bits                     (abs)        0009D
_ADCON1bits                     (abs)        0009E
_ADRESH                         (abs)        0009C
_ADRESL                         (abs)        0009B
_ANSELA                         (abs)        0018C
_ANSELAbits                     (abs)        0018C
_ANSELC                         (abs)        0018E
_ANSELCbits                     (abs)        0018E
_FVRCONbits                     (abs)        00117
_INLVLA                         (abs)        0038C
_INLVLC                         (abs)        0038E
_INTCONbits                     (abs)        0000B
_ISR                            intentry     00004
_ODCONA                         (abs)        0028C
_ODCONAbits                     (abs)        0028C
_ODCONC                         (abs)        0028E
_OSCCON1bits                    (abs)        00919
_PIE0bits                       (abs)        00090
_PIR0bits                       (abs)        00010
_PORTAbits                      (abs)        0000C
_PORTCbits                      (abs)        0000E
_RC0PPSbits                     (abs)        00EA0
_RC1PPSbits                     (abs)        00EA1
_RC2PPSbits                     (abs)        00EA2
_RXPacket                       bssBANK3     001A0
_SSP1BUF                        (abs)        00211
_SSP1CON1bits                   (abs)        00215
_SSP1STATbits                   (abs)        00214
_TRISAbits                      (abs)        0008C
_TRISCbits                      (abs)        0008E
_TXPacket                       bssBANK3     001C1
_WDTCONbits                     (abs)        00097
_WPUA                           (abs)        0020C
_WPUAbits                       (abs)        0020C
_WPUC                           (abs)        0020E
__CFG_BOREN$OFF                 (abs)        00000
__CFG_BORV$LOW                  (abs)        00000
__CFG_CLKOUTEN$OFF              (abs)        00000
__CFG_CP$OFF                    (abs)        00000
__CFG_CPD$OFF                   (abs)        00000
__CFG_CSWEN$ON                  (abs)        00000
__CFG_DEBUG$OFF                 (abs)        00000
__CFG_FCMEN$ON                  (abs)        00000
__CFG_FEXTOSC$OFF               (abs)        00000
__CFG_LPBOREN$OFF               (abs)        00000
__CFG_LVP$ON                    (abs)        00000
__CFG_MCLRE$ON                  (abs)        00000
__CFG_PPS1WAY$ON                (abs)        00000
__CFG_PWRTE$ON                  (abs)        00000
__CFG_RSTOSC$HFINT32            (abs)        00000
__CFG_STVREN$ON                 (abs)        00000
__CFG_WDTE$ON                   (abs)        00000
__CFG_WRT$OFF                   (abs)        00000
__Habs1                         abs1         00000
__Hbank0                        bank0        00000
__Hbank1                        bank1        00000
__Hbank10                       bank10       00000
__Hbank11                       bank11       00000
__Hbank12                       bank12       00000
__Hbank13                       bank13       00000
__Hbank14                       bank14       00000
__Hbank15                       bank15       00000
__Hbank16                       bank16       00000
__Hbank17                       bank17       00000
__Hbank18                       bank18       00000
__Hbank19                       bank19       00000
__Hbank2                        bank2        00000
__Hbank20                       bank20       00000
__Hbank21                       bank21       00000
__Hbank22                       bank22       00000
__Hbank23                       bank23       00000
__Hbank24                       bank24       00000
__Hbank25                       bank25       00000
__Hbank26                       bank26       00000
__Hbank27                       bank27       00000
__Hbank28                       bank28       00000
__Hbank29                       bank29       00000
__Hbank3                        bank3        00000
__Hbank30                       bank30       00000
__Hbank31                       bank31       00000
__Hbank4                        bank4        00000
__Hbank5                        bank5        00000
__Hbank6                        bank6        00000
__Hbank7                        bank7        00000
__Hbank8                        bank8        00000
__Hbank9                        bank9        00000
__Hbigram                       bigram       00000
__HbssBANK1                     bssBANK1     00000
__HbssBANK2                     bssBANK2     00000
__HbssBANK3                     bssBANK3     00000
__HbssBANK4                     bssBANK4     00000
__HbssCOMMON                    bssCOMMON    00000
__Hcinit                        cinit        00036
__Hclrtext                      clrtext      00000
__Hcode                         code         00000
__Hcommon                       common       00000
__Hconfig                       config       0800B
__HcstackBANK0                  cstackBANK0  00000
__HcstackBANK1                  cstackBANK1  00000
__HcstackBANK2                  cstackBANK2  00000
__HcstackCOMMON                 cstackCOMMON 00000
__HdataBANK1                    dataBANK1    00000
__Heeprom_data                  eeprom_data  00000
__Hend_init                     end_init     00011
__Hfunctab                      functab      00000
__HidataBANK1                   idataBANK1   00000
__Hidloc                        idloc        00000
__Hinit                         init         0000F
__Hintentry                     intentry     0000F
__Hmaintext                     maintext     00000
__Hpowerup                      powerup      00000
__Hram                          ram          00000
__Hreset_vec                    reset_vec    00002
__Hsfr0                         sfr0         00000
__Hsfr1                         sfr1         00000
__Hsfr10                        sfr10        00000
__Hsfr11                        sfr11        00000
__Hsfr12                        sfr12        00000
__Hsfr13                        sfr13        00000
__Hsfr14                        sfr14        00000
__Hsfr15                        sfr15        00000
__Hsfr16                        sfr16        00000
__Hsfr17                        sfr17        00000
__Hsfr18                        sfr18        00000
__Hsfr19                        sfr19        00000
__Hsfr2                         sfr2         00000
__Hsfr20                        sfr20        00000
__Hsfr21                        sfr21        00000
__Hsfr22                        sfr22        00000
__Hsfr23                        sfr23        00000
__Hsfr24                        sfr24        00000
__Hsfr25                        sfr25        00000
__Hsfr26                        sfr26        00000
__Hsfr27                        sfr27        00000
__Hsfr28                        sfr28        00000
__Hsfr29                        sfr29        00000
__Hsfr3                         sfr3         00000
__Hsfr30                        sfr30        00000
__Hsfr31                        sfr31        00000
__Hsfr4                         sfr4         00000
__Hsfr5                         sfr5         00000
__Hsfr6                         sfr6         00000
__Hsfr7                         sfr7         00000
__Hsfr8                         sfr8         00000
__Hsfr9                         sfr9         00000
__Hspace_0                      (abs)        0800B
__Hspace_1                      (abs)        0023C
__Hspace_2                      (abs)        00000
__Hspace_3                      (abs)        00000
__Hstack                        stack        00000
__Hstrings                      strings      00000
__Hstringtext1                  stringtext1  00000
__Hstringtext10                 stringtext10 00000
__Hstringtext11                 stringtext11 00000
__Hstringtext12                 stringtext12 00000
__Hstringtext13                 stringtext13 00000
__Hstringtext2                  stringtext2  00000
__Hstringtext3                  stringtext3  00000
__Hstringtext4                  stringtext4  00000
__Hstringtext5                  stringtext5  00000
__Hstringtext6                  stringtext6  00000
__Hstringtext7                  stringtext7  00000
__Hstringtext8                  stringtext8  00000
__Hstringtext9                  stringtext9  00000
__Htext                         text         00000
__Labs1                         abs1         00000
__Lbank0                        bank0        00000
__Lbank1                        bank1        00000
__Lbank10                       bank10       00000
__Lbank11                       bank11       00000
__Lbank12                       bank12       00000
__Lbank13                       bank13       00000
__Lbank14                       bank14       00000
__Lbank15                       bank15       00000
__Lbank16                       bank16       00000
__Lbank17                       bank17       00000
__Lbank18                       bank18       00000
__Lbank19                       bank19       00000
__Lbank2                        bank2        00000
__Lbank20                       bank20       00000
__Lbank21                       bank21       00000
__Lbank22                       bank22       00000
__Lbank23                       bank23       00000
__Lbank24                       bank24       00000
__Lbank25                       bank25       00000
__Lbank26                       bank26       00000
__Lbank27                       bank27       00000
__Lbank28                       bank28       00000
__Lbank29                       bank29       00000
__Lbank3                        bank3        00000
__Lbank30                       bank30       00000
__Lbank31                       bank31       00000
__Lbank4                        bank4        00000
__Lbank5                        bank5        00000
__Lbank6                        bank6        00000
__Lbank7                        bank7        00000
__Lbank8                        bank8        00000
__Lbank9                        bank9        00000
__Lbigram                       bigram       00000
__LbssBANK1                     bssBANK1     00000
__LbssBANK2                     bssBANK2     00000
__LbssBANK3                     bssBANK3     00000
__LbssBANK4                     bssBANK4     00000
__LbssCOMMON                    bssCOMMON    00000
__Lcinit                        cinit        00011
__Lclrtext                      clrtext      00000
__Lcode                         code         00000
__Lcommon                       common       00000
__Lconfig                       config       08007
__LcstackBANK0                  cstackBANK0  00000
__LcstackBANK1                  cstackBANK1  00000
__LcstackBANK2                  cstackBANK2  00000
__LcstackCOMMON                 cstackCOMMON 00000
__LdataBANK1                    dataBANK1    00000
__Leeprom_data                  eeprom_data  00000
__Lend_init                     end_init     0000F
__Lfunctab                      functab      00000
__LidataBANK1                   idataBANK1   00000
__Lidloc                        idloc        00000
__Linit                         init         0000F
__Lintentry                     intentry     00004
__Lmaintext                     maintext     00000
__Lpowerup                      powerup      00000
__Lram                          ram          00000
__Lreset_vec                    reset_vec    00000
__Lsfr0                         sfr0         00000
__Lsfr1                         sfr1         00000
__Lsfr10                        sfr10        00000
__Lsfr11                        sfr11        00000
__Lsfr12                        sfr12        00000
__Lsfr13                        sfr13        00000
__Lsfr14                        sfr14        00000
__Lsfr15                        sfr15        00000
__Lsfr16                        sfr16        00000
__Lsfr17                        sfr17        00000
__Lsfr18                        sfr18        00000
__Lsfr19                        sfr19        00000
__Lsfr2                         sfr2         00000
__Lsfr20                        sfr20        00000
__Lsfr21                        sfr21        00000
__Lsfr22                        sfr22        00000
__Lsfr23                        sfr23        00000
__Lsfr24                        sfr24        00000
__Lsfr25                        sfr25        00000
__Lsfr26                        sfr26        00000
__Lsfr27                        sfr27        00000
__Lsfr28                        sfr28        00000
__Lsfr29                        sfr29        00000
__Lsfr3                         sfr3         00000
__Lsfr30                        sfr30        00000
__Lsfr31                        sfr31        00000
__Lsfr4                         sfr4         00000
__Lsfr5                         sfr5         00000
__Lsfr6                         sfr6         00000
__Lsfr7                         sfr7         00000
__Lsfr8                         sfr8         00000
__Lsfr9                         sfr9         00000
__Lspace_0                      (abs)        00000
__Lspace_1                      (abs)        00000
__Lspace_2                      (abs)        00000
__Lspace_3                      (abs)        00000
__Lstack                        stack        00000
__Lstrings                      strings      00000
__Lstringtext1                  stringtext1  00000
__Lstringtext10                 stringtext10 00000
__Lstringtext11                 stringtext11 00000
__Lstringtext12                 stringtext12 00000
__Lstringtext13                 stringtext13 00000
__Lstringtext2                  stringtext2  00000
__Lstringtext3                  stringtext3  00000
__Lstringtext4                  stringtext4  00000
__Lstringtext5                  stringtext5  00000
__Lstringtext6                  stringtext6  00000
__Lstringtext7                  stringtext7  00000
__Lstringtext8                  stringtext8  00000
__Lstringtext9                  stringtext9  00000
__Ltext                         text         00000
__S0                            (abs)        0800B
__S1                            (abs)        0023C
__S2                            (abs)        00000
__S3                            (abs)        00000
___awtoft                       text38       016E9
___awtoft@c                     cstackBANK0  00028
___awtoft@sign                  cstackBANK0  0002D
___bmul                         text5        00800
___bmul@multiplicand            cstackBANK0  00020
___bmul@multiplier              cstackBANK0  00023
___bmul@product                 cstackBANK0  00022
___ftadd                        text37       00F0A
___ftadd@exp1                   cstackBANK0  0003A
___ftadd@exp2                   cstackBANK0  00039
___ftadd@f1                     cstackBANK0  0002E
___ftadd@f2                     cstackBANK0  00031
___ftadd@sign                   cstackBANK0  00038
___ftdiv                        text36       00D6F
___ftdiv@cntr                   cstackBANK0  00045
___ftdiv@exp                    cstackBANK0  00049
___ftdiv@f1                     cstackBANK0  0003E
___ftdiv@f2                     cstackBANK0  0003B
___ftdiv@f3                     cstackBANK0  00046
___ftdiv@sign                   cstackBANK0  0004A
___ftge                         text33       008A7
___ftge@ff1                     cstackBANK0  00020
___ftge@ff2                     cstackBANK0  00023
___ftmul                        text32       0072F
___ftmul@cntr                   cstackBANK0  00065
___ftmul@exp                    cstackBANK0  00061
___ftmul@f1                     cstackBANK0  00057
___ftmul@f2                     cstackBANK0  0005A
___ftmul@f3_as_product          cstackBANK0  00062
___ftmul@sign                   cstackBANK0  00066
___ftneg                        text31       01542
___ftneg@f1                     cstackBANK0  00057
___ftpack                       text41       00AA8
___ftpack@arg                   cstackBANK0  00020
___ftpack@exp                   cstackBANK0  00023
___ftpack@sign                  cstackBANK0  00024
___ftsub                        text30       0164D
___ftsub@f1                     cstackBANK0  0003E
___ftsub@f2                     cstackBANK0  0003B
___fttol                        text29       00C2A
___fttol@exp1                   cstackBANK1  000A5
___fttol@f1                     cstackBANK0  00067
___fttol@lval                   cstackBANK1  000A1
___fttol@sign1                  cstackBANK1  000A0
___int_sp                       stack        00000
___latbits                      (abs)        00002
___lbtoft                       text39       015F9
___lbtoft@c                     cstackBANK0  0002F
___lldiv                        text27       009F2
___lldiv@counter                cstackBANK0  0002D
___lldiv@dividend               cstackBANK0  00024
___lldiv@divisor                cstackBANK0  00020
___lldiv@quotient               cstackBANK0  00029
___llmod                        text26       008E3
___llmod@counter                cstackBANK0  00037
___llmod@dividend               cstackBANK0  00032
___llmod@divisor                cstackBANK0  0002E
___lltoft                       text28       017AA
___lltoft@c                     cstackBANK0  00028
___lltoft@exp                   cstackBANK0  0002D
___lwmod                        text8        00812
___lwmod@counter                cstackBANK0  00025
___lwmod@dividend               cstackBANK0  00022
___lwmod@divisor                cstackBANK0  00020
___lwtoft                       text40       01567
___lwtoft@c                     cstackBANK0  00028
___sp                           stack        00000
___wmul                         text25       007E3
___wmul@multiplicand            cstackBANK0  00022
___wmul@multiplier              cstackBANK0  00020
___wmul@product                 cstackBANK0  00024
__end_of_ISR                    intentry     0000F
__end_of___awtoft               text38       0170B
__end_of___bmul                 text5        00812
__end_of___ftadd                text37       01000
__end_of___ftdiv                text36       00E18
__end_of___ftge                 text33       008E3
__end_of___ftmul                text32       007E3
__end_of___ftneg                text31       0154B
__end_of___ftpack               text41       00B0D
__end_of___ftsub                text30       0166B
__end_of___fttol                text29       00CC9
__end_of___lbtoft               text39       01614
__end_of___lldiv                text27       00A45
__end_of___llmod                text26       00926
__end_of___lltoft               text28       017D4
__end_of___lwmod                text8        0083F
__end_of___lwtoft               text40       0157C
__end_of___wmul                 text25       007FF
__end_of__initialization        cinit        00032
__end_of_doWDTSleep             text35       01593
__end_of_dpowers                stringtext1  01828
__end_of_enableInterrupts       text54       0153A
__end_of_ftoa                   text22       00F0A
__end_of_getADCValue            text34       00D6F
__end_of_isdigit                text24       01567
__end_of_loop                   text9        004C8
__end_of_main                   maintext     00C2A
__end_of_memset                 text21       015C4
__end_of_n_ADDRESS_MUL          stringtext4  01829
__end_of_n_ADDRESS_P0           stringtext3  01850
__end_of_nrf24l01CEHigh         text56       0151C
__end_of_nrf24l01CELow          text55       0151F
__end_of_nrf24l01CSHigh         text53       01522
__end_of_nrf24l01CSLow          text50       01525
__end_of_nrf24l01GetPipe        text7        008A7
__end_of_nrf24l01ISR            text43       00AA8
__end_of_nrf24l01Init           text1        00969
__end_of_nrf24l01InitRegisters  text3        0072F
__end_of_nrf24l01InterfaceInit  text2        01689
__end_of_nrf24l01SPIEnd         text52       01532
__end_of_nrf24l01SPISend        text51       01558
__end_of_nrf24l01SPIStart       text49       01542
__end_of_nrf24l01Send           text20       016C8
__end_of_nrf24l01SendPacket     text13       009F2
__end_of_nrf24l01Service        text16       0037A
__end_of_nrf24l01SetRXMode      text19       01800
__end_of_nrf24l01SetRXPipe      text6        016E9
__end_of_nrf24l01SetTXPipe      text4        009AD
__end_of_sendMessage            text10       00B97
__end_of_sleep                  text12       015DE
__end_of_sleepMs                text15       0086F
__end_of_sprintf                text23       00203
__end_of_statuses               stringtext2  0183E
__end_of_strcat                 text11       01759
__end_of_strcmp                 text18       017AA
__end_of_strcpy                 text14       0162F
__end_of_strlen                 text17       016A8
__end_ofi1_memset               text57       015AB
__end_ofi1_nrf24l01Send         text48       015F9
__end_ofi1_nrf24l01Service      text44       00611
__end_ofi1_nrf24l01SetRXMode    text47       01732
__end_ofi1_strcmp               text46       01781
__end_ofi1_strlen               text45       0164D
__initialization                cinit        00011
__pbssBANK1                     bssBANK1     000E7
__pbssBANK2                     bssBANK2     00151
__pbssBANK3                     bssBANK3     001A0
__pbssBANK4                     bssBANK4     00220
__pbssCOMMON                    bssCOMMON    0007D
__pcstackBANK0                  cstackBANK0  00020
__pcstackBANK1                  cstackBANK1  000A0
__pcstackBANK2                  cstackBANK2  00120
__pcstackCOMMON                 cstackCOMMON 00070
__pdataBANK1                    dataBANK1    000EB
__pidataBANK1                   idataBANK1   007FF
__pintentry                     intentry     00004
__pmaintext                     maintext     00B97
__pstringtext1                  stringtext1  01800
__pstringtext10                 stringtext10 0185F
__pstringtext11                 stringtext11 01864
__pstringtext12                 stringtext12 01868
__pstringtext13                 stringtext13 00000
__pstringtext2                  stringtext2  01834
__pstringtext3                  stringtext3  0184B
__pstringtext4                  stringtext4  01828
__pstringtext5                  stringtext5  0183E
__pstringtext6                  stringtext6  01845
__pstringtext7                  stringtext7  01850
__pstringtext8                  stringtext8  01855
__pstringtext9                  stringtext9  0185A
__ptext1                        text1        00926
__ptext10                       text10       00B0D
__ptext11                       text11       01732
__ptext12                       text12       015C4
__ptext13                       text13       009AD
__ptext14                       text14       01614
__ptext15                       text15       0083F
__ptext16                       text16       00203
__ptext17                       text17       01689
__ptext18                       text18       01781
__ptext19                       text19       017D4
__ptext2                        text2        0166B
__ptext20                       text20       016A8
__ptext21                       text21       015AB
__ptext22                       text22       00E18
__ptext23                       text23       00036
__ptext24                       text24       01558
__ptext25                       text25       007E3
__ptext26                       text26       008E3
__ptext27                       text27       009F2
__ptext28                       text28       017AA
__ptext29                       text29       00C2A
__ptext3                        text3        00611
__ptext30                       text30       0164D
__ptext31                       text31       01542
__ptext32                       text32       0072F
__ptext33                       text33       008A7
__ptext34                       text34       00CC9
__ptext35                       text35       0157C
__ptext36                       text36       00D6F
__ptext37                       text37       00F0A
__ptext38                       text38       016E9
__ptext39                       text39       015F9
__ptext4                        text4        00969
__ptext40                       text40       01567
__ptext41                       text41       00AA8
__ptext43                       text43       00A45
__ptext44                       text44       004C8
__ptext45                       text45       0162F
__ptext46                       text46       01759
__ptext47                       text47       0170B
__ptext48                       text48       015DE
__ptext49                       text49       0153A
__ptext5                        text5        00800
__ptext50                       text50       01522
__ptext51                       text51       0154B
__ptext52                       text52       0152B
__ptext53                       text53       0151F
__ptext54                       text54       01532
__ptext55                       text55       0151C
__ptext56                       text56       01519
__ptext57                       text57       01593
__ptext6                        text6        016C8
__ptext7                        text7        0086F
__ptext8                        text8        00812
__ptext9                        text9        0037A
__size_of_ISR                   (abs)        00000
__size_of___awtoft              (abs)        00000
__size_of___bmul                (abs)        00000
__size_of___ftadd               (abs)        00000
__size_of___ftdiv               (abs)        00000
__size_of___ftge                (abs)        00000
__size_of___ftmul               (abs)        00000
__size_of___ftneg               (abs)        00000
__size_of___ftpack              (abs)        00000
__size_of___ftsub               (abs)        00000
__size_of___fttol               (abs)        00000
__size_of___lbtoft              (abs)        00000
__size_of___lldiv               (abs)        00000
__size_of___llmod               (abs)        00000
__size_of___lltoft              (abs)        00000
__size_of___lwmod               (abs)        00000
__size_of___lwtoft              (abs)        00000
__size_of___wmul                (abs)        00000
__size_of_doWDTSleep            (abs)        00000
__size_of_enableInterrupts      (abs)        00000
__size_of_ftoa                  (abs)        00000
__size_of_getADCValue           (abs)        00000
__size_of_isdigit               (abs)        00000
__size_of_loop                  (abs)        00000
__size_of_main                  (abs)        00000
__size_of_memset                (abs)        00000
__size_of_nrf24l01CEHigh        (abs)        00000
__size_of_nrf24l01CELow         (abs)        00000
__size_of_nrf24l01CSHigh        (abs)        00000
__size_of_nrf24l01CSLow         (abs)        00000
__size_of_nrf24l01GetPipe       (abs)        00000
__size_of_nrf24l01ISR           (abs)        00000
__size_of_nrf24l01Init          (abs)        00000
__size_of_nrf24l01InitRegisters (abs)        00000
__size_of_nrf24l01InterfaceInit (abs)        00000
__size_of_nrf24l01SPIEnd        (abs)        00000
__size_of_nrf24l01SPISend       (abs)        00000
__size_of_nrf24l01SPIStart      (abs)        00000
__size_of_nrf24l01Send          (abs)        00000
__size_of_nrf24l01SendPacket    (abs)        00000
__size_of_nrf24l01Service       (abs)        00000
__size_of_nrf24l01SetRXMode     (abs)        00000
__size_of_nrf24l01SetRXPipe     (abs)        00000
__size_of_nrf24l01SetTXPipe     (abs)        00000
__size_of_sendMessage           (abs)        00000
__size_of_sleep                 (abs)        00000
__size_of_sleepMs               (abs)        00000
__size_of_sprintf               (abs)        00000
__size_of_strcat                (abs)        00000
__size_of_strcmp                (abs)        00000
__size_of_strcpy                (abs)        00000
__size_of_strlen                (abs)        00000
__size_ofi1_memset              (abs)        00000
__size_ofi1_nrf24l01Send        (abs)        00000
__size_ofi1_nrf24l01Service     (abs)        00000
__size_ofi1_nrf24l01SetRXMode   (abs)        00000
__size_ofi1_strcmp              (abs)        00000
__size_ofi1_strlen              (abs)        00000
_counter                        bssBANK2     00151
_doWDTSleep                     text35       0157C
_dpowers                        stringtext1  01800
_enableInterrupts               text54       01532
_ftoa                           text22       00E18
_getADCValue                    text34       00CC9
_isdigit                        text24       01558
_isdigit$1728                   cstackBANK0  00020
_loop                           text9        0037A
_loop$1980                      cstackBANK2  00126
_loop$1981                      cstackBANK2  00129
_loop$1982                      cstackBANK2  0012C
_main                           maintext     00B97
_memset                         text21       015AB
_n_ADDRESS_MUL                  stringtext4  01828
_n_ADDRESS_P0                   stringtext3  0184B
_nrf24l01CEHigh                 text56       01519
_nrf24l01CELow                  text55       0151C
_nrf24l01CSHigh                 text53       0151F
_nrf24l01CSLow                  text50       01522
_nrf24l01GetPipe                text7        0086F
_nrf24l01ISR                    text43       00A45
_nrf24l01Init                   text1        00926
_nrf24l01InitRegisters          text3        00611
_nrf24l01InterfaceInit          text2        0166B
_nrf24l01SPIEnd                 text52       0152B
_nrf24l01SPISend                text51       0154B
_nrf24l01SPIStart               text49       0153A
_nrf24l01Send                   text20       016A8
_nrf24l01SendPacket             text13       009AD
_nrf24l01Service                text16       00203
_nrf24l01SetRXMode              text19       017D4
_nrf24l01SetRXPipe              text6        016C8
_nrf24l01SetTXPipe              text4        00969
_romData                        dataBANK1    000EB
_romDataMap                     bssBANK4     00220
_sendMessage                    text10       00B0D
_sleep                          text12       015C4
_sleepMs                        text15       0083F
_sprintf                        text23       00036
_status                         bssBANK1     000E7
_statuses                       stringtext2  01834
_strcat                         text11       01732
_strcmp                         text18       01781
_strcpy                         text14       01614
_strlen                         text17       01689
btemp                           (abs)        0007E
clear_ram0                      clrtext      01525
doWDTSleep@wdtps                cstackBANK0  00021
enableInterrupts@enable         cstackCOMMON 00070
end_of_initialization           cinit        00032
ftoa@buf                        bssBANK2     00155
ftoa@cp                         cstackBANK1  000B2
ftoa@f                          cstackBANK1  000A6
ftoa@l                          cstackBANK1  000AE
ftoa@rem                        cstackBANK1  000AA
ftoa@status                     cstackBANK1  000A9
getADCValue@adcLoop             cstackBANK0  00051
getADCValue@adcSum              cstackBANK0  00054
getADCValue@channel             cstackBANK0  00053
i1_memset                       text57       01593
i1_nrf24l01Send                 text48       015DE
i1_nrf24l01Service              text44       004C8
i1_nrf24l01SetRXMode            text47       0170B
i1_strcmp                       text46       01759
i1_strlen                       text45       0162F
i1memset@c                      cstackCOMMON 00072
i1memset@n                      cstackCOMMON 00074
i1memset@p                      cstackCOMMON 00076
i1memset@p1                     cstackCOMMON 00070
i1nrf24l01Send@command          cstackCOMMON 00073
i1nrf24l01Send@data             cstackCOMMON 00071
i1nrf24l01Service@i             cstackCOMMON 0007B
i1nrf24l01Service@width         cstackCOMMON 0007A
i1nrf24l01SetRXMode@rxMode      cstackCOMMON 00075
i1strcmp@r                      cstackCOMMON 00073
i1strcmp@s1                     cstackCOMMON 00074
i1strcmp@s2                     cstackCOMMON 00070
i1strlen@cp                     cstackCOMMON 00074
i1strlen@s                      cstackCOMMON 00070
int$flags                       (abs)        0007E
intlevel0                       functab      00000
intlevel1                       functab      00000
intlevel2                       functab      00000
intlevel3                       functab      00000
intlevel4                       functab      00000
intlevel5                       functab      00000
isdigit@c                       cstackBANK0  00021
loop@packet                     cstackBANK2  00130
loop@rfSetup                    cstackBANK2  0012F
loop@ta                         cstackBANK2  00123
loop@vt                         cstackBANK2  00120
main@packet                     cstackBANK1  000C6
main@pipe                       cstackBANK1  000C5
memset@c                        cstackBANK0  00022
memset@n                        cstackBANK0  00024
memset@p                        cstackBANK0  00026
memset@p1                       cstackBANK0  00020
nrf24l01GetPipe@i               cstackBANK0  0002A
nrf24l01GetPipe@name            cstackBANK0  00029
nrf24l01GetPipe@pipe            cstackBANK0  00028
nrf24l01InitRegisters@DynPD     cstackBANK0  0002E
nrf24l01InitRegisters@channel   cstackBANK0  00029
nrf24l01InitRegisters@enAA      cstackBANK0  0002D
nrf24l01InitRegisters@feature   cstackBANK0  0002B
nrf24l01InitRegisters@i         cstackBANK0  0002F
nrf24l01InitRegisters@rfSetup   cstackBANK0  0002C
nrf24l01InitRegisters@setupAW   cstackBANK0  0002A
nrf24l01SPISend@data            cstackCOMMON 00070
nrf24l01Send@command            cstackBANK0  00022
nrf24l01Send@data               cstackBANK0  00020
nrf24l01SendPacket@txPacket     cstackBANK0  0002C
nrf24l01Service@i               cstackBANK0  0002B
nrf24l01Service@width           cstackBANK0  0002A
nrf24l01SetRXMode@rxMode        cstackBANK0  00024
nrf24l01SetRXPipe@enRXAddr      cstackBANK0  00026
nrf24l01SetRXPipe@pipe          cstackBANK0  00025
nrf24l01SetTXPipe@pipe          cstackBANK0  00026
reset_vec                       reset_vec    00000
sendMessage@packet              cstackBANK1  000B9
sendMessage@status              cstackBANK1  000C1
sendMessage@topic               cstackBANK1  000BB
sendMessage@value               cstackBANK1  000BD
sleep@milliseconds              cstackBANK0  00025
sleepMs@milliseconds            cstackBANK0  00020
sleepMs@wdtps                   cstackBANK0  00024
sprintf@ap                      cstackBANK0  00049
sprintf@c                       cstackBANK0  00053
sprintf@f                       cstackBANK0  00038
sprintf@flag                    cstackBANK0  00048
sprintf@prec                    cstackBANK0  00051
sprintf@sp                      cstackBANK0  0004E
sprintf@val                     cstackBANK0  0004A
sprintf@width                   cstackBANK0  0004F
stackhi                         (abs)        023EF
stacklo                         (abs)        0215C
start                           init         0000F
start_initialization            cinit        00011
strcat@cp                       cstackBANK1  000B7
strcat@from                     cstackBANK1  000B5
strcat@to                       cstackBANK1  000B3
strcmp@r                        cstackBANK0  00023
strcmp@s1                       cstackBANK0  00024
strcmp@s2                       cstackBANK0  00020
strcpy@cp                       cstackBANK0  00024
strcpy@from                     cstackBANK0  00022
strcpy@to                       cstackBANK0  00020
strlen@cp                       cstackBANK0  00024
strlen@s                        cstackBANK0  00020
wtemp0                          (abs)        0007E


FUNCTION INFORMATION:

 *************** function _main *****************
 Defined at:
		line 182 in file "main.c"
 Parameters:    Size  Location     Type
		None
 Auto vars:     Size  Location     Type
  packet         33   38[BANK1 ] struct .
  pipe            1   37[BANK1 ] unsigned char 
 Return value:  Size  Location     Type
                  1    wreg      void 
 Registers used:
		wreg, fsr0l, fsr0h, fsr1l, fsr1h, status,2, status,0, pclath, cstack
 Tracked objects:
		On entry : 
		On exit  : 
		Unchanged: 
 Data sizes:     COMMON   BANK0   BANK1   BANK2   BANK3   BANK4   BANK5   BANK6   BANK7   BANK8   BANK9  BANK10  BANK11  BANK12
      Params:         0       0       0       0       0       0       0       0       0       0       0       0       0       0
      Locals:         0       0      34       0       0       0       0       0       0       0       0       0       0       0
      Temps:          0       0       1       0       0       0       0       0       0       0       0       0       0       0
      Totals:         0       0      35       0       0       0       0       0       0       0       0       0       0       0
Total ram usage:       35 bytes
 Hardware stack levels required when called:   15
 This function calls:
		___lwtoft
		_loop
		_nrf24l01GetPipe
		_nrf24l01Init
		_nrf24l01SetTXPipe
		_sendMessage
		_strcpy
 This function is called by:
		Startup code after reset
 This function uses a non-reentrant model


 *************** function _nrf24l01Init *****************
 Defined at:
		line 481 in file "nrf24l01.c"
 Parameters:    Size  Location     Type
		None
 Auto vars:     Size  Location     Type
		None
 Return value:  Size  Location     Type
                  1    wreg      void 
 Registers used:
		wreg, fsr0l, fsr0h, status,2, status,0, pclath, cstack
 Tracked objects:
		On entry : 
		On exit  : 
		Unchanged: 
 Data sizes:     COMMON   BANK0   BANK1   BANK2   BANK3   BANK4   BANK5   BANK6   BANK7   BANK8   BANK9  BANK10  BANK11  BANK12
      Params:         0       0       0       0       0       0       0       0       0       0       0       0       0       0
      Locals:         0       0       0       0       0       0       0       0       0       0       0       0       0       0
      Temps:          0       2       0       0       0       0       0       0       0       0       0       0       0       0
      Totals:         0       2       0       0       0       0       0       0       0       0       0       0       0       0
Total ram usage:        2 bytes
 Hardware stack levels used:    1
 Hardware stack levels required when called:   12
 This function calls:
		_nrf24l01CEHigh
		_nrf24l01CELow
		_nrf24l01InitRegisters
		_nrf24l01InterfaceInit
 This function is called by:
		_main
 This function uses a non-reentrant model


 *************** function _nrf24l01InterfaceInit *****************
 Defined at:
		line 27 in file "interface.c"
 Parameters:    Size  Location     Type
		None
 Auto vars:     Size  Location     Type
		None
 Return value:  Size  Location     Type
                  1    wreg      void 
 Registers used:
		wreg, status,2, status,0
 Tracked objects:
		On entry : 
		On exit  : 
		Unchanged: 
 Data sizes:     COMMON   BANK0   BANK1   BANK2   BANK3   BANK4   BANK5   BANK6   BANK7   BANK8   BANK9  BANK10  BANK11  BANK12
      Params:         0       0       0       0       0       0       0       0       0       0       0       0       0       0
      Locals:         0       0       0       0       0       0       0       0       0       0       0       0       0       0
      Temps:          0       0       0       0       0       0       0       0       0       0       0       0       0       0
      Totals:         0       0       0       0       0       0       0       0       0       0       0       0       0       0
Total ram usage:        0 bytes
 Hardware stack levels used:    1
 Hardware stack levels required when called:    7
 This function calls:
		Nothing
 This function is called by:
		_nrf24l01Init
 This function uses a non-reentrant model


 *************** function _nrf24l01InitRegisters *****************
 Defined at:
		line 381 in file "nrf24l01.c"
 Parameters:    Size  Location     Type
		None
 Auto vars:     Size  Location     Type
  i               2   15[BANK0 ] unsigned int 
  DynPD           1   14[BANK0 ] struct .
  enAA            1   13[BANK0 ] struct .
  rfSetup         1   12[BANK0 ] struct .
  feature         1   11[BANK0 ] struct .
  setupAW         1   10[BANK0 ] struct .
  channel         1    9[BANK0 ] struct .
 Return value:  Size  Location     Type
                  1    wreg      void 
 Registers used:
		wreg, fsr0l, fsr0h, status,2, status,0, pclath, cstack
 Tracked objects:
		On entry : 
		On exit  : 
		Unchanged: 
 Data sizes:     COMMON   BANK0   BANK1   BANK2   BANK3   BANK4   BANK5   BANK6   BANK7   BANK8   BANK9  BANK10  BANK11  BANK12
      Params:         0       0       0       0       0       0       0       0       0       0       0       0       0       0
      Locals:         0       8       0       0       0       0       0       0       0       0       0       0       0       0
      Temps:          0       2       0       0       0       0       0       0       0       0       0       0       0       0
      Totals:         0      10       0       0       0       0       0       0       0       0       0       0       0       0
Total ram usage:       10 bytes
 Hardware stack levels used:    1
 Hardware stack levels required when called:   11
 This function calls:
		___bmul
		_nrf24l01SPIEnd
		_nrf24l01SPISend
		_nrf24l01SPIStart
		_nrf24l01Send
		_nrf24l01SetRXPipe
		_nrf24l01SetTXPipe
 This function is called by:
		_nrf24l01Init
 This function uses a non-reentrant model


 *************** function _nrf24l01SetTXPipe *****************
 Defined at:
		line 183 in file "nrf24l01.c"
 Parameters:    Size  Location     Type
  pipe            1    wreg     unsigned char 
 Auto vars:     Size  Location     Type
  pipe            1    6[BANK0 ] unsigned char 
 Return value:  Size  Location     Type
                  1    wreg      void 
 Registers used:
		wreg, fsr0l, fsr0h, status,2, status,0, pclath, cstack
 Tracked objects:
		On entry : 
		On exit  : 
		Unchanged: 
 Data sizes:     COMMON   BANK0   BANK1   BANK2   BANK3   BANK4   BANK5   BANK6   BANK7   BANK8   BANK9  BANK10  BANK11  BANK12
      Params:         0       0       0       0       0       0       0       0       0       0       0       0       0       0
      Locals:         0       1       0       0       0       0       0       0       0       0       0       0       0       0
      Temps:          0       2       0       0       0       0       0       0       0       0       0       0       0       0
      Totals:         0       3       0       0       0       0       0       0       0       0       0       0       0       0
Total ram usage:        3 bytes
 Hardware stack levels used:    1
 Hardware stack levels required when called:    9
 This function calls:
		___bmul
		_nrf24l01SPIEnd
		_nrf24l01SPISend
		_nrf24l01SPIStart
 This function is called by:
		_main
		_nrf24l01InitRegisters
 This function uses a non-reentrant model


 *************** function ___bmul *****************
 Defined at:
		line 4 in file "C:\Program Files (x86)\Microchip\xc8\v2.00\pic\sources\c90\common\Umul8.c"
 Parameters:    Size  Location     Type
  multiplier      1    wreg     unsigned char 
  multiplicand    1    0[BANK0 ] unsigned char 
 Auto vars:     Size  Location     Type
  multiplier      1    3[BANK0 ] unsigned char 
  product         1    2[BANK0 ] unsigned char 
 Return value:  Size  Location     Type
                  1    wreg      unsigned char 
 Registers used:
		wreg, status,2, status,0
 Tracked objects:
		On entry : 
		On exit  : 
		Unchanged: 
 Data sizes:     COMMON   BANK0   BANK1   BANK2   BANK3   BANK4   BANK5   BANK6   BANK7   BANK8   BANK9  BANK10  BANK11  BANK12
      Params:         0       1       0       0       0       0       0       0       0       0       0       0       0       0
      Locals:         0       2       0       0       0       0       0       0       0       0       0       0       0       0
      Temps:          0       1       0       0       0       0       0       0       0       0       0       0       0       0
      Totals:         0       4       0       0       0       0       0       0       0       0       0       0       0       0
Total ram usage:        4 bytes
 Hardware stack levels used:    1
 Hardware stack levels required when called:    7
 This function calls:
		Nothing
 This function is called by:
		_nrf24l01SetTXPipe
		_nrf24l01InitRegisters
 This function uses a non-reentrant model


 *************** function _nrf24l01SetRXPipe *****************
 Defined at:
		line 196 in file "nrf24l01.c"
 Parameters:    Size  Location     Type
  pipe            1    wreg     unsigned char 
 Auto vars:     Size  Location     Type
  pipe            1    5[BANK0 ] unsigned char 
  enRXAddr        1    6[BANK0 ] struct .
 Return value:  Size  Location     Type
                  1    wreg      void 
 Registers used:
		wreg, status,2, status,0, pclath, cstack
 Tracked objects:
		On entry : 
		On exit  : 
		Unchanged: 
 Data sizes:     COMMON   BANK0   BANK1   BANK2   BANK3   BANK4   BANK5   BANK6   BANK7   BANK8   BANK9  BANK10  BANK11  BANK12
      Params:         0       0       0       0       0       0       0       0       0       0       0       0       0       0
      Locals:         0       2       0       0       0       0       0       0       0       0       0       0       0       0
      Temps:          0       2       0       0       0       0       0       0       0       0       0       0       0       0
      Totals:         0       4       0       0       0       0       0       0       0       0       0       0       0       0
Total ram usage:        4 bytes
 Hardware stack levels used:    1
 Hardware stack levels required when called:   10
 This function calls:
		_nrf24l01Send
 This function is called by:
		_nrf24l01InitRegisters
 This function uses a non-reentrant model


 *************** function _nrf24l01GetPipe *****************
 Defined at:
		line 170 in file "main.c"
 Parameters:    Size  Location     Type
  name            1    wreg     PTR unsigned char 
		 -> romDataMap(28), 
 Auto vars:     Size  Location     Type
  name            1    9[BANK0 ] PTR unsigned char 
		 -> romDataMap(28), 
  i               1   10[BANK0 ] unsigned char 
  pipe            1    8[BANK0 ] unsigned char 
 Return value:  Size  Location     Type
                  1    wreg      unsigned char 
 Registers used:
		wreg, fsr1l, fsr1h, status,2, status,0, pclath, cstack
 Tracked objects:
		On entry : 
		On exit  : 
		Unchanged: 
 Data sizes:     COMMON   BANK0   BANK1   BANK2   BANK3   BANK4   BANK5   BANK6   BANK7   BANK8   BANK9  BANK10  BANK11  BANK12
      Params:         0       0       0       0       0       0       0       0       0       0       0       0       0       0
      Locals:         0       3       0       0       0       0       0       0       0       0       0       0       0       0
      Temps:          0       2       0       0       0       0       0       0       0       0       0       0       0       0
[...]
		_nrf24l01SPIEnd
		_nrf24l01SPISend
		_nrf24l01SPIStart
 This function is called by:
		_nrf24l01ISR
		i1_nrf24l01SetRXMode
		i1_nrf24l01Service
 This function uses a non-reentrant model


 *************** function _nrf24l01SPIStart *****************
 Defined at:
		line 82 in file "interface.c"
 Parameters:    Size  Location     Type
		None
 Auto vars:     Size  Location     Type
		None
 Return value:  Size  Location     Type
                  1    wreg      void 
 Registers used:
		wreg, status,2, status,0, pclath, cstack
 Tracked objects:
		On entry : 
		On exit  : 
		Unchanged: 
 Data sizes:     COMMON   BANK0   BANK1   BANK2   BANK3   BANK4   BANK5   BANK6   BANK7   BANK8   BANK9  BANK10  BANK11  BANK12
      Params:         0       0       0       0       0       0       0       0       0       0       0       0       0       0
      Locals:         0       0       0       0       0       0       0       0       0       0       0       0       0       0
      Temps:          0       0       0       0       0       0       0       0       0       0       0       0       0       0
      Totals:         0       0       0       0       0       0       0       0       0       0       0       0       0       0
Total ram usage:        0 bytes
 Hardware stack levels used:    1
 Hardware stack levels required when called:    8
 This function calls:
		_nrf24l01CSLow
 This function is called by:
		_nrf24l01Send
		_nrf24l01SetTXPipe
		_nrf24l01Service
		_nrf24l01InitRegisters
		i1_nrf24l01Send
		i1_nrf24l01Service
 This function uses a non-reentrant model


 *************** function _nrf24l01CSLow *****************
 Defined at:
		line 17 in file "interface.c"
 Parameters:    Size  Location     Type
		None
 Auto vars:     Size  Location     Type
		None
 Return value:  Size  Location     Type
                  1    wreg      void 
 Registers used:
		None
 Tracked objects:
		On entry : 
		On exit  : 
		Unchanged: 
 Data sizes:     COMMON   BANK0   BANK1   BANK2   BANK3   BANK4   BANK5   BANK6   BANK7   BANK8   BANK9  BANK10  BANK11  BANK12
      Params:         0       0       0       0       0       0       0       0       0       0       0       0       0       0
      Locals:         0       0       0       0       0       0       0       0       0       0       0       0       0       0
      Temps:          0       0       0       0       0       0       0       0       0       0       0       0       0       0
      Totals:         0       0       0       0       0       0       0       0       0       0       0       0       0       0
Total ram usage:        0 bytes
 Hardware stack levels used:    1
 Hardware stack levels required when called:    7
 This function calls:
		Nothing
 This function is called by:
		_nrf24l01SPIStart
 This function uses a non-reentrant model


 *************** function _nrf24l01SPISend *****************
 Defined at:
		line 69 in file "interface.c"
 Parameters:    Size  Location     Type
  data            1    wreg     unsigned char 
 Auto vars:     Size  Location     Type
  data            1    0[COMMON] unsigned char 
 Return value:  Size  Location     Type
                  1    wreg      unsigned char 
 Registers used:
		wreg
 Tracked objects:
		On entry : 
		On exit  : 
		Unchanged: 
 Data sizes:     COMMON   BANK0   BANK1   BANK2   BANK3   BANK4   BANK5   BANK6   BANK7   BANK8   BANK9  BANK10  BANK11  BANK12
      Params:         0       0       0       0       0       0       0       0       0       0       0       0       0       0
      Locals:         0       0       0       0       0       0       0       0       0       0       0       0       0       0
      Temps:          0       0       0       0       0       0       0       0       0       0       0       0       0       0
      Totals:         0       0       0       0       0       0       0       0       0       0       0       0       0       0
Total ram usage:        0 bytes
 Hardware stack levels used:    1
 Hardware stack levels required when called:    7
 This function calls:
		Nothing
 This function is called by:
		_nrf24l01Send
		_nrf24l01SetTXPipe
		_nrf24l01Service
		_nrf24l01InitRegisters
		i1_nrf24l01Send
		i1_nrf24l01Service
 This function uses a non-reentrant model


 *************** function _nrf24l01SPIEnd *****************
 Defined at:
		line 88 in file "interface.c"
 Parameters:    Size  Location     Type
		None
 Auto vars:     Size  Location     Type
		None
 Return value:  Size  Location     Type
                  1    wreg      void 
 Registers used:
		wreg, status,2, status,0, pclath, cstack
 Tracked objects:
		On entry : 
		On exit  : 
		Unchanged: 
 Data sizes:     COMMON   BANK0   BANK1   BANK2   BANK3   BANK4   BANK5   BANK6   BANK7   BANK8   BANK9  BANK10  BANK11  BANK12
      Params:         0       0       0       0       0       0       0       0       0       0       0       0       0       0
      Locals:         0       0       0       0       0       0       0       0       0       0       0       0       0       0
      Temps:          0       0       0       0       0       0       0       0       0       0       0       0       0       0
      Totals:         0       0       0       0       0       0       0       0       0       0       0       0       0       0
Total ram usage:        0 bytes
 Hardware stack levels used:    1
 Hardware stack levels required when called:    8
 This function calls:
		_nrf24l01CSHigh
 This function is called by:
		_nrf24l01Send
		_nrf24l01SetTXPipe
		_nrf24l01Service
		_nrf24l01InitRegisters
		i1_nrf24l01Send
		i1_nrf24l01Service
 This function uses a non-reentrant model


 *************** function _nrf24l01CSHigh *****************
 Defined at:
		line 22 in file "interface.c"
 Parameters:    Size  Location     Type
		None
 Auto vars:     Size  Location     Type
		None
 Return value:  Size  Location     Type
                  1    wreg      void 
 Registers used:
		None
 Tracked objects:
		On entry : 
		On exit  : 
		Unchanged: 
 Data sizes:     COMMON   BANK0   BANK1   BANK2   BANK3   BANK4   BANK5   BANK6   BANK7   BANK8   BANK9  BANK10  BANK11  BANK12
      Params:         0       0       0       0       0       0       0       0       0       0       0       0       0       0
      Locals:         0       0       0       0       0       0       0       0       0       0       0       0       0       0
      Temps:          0       0       0       0       0       0       0       0       0       0       0       0       0       0
      Totals:         0       0       0       0       0       0       0       0       0       0       0       0       0       0
Total ram usage:        0 bytes
 Hardware stack levels used:    1
 Hardware stack levels required when called:    7
 This function calls:
		Nothing
 This function is called by:
		_nrf24l01SPIEnd
 This function uses a non-reentrant model


 *************** function _enableInterrupts *****************
 Defined at:
		line 94 in file "interface.c"
 Parameters:    Size  Location     Type
  enable          1    wreg     unsigned char 
 Auto vars:     Size  Location     Type
  enable          1    0[COMMON] unsigned char 
 Return value:  Size  Location     Type
                  1    wreg      void 
 Registers used:
		wreg, status,0
 Tracked objects:
		On entry : 
		On exit  : 
		Unchanged: 
 Data sizes:     COMMON   BANK0   BANK1   BANK2   BANK3   BANK4   BANK5   BANK6   BANK7   BANK8   BANK9  BANK10  BANK11  BANK12
      Params:         0       0       0       0       0       0       0       0       0       0       0       0       0       0
      Locals:         0       0       0       0       0       0       0       0       0       0       0       0       0       0
      Temps:          0       0       0       0       0       0       0       0       0       0       0       0       0       0
      Totals:         0       0       0       0       0       0       0       0       0       0       0       0       0       0
Total ram usage:        0 bytes
 Hardware stack levels used:    1
 Hardware stack levels required when called:    7
 This function calls:
		Nothing
 This function is called by:
		_nrf24l01Send
		i1_nrf24l01Send
 This function uses a non-reentrant model


 *************** function _nrf24l01CELow *****************
 Defined at:
		line 7 in file "interface.c"
 Parameters:    Size  Location     Type
		None
 Auto vars:     Size  Location     Type
		None
 Return value:  Size  Location     Type
                  1    wreg      void 
 Registers used:
		None
 Tracked objects:
		On entry : 
		On exit  : 
		Unchanged: 
 Data sizes:     COMMON   BANK0   BANK1   BANK2   BANK3   BANK4   BANK5   BANK6   BANK7   BANK8   BANK9  BANK10  BANK11  BANK12
      Params:         0       0       0       0       0       0       0       0       0       0       0       0       0       0
      Locals:         0       0       0       0       0       0       0       0       0       0       0       0       0       0
      Temps:          0       0       0       0       0       0       0       0       0       0       0       0       0       0
      Totals:         0       0       0       0       0       0       0       0       0       0       0       0       0       0
Total ram usage:        0 bytes
 Hardware stack levels used:    1
 Hardware stack levels required when called:    7
 This function calls:
		Nothing
 This function is called by:
		_nrf24l01SetRXMode
		_nrf24l01Service
		_nrf24l01Init
		i1_nrf24l01SetRXMode
		i1_nrf24l01Service
 This function uses a non-reentrant model


 *************** function _nrf24l01CEHigh *****************
 Defined at:
		line 12 in file "interface.c"
 Parameters:    Size  Location     Type
		None
 Auto vars:     Size  Location     Type
		None
 Return value:  Size  Location     Type
                  1    wreg      void 
 Registers used:
		None
 Tracked objects:
		On entry : 
		On exit  : 
		Unchanged: 
 Data sizes:     COMMON   BANK0   BANK1   BANK2   BANK3   BANK4   BANK5   BANK6   BANK7   BANK8   BANK9  BANK10  BANK11  BANK12
      Params:         0       0       0       0       0       0       0       0       0       0       0       0       0       0
      Locals:         0       0       0       0       0       0       0       0       0       0       0       0       0       0
      Temps:          0       0       0       0       0       0       0       0       0       0       0       0       0       0
      Totals:         0       0       0       0       0       0       0       0       0       0       0       0       0       0
Total ram usage:        0 bytes
 Hardware stack levels used:    1
 Hardware stack levels required when called:    7
 This function calls:
		Nothing
 This function is called by:
		_nrf24l01SetRXMode
		_nrf24l01Service
		_nrf24l01Init
		i1_nrf24l01SetRXMode
		i1_nrf24l01Service
 This function uses a non-reentrant model


 *************** function i1_memset *****************
 Defined at:
		line 8 in file "C:\Program Files (x86)\Microchip\xc8\v2.00\pic\sources\c90\common\memset.c"
 Parameters:    Size  Location     Type
  p1              2    0[COMMON] PTR void 
		 -> RXPacket(33), main@packet(33), loop@packet(33), 
  c               2    2[COMMON] int 
  n               2    4[COMMON] unsigned int 
 Auto vars:     Size  Location     Type
  memset          2    6[COMMON] PTR unsigned char 
		 -> RXPacket(33), main@packet(33), loop@packet(33), 
 Return value:  Size  Location     Type
                  1    wreg      PTR void 
 Registers used:
		wreg, fsr1l, fsr1h, status,2, status,0
 Tracked objects:
		On entry : 
		On exit  : 
		Unchanged: 
 Data sizes:     COMMON   BANK0   BANK1   BANK2   BANK3   BANK4   BANK5   BANK6   BANK7   BANK8   BANK9  BANK10  BANK11  BANK12
      Params:         6       0       0       0       0       0       0       0       0       0       0       0       0       0
      Locals:         2       0       0       0       0       0       0       0       0       0       0       0       0       0
      Temps:          0       0       0       0       0       0       0       0       0       0       0       0       0       0
      Totals:         8       0       0       0       0       0       0       0       0       0       0       0       0       0
Total ram usage:        8 bytes
 Hardware stack levels used:    1
 This function calls:
		Nothing
 This function is called by:
		i1_nrf24l01Service
 This function uses a non-reentrant model



MODULE INFORMATION

Module		Function		Class		Link	Load	Size
C:\Program Files (x86)\Microchip\xc8\v2.00\pic\sources\c90\common\ftneg.c
		___ftneg       		CODE           	1542	0000	10

C:\Program Files (x86)\Microchip\xc8\v2.00\pic\sources\c90\common\ftneg.c estimated size: 10

C:\Program Files (x86)\Microchip\xc8\v2.00\pic\sources\c90\common\ftsub.c
		___ftsub       		CODE           	164D	0000	31

C:\Program Files (x86)\Microchip\xc8\v2.00\pic\sources\c90\common\ftsub.c estimated size: 31

C:\Program Files (x86)\Microchip\xc8\v2.00\pic\sources\c90\common\float.c
		___ftpack      		CODE           	0AA8	0000	102

C:\Program Files (x86)\Microchip\xc8\v2.00\pic\sources\c90\common\float.c estimated size: 102

C:\Program Files (x86)\Microchip\xc8\v2.00\pic\sources\c90\common\lwmod.c
		___lwmod       		CODE           	0812	0000	46

C:\Program Files (x86)\Microchip\xc8\v2.00\pic\sources\c90\common\lwmod.c estimated size: 46

C:\Program Files (x86)\Microchip\xc8\v2.00\pic\sources\c90\common\doprnt.c
		_sprintf       		CODE           	0036	0000	462

C:\Program Files (x86)\Microchip\xc8\v2.00\pic\sources\c90\common\doprnt.c estimated size: 462

C:\Program Files (x86)\Microchip\xc8\v2.00\pic\sources\c90\common\llmod.c
		___llmod       		CODE           	08E3	0000	68

C:\Program Files (x86)\Microchip\xc8\v2.00\pic\sources\c90\common\llmod.c estimated size: 68

C:\Program Files (x86)\Microchip\xc8\v2.00\pic\sources\c90\common\Umul16.c
		___wmul        		CODE           	07E3	0000	29

C:\Program Files (x86)\Microchip\xc8\v2.00\pic\sources\c90\common\Umul16.c estimated size: 29

C:\Program Files (x86)\Microchip\xc8\v2.00\pic\sources\c90\common\ftmul.c
		___ftmul       		CODE           	072F	0000	181

C:\Program Files (x86)\Microchip\xc8\v2.00\pic\sources\c90\common\ftmul.c estimated size: 181

C:\Program Files (x86)\Microchip\xc8\v2.00\pic\sources\c90\common\ftdiv.c
		___ftdiv       		CODE           	0D6F	0000	170

C:\Program Files (x86)\Microchip\xc8\v2.00\pic\sources\c90\common\ftdiv.c estimated size: 170

C:\Program Files (x86)\Microchip\xc8\v2.00\pic\sources\c90\common\__lldiv.c
		___lldiv       		CODE           	09F2	0000	84

C:\Program Files (x86)\Microchip\xc8\v2.00\pic\sources\c90\common\__lldiv.c estimated size: 84

C:\Program Files (x86)\Microchip\xc8\v2.00\pic\sources\c90\common\ftoa.c
		_ftoa          		CODE           	0E18	0000	243

C:\Program Files (x86)\Microchip\xc8\v2.00\pic\sources\c90\common\ftoa.c estimated size: 243

C:\Program Files (x86)\Microchip\xc8\v2.00\pic\sources\c90\common\isdigit.c
		_isdigit       		CODE           	1558	0000	16

C:\Program Files (x86)\Microchip\xc8\v2.00\pic\sources\c90\common\isdigit.c estimated size: 16

C:\Program Files (x86)\Microchip\xc8\v2.00\pic\sources\c90\common\Umul8.c
		___bmul        		CODE           	0800	0000	19

C:\Program Files (x86)\Microchip\xc8\v2.00\pic\sources\c90\common\Umul8.c estimated size: 19

C:\Program Files (x86)\Microchip\xc8\v2.00\pic\sources\c90\common\strcat.c
		_strcat        		CODE           	1732	0000	40

C:\Program Files (x86)\Microchip\xc8\v2.00\pic\sources\c90\common\strcat.c estimated size: 40

shared
		i1_nrf24l01Send		CODE           	15DE	0000	28
		_statuses      		STRCODE        	1834	0000	11
		_dpowers       		STRCODE        	1800	0000	41
		i1_strcmp      		CODE           	1759	0000	41
		i1_nrf24l01SetRXMode		CODE           	170B	0000	40
		_n_ADDRESS_P0  		STRCODE        	184B	0000	6
		_n_ADDRESS_MUL 		STRCODE        	1828	0000	2
		__initialization		CODE           	0011	0000	34
		i1_strlen      		CODE           	162F	0000	31
		i1_memset      		CODE           	1593	0000	25
		i1_nrf24l01Service		CODE           	04C8	0000	330

shared estimated size: 589

interface.c
		_nrf24l01SPISend		CODE           	154B	0000	14
		_sleepMs       		CODE           	083F	0000	49
		_nrf24l01CELow 		CODE           	151C	0000	4
		_nrf24l01CSLow 		CODE           	1522	0000	4
		_nrf24l01SPIStart		CODE           	153A	0000	9
		_nrf24l01SPIEnd		CODE           	152B	0000	8
		_nrf24l01CEHigh		CODE           	1519	0000	4
		_nrf24l01CSHigh		CODE           	151F	0000	4
		_enableInterrupts		CODE           	1532	0000	9
		_nrf24l01InterfaceInit		CODE           	166B	0000	31

interface.c estimated size: 136

C:\Program Files (x86)\Microchip\xc8\v2.00\pic\sources\c90\common\fttol.c
		___fttol       		CODE           	0C2A	0000	160

C:\Program Files (x86)\Microchip\xc8\v2.00\pic\sources\c90\common\fttol.c estimated size: 160

C:\Program Files (x86)\Microchip\xc8\v2.00\pic\sources\c90\common\strlen.c
		_strlen        		CODE           	1689	0000	32

C:\Program Files (x86)\Microchip\xc8\v2.00\pic\sources\c90\common\strlen.c estimated size: 32

C:\Program Files (x86)\Microchip\xc8\v2.00\pic\sources\c90\common\ftge.c
		___ftge        		CODE           	08A7	0000	61

C:\Program Files (x86)\Microchip\xc8\v2.00\pic\sources\c90\common\ftge.c estimated size: 61

C:\Program Files (x86)\Microchip\xc8\v2.00\pic\sources\c90\common\ftadd.c
		___ftadd       		CODE           	0F0A	0000	247

C:\Program Files (x86)\Microchip\xc8\v2.00\pic\sources\c90\common\ftadd.c estimated size: 247

C:\Program Files (x86)\Microchip\xc8\v2.00\pic\sources\c90\common\strcmp.c
		_strcmp        		CODE           	1781	0000	42

C:\Program Files (x86)\Microchip\xc8\v2.00\pic\sources\c90\common\strcmp.c estimated size: 42

C:\Program Files (x86)\Microchip\xc8\v2.00\pic\sources\c90\common\awtoft.c
		___awtoft      		CODE           	16E9	0000	35

C:\Program Files (x86)\Microchip\xc8\v2.00\pic\sources\c90\common\awtoft.c estimated size: 35

C:\Program Files (x86)\Microchip\xc8\v2.00\pic\sources\c90\common\strcpy.c
		_strcpy        		CODE           	1614	0000	28

C:\Program Files (x86)\Microchip\xc8\v2.00\pic\sources\c90\common\strcpy.c estimated size: 28

nrf24l01.c
		_nrf24l01Service		CODE           	0203	0000	376
		_nrf24l01SendPacket		CODE           	09AD	0000	70
		_nrf24l01InitRegisters		CODE           	0611	0000	287
		_nrf24l01ISR   		CODE           	0A45	0000	100
		_nrf24l01Send  		CODE           	16A8	0000	33
		_nrf24l01Init  		CODE           	0926	0000	68
		_nrf24l01SetRXMode		CODE           	17D4	0000	45
		_nrf24l01SetRXPipe		CODE           	16C8	0000	34
		_nrf24l01SetTXPipe		CODE           	0969	0000	69

nrf24l01.c estimated size: 1082

C:\Program Files (x86)\Microchip\xc8\v2.00\pic\sources\c90\common\lbtoft.c
		___lbtoft      		CODE           	15F9	0000	28

C:\Program Files (x86)\Microchip\xc8\v2.00\pic\sources\c90\common\lbtoft.c estimated size: 28

C:\Program Files (x86)\Microchip\xc8\v2.00\pic\sources\c90\common\memset.c
		_memset        		CODE           	15AB	0000	26

C:\Program Files (x86)\Microchip\xc8\v2.00\pic\sources\c90\common\memset.c estimated size: 26

main.c
		_loop          		CODE           	037A	0000	335
		_nrf24l01GetPipe		CODE           	086F	0000	57
		_ISR           		CODE           	0004	0000	12
		_main          		CODE           	0B97	0000	148
		_doWDTSleep    		CODE           	157C	0000	24
		_getADCValue   		CODE           	0CC9	0000	167
		_sleep         		CODE           	15C4	0000	27
		_sendMessage   		CODE           	0B0D	0000	139

main.c estimated size: 909

C:\Program Files (x86)\Microchip\xc8\v2.00\pic\sources\c90\common\lwtoft.c
		___lwtoft      		CODE           	1567	0000	22

C:\Program Files (x86)\Microchip\xc8\v2.00\pic\sources\c90\common\lwtoft.c estimated size: 22

C:\Program Files (x86)\Microchip\xc8\v2.00\pic\sources\c90\common\lltoft.c
		___lltoft      		CODE           	17AA	0000	43

C:\Program Files (x86)\Microchip\xc8\v2.00\pic\sources\c90\common\lltoft.c estimated size: 43

