Microchip MPLAB XC8 Compiler V2.00 ()

Linker command line:

-W-3 --edf=C:\Program Files (x86)\Microchip\xc8\v2.00\pic\dat\en_msgs.txt \
  -cs -h+dist/default/production\nRF24L01__PIC16LF1825.X.X.production.sym \
  --cmf=dist/default/production\nRF24L01__PIC16LF1825.X.X.production.cmf -z \
  -Q16LF18325 -oC:\Users\Leon\AppData\Local\Temp\s4a0.2 \
  --defsym=__MPLAB_BUILD=1 \
  -Mdist/default/production/nRF24L01__PIC16LF1825.X.X.production.map -E1 \
  -ver=XC8 -ASTACK=0215Ch-023efh -pstack=STACK -ACODE=00h-07FFhx4 \
  -ASTRCODE=00h-01FFFh -ASTRING=00h-0FFhx32 -ACONST=00h-0FFhx32 \
  -AENTRY=00h-0FFhx32 -ACOMMON=070h-07Fh -ABANK0=020h-06Fh \
  -ABANK1=0A0h-0EFh -ABANK2=0120h-016Fh -ABANK3=01A0h-01EFh \
  -ABANK4=0220h-026Fh -ABANK5=02A0h-02EFh -ABANK6=0320h-036Fh \
  -ABANK7=03A0h-03EFh -ABANK8=0420h-046Fh -ABANK9=04A0h-04EFh \
  -ABANK10=0520h-056Fh -ABANK11=05A0h-05EFh -ABANK12=0620h-064Fh \
  -ABIGRAM=02000h-023EFh \
  -ARAM=020h-06Fh,0A0h-0EFh,0120h-016Fh,01A0h-01EFh,0220h-026Fh,02A0h-02EFh,0320h-036Fh,03A0h-03EFh,0420h-046Fh,04A0h-04EFh,0520h-056Fh,05A0h-05EFh,0620h-064Fh \
  -AABS1=020h-07Fh,0A0h-0EFh,0120h-016Fh,01A0h-01EFh,0220h-026Fh,02A0h-02EFh,0320h-036Fh,03A0h-03EFh,0420h-046Fh,04A0h-04EFh,0520h-056Fh,05A0h-05EFh,0620h-064Fh \
  -ASFR0=00h-01Fh -ASFR1=080h-09Fh -ASFR2=0100h-011Fh -ASFR3=0180h-019Fh \
  -ASFR4=0200h-021Fh -ASFR5=0280h-029Fh -ASFR6=0300h-031Fh \
  -ASFR7=0380h-039Fh -ASFR8=0400h-041Fh -ASFR9=0480h-049Fh \
  -ASFR10=0500h-051Fh -ASFR11=0580h-059Fh -ASFR12=0600h-061Fh \
  -ASFR13=0680h-06EFh -ASFR14=0700h-076Fh -ASFR15=0780h-07EFh \
  -ASFR16=0800h-086Fh -ASFR17=0880h-08EFh -ASFR18=0900h-096Fh \
  -ASFR19=0980h-09EFh -ASFR20=0A00h-0A6Fh -ASFR21=0A80h-0AEFh \
  -ASFR22=0B00h-0B6Fh -ASFR23=0B80h-0BEFh -ASFR24=0C00h-0C6Fh \
  -ASFR25=0C80h-0CEFh -ASFR26=0D00h-0D6Fh -ASFR27=0D80h-0DEFh \
  -ASFR28=0E00h-0E6Fh -ASFR29=0E80h-0EEFh -ASFR30=0F00h-0F6Fh \
  -ASFR31=0F80h-0FEFh -preset_vec=00h,intentry=04h,init,end_init \
  -ppowerup=CODE -pcinit=CODE -pfunctab=ENTRY -ACONFIG=08007h-0800Ah \
  -pconfig=CONFIG -DCONFIG=2 -AIDLOC=08000h-08003h -pidloc=IDLOC -DIDLOC=2 \
  -AEEDATA=00h-0FFh/0F000h -peeprom_data=EEDATA -DEEDATA=2 -DCODE=2 \
  -DSTRCODE=2 -DSTRING=2 -DCONST=2 -DENTRY=2 -k \
  C:\Users\Leon\AppData\Local\Temp\s4a0.o \
  dist/default/production\nRF24L01__PIC16LF1825.X.X.production.o 

Object code version is 3.11

Machine type is 16LF18325



                Name                               Link     Load   Length Selector   Space Scale
C:\Users\Leon\AppData\Local\Temp\s4a0.o
                end_init                              F        F        2        8       0
                reset_vec                             0        0        2        0       0
                config                             8007     8007        4    1000E       0
dist/default/production\nRF24L01__PIC16LF1825.X.X.production.o
                cinit                                11       11       21        8       0
                intentry                              4        4        B        8       0
                text58                             1D3A     1D3A       1B     3A74       0
                text57                             1CE1     1CE1        3     39C2       0
                text56                             1CE4     1CE4        3     39C8       0
                text55                             1CF4     1CF4        8     39E8       0
                text54                              800      800        3        8       0
                text53                             1CED     1CED        7     39DA       0
                text52                              7F0      7F0        D        8       0
                text51                              7FD      7FD        3        8       0
                text50                             1000     1000        8     1BE2       0
                text49                             1D55     1D55       1B     3AAA       0
                text48                             1011     1011       3A     2022       0
                text47                             1DFB     1DFB       1E     3BF6       0
                text46                              9D6      9D6      121     13AC       0
                text45                             11D5     11D5       4E     23AA       0
                text43                             1275     1275       65     24EA       0
                text42                             1D0E     1D0E       15     3A1C       0
                text41                             1D70     1D70       1B     3AE0       0
                text40                             1E97     1E97       22     3D2E       0
                text39                             15F7     15F7       F6     2BEE       0
                text38                             149A     149A       A9     2934       0
                text37                             1D23     1D23       17     3A46       0
                text36                             13F4     13F4       A6     27E8       0
                text35                             1D8B     1D8B       1C     3B16       0
                text34                             1E56     1E56       20     3CAC       0
                text33                             1087     1087       3E     210E       0
                text32                             1E37     1E37       1F     3C6E       0
                text31                              AF7      AF7      14A     15EE       0
                text30                             1EDF     1EDF       2A     3DBE       0
                text29                             1EB9     1EB9       26     3D72       0
                text28                             104B     104B       3C     2096       0
                text27                             1008     1008        9     2010       0
                text26                             1E19     1E19       1E     3C32       0
                text25                             12DA     12DA       87     25B4       0
                text24                              79D      79D       53        8       0
                text23                             10C5     10C5       43     218A       0
                text22                             1F09     1F09       2A     3E12       0
                text21                              8B9      8B9      11D     1172       0
                text20                              803      803       B6     1006       0
                text19                             1543     1543       B4     2A86       0
                text18                             1F93     1F93       35     3F26       0
                text17                             1F33     1F33       2D     3E66       0
                text16                             1DA7     1DA7       1C     3B4E       0
                text15                              C41      C41      1B0     1882       0
                text14                             1223     1223       52     2446       0
                text13                             118F     118F       46     231E       0
                text12                              4D7      4D7      2C6        8       0
                text11                               32       32      4A5        8       0
                text10                             1F60     1F60       33     3EC0       0
                text9                               DF1      DF1      20F     1BE2       0
                text8                              1FC8     1FC8       38     3F90       0
                text7                              1E76     1E76       21     3CEC       0
                text6                              1CFC     1CFC       12     39F8       0
                text5                              114B     114B       44     2296       0
                text4                              16ED     16ED      113     2DDA       0
                text3                              1DC3     1DC3       1C     3B86       0
                text2                              1108     1108       43     2210       0
                text1                              1DDF     1DDF       1C     3BBE       0
                maintext                           1361     1361       93     26C2       0
                cstackBANK0                          20       20       50       20       1
                cstackCOMMON                         70       70        C       70       1
                cstackBANK1                          A0       A0       48       A0       1
                cstackBANK2                         120      120       31      120       1
                cstackBANK3                         1A0      1A0       22      1A0       1
                clrtext                            1CE7     1CE7        6     39CE       0
                bssBANK4                            220      220       1C      220       1
                bssBANK3                            1C2      1C2       21      1A0       1
                bssBANK2                            151      151        4      120       1
                dataBANK1                            EC       EC        1       A0       1
                bssBANK1                             E8       E8        4       A0       1
                stringtext18                       18CD     18CD        4     3000       0
                stringtext17                       18C8     18C8        5     3000       0
                stringtext16                       18C3     18C3        5     3000       0
                stringtext15                       18BE     18BE        5     3000       0
                stringtext14                       18B9     18B9        5     3000       0
                stringtext13                       18B4     18B4        5     3000       0
                stringtext12                       18AF     18AF        5     3000       0
                stringtext11                       18AA     18AA        5     3000       0
                stringtext10                       18A5     18A5        5     3000       0
                stringtext9                        189A     189A        6     3000       0
                stringtext8                        1893     1893        7     3000       0
                stringtext7                        188C     188C        7     3000       0
                stringtext6                        1881     1881        B     3000       0
                stringtext5                        18A0     18A0        5     3000       0
                stringtext4                        1876     1876        B     3000       0
                stringtext3                        184F     184F       27     3000       0
                stringtext2                        1828     1828       27     3000       0
                stringtext1                        1800     1800       28     3000       0
                idataBANK1                            3        3        1        6       0

TOTAL           Name                               Link     Load   Length     Space
        CLASS   STACK          

        CLASS   CODE           
                end_init                              F        F        2         0
                cinit                                11       11       21         0
                intentry                              4        4        B         0
                reset_vec                             0        0        2         0
                text58                             1D3A     1D3A       1B         0
                text57                             1CE1     1CE1        3         0
                text56                             1CE4     1CE4        3         0
                text55                             1CF4     1CF4        8         0
                text54                              800      800        3         0
                text53                             1CED     1CED        7         0
                text52                              7F0      7F0        D         0
                text51                              7FD      7FD        3         0
                text50                             1000     1000        8         0
                text49                             1D55     1D55       1B         0
                text48                             1011     1011       3A         0
                text47                             1DFB     1DFB       1E         0
                text46                              9D6      9D6      121         0
                text45                             11D5     11D5       4E         0
                text43                             1275     1275       65         0
                text42                             1D0E     1D0E       15         0
                text41                             1D70     1D70       1B         0
                text40                             1E97     1E97       22         0
                text39                             15F7     15F7       F6         0
                text38                             149A     149A       A9         0
                text37                             1D23     1D23       17         0
                text36                             13F4     13F4       A6         0
                text35                             1D8B     1D8B       1C         0
                text34                             1E56     1E56       20         0
                text33                             1087     1087       3E         0
                text32                             1E37     1E37       1F         0
                text31                              AF7      AF7      14A         0
                text30                             1EDF     1EDF       2A         0
                text29                             1EB9     1EB9       26         0
                text28                             104B     104B       3C         0
                text27                             1008     1008        9         0
                text26                             1E19     1E19       1E         0
                text25                             12DA     12DA       87         0
                text24                              79D      79D       53         0
                text23                             10C5     10C5       43         0
                text22                             1F09     1F09       2A         0
                text21                              8B9      8B9      11D         0
                text20                              803      803       B6         0
                text19                             1543     1543       B4         0
                text18                             1F93     1F93       35         0
                text17                             1F33     1F33       2D         0
                text16                             1DA7     1DA7       1C         0
                text15                              C41      C41      1B0         0
                text14                             1223     1223       52         0
                text13                             118F     118F       46         0
                text12                              4D7      4D7      2C6         0
                text11                               32       32      4A5         0
                text10                             1F60     1F60       33         0
                text9                               DF1      DF1      20F         0
                text8                              1FC8     1FC8       38         0
                text7                              1E76     1E76       21         0
                text6                              1CFC     1CFC       12         0
                text5                              114B     114B       44         0
                text4                              16ED     16ED      113         0
                text3                              1DC3     1DC3       1C         0
                text2                              1108     1108       43         0
                text1                              1DDF     1DDF       1C         0
                maintext                           1361     1361       93         0
                clrtext                            1CE7     1CE7        6         0
                idataBANK1                            3        3        1         0

        CLASS   STRCODE        
                stringtext18                       18CD     18CD        4         0
                stringtext17                       18C8     18C8        5         0
                stringtext16                       18C3     18C3        5         0
                stringtext15                       18BE     18BE        5         0
                stringtext14                       18B9     18B9        5         0
                stringtext13                       18B4     18B4        5         0
                stringtext12                       18AF     18AF        5         0
                stringtext11                       18AA     18AA        5         0
                stringtext10                       18A5     18A5        5         0
                stringtext9                        189A     189A        6         0
                stringtext8                        1893     1893        7         0
                stringtext7                        188C     188C        7         0
                stringtext6                        1881     1881        B         0
                stringtext5                        18A0     18A0        5         0
                stringtext4                        1876     1876        B         0
                stringtext3                        184F     184F       27         0
                stringtext2                        1828     1828       27         0
                stringtext1                        1800     1800       28         0

        CLASS   STRING         

        CLASS   CONST          

        CLASS   ENTRY          

        CLASS   COMMON         
                cstackCOMMON                         70       70        C         1

        CLASS   BANK0          
                cstackBANK0                          20       20       50         1

        CLASS   BANK1          
                cstackBANK1                          A0       A0       48         1
                dataBANK1                            EC       EC        1         1
                bssBANK1                             E8       E8        4         1

        CLASS   BANK2          
                cstackBANK2                         120      120       31         1
                bssBANK2                            151      151        4         1

        CLASS   BANK3          
                cstackBANK3                         1A0      1A0       22         1
                bssBANK3                            1C2      1C2       21         1

        CLASS   BANK4          
                bssBANK4                            220      220       1C         1

        CLASS   BANK5          

        CLASS   BANK6          

        CLASS   BANK7          

        CLASS   BANK8          

        CLASS   BANK9          

        CLASS   BANK10         

        CLASS   BANK11         

        CLASS   BANK12         

        CLASS   BIGRAM         

        CLASS   RAM            

        CLASS   ABS1           
                abs_s1                               7E       7E        2         1

        CLASS   SFR0           

        CLASS   SFR1           

        CLASS   SFR2           

        CLASS   SFR3           

        CLASS   SFR4           

        CLASS   SFR5           

        CLASS   SFR6           

        CLASS   SFR7           

        CLASS   SFR8           

        CLASS   SFR9           

        CLASS   SFR10          

        CLASS   SFR11          

        CLASS   SFR12          

        CLASS   SFR13          

        CLASS   SFR14          

        CLASS   SFR15          

        CLASS   SFR16          

        CLASS   SFR17          

        CLASS   SFR18          

        CLASS   SFR19          

        CLASS   SFR20          

        CLASS   SFR21          

        CLASS   SFR22          

        CLASS   SFR23          

        CLASS   SFR24          

        CLASS   SFR25          

        CLASS   SFR26          

        CLASS   SFR27          

        CLASS   SFR28          

        CLASS   SFR29          

        CLASS   SFR30          

        CLASS   SFR31          

        CLASS   CONFIG         
                config                             8007     8007        4         0

        CLASS   IDLOC          

        CLASS   EEDATA         

        CLASS   BANK31         

        CLASS   BANK30         

        CLASS   BANK29         

        CLASS   BANK28         

        CLASS   BANK27         

        CLASS   BANK26         

        CLASS   BANK25         

        CLASS   BANK24         

        CLASS   BANK23         

        CLASS   BANK22         

        CLASS   BANK21         

        CLASS   BANK20         

        CLASS   BANK19         

        CLASS   BANK18         

        CLASS   BANK17         

        CLASS   BANK16         

        CLASS   BANK15         

        CLASS   BANK14         

        CLASS   BANK13         



SEGMENTS        Name                           Load    Length   Top    Selector   Space  Class     Delta

                reset_vec                      000000  000002  000002         0       0  CODE        2
                idataBANK1                     000003  000001  000004         6       0  CODE        2
                intentry                       000004  0007FF  000803         8       0  CODE        2
                cstackBANK0                    000020  000050  000070        20       1  BANK0       1
                cstackCOMMON                   000070  00000C  00007C        70       1  COMMON      1
                cstackBANK1                    0000A0  00004D  0000ED        A0       1  BANK1       1
                cstackBANK2                    000120  000035  000155       120       1  BANK2       1
                cstackBANK3                    0001A0  000043  0001E3       1A0       1  BANK3       1
                bssBANK4                       000220  00001C  00023C       220       1  BANK4       1
                text20                         000803  0000B6  0008B9      1006       0  CODE        2
                text21                         0008B9  00011D  0009D6      1172       0  CODE        2
                text46                         0009D6  000121  000AF7      13AC       0  CODE        2
                text31                         000AF7  00014A  000C41      15EE       0  CODE        2
                text15                         000C41  0001B0  000DF1      1882       0  CODE        2
                text9                          000DF1  000217  001008      1BE2       0  CODE        2
                text27                         001008  000009  001011      2010       0  CODE        2
                text48                         001011  00003A  00104B      2022       0  CODE        2
                text28                         00104B  00003C  001087      2096       0  CODE        2
                text33                         001087  00003E  0010C5      210E       0  CODE        2
                text23                         0010C5  000043  001108      218A       0  CODE        2
                text2                          001108  000043  00114B      2210       0  CODE        2
                text5                          00114B  000044  00118F      2296       0  CODE        2
                text13                         00118F  000046  0011D5      231E       0  CODE        2
                text45                         0011D5  00004E  001223      23AA       0  CODE        2
                text14                         001223  000052  001275      2446       0  CODE        2
                text43                         001275  000065  0012DA      24EA       0  CODE        2
                text25                         0012DA  000087  001361      25B4       0  CODE        2
                maintext                       001361  000093  0013F4      26C2       0  CODE        2
                text36                         0013F4  0000A6  00149A      27E8       0  CODE        2
                text38                         00149A  0000A9  001543      2934       0  CODE        2
                text19                         001543  0000B4  0015F7      2A86       0  CODE        2
                text39                         0015F7  0000F6  0016ED      2BEE       0  CODE        2
                text4                          0016ED  000113  001800      2DDA       0  CODE        2
                stringtext1                    001800  0000D1  0018D1      3000       0  STRCODE     2
                text57                         001CE1  000003  001CE4      39C2       0  CODE        2
                text56                         001CE4  000003  001CE7      39C8       0  CODE        2
                clrtext                        001CE7  000006  001CED      39CE       0  CODE        2
                text53                         001CED  000007  001CF4      39DA       0  CODE        2
                text55                         001CF4  000008  001CFC      39E8       0  CODE        2
                text6                          001CFC  000012  001D0E      39F8       0  CODE        2
                text42                         001D0E  000015  001D23      3A1C       0  CODE        2
                text37                         001D23  000017  001D3A      3A46       0  CODE        2
                text58                         001D3A  00001B  001D55      3A74       0  CODE        2
                text49                         001D55  00001B  001D70      3AAA       0  CODE        2
                text41                         001D70  00001B  001D8B      3AE0       0  CODE        2
                text35                         001D8B  00001C  001DA7      3B16       0  CODE        2
                text16                         001DA7  00001C  001DC3      3B4E       0  CODE        2
                text3                          001DC3  00001C  001DDF      3B86       0  CODE        2
                text1                          001DDF  00001C  001DFB      3BBE       0  CODE        2
                text47                         001DFB  00001E  001E19      3BF6       0  CODE        2
                text26                         001E19  00001E  001E37      3C32       0  CODE        2
                text32                         001E37  00001F  001E56      3C6E       0  CODE        2
                text34                         001E56  000020  001E76      3CAC       0  CODE        2
                text7                          001E76  000021  001E97      3CEC       0  CODE        2
                text40                         001E97  000022  001EB9      3D2E       0  CODE        2
                text29                         001EB9  000026  001EDF      3D72       0  CODE        2
                text30                         001EDF  00002A  001F09      3DBE       0  CODE        2
                text22                         001F09  00002A  001F33      3E12       0  CODE        2
                text17                         001F33  00002D  001F60      3E66       0  CODE        2
                text10                         001F60  000033  001F93      3EC0       0  CODE        2
                text18                         001F93  000035  001FC8      3F26       0  CODE        2
                text8                          001FC8  000038  002000      3F90       0  CODE        2
                config                         008007  000004  00800B     1000E       0  CONFIG      2


UNUSED ADDRESS RANGES

        Name                Unused          Largest block    Delta
        BANK1            000ED-000EF               3           1
        BANK10           00520-0056F              50           1
        BANK11           005A0-005EF              50           1
        BANK12           00620-0064F              30           1
        BANK2            00155-0016F              1B           1
        BANK3            001E3-001EF               D           1
        BANK4            0023C-0026F              34           1
        BANK5            002A0-002EF              50           1
        BANK6            00320-0036F              50           1
        BANK7            003A0-003EF              50           1
        BANK8            00420-0046F              50           1
        BANK9            004A0-004EF              50           1
        BIGRAM           02000-023EF             3F0           1
        CODE             00002-00002               1           2
                         018D1-01CE0             410
        COMMON           0007C-0007D               2           1
        CONST            00002-00002               1           2
                         018D1-01CE0             100
        EEDATA           0F000-0F0FF             100           2
        ENTRY            00002-00002               1           2
                         018D1-01CE0             100
        IDLOC            08000-08003               4           2
        RAM              000ED-000EF               3           1
                         00155-0016F              1B
                         001E3-001EF               D
                         0023C-0026F              34
                         002A0-002EF              50
                         00320-0036F              50
                         003A0-003EF              50
                         00420-0046F              50
                         004A0-004EF              50
                         00520-0056F              50
                         005A0-005EF              50
                         00620-0064F              30
        SFR0             00000-0001F              20           1
        SFR1             00080-0009F              20           1
        SFR10            00500-0051F              20           1
        SFR11            00580-0059F              20           1
        SFR12            00600-0061F              20           1
        SFR13            00680-006EF              70           1
        SFR14            00700-0076F              70           1
        SFR15            00780-007EF              70           1
        SFR16            00800-0086F              70           1
        SFR17            00880-008EF              70           1
        SFR18            00900-0096F              70           1
        SFR19            00980-009EF              70           1
        SFR2             00100-0011F              20           1
        SFR20            00A00-00A6F              70           1
        SFR21            00A80-00AEF              70           1
        SFR22            00B00-00B6F              70           1
        SFR23            00B80-00BEF              70           1
        SFR24            00C00-00C6F              70           1
        SFR25            00C80-00CEF              70           1
        SFR26            00D00-00D6F              70           1
        SFR27            00D80-00DEF              70           1
        SFR28            00E00-00E6F              70           1
        SFR29            00E80-00EEF              70           1
        SFR3             00180-0019F              20           1
        SFR30            00F00-00F6F              70           1
        SFR31            00F80-00FEF              70           1
        SFR4             00200-0021F              20           1
        SFR5             00280-0029F              20           1
        SFR6             00300-0031F              20           1
        SFR7             00380-0039F              20           1
        SFR8             00400-0041F              20           1
        SFR9             00480-0049F              20           1
        STACK            0215C-023EF             294           1
        STRCODE          00002-00002               1           2
                         018D1-01CE0             410
        STRING           00002-00002               1           2
                         018D1-01CE0             100

                                  Symbol Table

?___awdiv                       cstackBANK0  00027
?___awmod                       cstackBANK0  00020
?___awtoft                      cstackBANK0  00028
?___ftadd                       cstackBANK0  00036
?___ftdiv                       cstackBANK0  00043
?___ftmul                       cstackBANK0  0005F
?___ftneg                       cstackBANK0  0005F
?___ftpack                      cstackBANK0  00020
?___ftsub                       cstackBANK0  00043
?___fttol                       cstackBANK1  000AB
?___lbtoft                      cstackBANK0  00028
?___lldiv                       cstackBANK0  00020
?___llmod                       cstackBANK0  00020
?___lltoft                      cstackBANK0  00028
?___lwdiv                       cstackBANK0  00026
?___lwmod                       cstackBANK0  00020
?___lwtoft                      cstackBANK0  00028
?___wmul                        cstackBANK0  00030
?__div_to_l_                    cstackBANK0  00020
?__tdiv_to_l_                   cstackBANK0  00020
?_fround                        cstackBANK1  000A0
?_getADCValue                   cstackBANK0  00053
?_scale                         cstackBANK1  000A0
?_sprintf                       cstackBANK1  000B9
?_strlen                        cstackBANK0  00020
?i1_strlen                      cstackCOMMON 00070
_ADCON0bits                     (abs)        0009D
_ADCON1bits                     (abs)        0009E
_ADRESH                         (abs)        0009C
_ADRESL                         (abs)        0009B
_ANSELA                         (abs)        0018C
_ANSELAbits                     (abs)        0018C
_ANSELC                         (abs)        0018E
_ANSELCbits                     (abs)        0018E
_FVRCONbits                     (abs)        00117
_INLVLA                         (abs)        0038C
_INLVLC                         (abs)        0038E
_INTCONbits                     (abs)        0000B
_ISR                            intentry     00004
_ODCONA                         (abs)        0028C
_ODCONAbits                     (abs)        0028C
_ODCONC                         (abs)        0028E
_OSCCON1bits                    (abs)        00919
_PIE0bits                       (abs)        00090
_PIR0bits                       (abs)        00010
_PORTAbits                      (abs)        0000C
_PORTCbits                      (abs)        0000E
_RC0PPSbits                     (abs)        00EA0
_RC1PPSbits                     (abs)        00EA1
_RC2PPSbits                     (abs)        00EA2
_RXPacket                       bssBANK3     001C2
_SSP1BUF                        (abs)        00211
_SSP1CON1bits                   (abs)        00215
_SSP1STATbits                   (abs)        00214
_TRISAbits                      (abs)        0008C
_TRISCbits                      (abs)        0008E
_TXPacket                       bssBANK1     000EA
_WDTCONbits                     (abs)        00097
_WPUA                           (abs)        0020C
_WPUAbits                       (abs)        0020C
_WPUC                           (abs)        0020E
__CFG_BOREN$OFF                 (abs)        00000
__CFG_BORV$LOW                  (abs)        00000
__CFG_CLKOUTEN$OFF              (abs)        00000
__CFG_CP$OFF                    (abs)        00000
__CFG_CPD$OFF                   (abs)        00000
__CFG_CSWEN$ON                  (abs)        00000
__CFG_DEBUG$OFF                 (abs)        00000
__CFG_FCMEN$ON                  (abs)        00000
__CFG_FEXTOSC$OFF               (abs)        00000
__CFG_LPBOREN$OFF               (abs)        00000
__CFG_LVP$ON                    (abs)        00000
__CFG_MCLRE$ON                  (abs)        00000
__CFG_PPS1WAY$ON                (abs)        00000
__CFG_PWRTE$ON                  (abs)        00000
__CFG_RSTOSC$HFINT32            (abs)        00000
__CFG_STVREN$ON                 (abs)        00000
__CFG_WDTE$ON                   (abs)        00000
__CFG_WRT$OFF                   (abs)        00000
__Habs1                         abs1         00000
__Hbank0                        bank0        00000
__Hbank1                        bank1        00000
__Hbank10                       bank10       00000
__Hbank11                       bank11       00000
__Hbank12                       bank12       00000
__Hbank13                       bank13       00000
__Hbank14                       bank14       00000
__Hbank15                       bank15       00000
__Hbank16                       bank16       00000
__Hbank17                       bank17       00000
__Hbank18                       bank18       00000
__Hbank19                       bank19       00000
__Hbank2                        bank2        00000
__Hbank20                       bank20       00000
__Hbank21                       bank21       00000
__Hbank22                       bank22       00000
__Hbank23                       bank23       00000
__Hbank24                       bank24       00000
__Hbank25                       bank25       00000
__Hbank26                       bank26       00000
__Hbank27                       bank27       00000
__Hbank28                       bank28       00000
__Hbank29                       bank29       00000
__Hbank3                        bank3        00000
__Hbank30                       bank30       00000
__Hbank31                       bank31       00000
__Hbank4                        bank4        00000
__Hbank5                        bank5        00000
__Hbank6                        bank6        00000
__Hbank7                        bank7        00000
__Hbank8                        bank8        00000
__Hbank9                        bank9        00000
__Hbigram                       bigram       00000
__HbssBANK1                     bssBANK1     00000
__HbssBANK2                     bssBANK2     00000
__HbssBANK3                     bssBANK3     00000
__HbssBANK4                     bssBANK4     00000
__Hcinit                        cinit        00032
__Hclrtext                      clrtext      00000
__Hcode                         code         00000
__Hcommon                       common       00000
__Hconfig                       config       0800B
__HcstackBANK0                  cstackBANK0  00000
__HcstackBANK1                  cstackBANK1  00000
__HcstackBANK2                  cstackBANK2  00000
__HcstackBANK3                  cstackBANK3  00000
__HcstackCOMMON                 cstackCOMMON 00000
__HdataBANK1                    dataBANK1    00000
__Heeprom_data                  eeprom_data  00000
__Hend_init                     end_init     00011
__Hfunctab                      functab      00000
__HidataBANK1                   idataBANK1   00000
__Hidloc                        idloc        00000
__Hinit                         init         0000F
__Hintentry                     intentry     0000F
__Hmaintext                     maintext     00000
__Hpowerup                      powerup      00000
__Hram                          ram          00000
__Hreset_vec                    reset_vec    00002
__Hsfr0                         sfr0         00000
__Hsfr1                         sfr1         00000
__Hsfr10                        sfr10        00000
__Hsfr11                        sfr11        00000
__Hsfr12                        sfr12        00000
__Hsfr13                        sfr13        00000
__Hsfr14                        sfr14        00000
__Hsfr15                        sfr15        00000
__Hsfr16                        sfr16        00000
__Hsfr17                        sfr17        00000
__Hsfr18                        sfr18        00000
__Hsfr19                        sfr19        00000
__Hsfr2                         sfr2         00000
__Hsfr20                        sfr20        00000
__Hsfr21                        sfr21        00000
__Hsfr22                        sfr22        00000
__Hsfr23                        sfr23        00000
__Hsfr24                        sfr24        00000
__Hsfr25                        sfr25        00000
__Hsfr26                        sfr26        00000
__Hsfr27                        sfr27        00000
__Hsfr28                        sfr28        00000
__Hsfr29                        sfr29        00000
__Hsfr3                         sfr3         00000
__Hsfr30                        sfr30        00000
__Hsfr31                        sfr31        00000
__Hsfr4                         sfr4         00000
__Hsfr5                         sfr5         00000
__Hsfr6                         sfr6         00000
__Hsfr7                         sfr7         00000
__Hsfr8                         sfr8         00000
__Hsfr9                         sfr9         00000
__Hspace_0                      (abs)        0800B
__Hspace_1                      (abs)        0023C
__Hspace_2                      (abs)        00000
__Hspace_3                      (abs)        00000
__Hstack                        stack        00000
__Hstrings                      strings      00000
__Hstringtext1                  stringtext1  00000
__Hstringtext10                 stringtext10 00000
__Hstringtext11                 stringtext11 00000
__Hstringtext12                 stringtext12 00000
__Hstringtext13                 stringtext13 00000
__Hstringtext14                 stringtext14 00000
__Hstringtext15                 stringtext15 00000
__Hstringtext16                 stringtext16 00000
__Hstringtext17                 stringtext17 00000
__Hstringtext18                 stringtext18 00000
__Hstringtext19                 stringtext19 00000
__Hstringtext2                  stringtext2  00000
__Hstringtext3                  stringtext3  00000
__Hstringtext4                  stringtext4  00000
__Hstringtext5                  stringtext5  00000
__Hstringtext6                  stringtext6  00000
__Hstringtext7                  stringtext7  00000
__Hstringtext8                  stringtext8  00000
__Hstringtext9                  stringtext9  00000
__Htext                         text         00000
__Labs1                         abs1         00000
__Lbank0                        bank0        00000
__Lbank1                        bank1        00000
__Lbank10                       bank10       00000
__Lbank11                       bank11       00000
__Lbank12                       bank12       00000
__Lbank13                       bank13       00000
__Lbank14                       bank14       00000
__Lbank15                       bank15       00000
__Lbank16                       bank16       00000
__Lbank17                       bank17       00000
__Lbank18                       bank18       00000
__Lbank19                       bank19       00000
__Lbank2                        bank2        00000
__Lbank20                       bank20       00000
__Lbank21                       bank21       00000
__Lbank22                       bank22       00000
__Lbank23                       bank23       00000
__Lbank24                       bank24       00000
__Lbank25                       bank25       00000
__Lbank26                       bank26       00000
__Lbank27                       bank27       00000
__Lbank28                       bank28       00000
__Lbank29                       bank29       00000
__Lbank3                        bank3        00000
__Lbank30                       bank30       00000
__Lbank31                       bank31       00000
__Lbank4                        bank4        00000
__Lbank5                        bank5        00000
__Lbank6                        bank6        00000
__Lbank7                        bank7        00000
__Lbank8                        bank8        00000
__Lbank9                        bank9        00000
__Lbigram                       bigram       00000
__LbssBANK1                     bssBANK1     00000
__LbssBANK2                     bssBANK2     00000
__LbssBANK3                     bssBANK3     00000
__LbssBANK4                     bssBANK4     00000
__Lcinit                        cinit        00011
__Lclrtext                      clrtext      00000
__Lcode                         code         00000
__Lcommon                       common       00000
__Lconfig                       config       08007
__LcstackBANK0                  cstackBANK0  00000
__LcstackBANK1                  cstackBANK1  00000
__LcstackBANK2                  cstackBANK2  00000
__LcstackBANK3                  cstackBANK3  00000
__LcstackCOMMON                 cstackCOMMON 00000
__LdataBANK1                    dataBANK1    00000
__Leeprom_data                  eeprom_data  00000
__Lend_init                     end_init     0000F
__Lfunctab                      functab      00000
__LidataBANK1                   idataBANK1   00000
__Lidloc                        idloc        00000
__Linit                         init         0000F
__Lintentry                     intentry     00004
__Lmaintext                     maintext     00000
__Lpowerup                      powerup      00000
__Lram                          ram          00000
__Lreset_vec                    reset_vec    00000
__Lsfr0                         sfr0         00000
__Lsfr1                         sfr1         00000
__Lsfr10                        sfr10        00000
__Lsfr11                        sfr11        00000
__Lsfr12                        sfr12        00000
__Lsfr13                        sfr13        00000
__Lsfr14                        sfr14        00000
__Lsfr15                        sfr15        00000
__Lsfr16                        sfr16        00000
__Lsfr17                        sfr17        00000
__Lsfr18                        sfr18        00000
__Lsfr19                        sfr19        00000
__Lsfr2                         sfr2         00000
__Lsfr20                        sfr20        00000
__Lsfr21                        sfr21        00000
__Lsfr22                        sfr22        00000
__Lsfr23                        sfr23        00000
__Lsfr24                        sfr24        00000
__Lsfr25                        sfr25        00000
__Lsfr26                        sfr26        00000
__Lsfr27                        sfr27        00000
__Lsfr28                        sfr28        00000
__Lsfr29                        sfr29        00000
__Lsfr3                         sfr3         00000
__Lsfr30                        sfr30        00000
__Lsfr31                        sfr31        00000
__Lsfr4                         sfr4         00000
__Lsfr5                         sfr5         00000
__Lsfr6                         sfr6         00000
__Lsfr7                         sfr7         00000
__Lsfr8                         sfr8         00000
__Lsfr9                         sfr9         00000
__Lspace_0                      (abs)        00000
__Lspace_1                      (abs)        00000
__Lspace_2                      (abs)        00000
__Lspace_3                      (abs)        00000
__Lstack                        stack        00000
__Lstrings                      strings      00000
__Lstringtext1                  stringtext1  00000
__Lstringtext10                 stringtext10 00000
__Lstringtext11                 stringtext11 00000
__Lstringtext12                 stringtext12 00000
__Lstringtext13                 stringtext13 00000
__Lstringtext14                 stringtext14 00000
__Lstringtext15                 stringtext15 00000
__Lstringtext16                 stringtext16 00000
__Lstringtext17                 stringtext17 00000
__Lstringtext18                 stringtext18 00000
__Lstringtext19                 stringtext19 00000
__Lstringtext2                  stringtext2  00000
__Lstringtext3                  stringtext3  00000
__Lstringtext4                  stringtext4  00000
__Lstringtext5                  stringtext5  00000
__Lstringtext6                  stringtext6  00000
__Lstringtext7                  stringtext7  00000
__Lstringtext8                  stringtext8  00000
__Lstringtext9                  stringtext9  00000
__Ltext                         text         00000
__S0                            (abs)        0800B
__S1                            (abs)        0023C
__S2                            (abs)        00000
__S3                            (abs)        00000
___awdiv                        text14       01223
___awdiv@counter                cstackBANK0  0002C
___awdiv@dividend               cstackBANK0  00029
___awdiv@divisor                cstackBANK0  00027
___awdiv@quotient               cstackBANK0  0002E
___awdiv@sign                   cstackBANK0  0002D
___awmod                        text13       0118F
___awmod@counter                cstackBANK0  00025
___awmod@dividend               cstackBANK0  00022
___awmod@divisor                cstackBANK0  00020
___awmod@sign                   cstackBANK0  00026
___awtoft                       text40       01E97
___awtoft@c                     cstackBANK0  00028
___awtoft@sign                  cstackBANK0  0002D
___bmul                         text6        01CFC
___bmul@multiplicand            cstackBANK0  00020
___bmul@multiplier              cstackBANK0  00023
___bmul@product                 cstackBANK0  00022
___ftadd                        text39       015F7
___ftadd@exp1                   cstackBANK0  00042
___ftadd@exp2                   cstackBANK0  00041
___ftadd@f1                     cstackBANK0  00036
___ftadd@f2                     cstackBANK0  00039
___ftadd@sign                   cstackBANK0  00040
___ftdiv                        text38       0149A
___ftdiv@cntr                   cstackBANK0  0004D
___ftdiv@exp                    cstackBANK0  00051
___ftdiv@f1                     cstackBANK0  00046
___ftdiv@f2                     cstackBANK0  00043
___ftdiv@f3                     cstackBANK0  0004E
___ftdiv@sign                   cstackBANK0  00052
___ftge                         text28       0104B
___ftge@ff1                     cstackBANK0  00020
___ftge@ff2                     cstackBANK0  00023
___ftmul                        text19       01543
___ftmul@cntr                   cstackBANK0  0006D
___ftmul@exp                    cstackBANK0  00069
___ftmul@f1                     cstackBANK0  0005F
___ftmul@f2                     cstackBANK0  00062
___ftmul@f3_as_product          cstackBANK0  0006A
___ftmul@sign                   cstackBANK0  0006E
___ftneg                        text27       01008
___ftneg@f1                     cstackBANK0  0005F
___ftpack                       text43       01275
___ftpack@arg                   cstackBANK0  00020
___ftpack@exp                   cstackBANK0  00023
___ftpack@sign                  cstackBANK0  00024
___ftsub                        text26       01E19
___ftsub@f1                     cstackBANK0  00046
___ftsub@f2                     cstackBANK0  00043
___fttol                        text25       012DA
___fttol@exp1                   cstackBANK1  000B8
___fttol@f1                     cstackBANK1  000AB
___fttol@lval                   cstackBANK1  000B4
___fttol@sign1                  cstackBANK1  000B3
___int_sp                       stack        00000
___latbits                      (abs)        00002
___lbtoft                       text41       01D70
___lbtoft@c                     cstackBANK0  0002F
___lldiv                        text24       0079D
___lldiv@counter                cstackBANK0  0002D
___lldiv@dividend               cstackBANK0  00024
___lldiv@divisor                cstackBANK0  00020
___lldiv@quotient               cstackBANK0  00029
___llmod                        text23       010C5
___llmod@counter                cstackBANK0  00029
___llmod@dividend               cstackBANK0  00024
___llmod@divisor                cstackBANK0  00020
___lltoft                       text22       01F09
___lltoft@c                     cstackBANK0  00028
___lltoft@exp                   cstackBANK0  0002D
___lwdiv                        text18       01F93
___lwdiv@counter                cstackBANK0  0002B
___lwdiv@dividend               cstackBANK0  00028
___lwdiv@divisor                cstackBANK0  00026
___lwdiv@quotient               cstackBANK0  0002C
___lwmod                        text17       01F33
___lwmod@counter                cstackBANK0  00025
___lwmod@dividend               cstackBANK0  00022
___lwmod@divisor                cstackBANK0  00020
___lwtoft                       text42       01D0E
___lwtoft@c                     cstackBANK0  00028
___sp                           stack        00000
___wmul                         text16       01DA7
___wmul@multiplicand            cstackBANK0  00032
___wmul@multiplier              cstackBANK0  00030
___wmul@product                 cstackBANK0  00034
__div_to_l_                     text21       008B9
__div_to_l_@cntr                cstackBANK0  00032
__div_to_l_@exp1                cstackBANK0  00033
__div_to_l_@f1                  cstackBANK0  00020
__div_to_l_@f2                  cstackBANK0  00023
__div_to_l_@quot                cstackBANK0  0002E
__end_of_ISR                    intentry     0000F
__end_of___awdiv                text14       01275
__end_of___awmod                text13       011D5
__end_of___awtoft               text40       01EB9
__end_of___bmul                 text6        01D0E
__end_of___ftadd                text39       016ED
__end_of___ftdiv                text38       01543
__end_of___ftge                 text28       01087
__end_of___ftmul                text19       015F7
__end_of___ftneg                text27       01011
__end_of___ftpack               text43       012DA
__end_of___ftsub                text26       01E37
__end_of___fttol                text25       01361
__end_of___lbtoft               text41       01D8B
__end_of___lldiv                text24       007F0
__end_of___llmod                text23       01108
__end_of___lltoft               text22       01F33
__end_of___lwdiv                text18       01FC8
__end_of___lwmod                text17       01F60
__end_of___lwtoft               text42       01D23
__end_of___wmul                 text16       01DC3
__end_of__div_to_l_             text21       009D6
__end_of__initialization        cinit        0002E
__end_of__npowers_              stringtext3  01876
__end_of__powers_               stringtext2  0184F
__end_of__tdiv_to_l_            text20       008B9
__end_of_doWDTSleep             text37       01D3A
__end_of_dpowers                stringtext1  01828
__end_of_enableInterrupts       text55       01CFC
__end_of_fround                 text15       00DF1
__end_of_getADCValue            text36       0149A
__end_of_loop                   text9        01000
__end_of_main                   maintext     013F4
__end_of_memset                 text35       01DA7
__end_of_n_ADDRESS_MUL          stringtext6  01882
__end_of_n_ADDRESS_P0           stringtext5  018A5
__end_of_nrf24l01CEHigh         text57       01CE4
__end_of_nrf24l01CELow          text56       01CE7
__end_of_nrf24l01CSHigh         text54       00803
__end_of_nrf24l01CSLow          text51       00800
__end_of_nrf24l01GetPipe        text8        02000
__end_of_nrf24l01ISR            text45       01223
__end_of_nrf24l01Init           text2        0114B
__end_of_nrf24l01InitRegisters  text4        01800
__end_of_nrf24l01InterfaceInit  text3        01DDF
__end_of_nrf24l01SPIEnd         text53       01CF4
__end_of_nrf24l01SPISend        text52       007FD
__end_of_nrf24l01SPIStart       text50       01008
__end_of_nrf24l01Send           text34       01E76
__end_of_nrf24l01SendPacket     text30       01F09
__end_of_nrf24l01Service        text31       00C41
__end_of_nrf24l01SetRXMode      text33       010C5
__end_of_nrf24l01SetRXPipe      text7        01E97
__end_of_nrf24l01SetTXPipe      text5        0118F
__end_of_scale                  text12       0079D
__end_of_sendMessage            text10       01F93
__end_of_sleep                  text29       01EDF
__end_of_sprintf                text11       004D7
__end_of_statuses               stringtext4  01881
__end_of_strcpy                 text1        01DFB
__end_of_strlen                 text32       01E56
__end_ofi1_memset               text58       01D55
__end_ofi1_nrf24l01Send         text49       01D70
__end_ofi1_nrf24l01Service      text46       00AF7
__end_ofi1_nrf24l01SetRXMode    text48       0104B
__end_ofi1_strlen               text47       01E19
__initialization                cinit        00011
__npowers_                      stringtext3  0184F
__pbssBANK1                     bssBANK1     000E8
__pbssBANK2                     bssBANK2     00151
__pbssBANK3                     bssBANK3     001C2
__pbssBANK4                     bssBANK4     00220
__pcstackBANK0                  cstackBANK0  00020
__pcstackBANK1                  cstackBANK1  000A0
__pcstackBANK2                  cstackBANK2  00120
__pcstackBANK3                  cstackBANK3  001A0
__pcstackCOMMON                 cstackCOMMON 00070
__pdataBANK1                    dataBANK1    000EC
__pidataBANK1                   idataBANK1   00003
__pintentry                     intentry     00004
__pmaintext                     maintext     01361
__powers_                       stringtext2  01828
__pstringtext1                  stringtext1  01800
__pstringtext10                 stringtext10 018A5
__pstringtext11                 stringtext11 018AA
__pstringtext12                 stringtext12 018AF
__pstringtext13                 stringtext13 018B4
__pstringtext14                 stringtext14 018B9
__pstringtext15                 stringtext15 018BE
__pstringtext16                 stringtext16 018C3
__pstringtext17                 stringtext17 018C8
__pstringtext18                 stringtext18 018CD
__pstringtext19                 stringtext19 00000
__pstringtext2                  stringtext2  01828
__pstringtext3                  stringtext3  0184F
__pstringtext4                  stringtext4  01876
__pstringtext5                  stringtext5  018A0
__pstringtext6                  stringtext6  01881
__pstringtext7                  stringtext7  0188C
__pstringtext8                  stringtext8  01893
__pstringtext9                  stringtext9  0189A
__ptext1                        text1        01DDF
__ptext10                       text10       01F60
__ptext11                       text11       00032
__ptext12                       text12       004D7
__ptext13                       text13       0118F
__ptext14                       text14       01223
__ptext15                       text15       00C41
__ptext16                       text16       01DA7
__ptext17                       text17       01F33
__ptext18                       text18       01F93
__ptext19                       text19       01543
__ptext2                        text2        01108
__ptext20                       text20       00803
__ptext21                       text21       008B9
__ptext22                       text22       01F09
__ptext23                       text23       010C5
__ptext24                       text24       0079D
__ptext25                       text25       012DA
__ptext26                       text26       01E19
__ptext27                       text27       01008
__ptext28                       text28       0104B
__ptext29                       text29       01EB9
__ptext3                        text3        01DC3
__ptext30                       text30       01EDF
__ptext31                       text31       00AF7
__ptext32                       text32       01E37
__ptext33                       text33       01087
__ptext34                       text34       01E56
__ptext35                       text35       01D8B
__ptext36                       text36       013F4
__ptext37                       text37       01D23
__ptext38                       text38       0149A
__ptext39                       text39       015F7
__ptext4                        text4        016ED
__ptext40                       text40       01E97
__ptext41                       text41       01D70
__ptext42                       text42       01D0E
__ptext43                       text43       01275
__ptext45                       text45       011D5
__ptext46                       text46       009D6
__ptext47                       text47       01DFB
__ptext48                       text48       01011
__ptext49                       text49       01D55
__ptext5                        text5        0114B
__ptext50                       text50       01000
__ptext51                       text51       007FD
__ptext52                       text52       007F0
__ptext53                       text53       01CED
__ptext54                       text54       00800
__ptext55                       text55       01CF4
__ptext56                       text56       01CE4
__ptext57                       text57       01CE1
__ptext58                       text58       01D3A
__ptext6                        text6        01CFC
__ptext7                        text7        01E76
__ptext8                        text8        01FC8
__ptext9                        text9        00DF1
__size_of_ISR                   (abs)        00000
__size_of___awdiv               (abs)        00000
__size_of___awmod               (abs)        00000
__size_of___awtoft              (abs)        00000
__size_of___bmul                (abs)        00000
__size_of___ftadd               (abs)        00000
__size_of___ftdiv               (abs)        00000
__size_of___ftge                (abs)        00000
__size_of___ftmul               (abs)        00000
__size_of___ftneg               (abs)        00000
__size_of___ftpack              (abs)        00000
__size_of___ftsub               (abs)        00000
__size_of___fttol               (abs)        00000
__size_of___lbtoft              (abs)        00000
__size_of___lldiv               (abs)        00000
__size_of___llmod               (abs)        00000
__size_of___lltoft              (abs)        00000
__size_of___lwdiv               (abs)        00000
__size_of___lwmod               (abs)        00000
__size_of___lwtoft              (abs)        00000
__size_of___wmul                (abs)        00000
__size_of__div_to_l_            (abs)        00000
__size_of__tdiv_to_l_           (abs)        00000
__size_of_doWDTSleep            (abs)        00000
__size_of_enableInterrupts      (abs)        00000
__size_of_fround                (abs)        00000
__size_of_getADCValue           (abs)        00000
__size_of_loop                  (abs)        00000
__size_of_main                  (abs)        00000
__size_of_memset                (abs)        00000
__size_of_nrf24l01CEHigh        (abs)        00000
__size_of_nrf24l01CELow         (abs)        00000
__size_of_nrf24l01CSHigh        (abs)        00000
__size_of_nrf24l01CSLow         (abs)        00000
__size_of_nrf24l01GetPipe       (abs)        00000
__size_of_nrf24l01ISR           (abs)        00000
__size_of_nrf24l01Init          (abs)        00000
__size_of_nrf24l01InitRegisters (abs)        00000
__size_of_nrf24l01InterfaceInit (abs)        00000
__size_of_nrf24l01SPIEnd        (abs)        00000
__size_of_nrf24l01SPISend       (abs)        00000
__size_of_nrf24l01SPIStart      (abs)        00000
__size_of_nrf24l01Send          (abs)        00000
__size_of_nrf24l01SendPacket    (abs)        00000
__size_of_nrf24l01Service       (abs)        00000
__size_of_nrf24l01SetRXMode     (abs)        00000
__size_of_nrf24l01SetRXPipe     (abs)        00000
__size_of_nrf24l01SetTXPipe     (abs)        00000
__size_of_scale                 (abs)        00000
__size_of_sendMessage           (abs)        00000
__size_of_sleep                 (abs)        00000
__size_of_sprintf               (abs)        00000
__size_of_strcpy                (abs)        00000
__size_of_strlen                (abs)        00000
__size_ofi1_memset              (abs)        00000
__size_ofi1_nrf24l01Send        (abs)        00000
__size_ofi1_nrf24l01Service     (abs)        00000
__size_ofi1_nrf24l01SetRXMode   (abs)        00000
__size_ofi1_strlen              (abs)        00000
__tdiv_to_l_                    text20       00803
__tdiv_to_l_@cntr               cstackBANK0  0002E
__tdiv_to_l_@exp1               cstackBANK0  0002F
__tdiv_to_l_@f1                 cstackBANK0  00020
__tdiv_to_l_@f2                 cstackBANK0  00023
__tdiv_to_l_@quot               cstackBANK0  0002A
_counter                        bssBANK2     00151
_doWDTSleep                     text37       01D23
_dpowers                        stringtext1  01800
_enableInterrupts               text55       01CF4
_fround                         text15       00C41
_fround$1984                    cstackBANK1  000AA
_fround$1985                    cstackBANK1  000A7
_getADCValue                    text36       013F4
_loop                           text9        00DF1
_loop$1981                      cstackBANK2  0012D
_loop$1982                      cstackBANK2  00126
_loop$1983                      cstackBANK2  00129
_main                           maintext     01361
_memset                         text35       01D8B
_n_ADDRESS_MUL                  stringtext6  01881
_n_ADDRESS_P0                   stringtext5  018A0
_nrf24l01CEHigh                 text57       01CE1
_nrf24l01CELow                  text56       01CE4
_nrf24l01CSHigh                 text54       00800
_nrf24l01CSLow                  text51       007FD
_nrf24l01GetPipe                text8        01FC8
_nrf24l01ISR                    text45       011D5
_nrf24l01Init                   text2        01108
_nrf24l01InitRegisters          text4        016ED
_nrf24l01InterfaceInit          text3        01DC3
_nrf24l01SPIEnd                 text53       01CED
_nrf24l01SPISend                text52       007F0
_nrf24l01SPIStart               text50       01000
_nrf24l01Send                   text34       01E56
_nrf24l01SendPacket             text30       01EDF
_nrf24l01Service                text31       00AF7
_nrf24l01SetRXMode              text33       01087
_nrf24l01SetRXPipe              text7        01E76
_nrf24l01SetTXPipe              text5        0114B
_romData                        dataBANK1    000EC
_romDataMap                     bssBANK4     00220
_scale                          text12       004D7
_scale$1986                     cstackBANK1  000A7
_sendMessage                    text10       01F60
_sleep                          text29       01EB9
_sprintf                        text11       00032
_sprintf$1987                   cstackBANK1  000C8
_status                         bssBANK1     000E8
_statuses                       stringtext4  01876
_strcpy                         text1        01DDF
_strlen                         text32       01E37
btemp                           (abs)        0007E
clear_ram0                      clrtext      01CE7
doWDTSleep@wdtps                cstackBANK0  00021
enableInterrupts@enable         cstackCOMMON 00070
end_of_initialization           cinit        0002E
fround@prec                     cstackBANK1  000AD
getADCValue@adcLoop             cstackBANK0  0005A
getADCValue@adcSum              cstackBANK0  0005C
getADCValue@channel             cstackBANK0  00059
i1_memset                       text58       01D3A
i1_nrf24l01Send                 text49       01D55
i1_nrf24l01Service              text46       009D6
i1_nrf24l01SetRXMode            text48       01011
i1_strlen                       text47       01DFB
i1memset@c                      cstackCOMMON 00070
i1memset@n                      cstackCOMMON 00072
i1memset@p                      cstackCOMMON 00076
i1memset@p1                     cstackCOMMON 00075
i1nrf24l01Send@command          cstackCOMMON 00073
i1nrf24l01Send@data             cstackCOMMON 00071
i1nrf24l01Service@i             cstackCOMMON 0007A
i1nrf24l01Service@width         cstackCOMMON 00079
i1nrf24l01SetRXMode@config      cstackCOMMON 00075
i1nrf24l01SetRXMode@rxMode      cstackCOMMON 00076
i1strlen@cp                     cstackCOMMON 00074
i1strlen@s                      cstackCOMMON 00070
int$flags                       (abs)        0007E
intlevel0                       functab      00000
intlevel1                       functab      00000
intlevel2                       functab      00000
intlevel3                       functab      00000
intlevel4                       functab      00000
intlevel5                       functab      00000
loop@packet                     cstackBANK2  00130
loop@rfSetup                    cstackBANK2  0012C
loop@ta                         cstackBANK2  00123
loop@vt                         cstackBANK2  00120
main@packet                     cstackBANK3  001A1
main@pipe                       cstackBANK3  001A0
memset@c                        cstackBANK0  00020
memset@n                        cstackBANK0  00022
memset@p                        cstackBANK0  00026
memset@p1                       cstackBANK0  00025
nrf24l01GetPipe@i               cstackBANK0  0002A
nrf24l01GetPipe@name            cstackBANK0  00029
nrf24l01GetPipe@pipe            cstackBANK0  00028
nrf24l01InitRegisters@DynPD     cstackBANK0  0002E
nrf24l01InitRegisters@channel   cstackBANK0  00029
nrf24l01InitRegisters@config    cstackBANK0  0002F
nrf24l01InitRegisters@enAA      cstackBANK0  0002D
nrf24l01InitRegisters@feature   cstackBANK0  0002B
nrf24l01InitRegisters@i         cstackBANK0  00030
nrf24l01InitRegisters@rfSetup   cstackBANK0  0002C
nrf24l01InitRegisters@setupAW   cstackBANK0  0002A
nrf24l01SPISend@data            cstackCOMMON 00070
nrf24l01Send@command            cstackBANK0  00022
nrf24l01Send@data               cstackBANK0  00020
nrf24l01SendPacket@txPacket     cstackBANK0  0002C
nrf24l01Service@i               cstackBANK0  0002A
nrf24l01Service@width           cstackBANK0  00029
nrf24l01SetRXMode@config        cstackBANK0  00024
nrf24l01SetRXMode@rxMode        cstackBANK0  00025
nrf24l01SetRXPipe@enRXAddr      cstackBANK0  00026
nrf24l01SetRXPipe@pipe          cstackBANK0  00025
nrf24l01SetTXPipe@pipe          cstackBANK0  00026
reset_vec                       reset_vec    00000
scale@scl                       cstackBANK1  000AA
sendMessage@packet              cstackBANK0  0006F
sendMessage@topic               cstackBANK1  000E1
sendMessage@value               cstackBANK1  000E3
sleep@milliseconds              cstackBANK0  00026
sprintf@ap                      cstackBANK1  000CB
sprintf@c                       cstackBANK1  000E0
sprintf@cp                      cstackBANK1  000CE
sprintf@eexp                    cstackBANK1  000D6
sprintf@f                       cstackBANK1  000B9
sprintf@flag                    cstackBANK1  000CC
sprintf@fval                    cstackBANK1  000DD
sprintf@prec                    cstackBANK1  000D0
sprintf@sp                      cstackBANK1  000DC
sprintf@tmpval                  cstackBANK1  000D8
sprintf@val                     cstackBANK1  000D2
stackhi                         (abs)        023EF
stacklo                         (abs)        0215C
start                           init         0000F
start_initialization            cinit        00011
strcpy@cp                       cstackBANK0  00024
strcpy@from                     cstackBANK0  00020
strcpy@to                       cstackBANK0  00023
strlen@cp                       cstackBANK0  00024
strlen@s                        cstackBANK0  00020
wtemp0                          (abs)        0007E


FUNCTION INFORMATION:

 *************** function _main *****************
 Defined at:
		line 171 in file "main.c"
 Parameters:    Size  Location     Type
		None
 Auto vars:     Size  Location     Type
  packet         33    1[BANK3 ] struct .
  pipe            1    0[BANK3 ] unsigned char 
 Return value:  Size  Location     Type
                  1    wreg      void 
 Registers used:
		wreg, fsr0l, fsr0h, fsr1l, fsr1h, status,2, status,0, pclath, cstack
 Tracked objects:
		On entry : 
		On exit  : 
		Unchanged: 
 Data sizes:     COMMON   BANK0   BANK1   BANK2   BANK3   BANK4   BANK5   BANK6   BANK7   BANK8   BANK9  BANK10  BANK11  BANK12
      Params:         0       0       0       0       0       0       0       0       0       0       0       0       0       0
      Locals:         0       0       0       0      34       0       0       0       0       0       0       0       0       0
      Temps:          0       0       1       0       0       0       0       0       0       0       0       0       0       0
      Totals:         0       0       1       0      34       0       0       0       0       0       0       0       0       0
Total ram usage:       35 bytes
 Hardware stack levels required when called:   15
 This function calls:
		___lwtoft
		_loop
		_nrf24l01GetPipe
		_nrf24l01Init
		_nrf24l01SetRXPipe
		_nrf24l01SetTXPipe
		_sendMessage
		_strcpy
 This function is called by:
		Startup code after reset
 This function uses a non-reentrant model


 *************** function _strcpy *****************
 Defined at:
		line 8 in file "C:\Program Files (x86)\Microchip\xc8\v2.00\pic\sources\c90\common\strcpy.c"
 Parameters:    Size  Location     Type
  to              1    wreg     PTR unsigned char 
		 -> romDataMap(28), 
  from            2    0[BANK0 ] PTR const unsigned char 
		 -> STR_11(4), 
 Auto vars:     Size  Location     Type
  to              1    3[BANK0 ] PTR unsigned char 
		 -> romDataMap(28), 
  cp              1    4[BANK0 ] PTR unsigned char 
		 -> romDataMap(28), 
 Return value:  Size  Location     Type
                  1    wreg      PTR unsigned char 
 Registers used:
		wreg, fsr0l, fsr0h, fsr1l, fsr1h, status,2, status,0, pclath
 Tracked objects:
		On entry : 
		On exit  : 
		Unchanged: 
 Data sizes:     COMMON   BANK0   BANK1   BANK2   BANK3   BANK4   BANK5   BANK6   BANK7   BANK8   BANK9  BANK10  BANK11  BANK12
      Params:         0       2       0       0       0       0       0       0       0       0       0       0       0       0
      Locals:         0       2       0       0       0       0       0       0       0       0       0       0       0       0
      Temps:          0       1       0       0       0       0       0       0       0       0       0       0       0       0
      Totals:         0       5       0       0       0       0       0       0       0       0       0       0       0       0
Total ram usage:        5 bytes
 Hardware stack levels used:    1
 Hardware stack levels required when called:    7
 This function calls:
		Nothing
 This function is called by:
		_main
 This function uses a non-reentrant model


 *************** function _nrf24l01Init *****************
 Defined at:
		line 491 in file "nrf24l01.c"
 Parameters:    Size  Location     Type
		None
 Auto vars:     Size  Location     Type
		None
 Return value:  Size  Location     Type
                  1    wreg      void 
 Registers used:
		wreg, fsr0l, fsr0h, status,2, status,0, pclath, cstack
 Tracked objects:
		On entry : 
		On exit  : 
		Unchanged: 
 Data sizes:     COMMON   BANK0   BANK1   BANK2   BANK3   BANK4   BANK5   BANK6   BANK7   BANK8   BANK9  BANK10  BANK11  BANK12
      Params:         0       0       0       0       0       0       0       0       0       0       0       0       0       0
      Locals:         0       0       0       0       0       0       0       0       0       0       0       0       0       0
      Temps:          0       2       0       0       0       0       0       0       0       0       0       0       0       0
      Totals:         0       2       0       0       0       0       0       0       0       0       0       0       0       0
Total ram usage:        2 bytes
 Hardware stack levels used:    1
 Hardware stack levels required when called:   12
 This function calls:
		_nrf24l01CEHigh
		_nrf24l01CELow
		_nrf24l01InitRegisters
		_nrf24l01InterfaceInit
 This function is called by:
		_main
 This function uses a non-reentrant model


 *************** function _nrf24l01InterfaceInit *****************
 Defined at:
		line 27 in file "interface.c"
 Parameters:    Size  Location     Type
		None
 Auto vars:     Size  Location     Type
		None
 Return value:  Size  Location     Type
                  1    wreg      void 
 Registers used:
		wreg, status,2, status,0
 Tracked objects:
		On entry : 
		On exit  : 
		Unchanged: 
 Data sizes:     COMMON   BANK0   BANK1   BANK2   BANK3   BANK4   BANK5   BANK6   BANK7   BANK8   BANK9  BANK10  BANK11  BANK12
      Params:         0       0       0       0       0       0       0       0       0       0       0       0       0       0
      Locals:         0       0       0       0       0       0       0       0       0       0       0       0       0       0
      Temps:          0       0       0       0       0       0       0       0       0       0       0       0       0       0
      Totals:         0       0       0       0       0       0       0       0       0       0       0       0       0       0
Total ram usage:        0 bytes
 Hardware stack levels used:    1
 Hardware stack levels required when called:    7
 This function calls:
		Nothing
 This function is called by:
		_nrf24l01Init
 This function uses a non-reentrant model


 *************** function _nrf24l01InitRegisters *****************
 Defined at:
		line 389 in file "nrf24l01.c"
 Parameters:    Size  Location     Type
		None
 Auto vars:     Size  Location     Type
  i               2   16[BANK0 ] unsigned int 
  config          1   15[BANK0 ] struct .
  DynPD           1   14[BANK0 ] struct .
  enAA            1   13[BANK0 ] struct .
  rfSetup         1   12[BANK0 ] struct .
  feature         1   11[BANK0 ] struct .
  setupAW         1   10[BANK0 ] struct .
  channel         1    9[BANK0 ] struct .
 Return value:  Size  Location     Type
                  1    wreg      void 
 Registers used:
		wreg, fsr0l, fsr0h, status,2, status,0, pclath, cstack
 Tracked objects:
		On entry : 
		On exit  : 
		Unchanged: 
 Data sizes:     COMMON   BANK0   BANK1   BANK2   BANK3   BANK4   BANK5   BANK6   BANK7   BANK8   BANK9  BANK10  BANK11  BANK12
      Params:         0       0       0       0       0       0       0       0       0       0       0       0       0       0
      Locals:         0       9       0       0       0       0       0       0       0       0       0       0       0       0
      Temps:          0       2       0       0       0       0       0       0       0       0       0       0       0       0
      Totals:         0      11       0       0       0       0       0       0       0       0       0       0       0       0
Total ram usage:       11 bytes
 Hardware stack levels used:    1
 Hardware stack levels required when called:   11
 This function calls:
		___bmul
		_nrf24l01SPIEnd
		_nrf24l01SPISend
		_nrf24l01SPIStart
		_nrf24l01Send
		_nrf24l01SetRXPipe
		_nrf24l01SetTXPipe
 This function is called by:
		_nrf24l01Init
 This function uses a non-reentrant model


 *************** function _nrf24l01SetTXPipe *****************
 Defined at:
		line 183 in file "nrf24l01.c"
 Parameters:    Size  Location     Type
  pipe            1    wreg     unsigned char 
 Auto vars:     Size  Location     Type
  pipe            1    6[BANK0 ] unsigned char 
 Return value:  Size  Location     Type
[...]
		None
 Return value:  Size  Location     Type
                  1    wreg      void 
 Registers used:
		wreg, status,2, status,0, pclath, cstack
 Tracked objects:
		On entry : 
		On exit  : 
		Unchanged: 
 Data sizes:     COMMON   BANK0   BANK1   BANK2   BANK3   BANK4   BANK5   BANK6   BANK7   BANK8   BANK9  BANK10  BANK11  BANK12
      Params:         0       0       0       0       0       0       0       0       0       0       0       0       0       0
      Locals:         0       0       0       0       0       0       0       0       0       0       0       0       0       0
      Temps:          0       0       0       0       0       0       0       0       0       0       0       0       0       0
      Totals:         0       0       0       0       0       0       0       0       0       0       0       0       0       0
Total ram usage:        0 bytes
 Hardware stack levels used:    1
 Hardware stack levels required when called:    8
 This function calls:
		_nrf24l01CSLow
 This function is called by:
		_nrf24l01Send
		_nrf24l01SetTXPipe
		_nrf24l01Service
		_nrf24l01InitRegisters
		i1_nrf24l01Send
		i1_nrf24l01Service
 This function uses a non-reentrant model


 *************** function _nrf24l01CSLow *****************
 Defined at:
		line 17 in file "interface.c"
 Parameters:    Size  Location     Type
		None
 Auto vars:     Size  Location     Type
		None
 Return value:  Size  Location     Type
                  1    wreg      void 
 Registers used:
		None
 Tracked objects:
		On entry : 
		On exit  : 
		Unchanged: 
 Data sizes:     COMMON   BANK0   BANK1   BANK2   BANK3   BANK4   BANK5   BANK6   BANK7   BANK8   BANK9  BANK10  BANK11  BANK12
      Params:         0       0       0       0       0       0       0       0       0       0       0       0       0       0
      Locals:         0       0       0       0       0       0       0       0       0       0       0       0       0       0
      Temps:          0       0       0       0       0       0       0       0       0       0       0       0       0       0
      Totals:         0       0       0       0       0       0       0       0       0       0       0       0       0       0
Total ram usage:        0 bytes
 Hardware stack levels used:    1
 Hardware stack levels required when called:    7
 This function calls:
		Nothing
 This function is called by:
		_nrf24l01SPIStart
 This function uses a non-reentrant model


 *************** function _nrf24l01SPISend *****************
 Defined at:
		line 51 in file "interface.c"
 Parameters:    Size  Location     Type
  data            1    wreg     unsigned char 
 Auto vars:     Size  Location     Type
  data            1    0[COMMON] unsigned char 
 Return value:  Size  Location     Type
                  1    wreg      unsigned char 
 Registers used:
		wreg
 Tracked objects:
		On entry : 
		On exit  : 
		Unchanged: 
 Data sizes:     COMMON   BANK0   BANK1   BANK2   BANK3   BANK4   BANK5   BANK6   BANK7   BANK8   BANK9  BANK10  BANK11  BANK12
      Params:         0       0       0       0       0       0       0       0       0       0       0       0       0       0
      Locals:         0       0       0       0       0       0       0       0       0       0       0       0       0       0
      Temps:          0       0       0       0       0       0       0       0       0       0       0       0       0       0
      Totals:         0       0       0       0       0       0       0       0       0       0       0       0       0       0
Total ram usage:        0 bytes
 Hardware stack levels used:    1
 Hardware stack levels required when called:    7
 This function calls:
		Nothing
 This function is called by:
		_nrf24l01Send
		_nrf24l01SetTXPipe
		_nrf24l01Service
		_nrf24l01InitRegisters
		i1_nrf24l01Send
		i1_nrf24l01Service
 This function uses a non-reentrant model


 *************** function _nrf24l01SPIEnd *****************
 Defined at:
		line 70 in file "interface.c"
 Parameters:    Size  Location     Type
		None
 Auto vars:     Size  Location     Type
		None
 Return value:  Size  Location     Type
                  1    wreg      void 
 Registers used:
		wreg, status,2, status,0, pclath, cstack
 Tracked objects:
		On entry : 
		On exit  : 
		Unchanged: 
 Data sizes:     COMMON   BANK0   BANK1   BANK2   BANK3   BANK4   BANK5   BANK6   BANK7   BANK8   BANK9  BANK10  BANK11  BANK12
      Params:         0       0       0       0       0       0       0       0       0       0       0       0       0       0
      Locals:         0       0       0       0       0       0       0       0       0       0       0       0       0       0
      Temps:          0       0       0       0       0       0       0       0       0       0       0       0       0       0
      Totals:         0       0       0       0       0       0       0       0       0       0       0       0       0       0
Total ram usage:        0 bytes
 Hardware stack levels used:    1
 Hardware stack levels required when called:    8
 This function calls:
		_nrf24l01CSHigh
 This function is called by:
		_nrf24l01Send
		_nrf24l01SetTXPipe
		_nrf24l01Service
		_nrf24l01InitRegisters
		i1_nrf24l01Send
		i1_nrf24l01Service
 This function uses a non-reentrant model


 *************** function _nrf24l01CSHigh *****************
 Defined at:
		line 22 in file "interface.c"
 Parameters:    Size  Location     Type
		None
 Auto vars:     Size  Location     Type
		None
 Return value:  Size  Location     Type
                  1    wreg      void 
 Registers used:
		None
 Tracked objects:
		On entry : 
		On exit  : 
		Unchanged: 
 Data sizes:     COMMON   BANK0   BANK1   BANK2   BANK3   BANK4   BANK5   BANK6   BANK7   BANK8   BANK9  BANK10  BANK11  BANK12
      Params:         0       0       0       0       0       0       0       0       0       0       0       0       0       0
      Locals:         0       0       0       0       0       0       0       0       0       0       0       0       0       0
      Temps:          0       0       0       0       0       0       0       0       0       0       0       0       0       0
      Totals:         0       0       0       0       0       0       0       0       0       0       0       0       0       0
Total ram usage:        0 bytes
 Hardware stack levels used:    1
 Hardware stack levels required when called:    7
 This function calls:
		Nothing
 This function is called by:
		_nrf24l01SPIEnd
 This function uses a non-reentrant model


 *************** function _enableInterrupts *****************
 Defined at:
		line 76 in file "interface.c"
 Parameters:    Size  Location     Type
  enable          1    wreg     unsigned char 
 Auto vars:     Size  Location     Type
  enable          1    0[COMMON] unsigned char 
 Return value:  Size  Location     Type
                  1    wreg      void 
 Registers used:
		wreg, status,0
 Tracked objects:
		On entry : 
		On exit  : 
		Unchanged: 
 Data sizes:     COMMON   BANK0   BANK1   BANK2   BANK3   BANK4   BANK5   BANK6   BANK7   BANK8   BANK9  BANK10  BANK11  BANK12
      Params:         0       0       0       0       0       0       0       0       0       0       0       0       0       0
      Locals:         0       0       0       0       0       0       0       0       0       0       0       0       0       0
      Temps:          0       0       0       0       0       0       0       0       0       0       0       0       0       0
      Totals:         0       0       0       0       0       0       0       0       0       0       0       0       0       0
Total ram usage:        0 bytes
 Hardware stack levels used:    1
 Hardware stack levels required when called:    7
 This function calls:
		Nothing
 This function is called by:
		_nrf24l01Send
		_nrf24l01Service
		i1_nrf24l01Send
		i1_nrf24l01Service
 This function uses a non-reentrant model


 *************** function _nrf24l01CELow *****************
 Defined at:
		line 7 in file "interface.c"
 Parameters:    Size  Location     Type
		None
 Auto vars:     Size  Location     Type
		None
 Return value:  Size  Location     Type
                  1    wreg      void 
 Registers used:
		None
 Tracked objects:
		On entry : 
		On exit  : 
		Unchanged: 
 Data sizes:     COMMON   BANK0   BANK1   BANK2   BANK3   BANK4   BANK5   BANK6   BANK7   BANK8   BANK9  BANK10  BANK11  BANK12
      Params:         0       0       0       0       0       0       0       0       0       0       0       0       0       0
      Locals:         0       0       0       0       0       0       0       0       0       0       0       0       0       0
      Temps:          0       0       0       0       0       0       0       0       0       0       0       0       0       0
      Totals:         0       0       0       0       0       0       0       0       0       0       0       0       0       0
Total ram usage:        0 bytes
 Hardware stack levels used:    1
 Hardware stack levels required when called:    7
 This function calls:
		Nothing
 This function is called by:
		_nrf24l01SetRXMode
		_nrf24l01Service
		_nrf24l01Init
		i1_nrf24l01SetRXMode
		i1_nrf24l01Service
 This function uses a non-reentrant model


 *************** function _nrf24l01CEHigh *****************
 Defined at:
		line 12 in file "interface.c"
 Parameters:    Size  Location     Type
		None
 Auto vars:     Size  Location     Type
		None
 Return value:  Size  Location     Type
                  1    wreg      void 
 Registers used:
		None
 Tracked objects:
		On entry : 
		On exit  : 
		Unchanged: 
 Data sizes:     COMMON   BANK0   BANK1   BANK2   BANK3   BANK4   BANK5   BANK6   BANK7   BANK8   BANK9  BANK10  BANK11  BANK12
      Params:         0       0       0       0       0       0       0       0       0       0       0       0       0       0
      Locals:         0       0       0       0       0       0       0       0       0       0       0       0       0       0
      Temps:          0       0       0       0       0       0       0       0       0       0       0       0       0       0
      Totals:         0       0       0       0       0       0       0       0       0       0       0       0       0       0
Total ram usage:        0 bytes
 Hardware stack levels used:    1
 Hardware stack levels required when called:    7
 This function calls:
		Nothing
 This function is called by:
		_nrf24l01SetRXMode
		_nrf24l01Service
		_nrf24l01Init
		i1_nrf24l01SetRXMode
		i1_nrf24l01Service
 This function uses a non-reentrant model


 *************** function i1_memset *****************
 Defined at:
		line 8 in file "C:\Program Files (x86)\Microchip\xc8\v2.00\pic\sources\c90\common\memset.c"
 Parameters:    Size  Location     Type
  p1              1    wreg     PTR void 
		 -> RXPacket(33), 
  c               2    0[COMMON] int 
  n               2    2[COMMON] unsigned int 
 Auto vars:     Size  Location     Type
  p1              1    5[COMMON] PTR void 
		 -> RXPacket(33), 
  memset          1    6[COMMON] PTR unsigned char 
		 -> RXPacket(33), 
 Return value:  Size  Location     Type
                  1    wreg      PTR void 
 Registers used:
		wreg, fsr1l, fsr1h, status,2, status,0
 Tracked objects:
		On entry : 
		On exit  : 
		Unchanged: 
 Data sizes:     COMMON   BANK0   BANK1   BANK2   BANK3   BANK4   BANK5   BANK6   BANK7   BANK8   BANK9  BANK10  BANK11  BANK12
      Params:         4       0       0       0       0       0       0       0       0       0       0       0       0       0
      Locals:         2       0       0       0       0       0       0       0       0       0       0       0       0       0
      Temps:          1       0       0       0       0       0       0       0       0       0       0       0       0       0
      Totals:         7       0       0       0       0       0       0       0       0       0       0       0       0       0
Total ram usage:        7 bytes
 Hardware stack levels used:    1
 This function calls:
		Nothing
 This function is called by:
		i1_nrf24l01Service
 This function uses a non-reentrant model



MODULE INFORMATION

Module		Function		Class		Link	Load	Size
C:\Program Files (x86)\Microchip\xc8\v2.00\pic\sources\c90\common\ftneg.c
		___ftneg       		CODE           	1008	0000	10

C:\Program Files (x86)\Microchip\xc8\v2.00\pic\sources\c90\common\ftneg.c estimated size: 10

C:\Program Files (x86)\Microchip\xc8\v2.00\pic\sources\c90\common\ftsub.c
		___ftsub       		CODE           	1E19	0000	31

C:\Program Files (x86)\Microchip\xc8\v2.00\pic\sources\c90\common\ftsub.c estimated size: 31

C:\Program Files (x86)\Microchip\xc8\v2.00\pic\sources\c90\common\float.c
		___ftpack      		CODE           	1275	0000	102

C:\Program Files (x86)\Microchip\xc8\v2.00\pic\sources\c90\common\float.c estimated size: 102

C:\Program Files (x86)\Microchip\xc8\v2.00\pic\sources\c90\common\lwmod.c
		___lwmod       		CODE           	1F33	0000	46

C:\Program Files (x86)\Microchip\xc8\v2.00\pic\sources\c90\common\lwmod.c estimated size: 46

C:\Program Files (x86)\Microchip\xc8\v2.00\pic\sources\c90\common\awmod.c
		___awmod       		CODE           	118F	0000	71

C:\Program Files (x86)\Microchip\xc8\v2.00\pic\sources\c90\common\awmod.c estimated size: 71

C:\Program Files (x86)\Microchip\xc8\v2.00\pic\sources\c90\common\doprnt.c
		_scale         		CODE           	04D7	0000	711
		_sprintf       		CODE           	0032	0000	1190
		_fround        		CODE           	0C41	0000	433

C:\Program Files (x86)\Microchip\xc8\v2.00\pic\sources\c90\common\doprnt.c estimated size: 2334

C:\Program Files (x86)\Microchip\xc8\v2.00\pic\sources\c90\common\llmod.c
		___llmod       		CODE           	10C5	0000	68

C:\Program Files (x86)\Microchip\xc8\v2.00\pic\sources\c90\common\llmod.c estimated size: 68

C:\Program Files (x86)\Microchip\xc8\v2.00\pic\sources\c90\common\ftdivl.c
		__tdiv_to_l_   		CODE           	0803	0000	183

C:\Program Files (x86)\Microchip\xc8\v2.00\pic\sources\c90\common\ftdivl.c estimated size: 183

C:\Program Files (x86)\Microchip\xc8\v2.00\pic\sources\c90\common\Umul16.c
		___wmul        		CODE           	1DA7	0000	29

C:\Program Files (x86)\Microchip\xc8\v2.00\pic\sources\c90\common\Umul16.c estimated size: 29

C:\Program Files (x86)\Microchip\xc8\v2.00\pic\sources\c90\common\ftmul.c
		___ftmul       		CODE           	1543	0000	181

C:\Program Files (x86)\Microchip\xc8\v2.00\pic\sources\c90\common\ftmul.c estimated size: 181

C:\Program Files (x86)\Microchip\xc8\v2.00\pic\sources\c90\common\ftdiv.c
		___ftdiv       		CODE           	149A	0000	170

C:\Program Files (x86)\Microchip\xc8\v2.00\pic\sources\c90\common\ftdiv.c estimated size: 170

C:\Program Files (x86)\Microchip\xc8\v2.00\pic\sources\c90\common\__lldiv.c
		___lldiv       		CODE           	079D	0000	84

C:\Program Files (x86)\Microchip\xc8\v2.00\pic\sources\c90\common\__lldiv.c estimated size: 84

C:\Program Files (x86)\Microchip\xc8\v2.00\pic\sources\c90\common\lwdiv.c
		___lwdiv       		CODE           	1F93	0000	54

C:\Program Files (x86)\Microchip\xc8\v2.00\pic\sources\c90\common\lwdiv.c estimated size: 54

C:\Program Files (x86)\Microchip\xc8\v2.00\pic\sources\c90\common\awdiv.c
		___awdiv       		CODE           	1223	0000	83

C:\Program Files (x86)\Microchip\xc8\v2.00\pic\sources\c90\common\awdiv.c estimated size: 83

C:\Program Files (x86)\Microchip\xc8\v2.00\pic\sources\c90\common\fldivl.c
		__div_to_l_    		CODE           	08B9	0000	286

C:\Program Files (x86)\Microchip\xc8\v2.00\pic\sources\c90\common\fldivl.c estimated size: 286

C:\Program Files (x86)\Microchip\xc8\v2.00\pic\sources\c90\common\Umul8.c
		___bmul        		CODE           	1CFC	0000	19

C:\Program Files (x86)\Microchip\xc8\v2.00\pic\sources\c90\common\Umul8.c estimated size: 19

shared
		i1_nrf24l01Send		CODE           	1D55	0000	28
		_statuses      		STRCODE        	1876	0000	12
		__powers_      		STRCODE        	1828	0000	40
		_dpowers       		STRCODE        	1800	0000	41
		i1_nrf24l01SetRXMode		CODE           	1011	0000	59
		_n_ADDRESS_P0  		STRCODE        	18A0	0000	6
		_n_ADDRESS_MUL 		STRCODE        	1881	0000	2
		__npowers_     		STRCODE        	184F	0000	40
		__initialization		CODE           	0011	0000	30
		i1_strlen      		CODE           	1DFB	0000	31
		i1_memset      		CODE           	1D3A	0000	28
		i1_nrf24l01Service		CODE           	09D6	0000	290

shared estimated size: 607

interface.c
		_nrf24l01SPISend		CODE           	07F0	0000	14
		_nrf24l01CELow 		CODE           	1CE4	0000	4
		_nrf24l01CSLow 		CODE           	07FD	0000	4
		_nrf24l01SPIStart		CODE           	1000	0000	9
		_nrf24l01SPIEnd		CODE           	1CED	0000	8
		_nrf24l01CEHigh		CODE           	1CE1	0000	4
		_nrf24l01CSHigh		CODE           	0800	0000	4
		_enableInterrupts		CODE           	1CF4	0000	9
		_nrf24l01InterfaceInit		CODE           	1DC3	0000	29

interface.c estimated size: 85

C:\Program Files (x86)\Microchip\xc8\v2.00\pic\sources\c90\common\fttol.c
		___fttol       		CODE           	12DA	0000	136

C:\Program Files (x86)\Microchip\xc8\v2.00\pic\sources\c90\common\fttol.c estimated size: 136

C:\Program Files (x86)\Microchip\xc8\v2.00\pic\sources\c90\common\strlen.c
		_strlen        		CODE           	1E37	0000	32

C:\Program Files (x86)\Microchip\xc8\v2.00\pic\sources\c90\common\strlen.c estimated size: 32

C:\Program Files (x86)\Microchip\xc8\v2.00\pic\sources\c90\common\ftge.c
		___ftge        		CODE           	104B	0000	61

C:\Program Files (x86)\Microchip\xc8\v2.00\pic\sources\c90\common\ftge.c estimated size: 61

C:\Program Files (x86)\Microchip\xc8\v2.00\pic\sources\c90\common\ftadd.c
		___ftadd       		CODE           	15F7	0000	247

C:\Program Files (x86)\Microchip\xc8\v2.00\pic\sources\c90\common\ftadd.c estimated size: 247

C:\Program Files (x86)\Microchip\xc8\v2.00\pic\sources\c90\common\awtoft.c
		___awtoft      		CODE           	1E97	0000	35

C:\Program Files (x86)\Microchip\xc8\v2.00\pic\sources\c90\common\awtoft.c estimated size: 35

C:\Program Files (x86)\Microchip\xc8\v2.00\pic\sources\c90\common\strcpy.c
		_strcpy        		CODE           	1DDF	0000	29

C:\Program Files (x86)\Microchip\xc8\v2.00\pic\sources\c90\common\strcpy.c estimated size: 29

nrf24l01.c
		_nrf24l01Service		CODE           	0AF7	0000	331
		_nrf24l01SendPacket		CODE           	1EDF	0000	43
		_nrf24l01InitRegisters		CODE           	16ED	0000	276
		_nrf24l01ISR   		CODE           	11D5	0000	79
		_nrf24l01Send  		CODE           	1E56	0000	33
		_nrf24l01Init  		CODE           	1108	0000	68
		_nrf24l01SetRXMode		CODE           	1087	0000	63
		_nrf24l01SetRXPipe		CODE           	1E76	0000	34
		_nrf24l01SetTXPipe		CODE           	114B	0000	69

nrf24l01.c estimated size: 996

C:\Program Files (x86)\Microchip\xc8\v2.00\pic\sources\c90\common\lbtoft.c
		___lbtoft      		CODE           	1D70	0000	28

C:\Program Files (x86)\Microchip\xc8\v2.00\pic\sources\c90\common\lbtoft.c estimated size: 28

C:\Program Files (x86)\Microchip\xc8\v2.00\pic\sources\c90\common\memset.c
		_memset        		CODE           	1D8B	0000	29

C:\Program Files (x86)\Microchip\xc8\v2.00\pic\sources\c90\common\memset.c estimated size: 29

main.c
		_loop          		CODE           	0DF1	0000	528
		_nrf24l01GetPipe		CODE           	1FC8	0000	57
		_ISR           		CODE           	0004	0000	12
		_main          		CODE           	1361	0000	148
		_doWDTSleep    		CODE           	1D23	0000	24
		_getADCValue   		CODE           	13F4	0000	167
		_sleep         		CODE           	1EB9	0000	39
		_sendMessage   		CODE           	1F60	0000	52

main.c estimated size: 1027

C:\Program Files (x86)\Microchip\xc8\v2.00\pic\sources\c90\common\lwtoft.c
		___lwtoft      		CODE           	1D0E	0000	22

C:\Program Files (x86)\Microchip\xc8\v2.00\pic\sources\c90\common\lwtoft.c estimated size: 22

C:\Program Files (x86)\Microchip\xc8\v2.00\pic\sources\c90\common\lltoft.c
		___lltoft      		CODE           	1F09	0000	43

C:\Program Files (x86)\Microchip\xc8\v2.00\pic\sources\c90\common\lltoft.c estimated size: 43

