Microchip MPLAB XC8 Compiler V2.00 ()

Linker command line:

-W-3 --edf=C:\Program Files (x86)\Microchip\xc8\v2.00\pic\dat\en_msgs.txt \
  -cs -h+dist/default/production\nRF24L01__PIC16LF1825.X.X.production.sym \
  --cmf=dist/default/production\nRF24L01__PIC16LF1825.X.X.production.cmf -z \
  -Q16LF18325 -oC:\Users\Leon\AppData\Local\Temp\seec.2 \
  --defsym=__MPLAB_BUILD=1 \
  -Mdist/default/production/nRF24L01__PIC16LF1825.X.X.production.map -E1 \
  -ver=XC8 -ASTACK=02171h-023efh -pstack=STACK -ACODE=00h-07FFhx4 \
  -ASTRCODE=00h-01FFFh -ASTRING=00h-0FFhx32 -ACONST=00h-0FFhx32 \
  -AENTRY=00h-0FFhx32 -ACOMMON=070h-07Fh -ABANK0=020h-06Fh \
  -ABANK1=0A0h-0EFh -ABANK2=0120h-016Fh -ABANK3=01A0h-01EFh \
  -ABANK4=0220h-026Fh -ABANK5=02A0h-02EFh -ABANK6=0320h-036Fh \
  -ABANK7=03A0h-03EFh -ABANK8=0420h-046Fh -ABANK9=04A0h-04EFh \
  -ABANK10=0520h-056Fh -ABANK11=05A0h-05EFh -ABANK12=0620h-064Fh \
  -ABIGRAM=02000h-023EFh \
  -ARAM=020h-06Fh,0A0h-0EFh,0120h-016Fh,01A0h-01EFh,0220h-026Fh,02A0h-02EFh,0320h-036Fh,03A0h-03EFh,0420h-046Fh,04A0h-04EFh,0520h-056Fh,05A0h-05EFh,0620h-064Fh \
  -AABS1=020h-07Fh,0A0h-0EFh,0120h-016Fh,01A0h-01EFh,0220h-026Fh,02A0h-02EFh,0320h-036Fh,03A0h-03EFh,0420h-046Fh,04A0h-04EFh,0520h-056Fh,05A0h-05EFh,0620h-064Fh \
  -ASFR0=00h-01Fh -ASFR1=080h-09Fh -ASFR2=0100h-011Fh -ASFR3=0180h-019Fh \
  -ASFR4=0200h-021Fh -ASFR5=0280h-029Fh -ASFR6=0300h-031Fh \
  -ASFR7=0380h-039Fh -ASFR8=0400h-041Fh -ASFR9=0480h-049Fh \
  -ASFR10=0500h-051Fh -ASFR11=0580h-059Fh -ASFR12=0600h-061Fh \
  -ASFR13=0680h-06EFh -ASFR14=0700h-076Fh -ASFR15=0780h-07EFh \
  -ASFR16=0800h-086Fh -ASFR17=0880h-08EFh -ASFR18=0900h-096Fh \
  -ASFR19=0980h-09EFh -ASFR20=0A00h-0A6Fh -ASFR21=0A80h-0AEFh \
  -ASFR22=0B00h-0B6Fh -ASFR23=0B80h-0BEFh -ASFR24=0C00h-0C6Fh \
  -ASFR25=0C80h-0CEFh -ASFR26=0D00h-0D6Fh -ASFR27=0D80h-0DEFh \
  -ASFR28=0E00h-0E6Fh -ASFR29=0E80h-0EEFh -ASFR30=0F00h-0F6Fh \
  -ASFR31=0F80h-0FEFh -preset_vec=00h,intentry=04h,init,end_init \
  -ppowerup=CODE -pcinit=CODE -pfunctab=ENTRY -ACONFIG=08007h-0800Ah \
  -pconfig=CONFIG -DCONFIG=2 -AIDLOC=08000h-08003h -pidloc=IDLOC -DIDLOC=2 \
  -AEEDATA=00h-0FFh/0F000h -peeprom_data=EEDATA -DEEDATA=2 -DCODE=2 \
  -DSTRCODE=2 -DSTRING=2 -DCONST=2 -DENTRY=2 -k \
  C:\Users\Leon\AppData\Local\Temp\seec.o \
  dist/default/production\nRF24L01__PIC16LF1825.X.X.production.o 

Object code version is 3.11

Machine type is 16LF18325



                Name                               Link     Load   Length Selector   Space Scale
C:\Users\Leon\AppData\Local\Temp\seec.o
                stack                              2171     2171      27F     2171       2
                end_init                             2B       2B        2        8       0
                reset_vec                             0        0        2        0       0
                config                             8007     8007        4    1000E       0
dist/default/production\nRF24L01__PIC16LF1825.X.X.production.o
                cinit                                2D       2D       29        8       0
                intentry                              4        4       27        8       0
                text48                              B2F      B2F       43     165E       0
                text46                              8DE      8DE       1F     11BC       0
                text45                              8FD      8FD       1F     11FA       0
                text44                              C92      C92       65     1924       0
                text43                              810      810       1B     1020       0
                text42                              93D      93D       22     127A       0
                text41                              471      471       F6        8       0
                text40                              E04      E04       A9     1C08       0
                text39                             17AC     17AC        7     2F58       0
                text38                              9D7      9D7       2C     13AE       0
                text37                              EAD      EAD       A9     1D5A       0
                text36                              7C2      7C2       3C        8       0
                text35                              70E      70E       B4        8       0
                text34                             17B3     17B3        9     2F66       0
                text33                              848      848       1E     1090       0
                text32                              D7D      D7D       87     1AFA       0
                text31                              9AD      9AD       2A     135A       0
                text30                              C3F      C3F       53     187E       0
                text29                              B72      B72       43     16E4       0
                text28                              866      866       1E     10CC       0
                text27                             17CE     17CE        E     2F9C       0
                text26                               56       56      1CD        8       0
                text25                              567      567       E7        8       0
                text24                              A8E      A8E       32     151C       0
                text23                             17BC     17BC        9     2F78       0
                text22                              801      801        F     1002       0
                text21                             17C5     17C5        9     2F8A       0
                text20                             17ED     17ED       13     2FDA       0
                text19                              AF4      AF4       3B     15E8       0
                text18                              884      884       1E     1108       0
                text17                              BF8      BF8       47     17F0       0
                text16                              984      984       29     1308       0
                text15                              F56      F56       AA     1EAC       0
                text14                              82B      82B       1D     1056       0
                text13                              A30      A30       2F     1460       0
                text12                              91C      91C       21     1238       0
                text11                              A5F      A5F       2F     14BE       0
                text10                              CF7      CF7       86     19EE       0
                text9                               223      223      147        8       0
                text8                               A03      A03       2D     1406       0
                text7                               AC0      AC0       34     1580       0
                text6                               8A2      8A2       1E     1144       0
                text5                              17DC     17DC       11     2FB8       0
                text4                               BB5      BB5       43     176A       0
                text3                               36A      36A      107        8       0
                text2                               8C0      8C0       1E     1180       0
                text1                               95F      95F       25     12BE       0
                maintext                            64E      64E       C0        8       0
                cstackBANK0                          20       20       44       20       1
                cstackCOMMON                         70       70        4       70       1
                cstackBANK1                          A0       A0       3D       A0       1
                cstackBANK4                         220      220       31      220       1
                clrtext                            17A6     17A6        6     2F4C       0
                bssBANK3                            1A0      1A0       42      1A0       1
                bssBANK2                            120      120       2D      120       1
                dataBANK1                            E3       E3        1       A0       1
                bssBANK1                             DD       DD        6       A0       1
                bssBANK0                             64       64        6       20       1
                stringtext12                       183E     183E        2     3000       0
                stringtext11                       183A     183A        4     3000       0
                stringtext10                       1835     1835        5     3000       0
                stringtext9                        1830     1830        5     3000       0
                stringtext8                        1825     1825        6     3000       0
                stringtext7                        181F     181F        6     3000       0
                stringtext6                        1819     1819        6     3000       0
                stringtext5                        1813     1813        6     3000       0
                stringtext4                        180C     180C        7     3000       0
                stringtext3                        1800     1800        C     3000       0
                stringtext2                        182B     182B        5     3000       0
                stringtext1                        1000     1000       28     2000       0
                idataBANK1                          7FE      7FE        1        8       0

TOTAL           Name                               Link     Load   Length     Space
        CLASS   STACK          
                stack                              2171     2171      27F         2

        CLASS   CODE           
                end_init                             2B       2B        2         0
                cinit                                2D       2D       29         0
                intentry                              4        4       27         0
                reset_vec                             0        0        2         0
                text48                              B2F      B2F       43         0
                text46                              8DE      8DE       1F         0
                text45                              8FD      8FD       1F         0
                text44                              C92      C92       65         0
                text43                              810      810       1B         0
                text42                              93D      93D       22         0
                text41                              471      471       F6         0
                text40                              E04      E04       A9         0
                text39                             17AC     17AC        7         0
                text38                              9D7      9D7       2C         0
                text37                              EAD      EAD       A9         0
                text36                              7C2      7C2       3C         0
                text35                              70E      70E       B4         0
                text34                             17B3     17B3        9         0
                text33                              848      848       1E         0
                text32                              D7D      D7D       87         0
                text31                              9AD      9AD       2A         0
                text30                              C3F      C3F       53         0
                text29                              B72      B72       43         0
                text28                              866      866       1E         0
                text27                             17CE     17CE        E         0
                text26                               56       56      1CD         0
                text25                              567      567       E7         0
                text24                              A8E      A8E       32         0
                text23                             17BC     17BC        9         0
                text22                              801      801        F         0
                text21                             17C5     17C5        9         0
                text20                             17ED     17ED       13         0
                text19                              AF4      AF4       3B         0
                text18                              884      884       1E         0
                text17                              BF8      BF8       47         0
                text16                              984      984       29         0
                text15                              F56      F56       AA         0
                text14                              82B      82B       1D         0
                text13                              A30      A30       2F         0
                text12                              91C      91C       21         0
                text11                              A5F      A5F       2F         0
                text10                              CF7      CF7       86         0
                text9                               223      223      147         0
                text8                               A03      A03       2D         0
                text7                               AC0      AC0       34         0
                text6                               8A2      8A2       1E         0
                text5                              17DC     17DC       11         0
                text4                               BB5      BB5       43         0
                text3                               36A      36A      107         0
                text2                               8C0      8C0       1E         0
                text1                               95F      95F       25         0
                maintext                            64E      64E       C0         0
                clrtext                            17A6     17A6        6         0
                idataBANK1                          7FE      7FE        1         0

        CLASS   STRCODE        
                stringtext12                       183E     183E        2         0
                stringtext11                       183A     183A        4         0
                stringtext10                       1835     1835        5         0
                stringtext9                        1830     1830        5         0
                stringtext8                        1825     1825        6         0
                stringtext7                        181F     181F        6         0
                stringtext6                        1819     1819        6         0
                stringtext5                        1813     1813        6         0
                stringtext4                        180C     180C        7         0
                stringtext3                        1800     1800        C         0
                stringtext2                        182B     182B        5         0
                stringtext1                        1000     1000       28         0

        CLASS   STRING         

        CLASS   CONST          

        CLASS   ENTRY          

        CLASS   COMMON         
                cstackCOMMON                         70       70        4         1

        CLASS   BANK0          
                cstackBANK0                          20       20       44         1
                bssBANK0                             64       64        6         1

        CLASS   BANK1          
                cstackBANK1                          A0       A0       3D         1
                dataBANK1                            E3       E3        1         1
                bssBANK1                             DD       DD        6         1

        CLASS   BANK2          
                bssBANK2                            120      120       2D         1

        CLASS   BANK3          
                bssBANK3                            1A0      1A0       42         1

        CLASS   BANK4          
                cstackBANK4                         220      220       31         1

        CLASS   BANK5          

        CLASS   BANK6          

        CLASS   BANK7          

        CLASS   BANK8          

        CLASS   BANK9          

        CLASS   BANK10         

        CLASS   BANK11         

        CLASS   BANK12         

        CLASS   BIGRAM         

        CLASS   RAM            

        CLASS   ABS1           
                abs_s1                               74       74        C         1

        CLASS   SFR0           

        CLASS   SFR1           

        CLASS   SFR2           

        CLASS   SFR3           

        CLASS   SFR4           

        CLASS   SFR5           

        CLASS   SFR6           

        CLASS   SFR7           

        CLASS   SFR8           

        CLASS   SFR9           

        CLASS   SFR10          

        CLASS   SFR11          

        CLASS   SFR12          

        CLASS   SFR13          

        CLASS   SFR14          

        CLASS   SFR15          

        CLASS   SFR16          

        CLASS   SFR17          

        CLASS   SFR18          

        CLASS   SFR19          

        CLASS   SFR20          

        CLASS   SFR21          

        CLASS   SFR22          

        CLASS   SFR23          

        CLASS   SFR24          

        CLASS   SFR25          

        CLASS   SFR26          

        CLASS   SFR27          

        CLASS   SFR28          

        CLASS   SFR29          

        CLASS   SFR30          

        CLASS   SFR31          

        CLASS   CONFIG         
                config                             8007     8007        4         0

        CLASS   IDLOC          

        CLASS   EEDATA         

        CLASS   BANK31         

        CLASS   BANK30         

        CLASS   BANK29         

        CLASS   BANK28         

        CLASS   BANK27         

        CLASS   BANK26         

        CLASS   BANK25         

        CLASS   BANK24         

        CLASS   BANK23         

        CLASS   BANK22         

        CLASS   BANK21         

        CLASS   BANK20         

        CLASS   BANK19         

        CLASS   BANK18         

        CLASS   BANK17         

        CLASS   BANK16         

        CLASS   BANK15         

        CLASS   BANK14         

        CLASS   BANK13         



SEGMENTS        Name                           Load    Length   Top    Selector   Space  Class     Delta

                reset_vec                      000000  000002  000002         0       0  CODE        2
                intentry                       000004  0007FB  0007FF         8       0  CODE        2
                cstackBANK0                    000020  00004A  00006A        20       1  BANK0       1
                cstackCOMMON                   000070  000004  000074        70       1  COMMON      1
                cstackBANK1                    0000A0  000044  0000E4        A0       1  BANK1       1
                bssBANK2                       000120  00002D  00014D       120       1  BANK2       1
                bssBANK3                       0001A0  000042  0001E2       1A0       1  BANK3       1
                cstackBANK4                    000220  000031  000251       220       1  BANK4       1
                text22                         000801  00000F  000810      1002       0  CODE        2
                text43                         000810  00001B  00082B      1020       0  CODE        2
                text14                         00082B  00001D  000848      1056       0  CODE        2
                text33                         000848  00001E  000866      1090       0  CODE        2
                text28                         000866  00001E  000884      10CC       0  CODE        2
                text18                         000884  00001E  0008A2      1108       0  CODE        2
                text6                          0008A2  00001E  0008C0      1144       0  CODE        2
                text2                          0008C0  00001E  0008DE      1180       0  CODE        2
                text46                         0008DE  00001F  0008FD      11BC       0  CODE        2
                text45                         0008FD  00001F  00091C      11FA       0  CODE        2
                text12                         00091C  000021  00093D      1238       0  CODE        2
                text42                         00093D  000022  00095F      127A       0  CODE        2
                text1                          00095F  000025  000984      12BE       0  CODE        2
                text16                         000984  000029  0009AD      1308       0  CODE        2
                text31                         0009AD  00002A  0009D7      135A       0  CODE        2
                text38                         0009D7  00002C  000A03      13AE       0  CODE        2
                text8                          000A03  00002D  000A30      1406       0  CODE        2
                text13                         000A30  00002F  000A5F      1460       0  CODE        2
                text11                         000A5F  00002F  000A8E      14BE       0  CODE        2
                text24                         000A8E  000032  000AC0      151C       0  CODE        2
                text7                          000AC0  000034  000AF4      1580       0  CODE        2
                text19                         000AF4  00003B  000B2F      15E8       0  CODE        2
                text48                         000B2F  000043  000B72      165E       0  CODE        2
                text29                         000B72  000043  000BB5      16E4       0  CODE        2
                text4                          000BB5  000043  000BF8      176A       0  CODE        2
                text17                         000BF8  000047  000C3F      17F0       0  CODE        2
                text30                         000C3F  000053  000C92      187E       0  CODE        2
                text44                         000C92  000065  000CF7      1924       0  CODE        2
                text10                         000CF7  000086  000D7D      19EE       0  CODE        2
                text32                         000D7D  000087  000E04      1AFA       0  CODE        2
                text40                         000E04  0000A9  000EAD      1C08       0  CODE        2
                text37                         000EAD  0000A9  000F56      1D5A       0  CODE        2
                text15                         000F56  0000AA  001000      1EAC       0  CODE        2
                stringtext1                    001000  000028  001028      2000       0  STRCODE     2
                stack                          002171  00027F  0023F0      2171       2  STACK       1
                clrtext                        0017A6  000006  0017AC      2F4C       0  CODE        2
                text39                         0017AC  000007  0017B3      2F58       0  CODE        2
                text34                         0017B3  000009  0017BC      2F66       0  CODE        2
                text23                         0017BC  000009  0017C5      2F78       0  CODE        2
                text21                         0017C5  000009  0017CE      2F8A       0  CODE        2
                text27                         0017CE  00000E  0017DC      2F9C       0  CODE        2
                text5                          0017DC  000011  0017ED      2FB8       0  CODE        2
                text20                         0017ED  000013  001800      2FDA       0  CODE        2
                stringtext3                    001800  000040  001840      3000       0  STRCODE     2
                config                         008007  000004  00800B     1000E       0  CONFIG      2


UNUSED ADDRESS RANGES

        Name                Unused          Largest block    Delta
        BANK0            0006A-0006F               6           1
        BANK1            000E4-000EF               C           1
        BANK10           00520-0056F              50           1
        BANK11           005A0-005EF              50           1
        BANK12           00620-0064F              30           1
        BANK2            0014D-0016F              23           1
        BANK3            001E2-001EF               E           1
        BANK4            00251-0026F              1F           1
        BANK5            002A0-002EF              50           1
        BANK6            00320-0036F              50           1
        BANK7            003A0-003EF              50           1
        BANK8            00420-0046F              50           1
        BANK9            004A0-004EF              50           1
        BIGRAM           02000-023EF             3F0           1
        CODE             00002-00003               2           2
                         007FF-00800               1
                         01028-017A5             77E
                         01840-01FFF             7C0
        CONST            00002-00003               2           2
                         007FF-00800               1
                         01028-017A5             100
                         01840-01FFF             100
        EEDATA           0F000-0F0FF             100           2
        ENTRY            00002-00003               2           2
                         007FF-00800               1
                         01028-017A5             100
                         01840-01FFF             100
        IDLOC            08000-08003               4           2
        RAM              0006A-0006F               6           1
                         000E4-000EF               C
                         0014D-0016F              23
                         001E2-001EF               E
                         00251-0026F              1F
                         002A0-002EF              50
                         00320-0036F              50
                         003A0-003EF              50
                         00420-0046F              50
                         004A0-004EF              50
                         00520-0056F              50
                         005A0-005EF              50
                         00620-0064F              30
        SFR0             00000-0001F              20           1
        SFR1             00080-0009F              20           1
        SFR10            00500-0051F              20           1
        SFR11            00580-0059F              20           1
        SFR12            00600-0061F              20           1
        SFR13            00680-006EF              70           1
        SFR14            00700-0076F              70           1
        SFR15            00780-007EF              70           1
        SFR16            00800-0086F              70           1
        SFR17            00880-008EF              70           1
        SFR18            00900-0096F              70           1
        SFR19            00980-009EF              70           1
        SFR2             00100-0011F              20           1
        SFR20            00A00-00A6F              70           1
        SFR21            00A80-00AEF              70           1
        SFR22            00B00-00B6F              70           1
        SFR23            00B80-00BEF              70           1
        SFR24            00C00-00C6F              70           1
        SFR25            00C80-00CEF              70           1
        SFR26            00D00-00D6F              70           1
        SFR27            00D80-00DEF              70           1
        SFR28            00E00-00E6F              70           1
        SFR29            00E80-00EEF              70           1
        SFR3             00180-0019F              20           1
        SFR30            00F00-00F6F              70           1
        SFR31            00F80-00FEF              70           1
        SFR4             00200-0021F              20           1
        SFR5             00280-0029F              20           1
        SFR6             00300-0031F              20           1
        SFR7             00380-0039F              20           1
        SFR8             00400-0041F              20           1
        SFR9             00480-0049F              20           1
        STRCODE          00002-00003               2           2
                         007FF-00800               2
                         01028-017A5             77E
                         01840-01FFF             7C0
        STRING           00002-00003               2           2
                         007FF-00800               1
                         01028-017A5             100
                         01840-01FFF             100

                                  Symbol Table

?___awtoft                      cstackCOMMON 00070
?___ftadd                       cstackBANK0  0002B
?___ftdiv                       cstackBANK0  00035
?___ftmul                       cstackBANK0  0004C
?___ftneg                       cstackBANK0  0004C
?___ftpack                      cstackBANK0  00026
?___ftsub                       cstackBANK0  00035
?___fttol                       cstackBANK0  00058
?___lbtoft                      cstackCOMMON 00070
?___lldiv                       cstackBANK0  00026
?___llmod                       cstackBANK0  00033
?___lltoft                      cstackCOMMON 00070
?___lwmod                       cstackCOMMON 00070
?___wmul                        cstackCOMMON 00070
?_getADCValue                   cstackBANK0  00042
?_sprintf                       cstackBANK0  0003B
EEPROMRead@address              cstackCOMMON 00070
EEPROMWrite@GIEBitValue         cstackCOMMON 00073
EEPROMWrite@address             cstackCOMMON 00070
EEPROMWrite@data                cstackCOMMON 00072
_ADCON0bits                     (abs)        0009D
_ADCON1bits                     (abs)        0009E
_ADRESH                         (abs)        0009C
_ADRESL                         (abs)        0009B
_ANSELA                         (abs)        0018C
_ANSELAbits                     (abs)        0018C
_ANSELC                         (abs)        0018E
_ANSELCbits                     (abs)        0018E
_EEPROMRead                     text46       008DE
_EEPROMWrite                    text45       008FD
_FVRCONbits                     (abs)        00117
_INLVLA                         (abs)        0038C
_INLVLC                         (abs)        0038E
_INTCONbits                     (abs)        0000B
_ISR                            intentry     00004
_NVMADRH                        (abs)        00892
_NVMADRL                        (abs)        00891
_NVMCON1bits                    (abs)        00895
_NVMCON2                        (abs)        00896
_NVMDATL                        (abs)        00893
_ODCONA                         (abs)        0028C
_ODCONAbits                     (abs)        0028C
_ODCONC                         (abs)        0028E
_OSCCON1bits                    (abs)        00919
_PIE0bits                       (abs)        00090
_PIR0bits                       (abs)        00010
_PORTAbits                      (abs)        0000C
_PORTCbits                      (abs)        0000E
_RC0PPSbits                     (abs)        00EA0
_RC1PPSbits                     (abs)        00EA1
_RC2PPSbits                     (abs)        00EA2
_RXPacket                       bssBANK3     001A0
_SSP1BUF                        (abs)        00211
_SSP1CON1bits                   (abs)        00215
_SSP1STATbits                   (abs)        00214
_STATUSbits                     (abs)        00003
_TRISAbits                      (abs)        0008C
_TRISCbits                      (abs)        0008E
_TXPacket                       bssBANK3     001C1
_WDTCONbits                     (abs)        00097
_WPUA                           (abs)        0020C
_WPUAbits                       (abs)        0020C
_WPUC                           (abs)        0020E
__CFG_BOREN$OFF                 (abs)        00000
__CFG_BORV$LOW                  (abs)        00000
__CFG_CLKOUTEN$OFF              (abs)        00000
__CFG_CP$OFF                    (abs)        00000
__CFG_CPD$OFF                   (abs)        00000
__CFG_CSWEN$ON                  (abs)        00000
__CFG_DEBUG$OFF                 (abs)        00000
__CFG_FCMEN$ON                  (abs)        00000
__CFG_FEXTOSC$OFF               (abs)        00000
__CFG_LPBOREN$OFF               (abs)        00000
__CFG_LVP$ON                    (abs)        00000
__CFG_MCLRE$ON                  (abs)        00000
__CFG_PPS1WAY$ON                (abs)        00000
__CFG_PWRTE$ON                  (abs)        00000
__CFG_RSTOSC$HFINT32            (abs)        00000
__CFG_STVREN$ON                 (abs)        00000
__CFG_WDTE$ON                   (abs)        00000
__CFG_WRT$OFF                   (abs)        00000
__Habs1                         abs1         00000
__Hbank0                        bank0        00000
__Hbank1                        bank1        00000
__Hbank10                       bank10       00000
__Hbank11                       bank11       00000
__Hbank12                       bank12       00000
__Hbank13                       bank13       00000
__Hbank14                       bank14       00000
__Hbank15                       bank15       00000
__Hbank16                       bank16       00000
__Hbank17                       bank17       00000
__Hbank18                       bank18       00000
__Hbank19                       bank19       00000
__Hbank2                        bank2        00000
__Hbank20                       bank20       00000
__Hbank21                       bank21       00000
__Hbank22                       bank22       00000
__Hbank23                       bank23       00000
__Hbank24                       bank24       00000
__Hbank25                       bank25       00000
__Hbank26                       bank26       00000
__Hbank27                       bank27       00000
__Hbank28                       bank28       00000
__Hbank29                       bank29       00000
__Hbank3                        bank3        00000
__Hbank30                       bank30       00000
__Hbank31                       bank31       00000
__Hbank4                        bank4        00000
__Hbank5                        bank5        00000
__Hbank6                        bank6        00000
__Hbank7                        bank7        00000
__Hbank8                        bank8        00000
__Hbank9                        bank9        00000
__Hbigram                       bigram       00000
__HbssBANK0                     bssBANK0     00000
__HbssBANK1                     bssBANK1     00000
__HbssBANK2                     bssBANK2     00000
__HbssBANK3                     bssBANK3     00000
__Hcinit                        cinit        00056
__Hclrtext                      clrtext      00000
__Hcode                         code         00000
__Hcommon                       common       00000
__Hconfig                       config       0800B
__HcstackBANK0                  cstackBANK0  00000
__HcstackBANK1                  cstackBANK1  00000
__HcstackBANK4                  cstackBANK4  00000
__HcstackCOMMON                 cstackCOMMON 00000
__HdataBANK1                    dataBANK1    00000
__Heeprom_data                  eeprom_data  00000
__Hend_init                     end_init     0002D
__Hfunctab                      functab      00000
__HidataBANK1                   idataBANK1   00000
__Hidloc                        idloc        00000
__Hinit                         init         0002B
__Hintentry                     intentry     0002B
__Hmaintext                     maintext     00000
__Hpowerup                      powerup      00000
__Hram                          ram          00000
__Hreset_vec                    reset_vec    00002
__Hsfr0                         sfr0         00000
__Hsfr1                         sfr1         00000
__Hsfr10                        sfr10        00000
__Hsfr11                        sfr11        00000
__Hsfr12                        sfr12        00000
__Hsfr13                        sfr13        00000
__Hsfr14                        sfr14        00000
__Hsfr15                        sfr15        00000
__Hsfr16                        sfr16        00000
__Hsfr17                        sfr17        00000
__Hsfr18                        sfr18        00000
__Hsfr19                        sfr19        00000
__Hsfr2                         sfr2         00000
__Hsfr20                        sfr20        00000
__Hsfr21                        sfr21        00000
__Hsfr22                        sfr22        00000
__Hsfr23                        sfr23        00000
__Hsfr24                        sfr24        00000
__Hsfr25                        sfr25        00000
__Hsfr26                        sfr26        00000
__Hsfr27                        sfr27        00000
__Hsfr28                        sfr28        00000
__Hsfr29                        sfr29        00000
__Hsfr3                         sfr3         00000
__Hsfr30                        sfr30        00000
__Hsfr31                        sfr31        00000
__Hsfr4                         sfr4         00000
__Hsfr5                         sfr5         00000
__Hsfr6                         sfr6         00000
__Hsfr7                         sfr7         00000
__Hsfr8                         sfr8         00000
__Hsfr9                         sfr9         00000
__Hspace_0                      (abs)        0800B
__Hspace_1                      (abs)        00251
__Hspace_2                      (abs)        023F0
__Hspace_3                      (abs)        00000
__Hstack                        stack        023F0
__Hstrings                      strings      00000
__Hstringtext1                  stringtext1  00000
__Hstringtext10                 stringtext10 00000
__Hstringtext11                 stringtext11 00000
__Hstringtext12                 stringtext12 00000
__Hstringtext13                 stringtext13 00000
__Hstringtext2                  stringtext2  00000
__Hstringtext3                  stringtext3  00000
__Hstringtext4                  stringtext4  00000
__Hstringtext5                  stringtext5  00000
__Hstringtext6                  stringtext6  00000
__Hstringtext7                  stringtext7  00000
__Hstringtext8                  stringtext8  00000
__Hstringtext9                  stringtext9  00000
__Htext                         text         00000
__Labs1                         abs1         00000
__Lbank0                        bank0        00000
__Lbank1                        bank1        00000
__Lbank10                       bank10       00000
__Lbank11                       bank11       00000
__Lbank12                       bank12       00000
__Lbank13                       bank13       00000
__Lbank14                       bank14       00000
__Lbank15                       bank15       00000
__Lbank16                       bank16       00000
__Lbank17                       bank17       00000
__Lbank18                       bank18       00000
__Lbank19                       bank19       00000
__Lbank2                        bank2        00000
__Lbank20                       bank20       00000
__Lbank21                       bank21       00000
__Lbank22                       bank22       00000
__Lbank23                       bank23       00000
__Lbank24                       bank24       00000
__Lbank25                       bank25       00000
__Lbank26                       bank26       00000
__Lbank27                       bank27       00000
__Lbank28                       bank28       00000
__Lbank29                       bank29       00000
__Lbank3                        bank3        00000
__Lbank30                       bank30       00000
__Lbank31                       bank31       00000
__Lbank4                        bank4        00000
__Lbank5                        bank5        00000
__Lbank6                        bank6        00000
__Lbank7                        bank7        00000
__Lbank8                        bank8        00000
__Lbank9                        bank9        00000
__Lbigram                       bigram       00000
__LbssBANK0                     bssBANK0     00000
__LbssBANK1                     bssBANK1     00000
__LbssBANK2                     bssBANK2     00000
__LbssBANK3                     bssBANK3     00000
__Lcinit                        cinit        0002D
__Lclrtext                      clrtext      00000
__Lcode                         code         00000
__Lcommon                       common       00000
__Lconfig                       config       08007
__LcstackBANK0                  cstackBANK0  00000
__LcstackBANK1                  cstackBANK1  00000
__LcstackBANK4                  cstackBANK4  00000
__LcstackCOMMON                 cstackCOMMON 00000
__LdataBANK1                    dataBANK1    00000
__Leeprom_data                  eeprom_data  00000
__Lend_init                     end_init     0002B
__Lfunctab                      functab      00000
__LidataBANK1                   idataBANK1   00000
__Lidloc                        idloc        00000
__Linit                         init         0002B
__Lintentry                     intentry     00004
__Lmaintext                     maintext     00000
__Lpowerup                      powerup      00000
__Lram                          ram          00000
__Lreset_vec                    reset_vec    00000
__Lsfr0                         sfr0         00000
__Lsfr1                         sfr1         00000
__Lsfr10                        sfr10        00000
__Lsfr11                        sfr11        00000
__Lsfr12                        sfr12        00000
__Lsfr13                        sfr13        00000
__Lsfr14                        sfr14        00000
__Lsfr15                        sfr15        00000
__Lsfr16                        sfr16        00000
__Lsfr17                        sfr17        00000
__Lsfr18                        sfr18        00000
__Lsfr19                        sfr19        00000
__Lsfr2                         sfr2         00000
__Lsfr20                        sfr20        00000
__Lsfr21                        sfr21        00000
__Lsfr22                        sfr22        00000
__Lsfr23                        sfr23        00000
__Lsfr24                        sfr24        00000
__Lsfr25                        sfr25        00000
__Lsfr26                        sfr26        00000
__Lsfr27                        sfr27        00000
__Lsfr28                        sfr28        00000
__Lsfr29                        sfr29        00000
__Lsfr3                         sfr3         00000
__Lsfr30                        sfr30        00000
__Lsfr31                        sfr31        00000
__Lsfr4                         sfr4         00000
__Lsfr5                         sfr5         00000
__Lsfr6                         sfr6         00000
__Lsfr7                         sfr7         00000
__Lsfr8                         sfr8         00000
__Lsfr9                         sfr9         00000
__Lspace_0                      (abs)        00000
__Lspace_1                      (abs)        00000
__Lspace_2                      (abs)        00000
__Lspace_3                      (abs)        00000
__Lstack                        stack        02171
__Lstrings                      strings      00000
__Lstringtext1                  stringtext1  00000
__Lstringtext10                 stringtext10 00000
__Lstringtext11                 stringtext11 00000
__Lstringtext12                 stringtext12 00000
__Lstringtext13                 stringtext13 00000
__Lstringtext2                  stringtext2  00000
__Lstringtext3                  stringtext3  00000
__Lstringtext4                  stringtext4  00000
__Lstringtext5                  stringtext5  00000
__Lstringtext6                  stringtext6  00000
__Lstringtext7                  stringtext7  00000
__Lstringtext8                  stringtext8  00000
__Lstringtext9                  stringtext9  00000
__Ltext                         text         00000
__S0                            (abs)        0800B
__S1                            (abs)        00251
__S2                            (abs)        023F0
__S3                            (abs)        00000
___awtoft                       text42       0093D
___awtoft@c                     cstackCOMMON 00070
___awtoft@sign                  cstackCOMMON 00073
___bmul                         text5        017DC
___bmul@multiplicand            cstackCOMMON 00070
___bmul@multiplier              cstackCOMMON 00072
___bmul@product                 cstackCOMMON 00071
___ftadd                        text41       00471
___ftadd@exp1                   cstackBANK0  00034
___ftadd@exp2                   cstackBANK0  00033
___ftadd@f1                     cstackBANK0  0002B
___ftadd@f2                     cstackBANK0  0002E
___ftadd@sign                   cstackBANK0  00032
___ftdiv                        text40       00E04
___ftdiv@cntr                   cstackBANK0  0003C
___ftdiv@exp                    cstackBANK0  00040
___ftdiv@f1                     cstackBANK0  00038
___ftdiv@f2                     cstackBANK0  00035
___ftdiv@f3                     cstackBANK0  0003D
___ftdiv@sign                   cstackBANK0  00041
___ftge                         text36       007C2
___ftge@ff1                     cstackBANK0  00026
___ftge@ff2                     cstackBANK0  00029
___ftmul                        text35       0070E
___ftmul@cntr                   cstackBANK0  00056
___ftmul@exp                    cstackBANK0  00052
___ftmul@f1                     cstackBANK0  0004C
___ftmul@f2                     cstackBANK0  0004F
___ftmul@f3_as_product          cstackBANK0  00053
___ftmul@sign                   cstackBANK0  00057
___ftneg                        text34       017B3
___ftneg@f1                     cstackBANK0  0004C
___ftpack                       text44       00C92
___ftpack@arg                   cstackBANK0  00026
___ftpack@exp                   cstackBANK0  00029
___ftpack@sign                  cstackBANK0  0002A
___ftsub                        text33       00848
___ftsub@f1                     cstackBANK0  00038
___ftsub@f2                     cstackBANK0  00035
___fttol                        text32       00D7D
___fttol@exp1                   cstackBANK0  00061
___fttol@f1                     cstackBANK0  00058
___fttol@lval                   cstackBANK0  0005D
___fttol@sign1                  cstackBANK0  0005C
___int_sp                       stack        022B1
___latbits                      (abs)        00002
___lbtoft                       text43       00810
___lbtoft@c                     cstackBANK0  0002B
___lldiv                        text30       00C3F
___lldiv@counter                cstackBANK0  00032
___lldiv@dividend               cstackBANK0  0002A
___lldiv@divisor                cstackBANK0  00026
___lldiv@quotient               cstackBANK0  0002E
___llmod                        text29       00B72
___llmod@counter                cstackCOMMON 00070
___llmod@dividend               cstackBANK0  00037
___llmod@divisor                cstackBANK0  00033
___lltoft                       text31       009AD
___lltoft@c                     cstackCOMMON 00070
___lltoft@exp                   cstackBANK0  0002B
___lwmod                        text8        00A03
___lwmod@counter                cstackBANK0  00026
___lwmod@dividend               cstackCOMMON 00072
___lwmod@divisor                cstackCOMMON 00070
___sp                           stack        02171
___wmul                         text28       00866
___wmul@multiplicand            cstackCOMMON 00072
___wmul@multiplier              cstackCOMMON 00070
___wmul@product                 cstackBANK0  00026
__end_of_EEPROMRead             text46       008FD
__end_of_EEPROMWrite            text45       0091C
__end_of_ISR                    intentry     0002B
__end_of___awtoft               text42       0095F
__end_of___bmul                 text5        017ED
__end_of___ftadd                text41       00567
__end_of___ftdiv                text40       00EAD
__end_of___ftge                 text36       007FE
__end_of___ftmul                text35       007C2
__end_of___ftneg                text34       017BC
__end_of___ftpack               text44       00CF7
__end_of___ftsub                text33       00866
__end_of___fttol                text32       00E04
__end_of___lbtoft               text43       0082B
__end_of___lldiv                text30       00C92
__end_of___llmod                text29       00BB5
__end_of___lltoft               text31       009D7
__end_of___lwmod                text8        00A30
__end_of___wmul                 text28       00884
__end_of__initialization        cinit        0004F
__end_of_dpowers                stringtext1  01028
__end_of_ftoa                   text25       0064E
__end_of_getADCValue            text37       00F56
__end_of_isdigit                text27       017DC
__end_of_loop                   text9        0036A
__end_of_main                   maintext     0070E
__end_of_memset                 text24       00AC0
__end_of_n_ADDRESS_MUL          stringtext3  01801
__end_of_n_ADDRESS_P0           stringtext2  01830
__end_of_nrf24l01GetPipe        text7        00AF4
__end_of_nrf24l01ISR            text48       00B72
__end_of_nrf24l01Init           text1        00984
__end_of_nrf24l01InitRegisters  text3        00471
__end_of_nrf24l01InterfaceInit  text2        008DE
__end_of_nrf24l01SPIEnd         text23       017C5
__end_of_nrf24l01SPISend        text22       00810
__end_of_nrf24l01SPIStart       text21       017CE
__end_of_nrf24l01Send           text20       01800
__end_of_nrf24l01SendPacket     text13       00A5F
__end_of_nrf24l01SendTXBuffer   text17       00C3F
__end_of_nrf24l01Service        text15       01000
__end_of_nrf24l01SetRXMode      text19       00B2F
__end_of_nrf24l01SetRXPipe      text6        008C0
__end_of_nrf24l01SetTXPipe      text4        00BF8
__end_of_resetWDT               text39       017B3
__end_of_sendMessage            text10       00D7D
__end_of_sleepListren           text12       0093D
__end_of_sleepMs                text38       00A03
__end_of_sprintf                text26       00223
__end_of_strcat                 text11       00A8E
__end_of_strcmp                 text16       009AD
__end_of_strcpy                 text14       00848
__end_of_strlen                 text18       008A2
__initialization                cinit        0002D
__pbssBANK0                     bssBANK0     00064
__pbssBANK1                     bssBANK1     000DD
__pbssBANK2                     bssBANK2     00120
__pbssBANK3                     bssBANK3     001A0
__pcstackBANK0                  cstackBANK0  00020
__pcstackBANK1                  cstackBANK1  000A0
__pcstackBANK4                  cstackBANK4  00220
__pcstackCOMMON                 cstackCOMMON 00070
__pdataBANK1                    dataBANK1    000E3
__pidataBANK1                   idataBANK1   007FE
__pintentry                     intentry     00004
__pmaintext                     maintext     0064E
__pstringtext1                  stringtext1  01000
__pstringtext10                 stringtext10 01835
__pstringtext11                 stringtext11 0183A
__pstringtext12                 stringtext12 0183E
__pstringtext13                 stringtext13 00000
__pstringtext2                  stringtext2  0182B
__pstringtext3                  stringtext3  01800
__pstringtext4                  stringtext4  0180C
__pstringtext5                  stringtext5  01813
__pstringtext6                  stringtext6  01819
__pstringtext7                  stringtext7  0181F
__pstringtext8                  stringtext8  01825
__pstringtext9                  stringtext9  01830
__ptext1                        text1        0095F
__ptext10                       text10       00CF7
__ptext11                       text11       00A5F
__ptext12                       text12       0091C
__ptext13                       text13       00A30
__ptext14                       text14       0082B
__ptext15                       text15       00F56
__ptext16                       text16       00984
__ptext17                       text17       00BF8
__ptext18                       text18       00884
__ptext19                       text19       00AF4
__ptext2                        text2        008C0
__ptext20                       text20       017ED
__ptext21                       text21       017C5
__ptext22                       text22       00801
__ptext23                       text23       017BC
__ptext24                       text24       00A8E
__ptext25                       text25       00567
__ptext26                       text26       00056
__ptext27                       text27       017CE
__ptext28                       text28       00866
__ptext29                       text29       00B72
__ptext3                        text3        0036A
__ptext30                       text30       00C3F
__ptext31                       text31       009AD
__ptext32                       text32       00D7D
__ptext33                       text33       00848
__ptext34                       text34       017B3
__ptext35                       text35       0070E
__ptext36                       text36       007C2
__ptext37                       text37       00EAD
__ptext38                       text38       009D7
__ptext39                       text39       017AC
__ptext4                        text4        00BB5
__ptext40                       text40       00E04
__ptext41                       text41       00471
__ptext42                       text42       0093D
__ptext43                       text43       00810
__ptext44                       text44       00C92
__ptext45                       text45       008FD
__ptext46                       text46       008DE
__ptext48                       text48       00B2F
__ptext5                        text5        017DC
__ptext6                        text6        008A2
__ptext7                        text7        00AC0
__ptext8                        text8        00A03
__ptext9                        text9        00223
__size_of_EEPROMRead            (abs)        00000
__size_of_EEPROMWrite           (abs)        00000
__size_of_ISR                   (abs)        00000
__size_of___awtoft              (abs)        00000
__size_of___bmul                (abs)        00000
__size_of___ftadd               (abs)        00000
__size_of___ftdiv               (abs)        00000
__size_of___ftge                (abs)        00000
__size_of___ftmul               (abs)        00000
__size_of___ftneg               (abs)        00000
__size_of___ftpack              (abs)        00000
__size_of___ftsub               (abs)        00000
__size_of___fttol               (abs)        00000
__size_of___lbtoft              (abs)        00000
__size_of___lldiv               (abs)        00000
__size_of___llmod               (abs)        00000
__size_of___lltoft              (abs)        00000
__size_of___lwmod               (abs)        00000
__size_of___wmul                (abs)        00000
__size_of_ftoa                  (abs)        00000
__size_of_getADCValue           (abs)        00000
__size_of_isdigit               (abs)        00000
__size_of_loop                  (abs)        00000
__size_of_main                  (abs)        00000
__size_of_memset                (abs)        00000
__size_of_nrf24l01GetPipe       (abs)        00000
__size_of_nrf24l01ISR           (abs)        00000
__size_of_nrf24l01Init          (abs)        00000
__size_of_nrf24l01InitRegisters (abs)        00000
__size_of_nrf24l01InterfaceInit (abs)        00000
__size_of_nrf24l01SPIEnd        (abs)        00000
__size_of_nrf24l01SPISend       (abs)        00000
__size_of_nrf24l01SPIStart      (abs)        00000
__size_of_nrf24l01Send          (abs)        00000
__size_of_nrf24l01SendPacket    (abs)        00000
__size_of_nrf24l01SendTXBuffer  (abs)        00000
__size_of_nrf24l01Service       (abs)        00000
__size_of_nrf24l01SetRXMode     (abs)        00000
__size_of_nrf24l01SetRXPipe     (abs)        00000
__size_of_nrf24l01SetTXPipe     (abs)        00000
__size_of_resetWDT              (abs)        00000
__size_of_sendMessage           (abs)        00000
__size_of_sleepListren          (abs)        00000
__size_of_sleepMs               (abs)        00000
__size_of_sprintf               (abs)        00000
__size_of_strcat                (abs)        00000
__size_of_strcmp                (abs)        00000
__size_of_strcpy                (abs)        00000
__size_of_strlen                (abs)        00000
_counter                        bssBANK1     000DD
_dpowers                        stringtext1  01000
_ftoa                           text25       00567
_getADCValue                    text37       00EAD
_isdigit                        text27       017CE
_isdigit$1815                   cstackCOMMON 00070
_lastTXPacket                   bssBANK0     00069
_loop                           text9        00223
_loop$2056                      cstackBANK4  00226
_loop$2057                      cstackBANK4  00229
_loop$2058                      cstackBANK4  0022C
_main                           maintext     0064E
_memset                         text24       00A8E
_n_ADDRESS_MUL                  stringtext3  01800
_n_ADDRESS_P0                   stringtext2  0182B
_nrf24l01GetPipe                text7        00AC0
_nrf24l01ISR                    text48       00B2F
_nrf24l01Init                   text1        0095F
_nrf24l01InitRegisters          text3        0036A
_nrf24l01InterfaceInit          text2        008C0
_nrf24l01SPIEnd                 text23       017BC
_nrf24l01SPISend                text22       00801
_nrf24l01SPIStart               text21       017C5
_nrf24l01Send                   text20       017ED
_nrf24l01SendPacket             text13       00A30
_nrf24l01SendTXBuffer           text17       00BF8
_nrf24l01Service                text15       00F56
_nrf24l01SetRXMode              text19       00AF4
_nrf24l01SetRXPipe              text6        008A2
_nrf24l01SetTXPipe              text4        00BB5
_resetWDT                       text39       017AC
_romData                        dataBANK1    000E3
_romDataMap                     bssBANK2     00120
_sendMessage                    text10       00CF7
_sleepListren                   text12       0091C
_sleepMs                        text38       009D7
_sprintf                        text26       00056
_status                         bssBANK0     00064
_strcat                         text11       00A5F
_strcmp                         text16       00984
_strcpy                         text14       0082B
_strlen                         text18       00884
btemp                           (abs)        00074
clear_ram0                      clrtext      017A6
end_of_initialization           cinit        0004F
ftoa@buf                        bssBANK2     0013C
ftoa@cp                         cstackBANK1  000AC
ftoa@f                          cstackBANK1  000A0
ftoa@l                          cstackBANK1  000A8
ftoa@rem                        cstackBANK1  000A4
ftoa@status                     cstackBANK1  000A3
getADCValue@adcLoop             cstackBANK0  00047
getADCValue@adcSum              cstackBANK0  00049
getADCValue@channel             cstackBANK0  00046
intlevel0                       functab      00000
intlevel1                       functab      00000
intlevel2                       functab      00000
intlevel3                       functab      00000
intlevel4                       functab      00000
intlevel5                       functab      00000
isdigit@c                       cstackCOMMON 00071
loop@packet                     cstackBANK4  00230
loop@rfSetup                    cstackBANK4  0022F
loop@ta                         cstackBANK4  00223
loop@vt                         cstackBANK4  00220
ltemp0                          (abs)        00074
ltemp1                          (abs)        00078
ltemp2                          (abs)        0007C
ltemp3                          (abs)        00076
main@packet                     cstackBANK1  000BC
main@pipe                       cstackBANK1  000BB
nrf24l01GetPipe@i               cstackBANK0  0002A
nrf24l01GetPipe@name            cstackBANK0  00029
nrf24l01GetPipe@pipe            cstackBANK0  00028
nrf24l01InitRegisters@DynPD     cstackBANK0  0002D
nrf24l01InitRegisters@channel   cstackBANK0  00028
nrf24l01InitRegisters@enAA      cstackBANK0  0002C
nrf24l01InitRegisters@feature   cstackBANK0  0002A
nrf24l01InitRegisters@i         cstackBANK0  0002E
nrf24l01InitRegisters@rfSetup   cstackBANK0  0002B
nrf24l01InitRegisters@setupAW   cstackBANK0  00029
nrf24l01SendPacket@txPacket     cstackBANK0  00028
nrf24l01SetRXPipe@enRXAddr      cstackCOMMON 00072
nrf24l01SetRXPipe@pipe          cstackCOMMON 00071
nrf24l01SetTXPipe@pipe          cstackBANK0  00026
reset_vec                       reset_vec    00000
sendMessage@ftoaStatus          cstackBANK1  000B8
sendMessage@packet              cstackBANK1  000B1
sendMessage@topic               cstackBANK1  000B3
sendMessage@value               cstackBANK1  000B5
sleepListren@seconds            cstackBANK0  00026
sleepMs@milliseconds            cstackCOMMON 00070
sleepMs@wdtps                   cstackCOMMON 00073
sprintf@ap                      cstackBANK0  0004A
sprintf@c                       cstackBANK0  00054
sprintf@f                       cstackBANK0  0003B
sprintf@flag                    cstackBANK0  00049
sprintf@prec                    cstackBANK0  00052
sprintf@sp                      cstackBANK0  0004F
sprintf@val                     cstackBANK0  0004B
sprintf@width                   cstackBANK0  00050
stackhi                         (abs)        023EF
stacklo                         (abs)        02171
start                           init         0002B
start_initialization            cinit        0002D
strcat@cp                       cstackBANK0  00062
strcat@from                     cstackBANK1  000AF
strcat@to                       cstackBANK1  000AD
strcpy@cp                       cstackBANK0  00026
strcpy@from                     cstackCOMMON 00072
strcpy@to                       cstackCOMMON 00070
ttemp0                          (abs)        00074
ttemp1                          (abs)        00077
ttemp2                          (abs)        0007A
ttemp3                          (abs)        0007D
wtemp0                          (abs)        00074
wtemp1                          (abs)        00076
wtemp2                          (abs)        00078
wtemp3                          (abs)        0007A
wtemp4                          (abs)        0007C
wtemp5                          (abs)        0007E


FUNCTION INFORMATION:

 *************** function _main *****************
 Defined at:
		line 152 in file "main.c"
 Parameters:    Size  Location     Type
		None
 Auto vars:     Size  Location     Type
  packet         33   28[BANK1 ] struct .
  pipe            1   27[BANK1 ] unsigned char 
 Return value:  Size  Location     Type
                  1    wreg      void 
 Registers used:
		wreg, fsr0l, fsr0h, fsr1l, fsr1h, status,2, status,0, btemp+0, btemp+1, btemp+8, btemp+9, btemp+10, btemp+11, pclath, cstack
 Tracked objects:
		On entry : 
		On exit  : 
		Unchanged: 
 Data sizes:     COMMON   BANK0   BANK1   BANK2   BANK3   BANK4   BANK5   BANK6   BANK7   BANK8   BANK9  BANK10  BANK11  BANK12
      Params:         0       0       0       0       0       0       0       0       0       0       0       0       0       0
      Locals:         0       0      34       0       0       0       0       0       0       0       0       0       0       0
      Temps:          0       0       1       0       0       0       0       0       0       0       0       0       0       0
      Totals:         0       0      35       0       0       0       0       0       0       0       0       0       0       0
Total ram usage:       35 bytes
 Hardware stack levels required when called:   15
 This function calls:
		_EEPROMRead
		_EEPROMWrite
		___lbtoft
		_loop
		_nrf24l01GetPipe
		_nrf24l01Init
		_nrf24l01SetRXPipe
		_nrf24l01SetTXPipe
		_sendMessage
		_strcpy
 This function is called by:
		Startup code after reset
 This function uses a non-reentrant model


 *************** function _nrf24l01Init *****************
 Defined at:
		line 461 in file "nrf24l01.c"
 Parameters:    Size  Location     Type
		None
 Auto vars:     Size  Location     Type
		None
 Return value:  Size  Location     Type
                  1    wreg      void 
 Registers used:
		wreg, fsr0l, fsr0h, fsr1l, fsr1h, status,2, status,0, btemp+11, pclath, cstack
 Tracked objects:
		On entry : 
		On exit  : 
		Unchanged: 
 Data sizes:     COMMON   BANK0   BANK1   BANK2   BANK3   BANK4   BANK5   BANK6   BANK7   BANK8   BANK9  BANK10  BANK11  BANK12
      Params:         0       0       0       0       0       0       0       0       0       0       0       0       0       0
      Locals:         0       0       0       0       0       0       0       0       0       0       0       0       0       0
      Temps:          0       2       0       0       0       0       0       0       0       0       0       0       0       0
      Totals:         0       2       0       0       0       0       0       0       0       0       0       0       0       0
Total ram usage:        2 bytes
 Hardware stack levels used:    1
 Hardware stack levels required when called:   11
 This function calls:
		_nrf24l01InitRegisters
		_nrf24l01InterfaceInit
 This function is called by:
		_main
 This function uses a non-reentrant model


 *************** function _nrf24l01InterfaceInit *****************
 Defined at:
		line 8 in file "interface.c"
 Parameters:    Size  Location     Type
		None
 Auto vars:     Size  Location     Type
		None
 Return value:  Size  Location     Type
                  1    wreg      void 
 Registers used:
		wreg, status,2, status,0
 Tracked objects:
		On entry : 
		On exit  : 
		Unchanged: 
 Data sizes:     COMMON   BANK0   BANK1   BANK2   BANK3   BANK4   BANK5   BANK6   BANK7   BANK8   BANK9  BANK10  BANK11  BANK12
      Params:         0       0       0       0       0       0       0       0       0       0       0       0       0       0
      Locals:         0       0       0       0       0       0       0       0       0       0       0       0       0       0
      Temps:          0       0       0       0       0       0       0       0       0       0       0       0       0       0
      Totals:         0       0       0       0       0       0       0       0       0       0       0       0       0       0
Total ram usage:        0 bytes
 Hardware stack levels used:    1
 Hardware stack levels required when called:    7
 This function calls:
		Nothing
 This function is called by:
		_nrf24l01Init
 This function uses a non-reentrant model


 *************** function _nrf24l01InitRegisters *****************
 Defined at:
		line 361 in file "nrf24l01.c"
 Parameters:    Size  Location     Type
		None
 Auto vars:     Size  Location     Type
  i               2   14[BANK0 ] unsigned int 
  DynPD           1   13[BANK0 ] struct .
  enAA            1   12[BANK0 ] struct .
  rfSetup         1   11[BANK0 ] struct .
  feature         1   10[BANK0 ] struct .
  setupAW         1    9[BANK0 ] struct .
  channel         1    8[BANK0 ] struct .
 Return value:  Size  Location     Type
                  1    wreg      void 
 Registers used:
		wreg, fsr0l, fsr0h, fsr1l, fsr1h, status,2, status,0, btemp+11, pclath, cstack
 Tracked objects:
		On entry : 
		On exit  : 
		Unchanged: 
 Data sizes:     COMMON   BANK0   BANK1   BANK2   BANK3   BANK4   BANK5   BANK6   BANK7   BANK8   BANK9  BANK10  BANK11  BANK12
      Params:         0       0       0       0       0       0       0       0       0       0       0       0       0       0
      Locals:         0       8       0       0       0       0       0       0       0       0       0       0       0       0
      Temps:          0       1       0       0       0       0       0       0       0       0       0       0       0       0
      Totals:         0       9       0       0       0       0       0       0       0       0       0       0       0       0
Total ram usage:        9 bytes
 Hardware stack levels used:    1
 Hardware stack levels required when called:   10
 This function calls:
		___bmul
		_nrf24l01SPIEnd
		_nrf24l01SPISend
		_nrf24l01SPIStart
		_nrf24l01Send
		_nrf24l01SetRXPipe
		_nrf24l01SetTXPipe
 This function is called by:
		_nrf24l01Init
 This function uses a non-reentrant model


 *************** function _nrf24l01SetTXPipe *****************
 Defined at:
		line 141 in file "nrf24l01.c"
 Parameters:    Size  Location     Type
  pipe            1    wreg     unsigned char 
 Auto vars:     Size  Location     Type
  pipe            1    6[BANK0 ] unsigned char 
 Return value:  Size  Location     Type
                  1    wreg      void 
 Registers used:
		wreg, fsr0l, fsr0h, fsr1l, fsr1h, status,2, status,0, btemp+11, pclath, cstack
 Tracked objects:
		On entry : 
		On exit  : 
		Unchanged: 
 Data sizes:     COMMON   BANK0   BANK1   BANK2   BANK3   BANK4   BANK5   BANK6   BANK7   BANK8   BANK9  BANK10  BANK11  BANK12
      Params:         0       0       0       0       0       0       0       0       0       0       0       0       0       0
      Locals:         0       1       0       0       0       0       0       0       0       0       0       0       0       0
      Temps:          1       0       0       0       0       0       0       0       0       0       0       0       0       0
      Totals:         1       1       0       0       0       0       0       0       0       0       0       0       0       0
Total ram usage:        2 bytes
 Hardware stack levels used:    1
 Hardware stack levels required when called:    8
 This function calls:
		___bmul
		_nrf24l01SPIEnd
		_nrf24l01SPISend
		_nrf24l01SPIStart
 This function is called by:
		_main
		_nrf24l01InitRegisters
 This function uses a non-reentrant model


 *************** function ___bmul *****************
 Defined at:
		line 4 in file "C:\Program Files (x86)\Microchip\xc8\v2.00\pic\sources\c90\common\Umul8.c"
 Parameters:    Size  Location     Type
  multiplier      1    wreg     unsigned char 
  multiplicand    1    0[COMMON] unsigned char 
 Auto vars:     Size  Location     Type
  multiplier      1    2[COMMON] unsigned char 
  product         1    1[COMMON] unsigned char 
 Return value:  Size  Location     Type
                  1    wreg      unsigned char 
 Registers used:
		wreg, status,2, status,0, btemp+11
 Tracked objects:
		On entry : 
		On exit  : 
		Unchanged: 
 Data sizes:     COMMON   BANK0   BANK1   BANK2   BANK3   BANK4   BANK5   BANK6   BANK7   BANK8   BANK9  BANK10  BANK11  BANK12
      Params:         1       0       0       0       0       0       0       0       0       0       0       0       0       0
      Locals:         2       0       0       0       0       0       0       0       0       0       0       0       0       0
      Temps:          0       0       0       0       0       0       0       0       0       0       0       0       0       0
      Totals:         3       0       0       0       0       0       0       0       0       0       0       0       0       0
Total ram usage:        3 bytes
 Hardware stack levels used:    1
 Hardware stack levels required when called:    7
 This function calls:
		Nothing
 This function is called by:
		_nrf24l01SetTXPipe
		_nrf24l01InitRegisters
 This function uses a non-reentrant model


 *************** function _nrf24l01SetRXPipe *****************
 Defined at:
		line 154 in file "nrf24l01.c"
 Parameters:    Size  Location     Type
  pipe            1    wreg     unsigned char 
 Auto vars:     Size  Location     Type
  pipe            1    1[COMMON] unsigned char 
  enRXAddr        1    2[COMMON] struct .
 Return value:  Size  Location     Type
                  1    wreg      void 
 Registers used:
		wreg, fsr1l, fsr1h, status,2, status,0, btemp+11, pclath
 Tracked objects:
		On entry : 
		On exit  : 
		Unchanged: 
 Data sizes:     COMMON   BANK0   BANK1   BANK2   BANK3   BANK4   BANK5   BANK6   BANK7   BANK8   BANK9  BANK10  BANK11  BANK12
      Params:         0       0       0       0       0       0       0       0       0       0       0       0       0       0
      Locals:         2       0       0       0       0       0       0       0       0       0       0       0       0       0
      Temps:          1       0       0       0       0       0       0       0       0       0       0       0       0       0
      Totals:         3       0       0       0       0       0       0       0       0       0       0       0       0       0
Total ram usage:        3 bytes
 Hardware stack levels used:    1
 Hardware stack levels required when called:    9
 This function calls:
		_nrf24l01Send
 This function is called by:
		_main
		_nrf24l01InitRegisters
 This function uses a non-reentrant model


 *************** function _nrf24l01GetPipe *****************
 Defined at:
		line 140 in file "main.c"
 Parameters:    Size  Location     Type
  name            1    wreg     PTR unsigned char 
		 -> romDataMap(28), 
 Auto vars:     Size  Location     Type
  name            1    9[BANK0 ] PTR unsigned char 
		 -> romDataMap(28), 
  i               1   10[BANK0 ] unsigned char 
  pipe            1    8[BANK0 ] unsigned char 
 Return value:  Size  Location     Type
                  1    wreg      unsigned char 
 Registers used:
		wreg, fsr0l, fsr0h, fsr1l, fsr1h, status,2, status,0, btemp+0, btemp+1, btemp+10, btemp+11, pclath, cstack
 Tracked objects:
		On entry : 
		On exit  : 
		Unchanged: 
 Data sizes:     COMMON   BANK0   BANK1   BANK2   BANK3   BANK4   BANK5   BANK6   BANK7   BANK8   BANK9  BANK10  BANK11  BANK12
      Params:         0       0       0       0       0       0       0       0       0       0       0       0       0       0
      Locals:         0       3       0       0       0       0       0       0       0       0       0       0       0       0
      Temps:          0       1       0       0       0       0       0       0       0       0       0       0       0       0
      Totals:         0       4       0       0       0       0       0       0       0       0       0       0       0       0
Total ram usage:        4 bytes
 Hardware stack levels used:    1
 Hardware stack levels required when called:    8
 This function calls:
		___lwmod
		_strlen
 This function is called by:
		_main
 This function uses a non-reentrant model


 *************** function ___lwmod *****************
 Defined at:
		line 5 in file "C:\Program Files (x86)\Microchip\xc8\v2.00\pic\sources\c90\common\lwmod.c"
 Parameters:    Size  Location     Type
  divisor         2    0[COMMON] unsigned int 
  dividend        2    2[COMMON] unsigned int 
 Auto vars:     Size  Location     Type
  counter         1    6[BANK0 ] unsigned char 
 Return value:  Size  Location     Type
                  2    0[COMMON] unsigned int 
 Registers used:
		wreg, status,2, status,0, btemp+11
 Tracked objects:
		On entry : 
		On exit  : 
		Unchanged: 
 Data sizes:     COMMON   BANK0   BANK1   BANK2   BANK3   BANK4   BANK5   BANK6   BANK7   BANK8   BANK9  BANK10  BANK11  BANK12
      Params:         4       0       0       0       0       0       0       0       0       0       0       0       0       0
      Locals:         0       1       0       0       0       0       0       0       0       0       0       0       0       0
      Temps:          0       0       0       0       0       0       0       0       0       0       0       0       0       0
      Totals:         4       1       0       0       0       0       0       0       0       0       0       0       0       0
Total ram usage:        5 bytes
 Hardware stack levels used:    1
 Hardware stack levels required when called:    7
 This function calls:
		Nothing
 This function is called by:
		_nrf24l01GetPipe
 This function uses a non-reentrant model


 *************** function _loop *****************
 Defined at:
		line 97 in file "main.c"
 Parameters:    Size  Location     Type
		None
 Auto vars:     Size  Location     Type
  packet         33   16[BANK4 ] struct .
  ta              3    3[BANK4 ] float 
  vt              3    0[BANK4 ] float 
  rfSetup         1   15[BANK4 ] struct .
 Return value:  Size  Location     Type
                  1    wreg      void 
 Registers used:
		wreg, fsr0l, fsr0h, fsr1l, fsr1h, status,2, status,0, btemp+0, btemp+1, btemp+8, btemp+9, btemp+10, btemp+11, pclath, cstack
 Tracked objects:
		On entry : 
		On exit  : 
		Unchanged: 
 Data sizes:     COMMON   BANK0   BANK1   BANK2   BANK3   BANK4   BANK5   BANK6   BANK7   BANK8   BANK9  BANK10  BANK11  BANK12
      Params:         0       0       0       0       0       0       0       0       0       0       0       0       0       0
      Locals:         0       0       0       0       0      49       0       0       0       0       0       0       0       0
      Temps:          0       0       0       0       0       0       0       0       0       0       0       0       0       0
      Totals:         0       0       0       0       0      49       0       0       0       0       0       0       0       0
Total ram usage:       49 bytes
 Hardware stack levels used:    1
 Hardware stack levels required when called:   14
 This function calls:
		_EEPROMWrite
		___ftadd
		___ftdiv
		___ftmul
		___ftneg
		___lbtoft
		___lltoft
		_getADCValue
		_nrf24l01Send
		_sendMessage
 This function is called by:
		_main
 This function uses a non-reentrant model


 *************** function _sendMessage *****************
 Defined at:
		line 77 in file "main.c"
 Parameters:    Size  Location     Type
  packet          2   17[BANK1 ] PTR struct .
		 -> main@packet(33), loop@packet(33), 
  topic           2   19[BANK1 ] PTR const unsigned char 
		 -> STR_10(6), STR_9(6), STR_7(6), STR_6(5), 
		 -> STR_5(7), STR_4(5), STR_3(6), 
  value           3   21[BANK1 ] float 
 Auto vars:     Size  Location     Type
  ftoaStatus      2   24[BANK1 ] int 
 Return value:  Size  Location     Type
                  1    wreg      void 
 Registers used:
		wreg, fsr0l, fsr0h, fsr1l, fsr1h, status,2, status,0, btemp+0, btemp+1, btemp+8, btemp+9, btemp+10, btemp+11, pclath, cstack
 Tracked objects:
		On entry : 
		On exit  : 
		Unchanged: 
 Data sizes:     COMMON   BANK0   BANK1   BANK2   BANK3   BANK4   BANK5   BANK6   BANK7   BANK8   BANK9  BANK10  BANK11  BANK12
      Params:         0       0       7       0       0       0       0       0       0       0       0       0       0       0
      Locals:         0       0       2       0       0       0       0       0       0       0       0       0       0       0
[...]
 This function uses a reentrant model


 *************** function ___ftdiv *****************
 Defined at:
		line 56 in file "C:\Program Files (x86)\Microchip\xc8\v2.00\pic\sources\c90\common\ftdiv.c"
 Parameters:    Size  Location     Type
  f2              3   21[BANK0 ] float 
  f1              3   24[BANK0 ] float 
 Auto vars:     Size  Location     Type
  f3              3   29[BANK0 ] float 
  sign            1   33[BANK0 ] unsigned char 
  exp             1   32[BANK0 ] unsigned char 
  cntr            1   28[BANK0 ] unsigned char 
 Return value:  Size  Location     Type
                  3   21[BANK0 ] float 
 Registers used:
		wreg, status,2, status,0, btemp+9, btemp+10, btemp+11, pclath, cstack
 Tracked objects:
		On entry : 
		On exit  : 
		Unchanged: 
 Data sizes:     COMMON   BANK0   BANK1   BANK2   BANK3   BANK4   BANK5   BANK6   BANK7   BANK8   BANK9  BANK10  BANK11  BANK12
      Params:         0       6       0       0       0       0       0       0       0       0       0       0       0       0
      Locals:         0       6       0       0       0       0       0       0       0       0       0       0       0       0
      Temps:          0       1       0       0       0       0       0       0       0       0       0       0       0       0
      Totals:         0      13       0       0       0       0       0       0       0       0       0       0       0       0
Total ram usage:       13 bytes
 Hardware stack levels used:    1
 Hardware stack levels required when called:    8
 This function calls:
		___ftpack
 This function is called by:
		_getADCValue
		_loop
 This function uses a non-reentrant model


 *************** function ___ftadd *****************
 Defined at:
		line 86 in file "C:\Program Files (x86)\Microchip\xc8\v2.00\pic\sources\c90\common\ftadd.c"
 Parameters:    Size  Location     Type
  f1              3   11[BANK0 ] float 
  f2              3   14[BANK0 ] float 
 Auto vars:     Size  Location     Type
  exp1            1   20[BANK0 ] unsigned char 
  exp2            1   19[BANK0 ] unsigned char 
  sign            1   18[BANK0 ] unsigned char 
 Return value:  Size  Location     Type
                  3   11[BANK0 ] float 
 Registers used:
		wreg, status,2, status,0, btemp+9, btemp+10, btemp+11, pclath, cstack
 Tracked objects:
		On entry : 
		On exit  : 
		Unchanged: 
 Data sizes:     COMMON   BANK0   BANK1   BANK2   BANK3   BANK4   BANK5   BANK6   BANK7   BANK8   BANK9  BANK10  BANK11  BANK12
      Params:         0       6       0       0       0       0       0       0       0       0       0       0       0       0
      Locals:         0       3       0       0       0       0       0       0       0       0       0       0       0       0
      Temps:          0       1       0       0       0       0       0       0       0       0       0       0       0       0
      Totals:         0      10       0       0       0       0       0       0       0       0       0       0       0       0
Total ram usage:       10 bytes
 Hardware stack levels used:    1
 Hardware stack levels required when called:    8
 This function calls:
		___ftpack
 This function is called by:
		_getADCValue
		_loop
		___ftsub
 This function uses a non-reentrant model


 *************** function ___awtoft *****************
 Defined at:
		line 32 in file "C:\Program Files (x86)\Microchip\xc8\v2.00\pic\sources\c90\common\awtoft.c"
 Parameters:    Size  Location     Type
  c               2    0[COMMON] int 
 Auto vars:     Size  Location     Type
  sign            1    3[COMMON] unsigned char 
 Return value:  Size  Location     Type
                  3    0[COMMON] float 
 Registers used:
		wreg, status,2, status,0, btemp+9, btemp+10, btemp+11, pclath, cstack
 Tracked objects:
		On entry : 
		On exit  : 
		Unchanged: 
 Data sizes:     COMMON   BANK0   BANK1   BANK2   BANK3   BANK4   BANK5   BANK6   BANK7   BANK8   BANK9  BANK10  BANK11  BANK12
      Params:         3       0       0       0       0       0       0       0       0       0       0       0       0       0
      Locals:         1       0       0       0       0       0       0       0       0       0       0       0       0       0
      Temps:          0       0       0       0       0       0       0       0       0       0       0       0       0       0
      Totals:         4       0       0       0       0       0       0       0       0       0       0       0       0       0
Total ram usage:        4 bytes
 Hardware stack levels used:    1
 Hardware stack levels required when called:    8
 This function calls:
		___ftpack
 This function is called by:
		_getADCValue
 This function uses a non-reentrant model


 *************** function ___lbtoft *****************
 Defined at:
		line 27 in file "C:\Program Files (x86)\Microchip\xc8\v2.00\pic\sources\c90\common\lbtoft.c"
 Parameters:    Size  Location     Type
  c               1    wreg     unsigned char 
 Auto vars:     Size  Location     Type
  c               1   11[BANK0 ] unsigned char 
 Return value:  Size  Location     Type
                  3    0[COMMON] float 
 Registers used:
		wreg, status,2, status,0, btemp+9, btemp+10, btemp+11, pclath, cstack
 Tracked objects:
		On entry : 
		On exit  : 
		Unchanged: 
 Data sizes:     COMMON   BANK0   BANK1   BANK2   BANK3   BANK4   BANK5   BANK6   BANK7   BANK8   BANK9  BANK10  BANK11  BANK12
      Params:         4       0       0       0       0       0       0       0       0       0       0       0       0       0
      Locals:         0       1       0       0       0       0       0       0       0       0       0       0       0       0
      Temps:          0       0       0       0       0       0       0       0       0       0       0       0       0       0
      Totals:         4       1       0       0       0       0       0       0       0       0       0       0       0       0
Total ram usage:        5 bytes
 Hardware stack levels used:    1
 Hardware stack levels required when called:    8
 This function calls:
		___ftpack
 This function is called by:
		_loop
		_main
 This function uses a non-reentrant model


 *************** function ___ftpack *****************
 Defined at:
		line 62 in file "C:\Program Files (x86)\Microchip\xc8\v2.00\pic\sources\c90\common\float.c"
 Parameters:    Size  Location     Type
  arg             3    6[BANK0 ] unsigned um
  exp             1    9[BANK0 ] unsigned char 
  sign            1   10[BANK0 ] unsigned char 
 Auto vars:     Size  Location     Type
		None
 Return value:  Size  Location     Type
                  3    6[BANK0 ] float 
 Registers used:
		wreg, status,2, status,0, btemp+9, btemp+10, btemp+11
 Tracked objects:
		On entry : 
		On exit  : 
		Unchanged: 
 Data sizes:     COMMON   BANK0   BANK1   BANK2   BANK3   BANK4   BANK5   BANK6   BANK7   BANK8   BANK9  BANK10  BANK11  BANK12
      Params:         0       5       0       0       0       0       0       0       0       0       0       0       0       0
      Locals:         0       0       0       0       0       0       0       0       0       0       0       0       0       0
      Temps:          0       0       0       0       0       0       0       0       0       0       0       0       0       0
      Totals:         0       5       0       0       0       0       0       0       0       0       0       0       0       0
Total ram usage:        5 bytes
 Hardware stack levels used:    1
 Hardware stack levels required when called:    7
 This function calls:
		Nothing
 This function is called by:
		___awtoft
		___ftadd
		___ftdiv
		___ftmul
		___lbtoft
		___lltoft
 This function uses a non-reentrant model


 *************** function _EEPROMWrite *****************
 Defined at:
		line 4 in file "eeprom.c"
 Parameters:    Size  Location     Type
  address         2    0[COMMON] unsigned int 
  data            1    2[COMMON] unsigned char 
 Auto vars:     Size  Location     Type
  GIEBitValue     1    3[COMMON] unsigned char 
 Return value:  Size  Location     Type
                  1    wreg      void 
 Registers used:
		wreg, status,2, status,0
 Tracked objects:
		On entry : 
		On exit  : 
		Unchanged: 
 Data sizes:     COMMON   BANK0   BANK1   BANK2   BANK3   BANK4   BANK5   BANK6   BANK7   BANK8   BANK9  BANK10  BANK11  BANK12
      Params:         3       0       0       0       0       0       0       0       0       0       0       0       0       0
      Locals:         1       0       0       0       0       0       0       0       0       0       0       0       0       0
      Temps:          0       0       0       0       0       0       0       0       0       0       0       0       0       0
      Totals:         4       0       0       0       0       0       0       0       0       0       0       0       0       0
Total ram usage:        4 bytes
 Hardware stack levels used:    1
 Hardware stack levels required when called:    7
 This function calls:
		Nothing
 This function is called by:
		_loop
		_main
 This function uses a non-reentrant model


 *************** function _EEPROMRead *****************
 Defined at:
		line 26 in file "eeprom.c"
 Parameters:    Size  Location     Type
  address         2    0[COMMON] unsigned int 
 Auto vars:     Size  Location     Type
		None
 Return value:  Size  Location     Type
                  1    wreg      unsigned char 
 Registers used:
		wreg, status,2
 Tracked objects:
		On entry : 
		On exit  : 
		Unchanged: 
 Data sizes:     COMMON   BANK0   BANK1   BANK2   BANK3   BANK4   BANK5   BANK6   BANK7   BANK8   BANK9  BANK10  BANK11  BANK12
      Params:         2       0       0       0       0       0       0       0       0       0       0       0       0       0
      Locals:         0       0       0       0       0       0       0       0       0       0       0       0       0       0
      Temps:          0       0       0       0       0       0       0       0       0       0       0       0       0       0
      Totals:         2       0       0       0       0       0       0       0       0       0       0       0       0       0
Total ram usage:        2 bytes
 Hardware stack levels used:    1
 Hardware stack levels required when called:    7
 This function calls:
		Nothing
 This function is called by:
		_main
 This function uses a non-reentrant model


 *************** function _ISR *****************
 Defined at:
		line 11 in file "main.c"
 Parameters:    Size  Location     Type
		None
 Auto vars:     Size  Location     Type
		None
 Return value:  Size  Location     Type
                  1    wreg      void 
 Registers used:
		wreg, fsr0l, fsr0h, fsr1l, fsr1h, status,2, status,0, btemp+0, btemp+1, btemp+8, btemp+9, btemp+11, pclath, cstack
 Tracked objects:
		On entry : 
		On exit  : 
		Unchanged: 
 Data sizes:     COMMON   BANK0   BANK1   BANK2   BANK3   BANK4   BANK5   BANK6   BANK7   BANK8   BANK9  BANK10  BANK11  BANK12
      Params:         0       0       0       0       0       0       0       0       0       0       0       0       0       0
      Locals:         0       0       0       0       0       0       0       0       0       0       0       0       0       0
      Temps:          0       6       0       0       0       0       0       0       0       0       0       0       0       0
      Totals:         0       6       0       0       0       0       0       0       0       0       0       0       0       0
Total ram usage:        6 bytes
 Hardware stack levels used:    1
 Hardware stack levels required when called:    6
 This function calls:
		_nrf24l01ISR
		_resetWDT
 This function is called by:
		Interrupt level 1
 This function uses a non-reentrant model


 *************** function _nrf24l01ISR *****************
 Defined at:
		line 191 in file "nrf24l01.c"
 Parameters:    Size  Location     Type
		None
 Auto vars:     Size  Location     Type
		None
 Return value:  Size  Location     Type
                  1    wreg      void 
 Registers used:
		wreg, fsr0l, fsr0h, fsr1l, fsr1h, status,2, status,0, btemp+0, btemp+1, btemp+8, btemp+9, btemp+11, pclath
 Tracked objects:
		On entry : 
		On exit  : 
		Unchanged: 
 Data sizes:     COMMON   BANK0   BANK1   BANK2   BANK3   BANK4   BANK5   BANK6   BANK7   BANK8   BANK9  BANK10  BANK11  BANK12
      Params:         0       0       0       0       0       0       0       0       0       0       0       0       0       0
      Locals:         0       0       0       0       0       0       0       0       0       0       0       0       0       0
      Temps:          0       0       0       0       0       0       0       0       0       0       0       0       0       0
      Totals:         0       0       0       0       0       0       0       0       0       0       0       0       0       0
Total ram usage:        0 bytes
 Hardware stack levels used:    1
 Hardware stack levels required when called:    5
 This function calls:
		_nrf24l01Send
		_nrf24l01Service
		_nrf24l01SetRXMode
 This function is called by:
		_ISR
 This function uses a non-reentrant model



MODULE INFORMATION

Module		Function		Class		Link	Load	Size
C:\Program Files (x86)\Microchip\xc8\v2.00\pic\sources\c90\common\ftneg.c
		___ftneg       		CODE           	17B3	0000	10

C:\Program Files (x86)\Microchip\xc8\v2.00\pic\sources\c90\common\ftneg.c estimated size: 10

C:\Program Files (x86)\Microchip\xc8\v2.00\pic\sources\c90\common\ftsub.c
		___ftsub       		CODE           	0848	0000	31

C:\Program Files (x86)\Microchip\xc8\v2.00\pic\sources\c90\common\ftsub.c estimated size: 31

C:\Program Files (x86)\Microchip\xc8\v2.00\pic\sources\c90\common\float.c
		___ftpack      		CODE           	0C92	0000	102

C:\Program Files (x86)\Microchip\xc8\v2.00\pic\sources\c90\common\float.c estimated size: 102

C:\Program Files (x86)\Microchip\xc8\v2.00\pic\sources\c90\common\lwmod.c
		___lwmod       		CODE           	0A03	0000	46

C:\Program Files (x86)\Microchip\xc8\v2.00\pic\sources\c90\common\lwmod.c estimated size: 46

C:\Program Files (x86)\Microchip\xc8\v2.00\pic\sources\c90\common\doprnt.c
		_sprintf       		CODE           	0056	0000	462

C:\Program Files (x86)\Microchip\xc8\v2.00\pic\sources\c90\common\doprnt.c estimated size: 462

C:\Program Files (x86)\Microchip\xc8\v2.00\pic\sources\c90\common\llmod.c
		___llmod       		CODE           	0B72	0000	68

C:\Program Files (x86)\Microchip\xc8\v2.00\pic\sources\c90\common\llmod.c estimated size: 68

C:\Program Files (x86)\Microchip\xc8\v2.00\pic\sources\c90\common\Umul16.c
		___wmul        		CODE           	0866	0000	31

C:\Program Files (x86)\Microchip\xc8\v2.00\pic\sources\c90\common\Umul16.c estimated size: 31

C:\Program Files (x86)\Microchip\xc8\v2.00\pic\sources\c90\common\ftmul.c
		___ftmul       		CODE           	070E	0000	181

C:\Program Files (x86)\Microchip\xc8\v2.00\pic\sources\c90\common\ftmul.c estimated size: 181

C:\Program Files (x86)\Microchip\xc8\v2.00\pic\sources\c90\common\ftdiv.c
		___ftdiv       		CODE           	0E04	0000	170

C:\Program Files (x86)\Microchip\xc8\v2.00\pic\sources\c90\common\ftdiv.c estimated size: 170

C:\Program Files (x86)\Microchip\xc8\v2.00\pic\sources\c90\common\__lldiv.c
		___lldiv       		CODE           	0C3F	0000	84

C:\Program Files (x86)\Microchip\xc8\v2.00\pic\sources\c90\common\__lldiv.c estimated size: 84

eeprom.c
		_EEPROMRead    		CODE           	08DE	0000	32
		_EEPROMWrite   		CODE           	08FD	0000	32

eeprom.c estimated size: 64

C:\Program Files (x86)\Microchip\xc8\v2.00\pic\sources\c90\common\ftoa.c
		_ftoa          		CODE           	0567	0000	232

C:\Program Files (x86)\Microchip\xc8\v2.00\pic\sources\c90\common\ftoa.c estimated size: 232

C:\Program Files (x86)\Microchip\xc8\v2.00\pic\sources\c90\common\isdigit.c
		_isdigit       		CODE           	17CE	0000	15

C:\Program Files (x86)\Microchip\xc8\v2.00\pic\sources\c90\common\isdigit.c estimated size: 15

C:\Program Files (x86)\Microchip\xc8\v2.00\pic\sources\c90\common\Umul8.c
		___bmul        		CODE           	17DC	0000	18

C:\Program Files (x86)\Microchip\xc8\v2.00\pic\sources\c90\common\Umul8.c estimated size: 18

C:\Program Files (x86)\Microchip\xc8\v2.00\pic\sources\c90\common\strcat.c
		_strcat        		CODE           	0A5F	0000	48

C:\Program Files (x86)\Microchip\xc8\v2.00\pic\sources\c90\common\strcat.c estimated size: 48

shared
		_dpowers       		STRCODE        	1000	0000	41
		_n_ADDRESS_P0  		STRCODE        	182B	0000	6
		_n_ADDRESS_MUL 		STRCODE        	1800	0000	2
		__initialization		CODE           	002D	0000	35

shared estimated size: 84

interface.c
		_nrf24l01SPISend		CODE           	0801	0000	16
		_sleepMs       		CODE           	09D7	0000	45
		_nrf24l01SPIStart		CODE           	17C5	0000	10
		_resetWDT      		CODE           	17AC	0000	8
		_nrf24l01SPIEnd		CODE           	17BC	0000	10
		_nrf24l01InterfaceInit		CODE           	08C0	0000	31

interface.c estimated size: 120

C:\Program Files (x86)\Microchip\xc8\v2.00\pic\sources\c90\common\fttol.c
		___fttol       		CODE           	0D7D	0000	136

C:\Program Files (x86)\Microchip\xc8\v2.00\pic\sources\c90\common\fttol.c estimated size: 136

C:\Program Files (x86)\Microchip\xc8\v2.00\pic\sources\c90\common\strlen.c
		_strlen        		CODE           	0884	0000	31

C:\Program Files (x86)\Microchip\xc8\v2.00\pic\sources\c90\common\strlen.c estimated size: 31

C:\Program Files (x86)\Microchip\xc8\v2.00\pic\sources\c90\common\ftge.c
		___ftge        		CODE           	07C2	0000	61

C:\Program Files (x86)\Microchip\xc8\v2.00\pic\sources\c90\common\ftge.c estimated size: 61

C:\Program Files (x86)\Microchip\xc8\v2.00\pic\sources\c90\common\ftadd.c
		___ftadd       		CODE           	0471	0000	247

C:\Program Files (x86)\Microchip\xc8\v2.00\pic\sources\c90\common\ftadd.c estimated size: 247

C:\Program Files (x86)\Microchip\xc8\v2.00\pic\sources\c90\common\strcmp.c
		_strcmp        		CODE           	0984	0000	42

C:\Program Files (x86)\Microchip\xc8\v2.00\pic\sources\c90\common\strcmp.c estimated size: 42

C:\Program Files (x86)\Microchip\xc8\v2.00\pic\sources\c90\common\awtoft.c
		___awtoft      		CODE           	093D	0000	35

C:\Program Files (x86)\Microchip\xc8\v2.00\pic\sources\c90\common\awtoft.c estimated size: 35

C:\Program Files (x86)\Microchip\xc8\v2.00\pic\sources\c90\common\strcpy.c
		_strcpy        		CODE           	082B	0000	30

C:\Program Files (x86)\Microchip\xc8\v2.00\pic\sources\c90\common\strcpy.c estimated size: 30

nrf24l01.c
		_nrf24l01Service		CODE           	0F56	0000	171
		_nrf24l01SendPacket		CODE           	0A30	0000	48
		_nrf24l01InitRegisters		CODE           	036A	0000	264
		_nrf24l01ISR   		CODE           	0B2F	0000	68
		_nrf24l01Send  		CODE           	17ED	0000	20
		_nrf24l01Init  		CODE           	095F	0000	38
		_nrf24l01SetRXMode		CODE           	0AF4	0000	60
		_nrf24l01SetRXPipe		CODE           	08A2	0000	31
		_nrf24l01SetTXPipe		CODE           	0BB5	0000	68
		_nrf24l01SendTXBuffer		CODE           	0BF8	0000	72

nrf24l01.c estimated size: 840

C:\Program Files (x86)\Microchip\xc8\v2.00\pic\sources\c90\common\lbtoft.c
		___lbtoft      		CODE           	0810	0000	28

C:\Program Files (x86)\Microchip\xc8\v2.00\pic\sources\c90\common\lbtoft.c estimated size: 28

C:\Program Files (x86)\Microchip\xc8\v2.00\pic\sources\c90\common\memset.c
		_memset        		CODE           	0A8E	0000	51

C:\Program Files (x86)\Microchip\xc8\v2.00\pic\sources\c90\common\memset.c estimated size: 51

main.c
		_loop          		CODE           	0223	0000	328
		_nrf24l01GetPipe		CODE           	0AC0	0000	53
		_ISR           		CODE           	0004	0000	40
		_main          		CODE           	064E	0000	193
		_sleepListren  		CODE           	091C	0000	34
		_getADCValue   		CODE           	0EAD	0000	170
		_sendMessage   		CODE           	0CF7	0000	135

main.c estimated size: 953

C:\Program Files (x86)\Microchip\xc8\v2.00\pic\sources\c90\common\lltoft.c
		___lltoft      		CODE           	09AD	0000	43

C:\Program Files (x86)\Microchip\xc8\v2.00\pic\sources\c90\common\lltoft.c estimated size: 43

