Microchip MPLAB XC8 Compiler V2.00 ()

Linker command line:

-W-3 --edf=C:\Program Files (x86)\Microchip\xc8\v2.00\pic\dat\en_msgs.txt \
  -cs -h+dist/default/production\nRF24L01__PIC16LF1825.X.X.production.sym \
  --cmf=dist/default/production\nRF24L01__PIC16LF1825.X.X.production.cmf -z \
  -Q16LF18325 -oC:\Users\Leon\AppData\Local\Temp\s5gs.2 \
  --defsym=__MPLAB_BUILD=1 \
  -Mdist/default/production/nRF24L01__PIC16LF1825.X.X.production.map -E1 \
  -ver=XC8 -ASTACK=0212Dh-023efh -pstack=STACK -ACODE=00h-07FFhx4 \
  -ASTRCODE=00h-01FFFh -ASTRING=00h-0FFhx32 -ACONST=00h-0FFhx32 \
  -AENTRY=00h-0FFhx32 -ACOMMON=070h-07Fh -ABANK0=020h-06Fh \
  -ABANK1=0A0h-0EFh -ABANK2=0120h-016Fh -ABANK3=01A0h-01EFh \
  -ABANK4=0220h-026Fh -ABANK5=02A0h-02EFh -ABANK6=0320h-036Fh \
  -ABANK7=03A0h-03EFh -ABANK8=0420h-046Fh -ABANK9=04A0h-04EFh \
  -ABANK10=0520h-056Fh -ABANK11=05A0h-05EFh -ABANK12=0620h-064Fh \
  -ABIGRAM=02000h-023EFh \
  -ARAM=020h-06Fh,0A0h-0EFh,0120h-016Fh,01A0h-01EFh,0220h-026Fh,02A0h-02EFh,0320h-036Fh,03A0h-03EFh,0420h-046Fh,04A0h-04EFh,0520h-056Fh,05A0h-05EFh,0620h-064Fh \
  -AABS1=020h-07Fh,0A0h-0EFh,0120h-016Fh,01A0h-01EFh,0220h-026Fh,02A0h-02EFh,0320h-036Fh,03A0h-03EFh,0420h-046Fh,04A0h-04EFh,0520h-056Fh,05A0h-05EFh,0620h-064Fh \
  -ASFR0=00h-01Fh -ASFR1=080h-09Fh -ASFR2=0100h-011Fh -ASFR3=0180h-019Fh \
  -ASFR4=0200h-021Fh -ASFR5=0280h-029Fh -ASFR6=0300h-031Fh \
  -ASFR7=0380h-039Fh -ASFR8=0400h-041Fh -ASFR9=0480h-049Fh \
  -ASFR10=0500h-051Fh -ASFR11=0580h-059Fh -ASFR12=0600h-061Fh \
  -ASFR13=0680h-06EFh -ASFR14=0700h-076Fh -ASFR15=0780h-07EFh \
  -ASFR16=0800h-086Fh -ASFR17=0880h-08EFh -ASFR18=0900h-096Fh \
  -ASFR19=0980h-09EFh -ASFR20=0A00h-0A6Fh -ASFR21=0A80h-0AEFh \
  -ASFR22=0B00h-0B6Fh -ASFR23=0B80h-0BEFh -ASFR24=0C00h-0C6Fh \
  -ASFR25=0C80h-0CEFh -ASFR26=0D00h-0D6Fh -ASFR27=0D80h-0DEFh \
  -ASFR28=0E00h-0E6Fh -ASFR29=0E80h-0EEFh -ASFR30=0F00h-0F6Fh \
  -ASFR31=0F80h-0FEFh -preset_vec=00h,intentry=04h,init,end_init \
  -ppowerup=CODE -pcinit=CODE -pfunctab=ENTRY -ACONFIG=08007h-0800Ah \
  -pconfig=CONFIG -DCONFIG=2 -AIDLOC=08000h-08003h -pidloc=IDLOC -DIDLOC=2 \
  -AEEDATA=00h-0FFh/0F000h -peeprom_data=EEDATA -DEEDATA=2 -DCODE=2 \
  -DSTRCODE=2 -DSTRING=2 -DCONST=2 -DENTRY=2 -k \
  C:\Users\Leon\AppData\Local\Temp\s5gs.o \
  dist/default/production\nRF24L01__PIC16LF1825.X.X.production.o 

Object code version is 3.11

Machine type is 16LF18325



                Name                               Link     Load   Length Selector   Space Scale
C:\Users\Leon\AppData\Local\Temp\s5gs.o
                end_init                              F        F        2        8       0
                reset_vec                             0        0        2        0       0
                config                             8007     8007        4    1000E       0
dist/default/production\nRF24L01__PIC16LF1825.X.X.production.o
                cinit                                11       11       1D        8       0
                intentry                              4        4        B        8       0
                text69                             11CD     11CD        2     239A       0
                text68                             11CF     11CF        3     239E       0
                text67                             11D2     11D2        3     23A4       0
                text66                             11E8     11E8        8     23D0       0
                text65                             11D5     11D5        3     23AA       0
                text64                             11E1     11E1        7     23C2       0
                text63                             1201     1201        D     2402       0
                text62                             11D8     11D8        3     23B0       0
                text61                             11F0     11F0        8     23E0       0
                text60                             12CB     12CB       1B     2596       0
                text59                             1725     1725       46     2E4A       0
                text58                             13F8     13F8       27     27F0       0
                text57                             146F     146F       2A     28DE       0
                text56                             1280     1280       18     2500       0
                text55                              881      881       4D     1102       0
                text54                             176B     176B       4A     2ED6       0
                text52                              921      921       65     1242       0
                text51                             12E6     12E6       1B     25CC       0
                text50                              7E0      7E0       20        8       0
                text49                             165F     165F       3F     2CBE       0
                text48                                2        2        2        0       0
                text47                             1255     1255       14     24AA       0
                text46                             13B2     13B2       22     2764       0
                text45                              F0A      F0A       F6     1E14       0
                text44                              BF1      BF1       A9     17E2       0
                text43                             1269     1269       17     24D2       0
                text42                              A16      A16       94     142C       0
                text41                             15E6     15E6       3C     2BCC       0
                text40                              C9A      C9A       B4     1934       0
                text39                             11F8     11F8        9     23F0       0
                text38                             1354     1354       1E     26A8       0
                text37                              AAA      AAA       9F     1554       0
                text36                             1499     1499       2A     2932       0
                text35                              8CE      8CE       53     119C       0
                text34                             169E     169E       43     2D3C       0
                text33                             131C     131C       1C     2638       0
                text32                             120E     120E        F     241C       0
                text31                              2F6      2F6      1CD        8       0
                text30                              E18      E18       F2     1C30       0
                text29                             1298     1298       19     2530       0
                text28                             141F     141F       27     283E       0
                text27                              778      778       68        8       0
                text26                             1622     1622       3D     2C44       0
                text25                             121D     121D       12     243A       0
                text24                             151E     151E       30     2A3C       0
                text23                             122F     122F       13     245E       0
                text22                               2E       2E      2C8        8       0
                text21                             1242     1242       13     2484       0
                text20                              835      835       4C     106A       0
                text19                             1372     1372       1F     26E4       0
                text18                              D4E      D4E       CA     1A9C       0
                text17                             16E1     16E1       44     2DC2       0
                text16                             14F0     14F0       2E     29E0       0
                text15                             1446     1446       29     288C       0
                text14                             1301     1301       1B     2602       0
                text13                             12B1     12B1       1A     2562       0
                text12                             154E     154E       30     2A9C       0
                text11                             157E     157E       30     2AFC       0
                text10                             17B5     17B5       4B     2F6A       0
                text9                               986      986       90     130C       0
                text8                               800      800       35     1000       0
                text7                               4C3      4C3      1AF        8       0
                text6                              14C3     14C3       2D     2986       0
                text5                              15AE     15AE       38     2B5C       0
                text4                              1391     1391       21     2722       0
                text3                               672      672      106        8       0
                text2                              1338     1338       1C     2670       0
                text1                              13D4     13D4       24     27A8       0
                maintext                            B49      B49       A8     1692       0
                cstackBANK0                          20       20       50       20       1
                cstackCOMMON                         70       70        D       70       1
                cstackBANK1                          A0       A0       48       A0       1
                cstackBANK2                         120      120       30      120       1
                clrtext                            11DB     11DB        6     23B6       0
                bssBANK3                            1A0      1A0       3D      1A0       1
                bssBANK2                            150      150       14      120       1
                dataBANK1                            EC       EC        1       A0       1
                bssBANK1                             E8       E8        4       A0       1
                bssCOMMON                            7D       7D        1       70       1
                stringtext11                       185D     185D        2     3000       0
                stringtext10                       1859     1859        4     3000       0
                stringtext9                        1855     1855        4     3000       0
                stringtext8                        1850     1850        5     3000       0
                stringtext7                        184B     184B        5     3000       0
                stringtext6                        1846     1846        5     3000       0
                stringtext5                        183B     183B        6     3000       0
                stringtext4                        1834     1834        7     3000       0
                stringtext3                        1828     1828        C     3000       0
                stringtext2                        1841     1841        5     3000       0
                stringtext1                        1800     1800       28     3000       0
                idataBANK1                         11CC     11CC        1     2398       0

TOTAL           Name                               Link     Load   Length     Space
        CLASS   STACK          

        CLASS   CODE           
                end_init                              F        F        2         0
                cinit                                11       11       1D         0
                intentry                              4        4        B         0
                reset_vec                             0        0        2         0
                text69                             11CD     11CD        2         0
                text68                             11CF     11CF        3         0
                text67                             11D2     11D2        3         0
                text66                             11E8     11E8        8         0
                text65                             11D5     11D5        3         0
                text64                             11E1     11E1        7         0
                text63                             1201     1201        D         0
                text62                             11D8     11D8        3         0
                text61                             11F0     11F0        8         0
                text60                             12CB     12CB       1B         0
                text59                             1725     1725       46         0
                text58                             13F8     13F8       27         0
                text57                             146F     146F       2A         0
                text56                             1280     1280       18         0
                text55                              881      881       4D         0
                text54                             176B     176B       4A         0
                text52                              921      921       65         0
                text51                             12E6     12E6       1B         0
                text50                              7E0      7E0       20         0
                text49                             165F     165F       3F         0
                text48                                2        2        2         0
                text47                             1255     1255       14         0
                text46                             13B2     13B2       22         0
                text45                              F0A      F0A       F6         0
                text44                              BF1      BF1       A9         0
                text43                             1269     1269       17         0
                text42                              A16      A16       94         0
                text41                             15E6     15E6       3C         0
                text40                              C9A      C9A       B4         0
                text39                             11F8     11F8        9         0
                text38                             1354     1354       1E         0
                text37                              AAA      AAA       9F         0
                text36                             1499     1499       2A         0
                text35                              8CE      8CE       53         0
                text34                             169E     169E       43         0
                text33                             131C     131C       1C         0
                text32                             120E     120E        F         0
                text31                              2F6      2F6      1CD         0
                text30                              E18      E18       F2         0
                text29                             1298     1298       19         0
                text28                             141F     141F       27         0
                text27                              778      778       68         0
                text26                             1622     1622       3D         0
                text25                             121D     121D       12         0
                text24                             151E     151E       30         0
                text23                             122F     122F       13         0
                text22                               2E       2E      2C8         0
                text21                             1242     1242       13         0
                text20                              835      835       4C         0
                text19                             1372     1372       1F         0
                text18                              D4E      D4E       CA         0
                text17                             16E1     16E1       44         0
                text16                             14F0     14F0       2E         0
                text15                             1446     1446       29         0
                text14                             1301     1301       1B         0
                text13                             12B1     12B1       1A         0
                text12                             154E     154E       30         0
                text11                             157E     157E       30         0
                text10                             17B5     17B5       4B         0
                text9                               986      986       90         0
                text8                               800      800       35         0
                text7                               4C3      4C3      1AF         0
                text6                              14C3     14C3       2D         0
                text5                              15AE     15AE       38         0
                text4                              1391     1391       21         0
                text3                               672      672      106         0
                text2                              1338     1338       1C         0
                text1                              13D4     13D4       24         0
                maintext                            B49      B49       A8         0
                clrtext                            11DB     11DB        6         0
                idataBANK1                         11CC     11CC        1         0

        CLASS   STRCODE        
                stringtext11                       185D     185D        2         0
                stringtext10                       1859     1859        4         0
                stringtext9                        1855     1855        4         0
                stringtext8                        1850     1850        5         0
                stringtext7                        184B     184B        5         0
                stringtext6                        1846     1846        5         0
                stringtext5                        183B     183B        6         0
                stringtext4                        1834     1834        7         0
                stringtext3                        1828     1828        C         0
                stringtext2                        1841     1841        5         0
                stringtext1                        1800     1800       28         0

        CLASS   STRING         

        CLASS   CONST          

        CLASS   ENTRY          

        CLASS   COMMON         
                cstackCOMMON                         70       70        D         1
                bssCOMMON                            7D       7D        1         1

        CLASS   BANK0          
                cstackBANK0                          20       20       50         1

        CLASS   BANK1          
                cstackBANK1                          A0       A0       48         1
                dataBANK1                            EC       EC        1         1
                bssBANK1                             E8       E8        4         1

        CLASS   BANK2          
                cstackBANK2                         120      120       30         1
                bssBANK2                            150      150       14         1

        CLASS   BANK3          
                bssBANK3                            1A0      1A0       3D         1

        CLASS   BANK4          

        CLASS   BANK5          

        CLASS   BANK6          

        CLASS   BANK7          

        CLASS   BANK8          

        CLASS   BANK9          

        CLASS   BANK10         

        CLASS   BANK11         

        CLASS   BANK12         

        CLASS   BIGRAM         

        CLASS   RAM            

        CLASS   ABS1           
                abs_s1                               7E       7E        2         1

        CLASS   SFR0           

        CLASS   SFR1           

        CLASS   SFR2           

        CLASS   SFR3           

        CLASS   SFR4           

        CLASS   SFR5           

        CLASS   SFR6           

        CLASS   SFR7           

        CLASS   SFR8           

        CLASS   SFR9           

        CLASS   SFR10          

        CLASS   SFR11          

        CLASS   SFR12          

        CLASS   SFR13          

        CLASS   SFR14          

        CLASS   SFR15          

        CLASS   SFR16          

        CLASS   SFR17          

        CLASS   SFR18          

        CLASS   SFR19          

        CLASS   SFR20          

        CLASS   SFR21          

        CLASS   SFR22          

        CLASS   SFR23          

        CLASS   SFR24          

        CLASS   SFR25          

        CLASS   SFR26          

        CLASS   SFR27          

        CLASS   SFR28          

        CLASS   SFR29          

        CLASS   SFR30          

        CLASS   SFR31          

        CLASS   CONFIG         
                config                             8007     8007        4         0

        CLASS   IDLOC          

        CLASS   EEDATA         

        CLASS   BANK31         

        CLASS   BANK30         

        CLASS   BANK29         

        CLASS   BANK28         

        CLASS   BANK27         

        CLASS   BANK26         

        CLASS   BANK25         

        CLASS   BANK24         

        CLASS   BANK23         

        CLASS   BANK22         

        CLASS   BANK21         

        CLASS   BANK20         

        CLASS   BANK19         

        CLASS   BANK18         

        CLASS   BANK17         

        CLASS   BANK16         

        CLASS   BANK15         

        CLASS   BANK14         

        CLASS   BANK13         



SEGMENTS        Name                           Load    Length   Top    Selector   Space  Class     Delta

                reset_vec                      000000  000004  000004         0       0  CODE        2
                intentry                       000004  0007FC  000800         8       0  CODE        2
                cstackBANK0                    000020  000050  000070        20       1  BANK0       1
                cstackCOMMON                   000070  00000E  00007E        70       1  COMMON      1
                cstackBANK1                    0000A0  00004D  0000ED        A0       1  BANK1       1
                cstackBANK2                    000120  000044  000164       120       1  BANK2       1
                bssBANK3                       0001A0  00003D  0001DD       1A0       1  BANK3       1
                text8                          000800  000035  000835      1000       0  CODE        2
                text20                         000835  00004C  000881      106A       0  CODE        2
                text55                         000881  00004D  0008CE      1102       0  CODE        2
                text35                         0008CE  000053  000921      119C       0  CODE        2
                text52                         000921  000065  000986      1242       0  CODE        2
                text9                          000986  000090  000A16      130C       0  CODE        2
                text42                         000A16  000094  000AAA      142C       0  CODE        2
                text37                         000AAA  00009F  000B49      1554       0  CODE        2
                maintext                       000B49  0000A8  000BF1      1692       0  CODE        2
                text44                         000BF1  0000A9  000C9A      17E2       0  CODE        2
                text40                         000C9A  0000B4  000D4E      1934       0  CODE        2
                text18                         000D4E  0000CA  000E18      1A9C       0  CODE        2
                text30                         000E18  0000F2  000F0A      1C30       0  CODE        2
                text45                         000F0A  0000F6  001000      1E14       0  CODE        2
                idataBANK1                     0011CC  000001  0011CD      2398       0  CODE        2
                text69                         0011CD  000002  0011CF      239A       0  CODE        2
                text68                         0011CF  000003  0011D2      239E       0  CODE        2
                text67                         0011D2  000003  0011D5      23A4       0  CODE        2
                text65                         0011D5  000003  0011D8      23AA       0  CODE        2
                text62                         0011D8  000003  0011DB      23B0       0  CODE        2
                clrtext                        0011DB  000006  0011E1      23B6       0  CODE        2
                text64                         0011E1  000007  0011E8      23C2       0  CODE        2
                text66                         0011E8  000008  0011F0      23D0       0  CODE        2
                text61                         0011F0  000008  0011F8      23E0       0  CODE        2
                text39                         0011F8  000009  001201      23F0       0  CODE        2
                text63                         001201  00000D  00120E      2402       0  CODE        2
                text32                         00120E  00000F  00121D      241C       0  CODE        2
                text25                         00121D  000012  00122F      243A       0  CODE        2
                text23                         00122F  000013  001242      245E       0  CODE        2
                text21                         001242  000013  001255      2484       0  CODE        2
                text47                         001255  000014  001269      24AA       0  CODE        2
                text43                         001269  000017  001280      24D2       0  CODE        2
                text56                         001280  000018  001298      2500       0  CODE        2
                text29                         001298  000019  0012B1      2530       0  CODE        2
                text13                         0012B1  00001A  0012CB      2562       0  CODE        2
                text60                         0012CB  00001B  0012E6      2596       0  CODE        2
                text51                         0012E6  00001B  001301      25CC       0  CODE        2
                text14                         001301  00001B  00131C      2602       0  CODE        2
                text33                         00131C  00001C  001338      2638       0  CODE        2
                text2                          001338  00001C  001354      2670       0  CODE        2
                text38                         001354  00001E  001372      26A8       0  CODE        2
                text19                         001372  00001F  001391      26E4       0  CODE        2
                text4                          001391  000021  0013B2      2722       0  CODE        2
                text46                         0013B2  000022  0013D4      2764       0  CODE        2
                text1                          0013D4  000024  0013F8      27A8       0  CODE        2
                text58                         0013F8  000027  00141F      27F0       0  CODE        2
                text28                         00141F  000027  001446      283E       0  CODE        2
                text15                         001446  000029  00146F      288C       0  CODE        2
                text57                         00146F  00002A  001499      28DE       0  CODE        2
                text36                         001499  00002A  0014C3      2932       0  CODE        2
                text6                          0014C3  00002D  0014F0      2986       0  CODE        2
                text16                         0014F0  00002E  00151E      29E0       0  CODE        2
                text24                         00151E  000030  00154E      2A3C       0  CODE        2
                text12                         00154E  000030  00157E      2A9C       0  CODE        2
                text11                         00157E  000030  0015AE      2AFC       0  CODE        2
                text5                          0015AE  000038  0015E6      2B5C       0  CODE        2
                text41                         0015E6  00003C  001622      2BCC       0  CODE        2
                text26                         001622  00003D  00165F      2C44       0  CODE        2
                text49                         00165F  00003F  00169E      2CBE       0  CODE        2
                text34                         00169E  000043  0016E1      2D3C       0  CODE        2
                text17                         0016E1  000044  001725      2DC2       0  CODE        2
                text59                         001725  000046  00176B      2E4A       0  CODE        2
                text54                         00176B  00004A  0017B5      2ED6       0  CODE        2
                text10                         0017B5  00004B  001800      2F6A       0  CODE        2
                stringtext1                    001800  00005F  00185F      3000       0  STRCODE     2
                config                         008007  000004  00800B     1000E       0  CONFIG      2


UNUSED ADDRESS RANGES

        Name                Unused          Largest block    Delta
        BANK1            000ED-000EF               3           1
        BANK10           00520-0056F              50           1
        BANK11           005A0-005EF              50           1
        BANK12           00620-0064F              30           1
        BANK2            00164-0016F               C           1
        BANK3            001DD-001EF              13           1
        BANK4            00220-0026F              50           1
        BANK5            002A0-002EF              50           1
        BANK6            00320-0036F              50           1
        BANK7            003A0-003EF              50           1
        BANK8            00420-0046F              50           1
        BANK9            004A0-004EF              50           1
        BIGRAM           02000-023EF             3F0           1
        CODE             01000-011CB             1CC           2
                         0185F-01FFF             7A1
        CONST            01000-011CB             100           2
                         0185F-01FFF             100
        EEDATA           0F000-0F0FF             100           2
        ENTRY            01000-011CB             100           2
                         0185F-01FFF             100
        IDLOC            08000-08003               4           2
        RAM              000ED-000EF               3           1
                         00164-0016F               C
                         001DD-001EF              13
                         00220-0026F              50
                         002A0-002EF              50
                         00320-0036F              50
                         003A0-003EF              50
                         00420-0046F              50
                         004A0-004EF              50
                         00520-0056F              50
                         005A0-005EF              50
                         00620-0064F              30
        SFR0             00000-0001F              20           1
        SFR1             00080-0009F              20           1
        SFR10            00500-0051F              20           1
        SFR11            00580-0059F              20           1
        SFR12            00600-0061F              20           1
        SFR13            00680-006EF              70           1
        SFR14            00700-0076F              70           1
        SFR15            00780-007EF              70           1
        SFR16            00800-0086F              70           1
        SFR17            00880-008EF              70           1
        SFR18            00900-0096F              70           1
        SFR19            00980-009EF              70           1
        SFR2             00100-0011F              20           1
        SFR20            00A00-00A6F              70           1
        SFR21            00A80-00AEF              70           1
        SFR22            00B00-00B6F              70           1
        SFR23            00B80-00BEF              70           1
        SFR24            00C00-00C6F              70           1
        SFR25            00C80-00CEF              70           1
        SFR26            00D00-00D6F              70           1
        SFR27            00D80-00DEF              70           1
        SFR28            00E00-00E6F              70           1
        SFR29            00E80-00EEF              70           1
        SFR3             00180-0019F              20           1
        SFR30            00F00-00F6F              70           1
        SFR31            00F80-00FEF              70           1
        SFR4             00200-0021F              20           1
        SFR5             00280-0029F              20           1
        SFR6             00300-0031F              20           1
        SFR7             00380-0039F              20           1
        SFR8             00400-0041F              20           1
        SFR9             00480-0049F              20           1
        STACK            0212D-023EF             2C3           1
        STRCODE          01000-011CB             1CC           2
                         0185F-01FFF             7A1
        STRING           01000-011CB             100           2
                         0185F-01FFF             100

                                  Symbol Table

?___altoft                      cstackBANK0  00028
?___awtoft                      cstackBANK0  00028
?___ftadd                       cstackBANK0  0002E
?___ftdiv                       cstackBANK0  0003B
?___ftmul                       cstackBANK0  00057
?___ftneg                       cstackBANK0  00057
?___ftpack                      cstackBANK0  00020
?___ftsub                       cstackBANK0  0003B
?___fttol                       cstackBANK0  00067
?___lbtoft                      cstackBANK0  00028
?___lldiv                       cstackBANK0  00020
?___llmod                       cstackBANK0  0002E
?___lltoft                      cstackBANK0  00028
?___lmul                        cstackBANK0  00020
?___lwmod                       cstackBANK0  00020
?___wmul                        cstackBANK0  00020
?_atof                          cstackBANK1  000A8
?_getADCValue                   cstackBANK0  0004B
?_sprintf                       cstackBANK0  00038
?_strchr                        cstackBANK0  00020
?_strcmp                        cstackBANK0  00020
?_strcspn                       cstackBANK0  00027
?_strlen                        cstackBANK0  00020
?_strspn                        cstackBANK0  00027
?_strtod                        cstackBANK0  00067
?i1_strcmp                      cstackCOMMON 00070
_ADCON0bits                     (abs)        0009D
_ADCON1bits                     (abs)        0009E
_ADRESH                         (abs)        0009C
_ADRESL                         (abs)        0009B
_ANSELA                         (abs)        0018C
_ANSELAbits                     (abs)        0018C
_ANSELC                         (abs)        0018E
_ANSELCbits                     (abs)        0018E
_FVRCONbits                     (abs)        00117
_INLVLA                         (abs)        0038C
_INLVLC                         (abs)        0038E
_INTCONbits                     (abs)        0000B
_ISR                            intentry     00004
_ODCONA                         (abs)        0028C
_ODCONAbits                     (abs)        0028C
_ODCONC                         (abs)        0028E
_OSCCON1bits                    (abs)        00919
_PIE0bits                       (abs)        00090
_PIR0bits                       (abs)        00010
_PORTAbits                      (abs)        0000C
_PORTCbits                      (abs)        0000E
_RC0PPSbits                     (abs)        00EA0
_RC1PPSbits                     (abs)        00EA1
_RC2PPSbits                     (abs)        00EA2
_RXPacket                       bssBANK3     001A0
_SSP1BUF                        (abs)        00211
_SSP1CON1bits                   (abs)        00215
_SSP1STATbits                   (abs)        00214
_STATUS                         (abs)        00003
_TRISAbits                      (abs)        0008C
_TRISCbits                      (abs)        0008E
_TXPacket                       bssBANK1     000E8
_WDTCONbits                     (abs)        00097
_WPUA                           (abs)        0020C
_WPUAbits                       (abs)        0020C
_WPUC                           (abs)        0020E
__CFG_BOREN$OFF                 (abs)        00000
__CFG_BORV$LOW                  (abs)        00000
__CFG_CLKOUTEN$OFF              (abs)        00000
__CFG_CP$OFF                    (abs)        00000
__CFG_CPD$OFF                   (abs)        00000
__CFG_CSWEN$ON                  (abs)        00000
__CFG_DEBUG$OFF                 (abs)        00000
__CFG_FCMEN$ON                  (abs)        00000
__CFG_FEXTOSC$OFF               (abs)        00000
__CFG_LPBOREN$OFF               (abs)        00000
__CFG_LVP$ON                    (abs)        00000
__CFG_MCLRE$ON                  (abs)        00000
__CFG_PPS1WAY$ON                (abs)        00000
__CFG_PWRTE$ON                  (abs)        00000
__CFG_RSTOSC$HFINT32            (abs)        00000
__CFG_STVREN$ON                 (abs)        00000
__CFG_WDTE$ON                   (abs)        00000
__CFG_WRT$OFF                   (abs)        00000
__Habs1                         abs1         00000
__Hbank0                        bank0        00000
__Hbank1                        bank1        00000
__Hbank10                       bank10       00000
__Hbank11                       bank11       00000
__Hbank12                       bank12       00000
__Hbank13                       bank13       00000
__Hbank14                       bank14       00000
__Hbank15                       bank15       00000
__Hbank16                       bank16       00000
__Hbank17                       bank17       00000
__Hbank18                       bank18       00000
__Hbank19                       bank19       00000
__Hbank2                        bank2        00000
__Hbank20                       bank20       00000
__Hbank21                       bank21       00000
__Hbank22                       bank22       00000
__Hbank23                       bank23       00000
__Hbank24                       bank24       00000
__Hbank25                       bank25       00000
__Hbank26                       bank26       00000
__Hbank27                       bank27       00000
__Hbank28                       bank28       00000
__Hbank29                       bank29       00000
__Hbank3                        bank3        00000
__Hbank30                       bank30       00000
__Hbank31                       bank31       00000
__Hbank4                        bank4        00000
__Hbank5                        bank5        00000
__Hbank6                        bank6        00000
__Hbank7                        bank7        00000
__Hbank8                        bank8        00000
__Hbank9                        bank9        00000
__Hbigram                       bigram       00000
__HbssBANK1                     bssBANK1     00000
__HbssBANK2                     bssBANK2     00000
__HbssBANK3                     bssBANK3     00000
__HbssCOMMON                    bssCOMMON    00000
__Hcinit                        cinit        0002E
__Hclrtext                      clrtext      00000
__Hcode                         code         00000
__Hcommon                       common       00000
__Hconfig                       config       0800B
__HcstackBANK0                  cstackBANK0  00000
__HcstackBANK1                  cstackBANK1  00000
__HcstackBANK2                  cstackBANK2  00000
__HcstackCOMMON                 cstackCOMMON 00000
__HdataBANK1                    dataBANK1    00000
__Heeprom_data                  eeprom_data  00000
__Hend_init                     end_init     00011
__Hfunctab                      functab      00000
__HidataBANK1                   idataBANK1   00000
__Hidloc                        idloc        00000
__Hinit                         init         0000F
__Hintentry                     intentry     0000F
__Hmaintext                     maintext     00000
__Hpowerup                      powerup      00000
__Hram                          ram          00000
__Hreset_vec                    reset_vec    00002
__Hsfr0                         sfr0         00000
__Hsfr1                         sfr1         00000
__Hsfr10                        sfr10        00000
__Hsfr11                        sfr11        00000
__Hsfr12                        sfr12        00000
__Hsfr13                        sfr13        00000
__Hsfr14                        sfr14        00000
__Hsfr15                        sfr15        00000
__Hsfr16                        sfr16        00000
__Hsfr17                        sfr17        00000
__Hsfr18                        sfr18        00000
__Hsfr19                        sfr19        00000
__Hsfr2                         sfr2         00000
__Hsfr20                        sfr20        00000
__Hsfr21                        sfr21        00000
__Hsfr22                        sfr22        00000
__Hsfr23                        sfr23        00000
__Hsfr24                        sfr24        00000
__Hsfr25                        sfr25        00000
__Hsfr26                        sfr26        00000
__Hsfr27                        sfr27        00000
__Hsfr28                        sfr28        00000
__Hsfr29                        sfr29        00000
__Hsfr3                         sfr3         00000
__Hsfr30                        sfr30        00000
__Hsfr31                        sfr31        00000
__Hsfr4                         sfr4         00000
__Hsfr5                         sfr5         00000
__Hsfr6                         sfr6         00000
__Hsfr7                         sfr7         00000
__Hsfr8                         sfr8         00000
__Hsfr9                         sfr9         00000
__Hspace_0                      (abs)        0800B
__Hspace_1                      (abs)        001DD
__Hspace_2                      (abs)        00000
__Hspace_3                      (abs)        00000
__Hstack                        stack        00000
__Hstrings                      strings      00000
__Hstringtext1                  stringtext1  00000
__Hstringtext10                 stringtext10 00000
__Hstringtext11                 stringtext11 00000
__Hstringtext12                 stringtext12 00000
__Hstringtext2                  stringtext2  00000
__Hstringtext3                  stringtext3  00000
__Hstringtext4                  stringtext4  00000
__Hstringtext5                  stringtext5  00000
__Hstringtext6                  stringtext6  00000
__Hstringtext7                  stringtext7  00000
__Hstringtext8                  stringtext8  00000
__Hstringtext9                  stringtext9  00000
__Htext                         text         00000
__Labs1                         abs1         00000
__Lbank0                        bank0        00000
__Lbank1                        bank1        00000
__Lbank10                       bank10       00000
__Lbank11                       bank11       00000
__Lbank12                       bank12       00000
__Lbank13                       bank13       00000
__Lbank14                       bank14       00000
__Lbank15                       bank15       00000
__Lbank16                       bank16       00000
__Lbank17                       bank17       00000
__Lbank18                       bank18       00000
__Lbank19                       bank19       00000
__Lbank2                        bank2        00000
__Lbank20                       bank20       00000
__Lbank21                       bank21       00000
__Lbank22                       bank22       00000
__Lbank23                       bank23       00000
__Lbank24                       bank24       00000
__Lbank25                       bank25       00000
__Lbank26                       bank26       00000
__Lbank27                       bank27       00000
__Lbank28                       bank28       00000
__Lbank29                       bank29       00000
__Lbank3                        bank3        00000
__Lbank30                       bank30       00000
__Lbank31                       bank31       00000
__Lbank4                        bank4        00000
__Lbank5                        bank5        00000
__Lbank6                        bank6        00000
__Lbank7                        bank7        00000
__Lbank8                        bank8        00000
__Lbank9                        bank9        00000
__Lbigram                       bigram       00000
__LbssBANK1                     bssBANK1     00000
__LbssBANK2                     bssBANK2     00000
__LbssBANK3                     bssBANK3     00000
__LbssCOMMON                    bssCOMMON    00000
__Lcinit                        cinit        00011
__Lclrtext                      clrtext      00000
__Lcode                         code         00000
__Lcommon                       common       00000
__Lconfig                       config       08007
__LcstackBANK0                  cstackBANK0  00000
__LcstackBANK1                  cstackBANK1  00000
__LcstackBANK2                  cstackBANK2  00000
__LcstackCOMMON                 cstackCOMMON 00000
__LdataBANK1                    dataBANK1    00000
__Leeprom_data                  eeprom_data  00000
__Lend_init                     end_init     0000F
__Lfunctab                      functab      00000
__LidataBANK1                   idataBANK1   00000
__Lidloc                        idloc        00000
__Linit                         init         0000F
__Lintentry                     intentry     00004
__Lmaintext                     maintext     00000
__Lpowerup                      powerup      00000
__Lram                          ram          00000
__Lreset_vec                    reset_vec    00000
__Lsfr0                         sfr0         00000
__Lsfr1                         sfr1         00000
__Lsfr10                        sfr10        00000
__Lsfr11                        sfr11        00000
__Lsfr12                        sfr12        00000
__Lsfr13                        sfr13        00000
__Lsfr14                        sfr14        00000
__Lsfr15                        sfr15        00000
__Lsfr16                        sfr16        00000
__Lsfr17                        sfr17        00000
__Lsfr18                        sfr18        00000
__Lsfr19                        sfr19        00000
__Lsfr2                         sfr2         00000
__Lsfr20                        sfr20        00000
__Lsfr21                        sfr21        00000
__Lsfr22                        sfr22        00000
__Lsfr23                        sfr23        00000
__Lsfr24                        sfr24        00000
__Lsfr25                        sfr25        00000
__Lsfr26                        sfr26        00000
__Lsfr27                        sfr27        00000
__Lsfr28                        sfr28        00000
__Lsfr29                        sfr29        00000
__Lsfr3                         sfr3         00000
__Lsfr30                        sfr30        00000
__Lsfr31                        sfr31        00000
__Lsfr4                         sfr4         00000
__Lsfr5                         sfr5         00000
__Lsfr6                         sfr6         00000
__Lsfr7                         sfr7         00000
__Lsfr8                         sfr8         00000
__Lsfr9                         sfr9         00000
__Lspace_0                      (abs)        00000
__Lspace_1                      (abs)        00000
__Lspace_2                      (abs)        00000
__Lspace_3                      (abs)        00000
__Lstack                        stack        00000
__Lstrings                      strings      00000
__Lstringtext1                  stringtext1  00000
__Lstringtext10                 stringtext10 00000
__Lstringtext11                 stringtext11 00000
__Lstringtext12                 stringtext12 00000
__Lstringtext2                  stringtext2  00000
__Lstringtext3                  stringtext3  00000
__Lstringtext4                  stringtext4  00000
__Lstringtext5                  stringtext5  00000
__Lstringtext6                  stringtext6  00000
__Lstringtext7                  stringtext7  00000
__Lstringtext8                  stringtext8  00000
__Lstringtext9                  stringtext9  00000
__Ltext                         text         00000
__S0                            (abs)        0800B
__S1                            (abs)        001DD
__S2                            (abs)        00000
__S3                            (abs)        00000
___altoft                       text26       01622
___altoft@c                     cstackBANK0  00028
___altoft@exp                   cstackBANK0  0002E
___altoft@sign                  cstackBANK0  0002F
___awtoft                       text46       013B2
___awtoft@c                     cstackBANK0  00028
___awtoft@sign                  cstackBANK0  0002D
___bmul                         text25       0121D
___bmul@multiplicand            cstackBANK0  00020
___bmul@multiplier              cstackBANK0  00023
___bmul@product                 cstackBANK0  00022
___ftadd                        text45       00F0A
___ftadd@exp1                   cstackBANK0  0003A
___ftadd@exp2                   cstackBANK0  00039
___ftadd@f1                     cstackBANK0  0002E
___ftadd@f2                     cstackBANK0  00031
___ftadd@sign                   cstackBANK0  00038
___ftdiv                        text44       00BF1
___ftdiv@cntr                   cstackBANK0  00045
___ftdiv@exp                    cstackBANK0  00049
___ftdiv@f1                     cstackBANK0  0003E
___ftdiv@f2                     cstackBANK0  0003B
___ftdiv@f3                     cstackBANK0  00046
___ftdiv@sign                   cstackBANK0  0004A
___ftge                         text41       015E6
___ftge@ff1                     cstackBANK0  00020
___ftge@ff2                     cstackBANK0  00023
___ftmul                        text40       00C9A
___ftmul@cntr                   cstackBANK0  00065
___ftmul@exp                    cstackBANK0  00061
___ftmul@f1                     cstackBANK0  00057
___ftmul@f2                     cstackBANK0  0005A
___ftmul@f3_as_product          cstackBANK0  00062
___ftmul@sign                   cstackBANK0  00066
___ftneg                        text39       011F8
___ftneg@f1                     cstackBANK0  00057
___ftpack                       text52       00921
___ftpack@arg                   cstackBANK0  00020
___ftpack@exp                   cstackBANK0  00023
___ftpack@sign                  cstackBANK0  00024
___ftsub                        text38       01354
___ftsub@f1                     cstackBANK0  0003E
___ftsub@f2                     cstackBANK0  0003B
___fttol                        text37       00AAA
___fttol@exp1                   cstackBANK1  000A5
___fttol@f1                     cstackBANK0  00067
___fttol@lval                   cstackBANK1  000A1
___fttol@sign1                  cstackBANK1  000A0
___int_sp                       stack        00000
___latbits                      (abs)        00002
___lbtoft                       text51       012E6
___lbtoft@c                     cstackBANK0  0002F
___lldiv                        text35       008CE
___lldiv@counter                cstackBANK0  0002D
___lldiv@dividend               cstackBANK0  00024
___lldiv@divisor                cstackBANK0  00020
___lldiv@quotient               cstackBANK0  00029
___llmod                        text34       0169E
___llmod@counter                cstackBANK0  00037
___llmod@dividend               cstackBANK0  00032
___llmod@divisor                cstackBANK0  0002E
___lltoft                       text36       01499
___lltoft@c                     cstackBANK0  00028
___lltoft@exp                   cstackBANK0  0002D
___lmul                         text24       0151E
___lmul@multiplicand            cstackBANK0  00024
___lmul@multiplier              cstackBANK0  00020
___lmul@product                 cstackBANK0  00028
___lwmod                        text6        014C3
___lwmod@counter                cstackBANK0  00025
___lwmod@dividend               cstackBANK0  00022
___lwmod@divisor                cstackBANK0  00020
___sp                           stack        00000
___wmul                         text33       0131C
___wmul@multiplicand            cstackBANK0  00022
___wmul@multiplier              cstackBANK0  00020
___wmul@product                 cstackBANK0  00024
__end_of_ISR                    intentry     0000F
__end_of___altoft               text26       0165F
__end_of___awtoft               text46       013D4
__end_of___bmul                 text25       0122F
__end_of___ftadd                text45       01000
__end_of___ftdiv                text44       00C9A
__end_of___ftge                 text41       01622
__end_of___ftmul                text40       00D4E
__end_of___ftneg                text39       01201
__end_of___ftpack               text52       00986
__end_of___ftsub                text38       01372
__end_of___fttol                text37       00B49
__end_of___lbtoft               text51       01301
__end_of___lldiv                text35       00921
__end_of___llmod                text34       016E1
__end_of___lltoft               text36       014C3
__end_of___lmul                 text24       0154E
__end_of___lwmod                text6        014F0
__end_of___wmul                 text33       01338
__end_of__initialization        cinit        0002A
__end_of_atof                   text21       01255
__end_of_checkTXPower           text47       01269
__end_of_doWDTSleep             text43       01280
__end_of_dpowers                stringtext1  01828
__end_of_enableInterrupts       text66       011F0
__end_of_exception              text69       011CF
__end_of_ftoa                   text30       00F0A
__end_of_getADCValue            text42       00AAA
__end_of_handleRXData           text9        00A16
__end_of_isdigit                text32       0121D
__end_of_isspace                text23       01242
__end_of_loop                   text7        00672
__end_of_main                   maintext     00BF1
__end_of_memset                 text29       012B1
__end_of_n_ADDRESS_MUL          stringtext3  01829
__end_of_n_ADDRESS_P0           stringtext2  01846
__end_of_nrf24l01CEHigh         text68       011D2
__end_of_nrf24l01CELow          text67       011D5
__end_of_nrf24l01CSHigh         text65       011D8
__end_of_nrf24l01CSLow          text62       011DB
__end_of_nrf24l01ChangeTXPower  text49       0169E
__end_of_nrf24l01CheckACK       text57       01499
__end_of_nrf24l01GetPipe        text5        015E6
__end_of_nrf24l01GetRXPacket    text48       00004
__end_of_nrf24l01ISR            text54       017B5
__end_of_nrf24l01Init           text1        013F8
__end_of_nrf24l01InitRegisters  text3        00778
__end_of_nrf24l01InterfaceInit  text2        01354
__end_of_nrf24l01ReceivePacket  text55       008CE
__end_of_nrf24l01SPIEnd         text64       011E8
__end_of_nrf24l01SPISend        text63       0120E
__end_of_nrf24l01SPIStart       text61       011F8
__end_of_nrf24l01Send           text50       00800
__end_of_nrf24l01SendACK        text16       0151E
__end_of_nrf24l01SendPacket     text18       00E18
__end_of_nrf24l01SetRXMode      text20       00881
__end_of_nrf24l01SetRXPipe      text4        013B2
__end_of_nrf24l01SetTXPipe      text17       01725
__end_of_setMessage             text27       007E0
__end_of_sleep                  text8        00835
__end_of_sprintf                text31       004C3
__end_of_strcat                 text28       01446
__end_of_strchr                 text13       012CB
__end_of_strcmp                 text15       0146F
__end_of_strcpy                 text14       0131C
__end_of_strcspn                text12       0157E
__end_of_strlen                 text19       01391
__end_of_strspn                 text11       015AE
__end_of_strtod                 text22       002F6
__end_of_strtok                 text10       01800
__end_ofi1_memset               text56       01298
__end_ofi1_nrf24l01Send         text60       012E6
__end_ofi1_nrf24l01SetRXMode    text59       0176B
__end_ofi1_strcmp               text58       0141F
__initialization                cinit        00011
__pbssBANK1                     bssBANK1     000E8
__pbssBANK2                     bssBANK2     00150
__pbssBANK3                     bssBANK3     001A0
__pbssCOMMON                    bssCOMMON    0007D
__pcstackBANK0                  cstackBANK0  00020
__pcstackBANK1                  cstackBANK1  000A0
__pcstackBANK2                  cstackBANK2  00120
__pcstackCOMMON                 cstackCOMMON 00070
__pdataBANK1                    dataBANK1    000EC
__pidataBANK1                   idataBANK1   011CC
__pintentry                     intentry     00004
__pmaintext                     maintext     00B49
__pstringtext1                  stringtext1  01800
__pstringtext10                 stringtext10 01859
__pstringtext11                 stringtext11 0185D
__pstringtext12                 stringtext12 00000
__pstringtext2                  stringtext2  01841
__pstringtext3                  stringtext3  01828
__pstringtext4                  stringtext4  01834
__pstringtext5                  stringtext5  0183B
__pstringtext6                  stringtext6  01846
__pstringtext7                  stringtext7  0184B
__pstringtext8                  stringtext8  01850
__pstringtext9                  stringtext9  01855
__ptext1                        text1        013D4
__ptext10                       text10       017B5
__ptext11                       text11       0157E
__ptext12                       text12       0154E
__ptext13                       text13       012B1
__ptext14                       text14       01301
__ptext15                       text15       01446
__ptext16                       text16       014F0
__ptext17                       text17       016E1
__ptext18                       text18       00D4E
__ptext19                       text19       01372
__ptext2                        text2        01338
__ptext20                       text20       00835
__ptext21                       text21       01242
__ptext22                       text22       0002E
__ptext23                       text23       0122F
__ptext24                       text24       0151E
__ptext25                       text25       0121D
__ptext26                       text26       01622
__ptext27                       text27       00778
__ptext28                       text28       0141F
__ptext29                       text29       01298
__ptext3                        text3        00672
__ptext30                       text30       00E18
__ptext31                       text31       002F6
__ptext32                       text32       0120E
__ptext33                       text33       0131C
__ptext34                       text34       0169E
__ptext35                       text35       008CE
__ptext36                       text36       01499
__ptext37                       text37       00AAA
__ptext38                       text38       01354
__ptext39                       text39       011F8
__ptext4                        text4        01391
__ptext40                       text40       00C9A
__ptext41                       text41       015E6
__ptext42                       text42       00A16
__ptext43                       text43       01269
__ptext44                       text44       00BF1
__ptext45                       text45       00F0A
__ptext46                       text46       013B2
__ptext47                       text47       01255
__ptext48                       text48       00002
__ptext49                       text49       0165F
__ptext5                        text5        015AE
__ptext50                       text50       007E0
__ptext51                       text51       012E6
__ptext52                       text52       00921
__ptext54                       text54       0176B
__ptext55                       text55       00881
__ptext56                       text56       01280
__ptext57                       text57       0146F
__ptext58                       text58       013F8
__ptext59                       text59       01725
__ptext6                        text6        014C3
__ptext60                       text60       012CB
__ptext61                       text61       011F0
__ptext62                       text62       011D8
__ptext63                       text63       01201
__ptext64                       text64       011E1
__ptext65                       text65       011D5
__ptext66                       text66       011E8
__ptext67                       text67       011D2
__ptext68                       text68       011CF
__ptext69                       text69       011CD
__ptext7                        text7        004C3
__ptext8                        text8        00800
__ptext9                        text9        00986
__size_of_ISR                   (abs)        00000
__size_of___altoft              (abs)        00000
__size_of___awtoft              (abs)        00000
__size_of___bmul                (abs)        00000
__size_of___ftadd               (abs)        00000
__size_of___ftdiv               (abs)        00000
__size_of___ftge                (abs)        00000
__size_of___ftmul               (abs)        00000
__size_of___ftneg               (abs)        00000
__size_of___ftpack              (abs)        00000
__size_of___ftsub               (abs)        00000
__size_of___fttol               (abs)        00000
__size_of___lbtoft              (abs)        00000
__size_of___lldiv               (abs)        00000
__size_of___llmod               (abs)        00000
__size_of___lltoft              (abs)        00000
__size_of___lmul                (abs)        00000
__size_of___lwmod               (abs)        00000
__size_of___wmul                (abs)        00000
__size_of_atof                  (abs)        00000
__size_of_checkTXPower          (abs)        00000
__size_of_doWDTSleep            (abs)        00000
__size_of_enableInterrupts      (abs)        00000
__size_of_exception             (abs)        00000
__size_of_ftoa                  (abs)        00000
__size_of_getADCValue           (abs)        00000
__size_of_handleRXData          (abs)        00000
__size_of_isdigit               (abs)        00000
__size_of_isspace               (abs)        00000
__size_of_loop                  (abs)        00000
__size_of_main                  (abs)        00000
__size_of_memset                (abs)        00000
__size_of_nrf24l01CEHigh        (abs)        00000
__size_of_nrf24l01CELow         (abs)        00000
__size_of_nrf24l01CSHigh        (abs)        00000
__size_of_nrf24l01CSLow         (abs)        00000
__size_of_nrf24l01ChangeTXPower (abs)        00000
__size_of_nrf24l01CheckACK      (abs)        00000
__size_of_nrf24l01GetPipe       (abs)        00000
__size_of_nrf24l01GetRXPacket   (abs)        00000
__size_of_nrf24l01ISR           (abs)        00000
__size_of_nrf24l01Init          (abs)        00000
__size_of_nrf24l01InitRegisters (abs)        00000
__size_of_nrf24l01InterfaceInit (abs)        00000
__size_of_nrf24l01ReceivePacket (abs)        00000
__size_of_nrf24l01SPIEnd        (abs)        00000
__size_of_nrf24l01SPISend       (abs)        00000
__size_of_nrf24l01SPIStart      (abs)        00000
__size_of_nrf24l01Send          (abs)        00000
__size_of_nrf24l01SendACK       (abs)        00000
__size_of_nrf24l01SendPacket    (abs)        00000
__size_of_nrf24l01SetRXMode     (abs)        00000
__size_of_nrf24l01SetRXPipe     (abs)        00000
__size_of_nrf24l01SetTXPipe     (abs)        00000
__size_of_setMessage            (abs)        00000
__size_of_sleep                 (abs)        00000
__size_of_sprintf               (abs)        00000
__size_of_strcat                (abs)        00000
__size_of_strchr                (abs)        00000
__size_of_strcmp                (abs)        00000
__size_of_strcpy                (abs)        00000
__size_of_strcspn               (abs)        00000
__size_of_strlen                (abs)        00000
__size_of_strspn                (abs)        00000
__size_of_strtod                (abs)        00000
__size_of_strtok                (abs)        00000
__size_ofi1_memset              (abs)        00000
__size_ofi1_nrf24l01Send        (abs)        00000
__size_ofi1_nrf24l01SetRXMode   (abs)        00000
__size_ofi1_strcmp              (abs)        00000
_atof                           text21       01242
_checkTXPower                   text47       01255
_counter                        bssBANK2     00150
_doWDTSleep                     text43       01269
_dpowers                        stringtext1  01800
_enableInterrupts               text66       011E8
_exception                      text69       011CD
_ftoa                           text30       00E18
_getADCValue                    text42       00A16
_handleRXData                   text9        00986
_isdigit                        text32       0120E
_isdigit$1851                   cstackBANK0  00020
_isspace                        text23       0122F
_isspace$1854                   cstackBANK0  00020
_loop                           text7        004C3
_loop$2140                      cstackBANK2  00126
_loop$2141                      cstackBANK2  00129
_loop$900                       cstackBANK2  0012D
_main                           maintext     00B49
_memset                         text29       01298
_n_ADDRESS_MUL                  stringtext3  01828
_n_ADDRESS_P0                   stringtext2  01841
_nrf24l01                       bssBANK1     000EB
_nrf24l01CEHigh                 text68       011CF
_nrf24l01CELow                  text67       011D2
_nrf24l01CSHigh                 text65       011D5
_nrf24l01CSLow                  text62       011D8
_nrf24l01ChangeTXPower          text49       0165F
_nrf24l01CheckACK               text57       0146F
_nrf24l01GetPipe                text5        015AE
_nrf24l01GetRXPacket            text48       00002
_nrf24l01ISR                    text54       0176B
_nrf24l01Init                   text1        013D4
_nrf24l01InitRegisters          text3        00672
_nrf24l01InterfaceInit          text2        01338
_nrf24l01ReceivePacket          text55       00881
_nrf24l01SPIEnd                 text64       011E1
_nrf24l01SPISend                text63       01201
_nrf24l01SPIStart               text61       011F0
_nrf24l01Send                   text50       007E0
_nrf24l01SendACK                text16       014F0
_nrf24l01SendPacket             text18       00D4E
_nrf24l01SetRXMode              text20       00835
_nrf24l01SetRXPipe              text4        01391
_nrf24l01SetTXPipe              text17       016E1
_romData                        dataBANK1    000EC
_romDataMap                     bssBANK3     001C1
_setMessage                     text27       00778
_sleep                          text8        00800
_sprintf                        text31       002F6
_strcat                         text28       0141F
_strchr                         text13       012B1
_strcmp                         text15       01446
_strcpy                         text14       01301
_strcspn                        text12       0154E
_strlen                         text19       01372
_strspn                         text11       0157E
_strtod                         text22       0002E
_strtok                         text10       017B5
atof@s                          cstackBANK0  0006E
btemp                           (abs)        0007E
checkTXPower@rxPacket           cstackBANK0  00028
clear_ram0                      clrtext      011DB
doWDTSleep@wdtps                cstackBANK0  00021
enableInterrupts@enable         cstackCOMMON 00070
end_of_initialization           cinit        0002A
ftoa@buf                        bssBANK2     00153
ftoa@cp                         cstackBANK1  000B2
ftoa@f                          cstackBANK1  000A6
ftoa@l                          cstackBANK1  000AE
ftoa@rem                        cstackBANK1  000AA
ftoa@status                     cstackBANK1  000A9
getADCValue@adcLoop             cstackBANK0  00051
getADCValue@adcSum              cstackBANK0  00054
getADCValue@channel             cstackBANK0  00053
handleRXData@RXPacket           cstackBANK1  000BC
handleRXData@string             cstackBANK1  000AC
handleRXData@strings            cstackBANK1  000BD
i1_memset                       text56       01280
i1_nrf24l01Send                 text60       012CB
i1_nrf24l01SetRXMode            text59       01725
i1_strcmp                       text58       013F8
i1memset@c                      cstackCOMMON 00072
i1memset@n                      cstackCOMMON 00074
i1memset@p                      cstackCOMMON 00076
i1memset@p1                     cstackCOMMON 00070
i1nrf24l01Send@command          cstackCOMMON 00073
i1nrf24l01Send@data             cstackCOMMON 00071
i1nrf24l01SetRXMode@config      cstackCOMMON 00075
i1nrf24l01SetRXMode@rxMode      cstackCOMMON 00076
i1strcmp@r                      cstackCOMMON 00074
i1strcmp@s1                     cstackCOMMON 00070
i1strcmp@s2                     cstackCOMMON 00072
int$flags                       (abs)        0007E
intlevel0                       functab      00000
intlevel1                       functab      00000
intlevel2                       functab      00000
intlevel3                       functab      00000
intlevel4                       functab      00000
intlevel5                       functab      00000
isdigit@c                       cstackBANK0  00021
isspace@c                       cstackBANK0  00021
loop@packet                     cstackBANK2  0012F
loop@rfSetup                    cstackBANK2  0012C
loop@ta                         cstackBANK2  00123
loop@vt                         cstackBANK2  00120
main@bootStatus                 cstackBANK1  000C5
main@packet                     cstackBANK1  000C7
main@pipe                       cstackBANK1  000C6
memset@c                        cstackBANK0  00022
memset@n                        cstackBANK0  00024
memset@p                        cstackBANK0  00026
memset@p1                       cstackBANK0  00020
nrf24l01ChangeTXPower@addPower  cstackBANK0  00023
nrf24l01ChangeTXPower@rfSetup   cstackBANK0  00026
nrf24l01GetPipe@i               cstackBANK0  0002A
nrf24l01GetPipe@name            cstackBANK0  00029
nrf24l01GetPipe@pipe            cstackBANK0  00028
nrf24l01ISR@status              cstackCOMMON 0007C
nrf24l01InitRegisters@DynPD     cstackBANK0  0002F
nrf24l01InitRegisters@channel   cstackBANK0  00029
nrf24l01InitRegisters@config    cstackBANK0  00030
nrf24l01InitRegisters@enAA      cstackBANK0  0002E
nrf24l01InitRegisters@feature   cstackBANK0  0002B
nrf24l01InitRegisters@i         cstackBANK0  00031
nrf24l01InitRegisters@rfSetup   cstackBANK0  0002C
nrf24l01InitRegisters@setupAW   cstackBANK0  0002A
nrf24l01InitRegisters@status    cstackBANK0  0002D
nrf24l01ReceivePacket@i         cstackCOMMON 0007A
nrf24l01ReceivePacket@width     cstackCOMMON 00079
nrf24l01SPISend@data            cstackCOMMON 00070
nrf24l01Send@command            cstackBANK0  00022
nrf24l01Send@data               cstackBANK0  00020
nrf24l01SendACK@packet          cstackBANK0  0002F
nrf24l01SendPacket@Packet       cstackBANK0  00027
nrf24l01SendPacket@i            cstackBANK0  0002D
nrf24l01SetRXMode@config        cstackBANK0  00024
nrf24l01SetRXMode@rxMode        cstackBANK0  00025
nrf24l01SetRXPipe@enRXAddr      cstackBANK0  00026
nrf24l01SetRXPipe@pipe          cstackBANK0  00025
nrf24l01SetTXPipe@pipe          cstackBANK0  00026
reset_vec                       reset_vec    00000
setMessage@packet               cstackBANK1  000B9
setMessage@status               cstackBANK1  000C1
setMessage@topic                cstackBANK1  000BB
setMessage@value                cstackBANK1  000BD
sleep@milliseconds              cstackBANK1  000BE
sprintf@ap                      cstackBANK0  00049
sprintf@c                       cstackBANK0  00053
sprintf@f                       cstackBANK0  00038
sprintf@flag                    cstackBANK0  00048
sprintf@prec                    cstackBANK0  00051
sprintf@sp                      cstackBANK0  0004E
sprintf@val                     cstackBANK0  0004A
sprintf@width                   cstackBANK0  0004F
stackhi                         (abs)        023EF
stacklo                         (abs)        0212D
start                           init         0000F
start_initialization            cinit        00011
strcat@cp                       cstackBANK1  000B7
strcat@from                     cstackBANK1  000B5
strcat@to                       cstackBANK1  000B3
strchr@chr                      cstackBANK0  00022
strchr@ptr                      cstackBANK0  00020
strcmp@r                        cstackBANK0  00024
strcmp@s1                       cstackBANK0  00020
strcmp@s2                       cstackBANK0  00022
strcpy@cp                       cstackBANK0  00024
strcpy@from                     cstackBANK0  00022
strcpy@to                       cstackBANK0  00020
strcspn@i                       cstackBANK0  0002B
strcspn@s1                      cstackBANK0  0002D
strcspn@s2                      cstackBANK0  00027
strlen@cp                       cstackBANK0  00024
strlen@s                        cstackBANK0  00020
strspn@i                        cstackBANK0  0002B
strspn@s1                       cstackBANK0  0002D
strspn@s2                       cstackBANK0  00027
strtod@_u                       cstackBANK1  000A3
strtod@eexp                     cstackBANK1  000A0
strtod@expon                    cstackBANK1  000A2
strtod@flags                    cstackBANK1  000A1
strtod@res                      cstackBANK0  00067
strtod@s                        cstackBANK1  000A7
strtok@s1                       cstackBANK0  00033
strtok@s2                       cstackBANK0  0002E
strtok@sp                       bssCOMMON    0007D
wtemp0                          (abs)        0007E


FUNCTION INFORMATION:

 *************** function _main *****************
 Defined at:
		line 245 in file "main.c"
 Parameters:    Size  Location     Type
		None
 Auto vars:     Size  Location     Type
  packet         33   39[BANK1 ] struct .
  pipe            1   38[BANK1 ] unsigned char 
  bootStatus      1   37[BANK1 ] unsigned char 
 Return value:  Size  Location     Type
                  1    wreg      void 
 Registers used:
		wreg, fsr0l, fsr0h, fsr1l, fsr1h, status,2, status,0, pclath, cstack
 Tracked objects:
		On entry : 
		On exit  : 
		Unchanged: 
 Data sizes:     COMMON   BANK0   BANK1   BANK2   BANK3   BANK4   BANK5   BANK6   BANK7   BANK8   BANK9  BANK10  BANK11  BANK12
      Params:         0       0       0       0       0       0       0       0       0       0       0       0       0       0
      Locals:         0       0      35       0       0       0       0       0       0       0       0       0       0       0
      Temps:          0       0       1       0       0       0       0       0       0       0       0       0       0       0
      Totals:         0       0      36       0       0       0       0       0       0       0       0       0       0       0
Total ram usage:       36 bytes
 Hardware stack levels required when called:   16
 This function calls:
		___lbtoft
		_loop
		_nrf24l01GetPipe
		_nrf24l01Init
		_nrf24l01SendPacket
		_nrf24l01SetRXPipe
		_nrf24l01SetTXPipe
		_setMessage
		_sleep
		_strcpy
 This function is called by:
		Startup code after reset
 This function uses a non-reentrant model


 *************** function _nrf24l01Init *****************
 Defined at:
		line 450 in file "nrf24l01.c"
 Parameters:    Size  Location     Type
		None
 Auto vars:     Size  Location     Type
		None
 Return value:  Size  Location     Type
                  1    wreg      void 
 Registers used:
		wreg, fsr0l, fsr0h, status,2, status,0, pclath, cstack
 Tracked objects:
		On entry : 
		On exit  : 
		Unchanged: 
 Data sizes:     COMMON   BANK0   BANK1   BANK2   BANK3   BANK4   BANK5   BANK6   BANK7   BANK8   BANK9  BANK10  BANK11  BANK12
      Params:         0       0       0       0       0       0       0       0       0       0       0       0       0       0
      Locals:         0       0       0       0       0       0       0       0       0       0       0       0       0       0
      Temps:          0       2       0       0       0       0       0       0       0       0       0       0       0       0
      Totals:         0       2       0       0       0       0       0       0       0       0       0       0       0       0
Total ram usage:        2 bytes
 Hardware stack levels used:    1
 Hardware stack levels required when called:   12
 This function calls:
		_nrf24l01CEHigh
		_nrf24l01CELow
		_nrf24l01InitRegisters
		_nrf24l01InterfaceInit
 This function is called by:
		_main
 This function uses a non-reentrant model


 *************** function _nrf24l01InterfaceInit *****************
 Defined at:
		line 27 in file "interface.c"
 Parameters:    Size  Location     Type
		None
 Auto vars:     Size  Location     Type
		None
 Return value:  Size  Location     Type
                  1    wreg      void 
 Registers used:
		wreg, status,2, status,0
 Tracked objects:
		On entry : 
		On exit  : 
		Unchanged: 
 Data sizes:     COMMON   BANK0   BANK1   BANK2   BANK3   BANK4   BANK5   BANK6   BANK7   BANK8   BANK9  BANK10  BANK11  BANK12
      Params:         0       0       0       0       0       0       0       0       0       0       0       0       0       0
      Locals:         0       0       0       0       0       0       0       0       0       0       0       0       0       0
      Temps:          0       0       0       0       0       0       0       0       0       0       0       0       0       0
      Totals:         0       0       0       0       0       0       0       0       0       0       0       0       0       0
Total ram usage:        0 bytes
 Hardware stack levels used:    1
 Hardware stack levels required when called:    7
 This function calls:
		Nothing
 This function is called by:
		_nrf24l01Init
 This function uses a non-reentrant model


 *************** function _nrf24l01InitRegisters *****************
 Defined at:
		line 349 in file "nrf24l01.c"
 Parameters:    Size  Location     Type
		None
 Auto vars:     Size  Location     Type
  i               2   17[BANK0 ] unsigned int 
  config          1   16[BANK0 ] struct .
  DynPD           1   15[BANK0 ] struct .
  enAA            1   14[BANK0 ] struct .
  status          1   13[BANK0 ] struct .
  rfSetup         1   12[BANK0 ] struct .
[...]
		_nrf24l01InitRegisters
		i1_nrf24l01Send
 This function uses a non-reentrant model


 *************** function _nrf24l01CSLow *****************
 Defined at:
		line 17 in file "interface.c"
 Parameters:    Size  Location     Type
		None
 Auto vars:     Size  Location     Type
		None
 Return value:  Size  Location     Type
                  1    wreg      void 
 Registers used:
		None
 Tracked objects:
		On entry : 
		On exit  : 
		Unchanged: 
 Data sizes:     COMMON   BANK0   BANK1   BANK2   BANK3   BANK4   BANK5   BANK6   BANK7   BANK8   BANK9  BANK10  BANK11  BANK12
      Params:         0       0       0       0       0       0       0       0       0       0       0       0       0       0
      Locals:         0       0       0       0       0       0       0       0       0       0       0       0       0       0
      Temps:          0       0       0       0       0       0       0       0       0       0       0       0       0       0
      Totals:         0       0       0       0       0       0       0       0       0       0       0       0       0       0
Total ram usage:        0 bytes
 Hardware stack levels used:    1
 Hardware stack levels required when called:    7
 This function calls:
		Nothing
 This function is called by:
		_nrf24l01SPIStart
 This function uses a non-reentrant model


 *************** function _nrf24l01SPISend *****************
 Defined at:
		line 51 in file "interface.c"
 Parameters:    Size  Location     Type
  data            1    wreg     unsigned char 
 Auto vars:     Size  Location     Type
  data            1    0[COMMON] unsigned char 
 Return value:  Size  Location     Type
                  1    wreg      unsigned char 
 Registers used:
		wreg
 Tracked objects:
		On entry : 
		On exit  : 
		Unchanged: 
 Data sizes:     COMMON   BANK0   BANK1   BANK2   BANK3   BANK4   BANK5   BANK6   BANK7   BANK8   BANK9  BANK10  BANK11  BANK12
      Params:         0       0       0       0       0       0       0       0       0       0       0       0       0       0
      Locals:         0       0       0       0       0       0       0       0       0       0       0       0       0       0
      Temps:          0       0       0       0       0       0       0       0       0       0       0       0       0       0
      Totals:         0       0       0       0       0       0       0       0       0       0       0       0       0       0
Total ram usage:        0 bytes
 Hardware stack levels used:    1
 Hardware stack levels required when called:    7
 This function calls:
		Nothing
 This function is called by:
		_nrf24l01Send
		_nrf24l01ReceivePacket
		_nrf24l01SendPacket
		_nrf24l01SetTXPipe
		_nrf24l01InitRegisters
		i1_nrf24l01Send
 This function uses a non-reentrant model


 *************** function _nrf24l01SPIEnd *****************
 Defined at:
		line 70 in file "interface.c"
 Parameters:    Size  Location     Type
		None
 Auto vars:     Size  Location     Type
		None
 Return value:  Size  Location     Type
                  1    wreg      void 
 Registers used:
		wreg, status,2, status,0, pclath, cstack
 Tracked objects:
		On entry : 
		On exit  : 
		Unchanged: 
 Data sizes:     COMMON   BANK0   BANK1   BANK2   BANK3   BANK4   BANK5   BANK6   BANK7   BANK8   BANK9  BANK10  BANK11  BANK12
      Params:         0       0       0       0       0       0       0       0       0       0       0       0       0       0
      Locals:         0       0       0       0       0       0       0       0       0       0       0       0       0       0
      Temps:          0       0       0       0       0       0       0       0       0       0       0       0       0       0
      Totals:         0       0       0       0       0       0       0       0       0       0       0       0       0       0
Total ram usage:        0 bytes
 Hardware stack levels used:    1
 Hardware stack levels required when called:    8
 This function calls:
		_nrf24l01CSHigh
 This function is called by:
		_nrf24l01Send
		_nrf24l01ReceivePacket
		_nrf24l01SendPacket
		_nrf24l01SetTXPipe
		_nrf24l01InitRegisters
		i1_nrf24l01Send
 This function uses a non-reentrant model


 *************** function _nrf24l01CSHigh *****************
 Defined at:
		line 22 in file "interface.c"
 Parameters:    Size  Location     Type
		None
 Auto vars:     Size  Location     Type
		None
 Return value:  Size  Location     Type
                  1    wreg      void 
 Registers used:
		None
 Tracked objects:
		On entry : 
		On exit  : 
		Unchanged: 
 Data sizes:     COMMON   BANK0   BANK1   BANK2   BANK3   BANK4   BANK5   BANK6   BANK7   BANK8   BANK9  BANK10  BANK11  BANK12
      Params:         0       0       0       0       0       0       0       0       0       0       0       0       0       0
      Locals:         0       0       0       0       0       0       0       0       0       0       0       0       0       0
      Temps:          0       0       0       0       0       0       0       0       0       0       0       0       0       0
      Totals:         0       0       0       0       0       0       0       0       0       0       0       0       0       0
Total ram usage:        0 bytes
 Hardware stack levels used:    1
 Hardware stack levels required when called:    7
 This function calls:
		Nothing
 This function is called by:
		_nrf24l01SPIEnd
 This function uses a non-reentrant model


 *************** function _enableInterrupts *****************
 Defined at:
		line 76 in file "interface.c"
 Parameters:    Size  Location     Type
  enable          1    wreg     unsigned char 
 Auto vars:     Size  Location     Type
  enable          1    0[COMMON] unsigned char 
 Return value:  Size  Location     Type
                  1    wreg      void 
 Registers used:
		wreg, status,0
 Tracked objects:
		On entry : 
		On exit  : 
		Unchanged: 
 Data sizes:     COMMON   BANK0   BANK1   BANK2   BANK3   BANK4   BANK5   BANK6   BANK7   BANK8   BANK9  BANK10  BANK11  BANK12
      Params:         0       0       0       0       0       0       0       0       0       0       0       0       0       0
      Locals:         0       0       0       0       0       0       0       0       0       0       0       0       0       0
      Temps:          0       0       0       0       0       0       0       0       0       0       0       0       0       0
      Totals:         0       0       0       0       0       0       0       0       0       0       0       0       0       0
Total ram usage:        0 bytes
 Hardware stack levels used:    1
 Hardware stack levels required when called:    7
 This function calls:
		Nothing
 This function is called by:
		_nrf24l01Send
		_nrf24l01SendPacket
		i1_nrf24l01Send
 This function uses a non-reentrant model


 *************** function _nrf24l01CELow *****************
 Defined at:
		line 7 in file "interface.c"
 Parameters:    Size  Location     Type
		None
 Auto vars:     Size  Location     Type
		None
 Return value:  Size  Location     Type
                  1    wreg      void 
 Registers used:
		None
 Tracked objects:
		On entry : 
		On exit  : 
		Unchanged: 
 Data sizes:     COMMON   BANK0   BANK1   BANK2   BANK3   BANK4   BANK5   BANK6   BANK7   BANK8   BANK9  BANK10  BANK11  BANK12
      Params:         0       0       0       0       0       0       0       0       0       0       0       0       0       0
      Locals:         0       0       0       0       0       0       0       0       0       0       0       0       0       0
      Temps:          0       0       0       0       0       0       0       0       0       0       0       0       0       0
      Totals:         0       0       0       0       0       0       0       0       0       0       0       0       0       0
Total ram usage:        0 bytes
 Hardware stack levels used:    1
 Hardware stack levels required when called:    7
 This function calls:
		Nothing
 This function is called by:
		_nrf24l01SetRXMode
		_nrf24l01ReceivePacket
		_nrf24l01SendPacket
		_nrf24l01Init
		i1_nrf24l01SetRXMode
 This function uses a non-reentrant model


 *************** function _nrf24l01CEHigh *****************
 Defined at:
		line 12 in file "interface.c"
 Parameters:    Size  Location     Type
		None
 Auto vars:     Size  Location     Type
		None
 Return value:  Size  Location     Type
                  1    wreg      void 
 Registers used:
		None
 Tracked objects:
		On entry : 
		On exit  : 
		Unchanged: 
 Data sizes:     COMMON   BANK0   BANK1   BANK2   BANK3   BANK4   BANK5   BANK6   BANK7   BANK8   BANK9  BANK10  BANK11  BANK12
      Params:         0       0       0       0       0       0       0       0       0       0       0       0       0       0
      Locals:         0       0       0       0       0       0       0       0       0       0       0       0       0       0
      Temps:          0       0       0       0       0       0       0       0       0       0       0       0       0       0
      Totals:         0       0       0       0       0       0       0       0       0       0       0       0       0       0
Total ram usage:        0 bytes
 Hardware stack levels used:    1
 Hardware stack levels required when called:    7
 This function calls:
		Nothing
 This function is called by:
		_nrf24l01SetRXMode
		_nrf24l01ReceivePacket
		_nrf24l01SendPacket
		_nrf24l01Init
		i1_nrf24l01SetRXMode
 This function uses a non-reentrant model


 *************** function _exception *****************
 Defined at:
		line 80 in file "interface.c"
 Parameters:    Size  Location     Type
  exception       1    wreg     unsigned char 
 Auto vars:     Size  Location     Type
  exception       1    0[COMMON] unsigned char 
 Return value:  Size  Location     Type
                  1    wreg      void 
 Registers used:
		wreg
 Tracked objects:
		On entry : 
		On exit  : 
		Unchanged: 
 Data sizes:     COMMON   BANK0   BANK1   BANK2   BANK3   BANK4   BANK5   BANK6   BANK7   BANK8   BANK9  BANK10  BANK11  BANK12
      Params:         0       0       0       0       0       0       0       0       0       0       0       0       0       0
      Locals:         0       0       0       0       0       0       0       0       0       0       0       0       0       0
      Temps:          0       0       0       0       0       0       0       0       0       0       0       0       0       0
      Totals:         0       0       0       0       0       0       0       0       0       0       0       0       0       0
Total ram usage:        0 bytes
 Hardware stack levels used:    1
 This function calls:
		Nothing
 This function is called by:
		_nrf24l01ISR
 This function uses a non-reentrant model



MODULE INFORMATION

Module		Function		Class		Link	Load	Size
C:\Program Files (x86)\Microchip\xc8\v2.00\pic\sources\c90\common\ftneg.c
		___ftneg       		CODE           	11F8	0000	10

C:\Program Files (x86)\Microchip\xc8\v2.00\pic\sources\c90\common\ftneg.c estimated size: 10

C:\Program Files (x86)\Microchip\xc8\v2.00\pic\sources\c90\common\strspn.c
		_strspn        		CODE           	157E	0000	49

C:\Program Files (x86)\Microchip\xc8\v2.00\pic\sources\c90\common\strspn.c estimated size: 49

C:\Program Files (x86)\Microchip\xc8\v2.00\pic\sources\c90\common\ftsub.c
		___ftsub       		CODE           	1354	0000	31

C:\Program Files (x86)\Microchip\xc8\v2.00\pic\sources\c90\common\ftsub.c estimated size: 31

C:\Program Files (x86)\Microchip\xc8\v2.00\pic\sources\c90\common\float.c
		___ftpack      		CODE           	0921	0000	102

C:\Program Files (x86)\Microchip\xc8\v2.00\pic\sources\c90\common\float.c estimated size: 102

C:\Program Files (x86)\Microchip\xc8\v2.00\pic\sources\c90\common\lwmod.c
		___lwmod       		CODE           	14C3	0000	46

C:\Program Files (x86)\Microchip\xc8\v2.00\pic\sources\c90\common\lwmod.c estimated size: 46

C:\Program Files (x86)\Microchip\xc8\v2.00\pic\sources\c90\common\doprnt.c
		_sprintf       		CODE           	02F6	0000	462

C:\Program Files (x86)\Microchip\xc8\v2.00\pic\sources\c90\common\doprnt.c estimated size: 462

C:\Program Files (x86)\Microchip\xc8\v2.00\pic\sources\c90\common\llmod.c
		___llmod       		CODE           	169E	0000	68

C:\Program Files (x86)\Microchip\xc8\v2.00\pic\sources\c90\common\llmod.c estimated size: 68

C:\Program Files (x86)\Microchip\xc8\v2.00\pic\sources\c90\common\Umul16.c
		___wmul        		CODE           	131C	0000	29

C:\Program Files (x86)\Microchip\xc8\v2.00\pic\sources\c90\common\Umul16.c estimated size: 29

C:\Program Files (x86)\Microchip\xc8\v2.00\pic\sources\c90\common\isspace.c
		_isspace       		CODE           	122F	0000	20

C:\Program Files (x86)\Microchip\xc8\v2.00\pic\sources\c90\common\isspace.c estimated size: 20

C:\Program Files (x86)\Microchip\xc8\v2.00\pic\sources\c90\common\ftmul.c
		___ftmul       		CODE           	0C9A	0000	181

C:\Program Files (x86)\Microchip\xc8\v2.00\pic\sources\c90\common\ftmul.c estimated size: 181

C:\Program Files (x86)\Microchip\xc8\v2.00\pic\sources\c90\common\ftdiv.c
		___ftdiv       		CODE           	0BF1	0000	170

C:\Program Files (x86)\Microchip\xc8\v2.00\pic\sources\c90\common\ftdiv.c estimated size: 170

C:\Program Files (x86)\Microchip\xc8\v2.00\pic\sources\c90\common\strtok.c
		_strtok        		CODE           	17B5	0000	76

C:\Program Files (x86)\Microchip\xc8\v2.00\pic\sources\c90\common\strtok.c estimated size: 76

C:\Program Files (x86)\Microchip\xc8\v2.00\pic\sources\c90\common\__lldiv.c
		___lldiv       		CODE           	08CE	0000	84

C:\Program Files (x86)\Microchip\xc8\v2.00\pic\sources\c90\common\__lldiv.c estimated size: 84

C:\Program Files (x86)\Microchip\xc8\v2.00\pic\sources\c90\common\ftoa.c
		_ftoa          		CODE           	0E18	0000	243

C:\Program Files (x86)\Microchip\xc8\v2.00\pic\sources\c90\common\ftoa.c estimated size: 243

C:\Program Files (x86)\Microchip\xc8\v2.00\pic\sources\c90\common\Umul32.c
		___lmul        		CODE           	151E	0000	49

C:\Program Files (x86)\Microchip\xc8\v2.00\pic\sources\c90\common\Umul32.c estimated size: 49

C:\Program Files (x86)\Microchip\xc8\v2.00\pic\sources\c90\common\isdigit.c
		_isdigit       		CODE           	120E	0000	16

C:\Program Files (x86)\Microchip\xc8\v2.00\pic\sources\c90\common\isdigit.c estimated size: 16

C:\Program Files (x86)\Microchip\xc8\v2.00\pic\sources\c90\common\atof.c
		_atof          		CODE           	1242	0000	20
		_strtod        		CODE           	002E	0000	713

C:\Program Files (x86)\Microchip\xc8\v2.00\pic\sources\c90\common\atof.c estimated size: 733

C:\Program Files (x86)\Microchip\xc8\v2.00\pic\sources\c90\common\Umul8.c
		___bmul        		CODE           	121D	0000	19

C:\Program Files (x86)\Microchip\xc8\v2.00\pic\sources\c90\common\Umul8.c estimated size: 19

C:\Program Files (x86)\Microchip\xc8\v2.00\pic\sources\c90\common\strcat.c
		_strcat        		CODE           	141F	0000	40

C:\Program Files (x86)\Microchip\xc8\v2.00\pic\sources\c90\common\strcat.c estimated size: 40

shared
		i1_nrf24l01Send		CODE           	12CB	0000	28
		_dpowers       		STRCODE        	1800	0000	41
		i1_strcmp      		CODE           	13F8	0000	40
		i1_nrf24l01SetRXMode		CODE           	1725	0000	71
		_n_ADDRESS_P0  		STRCODE        	1841	0000	6
		_n_ADDRESS_MUL 		STRCODE        	1828	0000	2
		__initialization		CODE           	0011	0000	26
		i1_memset      		CODE           	1280	0000	25

shared estimated size: 239

interface.c
		_nrf24l01SPISend		CODE           	1201	0000	14
		_exception     		CODE           	11CD	0000	3
		_nrf24l01CELow 		CODE           	11D2	0000	4
		_nrf24l01CSLow 		CODE           	11D8	0000	4
		_nrf24l01SPIStart		CODE           	11F0	0000	9
		_nrf24l01SPIEnd		CODE           	11E1	0000	8
		_nrf24l01CEHigh		CODE           	11CF	0000	4
		_nrf24l01CSHigh		CODE           	11D5	0000	4
		_enableInterrupts		CODE           	11E8	0000	9
		_nrf24l01InterfaceInit		CODE           	1338	0000	29

interface.c estimated size: 88

C:\Program Files (x86)\Microchip\xc8\v2.00\pic\sources\c90\common\fttol.c
		___fttol       		CODE           	0AAA	0000	160

C:\Program Files (x86)\Microchip\xc8\v2.00\pic\sources\c90\common\fttol.c estimated size: 160

C:\Program Files (x86)\Microchip\xc8\v2.00\pic\sources\c90\common\strcspn.c
		_strcspn       		CODE           	154E	0000	49

C:\Program Files (x86)\Microchip\xc8\v2.00\pic\sources\c90\common\strcspn.c estimated size: 49

C:\Program Files (x86)\Microchip\xc8\v2.00\pic\sources\c90\common\strlen.c
		_strlen        		CODE           	1372	0000	32

C:\Program Files (x86)\Microchip\xc8\v2.00\pic\sources\c90\common\strlen.c estimated size: 32

C:\Program Files (x86)\Microchip\xc8\v2.00\pic\sources\c90\common\ftge.c
		___ftge        		CODE           	15E6	0000	61

C:\Program Files (x86)\Microchip\xc8\v2.00\pic\sources\c90\common\ftge.c estimated size: 61

C:\Program Files (x86)\Microchip\xc8\v2.00\pic\sources\c90\common\ftadd.c
		___ftadd       		CODE           	0F0A	0000	247

C:\Program Files (x86)\Microchip\xc8\v2.00\pic\sources\c90\common\ftadd.c estimated size: 247

C:\Program Files (x86)\Microchip\xc8\v2.00\pic\sources\c90\common\strcmp.c
		_strcmp        		CODE           	1446	0000	42

C:\Program Files (x86)\Microchip\xc8\v2.00\pic\sources\c90\common\strcmp.c estimated size: 42

C:\Program Files (x86)\Microchip\xc8\v2.00\pic\sources\c90\common\strchr.c
		_strchr        		CODE           	12B1	0000	27

C:\Program Files (x86)\Microchip\xc8\v2.00\pic\sources\c90\common\strchr.c estimated size: 27

C:\Program Files (x86)\Microchip\xc8\v2.00\pic\sources\c90\common\awtoft.c
		___awtoft      		CODE           	13B2	0000	35

C:\Program Files (x86)\Microchip\xc8\v2.00\pic\sources\c90\common\awtoft.c estimated size: 35

C:\Program Files (x86)\Microchip\xc8\v2.00\pic\sources\c90\common\strcpy.c
		_strcpy        		CODE           	1301	0000	28

C:\Program Files (x86)\Microchip\xc8\v2.00\pic\sources\c90\common\strcpy.c estimated size: 28

nrf24l01.c
		_nrf24l01ChangeTXPower		CODE           	165F	0000	64
		_nrf24l01SendPacket		CODE           	0D4E	0000	203
		_nrf24l01InitRegisters		CODE           	0672	0000	263
		_nrf24l01CheckACK		CODE           	146F	0000	43
		_nrf24l01ISR   		CODE           	176B	0000	75
		_nrf24l01Send  		CODE           	07E0	0000	33
		_nrf24l01Init  		CODE           	13D4	0000	37
		_nrf24l01SetRXMode		CODE           	0835	0000	77
		_nrf24l01SetRXPipe		CODE           	1391	0000	34
		_nrf24l01SetTXPipe		CODE           	16E1	0000	69
		_nrf24l01GetRXPacket		CODE           	0002	0000	3
		_nrf24l01SendACK		CODE           	14F0	0000	47
		_nrf24l01ReceivePacket		CODE           	0881	0000	78

nrf24l01.c estimated size: 1026

C:\Program Files (x86)\Microchip\xc8\v2.00\pic\sources\c90\common\lbtoft.c
		___lbtoft      		CODE           	12E6	0000	28

C:\Program Files (x86)\Microchip\xc8\v2.00\pic\sources\c90\common\lbtoft.c estimated size: 28

C:\Program Files (x86)\Microchip\xc8\v2.00\pic\sources\c90\common\altoft.c
		___altoft      		CODE           	1622	0000	62

C:\Program Files (x86)\Microchip\xc8\v2.00\pic\sources\c90\common\altoft.c estimated size: 62

C:\Program Files (x86)\Microchip\xc8\v2.00\pic\sources\c90\common\memset.c
		_memset        		CODE           	1298	0000	26

C:\Program Files (x86)\Microchip\xc8\v2.00\pic\sources\c90\common\memset.c estimated size: 26

main.c
		_loop          		CODE           	04C3	0000	432
		_nrf24l01GetPipe		CODE           	15AE	0000	57
		_checkTXPower  		CODE           	1255	0000	21
		_setMessage    		CODE           	0778	0000	105
		_ISR           		CODE           	0004	0000	12
		_main          		CODE           	0B49	0000	169
		_handleRXData  		CODE           	0986	0000	145
		_doWDTSleep    		CODE           	1269	0000	24
		_getADCValue   		CODE           	0A16	0000	149
		_sleep         		CODE           	0800	0000	54

main.c estimated size: 1168

C:\Program Files (x86)\Microchip\xc8\v2.00\pic\sources\c90\common\lltoft.c
		___lltoft      		CODE           	1499	0000	43

C:\Program Files (x86)\Microchip\xc8\v2.00\pic\sources\c90\common\lltoft.c estimated size: 43

