Microchip MPLAB XC8 Compiler V2.00 ()

Linker command line:

-W-3 --edf=C:\Program Files (x86)\Microchip\xc8\v2.00\pic\dat\en_msgs.txt \
  -cs -h+dist/default/production\nRF24L01__PIC16LF1825.X.X.production.sym \
  --cmf=dist/default/production\nRF24L01__PIC16LF1825.X.X.production.cmf -z \
  -Q16LF18325 -oC:\Users\Leon\AppData\Local\Temp\sagc.2 \
  --defsym=__MPLAB_BUILD=1 \
  -Mdist/default/production/nRF24L01__PIC16LF1825.X.X.production.map -E1 \
  -ver=XC8 -ASTACK=0212Dh-023efh -pstack=STACK -ACODE=00h-07FFhx4 \
  -ASTRCODE=00h-01FFFh -ASTRING=00h-0FFhx32 -ACONST=00h-0FFhx32 \
  -AENTRY=00h-0FFhx32 -ACOMMON=070h-07Fh -ABANK0=020h-06Fh \
  -ABANK1=0A0h-0EFh -ABANK2=0120h-016Fh -ABANK3=01A0h-01EFh \
  -ABANK4=0220h-026Fh -ABANK5=02A0h-02EFh -ABANK6=0320h-036Fh \
  -ABANK7=03A0h-03EFh -ABANK8=0420h-046Fh -ABANK9=04A0h-04EFh \
  -ABANK10=0520h-056Fh -ABANK11=05A0h-05EFh -ABANK12=0620h-064Fh \
  -ABIGRAM=02000h-023EFh \
  -ARAM=020h-06Fh,0A0h-0EFh,0120h-016Fh,01A0h-01EFh,0220h-026Fh,02A0h-02EFh,0320h-036Fh,03A0h-03EFh,0420h-046Fh,04A0h-04EFh,0520h-056Fh,05A0h-05EFh,0620h-064Fh \
  -AABS1=020h-07Fh,0A0h-0EFh,0120h-016Fh,01A0h-01EFh,0220h-026Fh,02A0h-02EFh,0320h-036Fh,03A0h-03EFh,0420h-046Fh,04A0h-04EFh,0520h-056Fh,05A0h-05EFh,0620h-064Fh \
  -ASFR0=00h-01Fh -ASFR1=080h-09Fh -ASFR2=0100h-011Fh -ASFR3=0180h-019Fh \
  -ASFR4=0200h-021Fh -ASFR5=0280h-029Fh -ASFR6=0300h-031Fh \
  -ASFR7=0380h-039Fh -ASFR8=0400h-041Fh -ASFR9=0480h-049Fh \
  -ASFR10=0500h-051Fh -ASFR11=0580h-059Fh -ASFR12=0600h-061Fh \
  -ASFR13=0680h-06EFh -ASFR14=0700h-076Fh -ASFR15=0780h-07EFh \
  -ASFR16=0800h-086Fh -ASFR17=0880h-08EFh -ASFR18=0900h-096Fh \
  -ASFR19=0980h-09EFh -ASFR20=0A00h-0A6Fh -ASFR21=0A80h-0AEFh \
  -ASFR22=0B00h-0B6Fh -ASFR23=0B80h-0BEFh -ASFR24=0C00h-0C6Fh \
  -ASFR25=0C80h-0CEFh -ASFR26=0D00h-0D6Fh -ASFR27=0D80h-0DEFh \
  -ASFR28=0E00h-0E6Fh -ASFR29=0E80h-0EEFh -ASFR30=0F00h-0F6Fh \
  -ASFR31=0F80h-0FEFh -preset_vec=00h,intentry=04h,init,end_init \
  -ppowerup=CODE -pcinit=CODE -pfunctab=ENTRY -ACONFIG=08007h-0800Ah \
  -pconfig=CONFIG -DCONFIG=2 -AIDLOC=08000h-08003h -pidloc=IDLOC -DIDLOC=2 \
  -AEEDATA=00h-0FFh/0F000h -peeprom_data=EEDATA -DEEDATA=2 -DCODE=2 \
  -DSTRCODE=2 -DSTRING=2 -DCONST=2 -DENTRY=2 -k \
  C:\Users\Leon\AppData\Local\Temp\sagc.o \
  dist/default/production\nRF24L01__PIC16LF1825.X.X.production.o 

Object code version is 3.11

Machine type is 16LF18325



                Name                               Link     Load   Length Selector   Space Scale
C:\Users\Leon\AppData\Local\Temp\sagc.o
                end_init                              F        F        2        8       0
                reset_vec                             0        0        2        0       0
                config                             8007     8007        4    1000E       0
dist/default/production\nRF24L01__PIC16LF1825.X.X.production.o
                cinit                                11       11       1C        8       0
                intentry                              4        4        B        8       0
                text60                             162B     162B        2     2C56       0
                text59                              82E      82E       27     105C       0
                text58                             162D     162D        3     2C5A       0
                text57                             1630     1630        3     2C60       0
                text56                             1646     1646        8     2C8C       0
                text55                             1633     1633        3     2C66       0
                text54                             163F     163F        7     2C7E       0
                text53                             1656     1656        D     2CAC       0
                text52                             1636     1636        3     2C6C       0
                text51                             164E     164E        8     2C9C       0
                text50                             16F2     16F2       1B     2DE4       0
                text49                              AD3      AD3       44     15A6       0
                text48                              901      901       2F     1202       0
                text47                             16C1     16C1       18     2D82       0
                text46                              BA4      BA4       4D     1748       0
                text45                              99D      99D       3B     133A       0
                text43                              C44      C44       65     1888       0
                text42                             170D     170D       1B     2E1A       0
                text41                             179D     179D       20     2F3A       0
                text40                              A51      A51       3F     14A2       0
                text39                                2        2        2        0       0
                text38                             1696     1696       14     2D2C       0
                text37                             17DE     17DE       22     2FBC       0
                text36                              4B2      4B2       F6        8       0
                text35                              DEE      DEE       A9     1BDC       0
                text34                             16AA     16AA       17     2D54       0
                text33                              D48      D48       A6     1A90       0
                text32                              9D8      9D8       3C     13B0       0
                text31                              E97      E97       B4     1D2E       0
                text30                              801      801        9     1002       0
                text29                             1760     1760       1E     2EC0       0
                text28                              CA9      CA9       9F     1952       0
                text27                              87C      87C       2A     10F8       0
                text26                              BF1      BF1       53     17E2       0
                text25                              A90      A90       43     1520       0
                text24                             1728     1728       1C     2E50       0
                text23                             1663     1663        F     2CC6       0
                text22                               2D       2D      1CD        8       0
                text21                              5A8      5A8       F2        8       0
                text20                             16D9     16D9       19     2DB2       0
                text19                              855      855       27     10AA       0
                text18                              775      775       6E        8       0
                text17                              930      930       35     1260       0
                text16                              B5B      B5B       49     16B6       0
                text15                             177E     177E       1F     2EFC       0
                text14                              69A      69A       DB        8       0
                text13                             1672     1672       12     2CE4       0
                text12                              B17      B17       44     162E       0
                text11                              8D3      8D3       2E     11A6       0
                text10                             1684     1684       12     2D08       0
                text9                               A14      A14       3D     1428       0
                text8                               1FA      1FA      1B2        8       0
                text7                               8A6      8A6       2D     114C       0
                text6                               965      965       38     12CA       0
                text5                              17BD     17BD       21     2F7A       0
                text4                               3AC      3AC      106        8       0
                text3                              1744     1744       1C     2E88       0
                text2                               80A      80A       24     1014       0
                text1                               7E3      7E3       1C        8       0
                maintext                            F4B      F4B       B5     1E96       0
                cstackBANK0                          20       20       50       20       1
                cstackCOMMON                         70       70        D       70       1
                cstackBANK1                          A0       A0       48       A0       1
                cstackBANK2                         120      120       30      120       1
                clrtext                            1639     1639        6     2C72       0
                bssBANK3                            1A0      1A0       3D      1A0       1
                bssBANK2                            150      150       14      120       1
                dataBANK1                            EB       EB        1       A0       1
                bssBANK1                             E8       E8        3       A0       1
                bssCOMMON                            7D       7D        1       70       1
                stringtext11                       1835     1835        2     3000       0
                stringtext10                       1831     1831        4     3000       0
                stringtext9                        182D     182D        4     3000       0
                stringtext8                        1828     1828        5     3000       0
                stringtext7                        1823     1823        5     3000       0
                stringtext6                        181E     181E        5     3000       0
                stringtext5                        1813     1813        6     3000       0
                stringtext4                        180C     180C        7     3000       0
                stringtext3                        1800     1800        C     3000       0
                stringtext2                        1819     1819        5     3000       0
                stringtext1                        1000     1000       28     2000       0
                idataBANK1                          7FF      7FF        1        8       0

TOTAL           Name                               Link     Load   Length     Space
        CLASS   STACK          

        CLASS   CODE           
                end_init                              F        F        2         0
                cinit                                11       11       1C         0
                intentry                              4        4        B         0
                reset_vec                             0        0        2         0
                text60                             162B     162B        2         0
                text59                              82E      82E       27         0
                text58                             162D     162D        3         0
                text57                             1630     1630        3         0
                text56                             1646     1646        8         0
                text55                             1633     1633        3         0
                text54                             163F     163F        7         0
                text53                             1656     1656        D         0
                text52                             1636     1636        3         0
                text51                             164E     164E        8         0
                text50                             16F2     16F2       1B         0
                text49                              AD3      AD3       44         0
                text48                              901      901       2F         0
                text47                             16C1     16C1       18         0
                text46                              BA4      BA4       4D         0
                text45                              99D      99D       3B         0
                text43                              C44      C44       65         0
                text42                             170D     170D       1B         0
                text41                             179D     179D       20         0
                text40                              A51      A51       3F         0
                text39                                2        2        2         0
                text38                             1696     1696       14         0
                text37                             17DE     17DE       22         0
                text36                              4B2      4B2       F6         0
                text35                              DEE      DEE       A9         0
                text34                             16AA     16AA       17         0
                text33                              D48      D48       A6         0
                text32                              9D8      9D8       3C         0
                text31                              E97      E97       B4         0
                text30                              801      801        9         0
                text29                             1760     1760       1E         0
                text28                              CA9      CA9       9F         0
                text27                              87C      87C       2A         0
                text26                              BF1      BF1       53         0
                text25                              A90      A90       43         0
                text24                             1728     1728       1C         0
                text23                             1663     1663        F         0
                text22                               2D       2D      1CD         0
                text21                              5A8      5A8       F2         0
                text20                             16D9     16D9       19         0
                text19                              855      855       27         0
                text18                              775      775       6E         0
                text17                              930      930       35         0
                text16                              B5B      B5B       49         0
                text15                             177E     177E       1F         0
                text14                              69A      69A       DB         0
                text13                             1672     1672       12         0
                text12                              B17      B17       44         0
                text11                              8D3      8D3       2E         0
                text10                             1684     1684       12         0
                text9                               A14      A14       3D         0
                text8                               1FA      1FA      1B2         0
                text7                               8A6      8A6       2D         0
                text6                               965      965       38         0
                text5                              17BD     17BD       21         0
                text4                               3AC      3AC      106         0
                text3                              1744     1744       1C         0
                text2                               80A      80A       24         0
                text1                               7E3      7E3       1C         0
                maintext                            F4B      F4B       B5         0
                clrtext                            1639     1639        6         0
                idataBANK1                          7FF      7FF        1         0

        CLASS   STRCODE        
                stringtext11                       1835     1835        2         0
                stringtext10                       1831     1831        4         0
                stringtext9                        182D     182D        4         0
                stringtext8                        1828     1828        5         0
                stringtext7                        1823     1823        5         0
                stringtext6                        181E     181E        5         0
                stringtext5                        1813     1813        6         0
                stringtext4                        180C     180C        7         0
                stringtext3                        1800     1800        C         0
                stringtext2                        1819     1819        5         0
                stringtext1                        1000     1000       28         0

        CLASS   STRING         

        CLASS   CONST          

        CLASS   ENTRY          

        CLASS   COMMON         
                cstackCOMMON                         70       70        D         1
                bssCOMMON                            7D       7D        1         1

        CLASS   BANK0          
                cstackBANK0                          20       20       50         1

        CLASS   BANK1          
                cstackBANK1                          A0       A0       48         1
                dataBANK1                            EB       EB        1         1
                bssBANK1                             E8       E8        3         1

        CLASS   BANK2          
                cstackBANK2                         120      120       30         1
                bssBANK2                            150      150       14         1

        CLASS   BANK3          
                bssBANK3                            1A0      1A0       3D         1

        CLASS   BANK4          

        CLASS   BANK5          

        CLASS   BANK6          

        CLASS   BANK7          

        CLASS   BANK8          

        CLASS   BANK9          

        CLASS   BANK10         

        CLASS   BANK11         

        CLASS   BANK12         

        CLASS   BIGRAM         

        CLASS   RAM            

        CLASS   ABS1           
                abs_s1                               7E       7E        2         1

        CLASS   SFR0           

        CLASS   SFR1           

        CLASS   SFR2           

        CLASS   SFR3           

        CLASS   SFR4           

        CLASS   SFR5           

        CLASS   SFR6           

        CLASS   SFR7           

        CLASS   SFR8           

        CLASS   SFR9           

        CLASS   SFR10          

        CLASS   SFR11          

        CLASS   SFR12          

        CLASS   SFR13          

        CLASS   SFR14          

        CLASS   SFR15          

        CLASS   SFR16          

        CLASS   SFR17          

        CLASS   SFR18          

        CLASS   SFR19          

        CLASS   SFR20          

        CLASS   SFR21          

        CLASS   SFR22          

        CLASS   SFR23          

        CLASS   SFR24          

        CLASS   SFR25          

        CLASS   SFR26          

        CLASS   SFR27          

        CLASS   SFR28          

        CLASS   SFR29          

        CLASS   SFR30          

        CLASS   SFR31          

        CLASS   CONFIG         
                config                             8007     8007        4         0

        CLASS   IDLOC          

        CLASS   EEDATA         

        CLASS   BANK31         

        CLASS   BANK30         

        CLASS   BANK29         

        CLASS   BANK28         

        CLASS   BANK27         

        CLASS   BANK26         

        CLASS   BANK25         

        CLASS   BANK24         

        CLASS   BANK23         

        CLASS   BANK22         

        CLASS   BANK21         

        CLASS   BANK20         

        CLASS   BANK19         

        CLASS   BANK18         

        CLASS   BANK17         

        CLASS   BANK16         

        CLASS   BANK15         

        CLASS   BANK14         

        CLASS   BANK13         



SEGMENTS        Name                           Load    Length   Top    Selector   Space  Class     Delta

                reset_vec                      000000  000004  000004         0       0  CODE        2
                intentry                       000004  0007FC  000800         8       0  CODE        2
                cstackBANK0                    000020  000050  000070        20       1  BANK0       1
                cstackCOMMON                   000070  00000E  00007E        70       1  COMMON      1
                cstackBANK1                    0000A0  00004C  0000EC        A0       1  BANK1       1
                cstackBANK2                    000120  000044  000164       120       1  BANK2       1
                bssBANK3                       0001A0  00003D  0001DD       1A0       1  BANK3       1
                text30                         000801  000009  00080A      1002       0  CODE        2
                text2                          00080A  000024  00082E      1014       0  CODE        2
                text59                         00082E  000027  000855      105C       0  CODE        2
                text19                         000855  000027  00087C      10AA       0  CODE        2
                text27                         00087C  00002A  0008A6      10F8       0  CODE        2
                text7                          0008A6  00002D  0008D3      114C       0  CODE        2
                text11                         0008D3  00002E  000901      11A6       0  CODE        2
                text48                         000901  00002F  000930      1202       0  CODE        2
                text17                         000930  000035  000965      1260       0  CODE        2
                text6                          000965  000038  00099D      12CA       0  CODE        2
                text45                         00099D  00003B  0009D8      133A       0  CODE        2
                text32                         0009D8  00003C  000A14      13B0       0  CODE        2
                text9                          000A14  00003D  000A51      1428       0  CODE        2
                text40                         000A51  00003F  000A90      14A2       0  CODE        2
                text25                         000A90  000043  000AD3      1520       0  CODE        2
                text49                         000AD3  000044  000B17      15A6       0  CODE        2
                text12                         000B17  000044  000B5B      162E       0  CODE        2
                text16                         000B5B  000049  000BA4      16B6       0  CODE        2
                text46                         000BA4  00004D  000BF1      1748       0  CODE        2
                text26                         000BF1  000053  000C44      17E2       0  CODE        2
                text43                         000C44  000065  000CA9      1888       0  CODE        2
                text28                         000CA9  00009F  000D48      1952       0  CODE        2
                text33                         000D48  0000A6  000DEE      1A90       0  CODE        2
                text35                         000DEE  0000A9  000E97      1BDC       0  CODE        2
                text31                         000E97  0000B4  000F4B      1D2E       0  CODE        2
                maintext                       000F4B  0000B5  001000      1E96       0  CODE        2
                stringtext1                    001000  000028  001028      2000       0  STRCODE     2
                text60                         00162B  000002  00162D      2C56       0  CODE        2
                text58                         00162D  000003  001630      2C5A       0  CODE        2
                text57                         001630  000003  001633      2C60       0  CODE        2
                text55                         001633  000003  001636      2C66       0  CODE        2
                text52                         001636  000003  001639      2C6C       0  CODE        2
                clrtext                        001639  000006  00163F      2C72       0  CODE        2
                text54                         00163F  000007  001646      2C7E       0  CODE        2
                text56                         001646  000008  00164E      2C8C       0  CODE        2
                text51                         00164E  000008  001656      2C9C       0  CODE        2
                text53                         001656  00000D  001663      2CAC       0  CODE        2
                text23                         001663  00000F  001672      2CC6       0  CODE        2
                text13                         001672  000012  001684      2CE4       0  CODE        2
                text10                         001684  000012  001696      2D08       0  CODE        2
                text38                         001696  000014  0016AA      2D2C       0  CODE        2
                text34                         0016AA  000017  0016C1      2D54       0  CODE        2
                text47                         0016C1  000018  0016D9      2D82       0  CODE        2
                text20                         0016D9  000019  0016F2      2DB2       0  CODE        2
                text50                         0016F2  00001B  00170D      2DE4       0  CODE        2
                text42                         00170D  00001B  001728      2E1A       0  CODE        2
                text24                         001728  00001C  001744      2E50       0  CODE        2
                text3                          001744  00001C  001760      2E88       0  CODE        2
                text29                         001760  00001E  00177E      2EC0       0  CODE        2
                text15                         00177E  00001F  00179D      2EFC       0  CODE        2
                text41                         00179D  000020  0017BD      2F3A       0  CODE        2
                text5                          0017BD  000021  0017DE      2F7A       0  CODE        2
                text37                         0017DE  000022  001800      2FBC       0  CODE        2
                stringtext3                    001800  000037  001837      3000       0  STRCODE     2
                config                         008007  000004  00800B     1000E       0  CONFIG      2


UNUSED ADDRESS RANGES

        Name                Unused          Largest block    Delta
        BANK1            000EC-000EF               4           1
        BANK10           00520-0056F              50           1
        BANK11           005A0-005EF              50           1
        BANK12           00620-0064F              30           1
        BANK2            00164-0016F               C           1
        BANK3            001DD-001EF              13           1
        BANK4            00220-0026F              50           1
        BANK5            002A0-002EF              50           1
        BANK6            00320-0036F              50           1
        BANK7            003A0-003EF              50           1
        BANK8            00420-0046F              50           1
        BANK9            004A0-004EF              50           1
        BIGRAM           02000-023EF             3F0           1
        CODE             00800-00800               1           2
                         01028-0162A             603
                         01837-01FFF             7C9
        CONST            00800-00800               1           2
                         01028-0162A             100
                         01837-01FFF             100
        EEDATA           0F000-0F0FF             100           2
        ENTRY            00800-00800               1           2
                         01028-0162A             100
                         01837-01FFF             100
        IDLOC            08000-08003               4           2
        RAM              000EC-000EF               4           1
                         00164-0016F               C
                         001DD-001EF              13
                         00220-0026F              50
                         002A0-002EF              50
                         00320-0036F              50
                         003A0-003EF              50
                         00420-0046F              50
                         004A0-004EF              50
                         00520-0056F              50
                         005A0-005EF              50
                         00620-0064F              30
        SFR0             00000-0001F              20           1
        SFR1             00080-0009F              20           1
        SFR10            00500-0051F              20           1
        SFR11            00580-0059F              20           1
        SFR12            00600-0061F              20           1
        SFR13            00680-006EF              70           1
        SFR14            00700-0076F              70           1
        SFR15            00780-007EF              70           1
        SFR16            00800-0086F              70           1
        SFR17            00880-008EF              70           1
        SFR18            00900-0096F              70           1
        SFR19            00980-009EF              70           1
        SFR2             00100-0011F              20           1
        SFR20            00A00-00A6F              70           1
        SFR21            00A80-00AEF              70           1
        SFR22            00B00-00B6F              70           1
        SFR23            00B80-00BEF              70           1
        SFR24            00C00-00C6F              70           1
        SFR25            00C80-00CEF              70           1
        SFR26            00D00-00D6F              70           1
        SFR27            00D80-00DEF              70           1
        SFR28            00E00-00E6F              70           1
        SFR29            00E80-00EEF              70           1
        SFR3             00180-0019F              20           1
        SFR30            00F00-00F6F              70           1
        SFR31            00F80-00FEF              70           1
        SFR4             00200-0021F              20           1
        SFR5             00280-0029F              20           1
        SFR6             00300-0031F              20           1
        SFR7             00380-0039F              20           1
        SFR8             00400-0041F              20           1
        SFR9             00480-0049F              20           1
        STACK            0212D-023EF             2C3           1
        STRCODE          00800-00800               1           2
                         01028-0162A             603
                         01837-01FFF             7C9
        STRING           00800-00800               1           2
                         01028-0162A             100
                         01837-01FFF             100

                                  Symbol Table

?___awtoft                      cstackBANK0  00028
?___ftadd                       cstackBANK0  0002E
?___ftdiv                       cstackBANK0  0003B
?___ftmul                       cstackBANK0  00057
?___ftneg                       cstackBANK0  00057
?___ftpack                      cstackBANK0  00020
?___ftsub                       cstackBANK0  0003B
?___fttol                       cstackBANK0  00067
?___lbtoft                      cstackBANK0  00028
?___lldiv                       cstackBANK0  00020
?___llmod                       cstackBANK0  0002E
?___lltoft                      cstackBANK0  00028
?___lwdiv                       cstackBANK0  00020
?___lwmod                       cstackBANK0  00020
?___wmul                        cstackBANK0  00020
?_getADCValue                   cstackBANK0  0004B
?_sprintf                       cstackBANK0  00038
?_strcmp                        cstackCOMMON 00070
?_strlen                        cstackBANK0  00020
_ADCON0bits                     (abs)        0009D
_ADCON1bits                     (abs)        0009E
_ADRESH                         (abs)        0009C
_ADRESL                         (abs)        0009B
_ANSELA                         (abs)        0018C
_ANSELAbits                     (abs)        0018C
_ANSELC                         (abs)        0018E
_ANSELCbits                     (abs)        0018E
_FVRCONbits                     (abs)        00117
_INLVLA                         (abs)        0038C
_INLVLC                         (abs)        0038E
_INTCONbits                     (abs)        0000B
_ISR                            intentry     00004
_ODCONA                         (abs)        0028C
_ODCONAbits                     (abs)        0028C
_ODCONC                         (abs)        0028E
_OSCCON1bits                    (abs)        00919
_PIE0bits                       (abs)        00090
_PIR0bits                       (abs)        00010
_PORTAbits                      (abs)        0000C
_PORTCbits                      (abs)        0000E
_RC0PPSbits                     (abs)        00EA0
_RC1PPSbits                     (abs)        00EA1
_RC2PPSbits                     (abs)        00EA2
_RXPacket                       bssBANK3     001A0
_SSP1BUF                        (abs)        00211
_SSP1CON1bits                   (abs)        00215
_SSP1STATbits                   (abs)        00214
_STATUS                         (abs)        00003
_TRISAbits                      (abs)        0008C
_TRISCbits                      (abs)        0008E
_TXPacket                       bssBANK1     000E8
_WDTCONbits                     (abs)        00097
_WPUA                           (abs)        0020C
_WPUAbits                       (abs)        0020C
_WPUC                           (abs)        0020E
__CFG_BOREN$OFF                 (abs)        00000
__CFG_BORV$LOW                  (abs)        00000
__CFG_CLKOUTEN$OFF              (abs)        00000
__CFG_CP$OFF                    (abs)        00000
__CFG_CPD$OFF                   (abs)        00000
__CFG_CSWEN$ON                  (abs)        00000
__CFG_DEBUG$OFF                 (abs)        00000
__CFG_FCMEN$ON                  (abs)        00000
__CFG_FEXTOSC$OFF               (abs)        00000
__CFG_LPBOREN$OFF               (abs)        00000
__CFG_LVP$ON                    (abs)        00000
__CFG_MCLRE$ON                  (abs)        00000
__CFG_PPS1WAY$ON                (abs)        00000
__CFG_PWRTE$ON                  (abs)        00000
__CFG_RSTOSC$HFINT32            (abs)        00000
__CFG_STVREN$ON                 (abs)        00000
__CFG_WDTE$ON                   (abs)        00000
__CFG_WRT$OFF                   (abs)        00000
__Habs1                         abs1         00000
__Hbank0                        bank0        00000
__Hbank1                        bank1        00000
__Hbank10                       bank10       00000
__Hbank11                       bank11       00000
__Hbank12                       bank12       00000
__Hbank13                       bank13       00000
__Hbank14                       bank14       00000
__Hbank15                       bank15       00000
__Hbank16                       bank16       00000
__Hbank17                       bank17       00000
__Hbank18                       bank18       00000
__Hbank19                       bank19       00000
__Hbank2                        bank2        00000
__Hbank20                       bank20       00000
__Hbank21                       bank21       00000
__Hbank22                       bank22       00000
__Hbank23                       bank23       00000
__Hbank24                       bank24       00000
__Hbank25                       bank25       00000
__Hbank26                       bank26       00000
__Hbank27                       bank27       00000
__Hbank28                       bank28       00000
__Hbank29                       bank29       00000
__Hbank3                        bank3        00000
__Hbank30                       bank30       00000
__Hbank31                       bank31       00000
__Hbank4                        bank4        00000
__Hbank5                        bank5        00000
__Hbank6                        bank6        00000
__Hbank7                        bank7        00000
__Hbank8                        bank8        00000
__Hbank9                        bank9        00000
__Hbigram                       bigram       00000
__HbssBANK1                     bssBANK1     00000
__HbssBANK2                     bssBANK2     00000
__HbssBANK3                     bssBANK3     00000
__HbssCOMMON                    bssCOMMON    00000
__Hcinit                        cinit        0002D
__Hclrtext                      clrtext      00000
__Hcode                         code         00000
__Hcommon                       common       00000
__Hconfig                       config       0800B
__HcstackBANK0                  cstackBANK0  00000
__HcstackBANK1                  cstackBANK1  00000
__HcstackBANK2                  cstackBANK2  00000
__HcstackCOMMON                 cstackCOMMON 00000
__HdataBANK1                    dataBANK1    00000
__Heeprom_data                  eeprom_data  00000
__Hend_init                     end_init     00011
__Hfunctab                      functab      00000
__HidataBANK1                   idataBANK1   00000
__Hidloc                        idloc        00000
__Hinit                         init         0000F
__Hintentry                     intentry     0000F
__Hmaintext                     maintext     00000
__Hpowerup                      powerup      00000
__Hram                          ram          00000
__Hreset_vec                    reset_vec    00002
__Hsfr0                         sfr0         00000
__Hsfr1                         sfr1         00000
__Hsfr10                        sfr10        00000
__Hsfr11                        sfr11        00000
__Hsfr12                        sfr12        00000
__Hsfr13                        sfr13        00000
__Hsfr14                        sfr14        00000
__Hsfr15                        sfr15        00000
__Hsfr16                        sfr16        00000
__Hsfr17                        sfr17        00000
__Hsfr18                        sfr18        00000
__Hsfr19                        sfr19        00000
__Hsfr2                         sfr2         00000
__Hsfr20                        sfr20        00000
__Hsfr21                        sfr21        00000
__Hsfr22                        sfr22        00000
__Hsfr23                        sfr23        00000
__Hsfr24                        sfr24        00000
__Hsfr25                        sfr25        00000
__Hsfr26                        sfr26        00000
__Hsfr27                        sfr27        00000
__Hsfr28                        sfr28        00000
__Hsfr29                        sfr29        00000
__Hsfr3                         sfr3         00000
__Hsfr30                        sfr30        00000
__Hsfr31                        sfr31        00000
__Hsfr4                         sfr4         00000
__Hsfr5                         sfr5         00000
__Hsfr6                         sfr6         00000
__Hsfr7                         sfr7         00000
__Hsfr8                         sfr8         00000
__Hsfr9                         sfr9         00000
__Hspace_0                      (abs)        0800B
__Hspace_1                      (abs)        001DD
__Hspace_2                      (abs)        00000
__Hspace_3                      (abs)        00000
__Hstack                        stack        00000
__Hstrings                      strings      00000
__Hstringtext1                  stringtext1  00000
__Hstringtext10                 stringtext10 00000
__Hstringtext11                 stringtext11 00000
__Hstringtext12                 stringtext12 00000
__Hstringtext2                  stringtext2  00000
__Hstringtext3                  stringtext3  00000
__Hstringtext4                  stringtext4  00000
__Hstringtext5                  stringtext5  00000
__Hstringtext6                  stringtext6  00000
__Hstringtext7                  stringtext7  00000
__Hstringtext8                  stringtext8  00000
__Hstringtext9                  stringtext9  00000
__Htext                         text         00000
__Labs1                         abs1         00000
__Lbank0                        bank0        00000
__Lbank1                        bank1        00000
__Lbank10                       bank10       00000
__Lbank11                       bank11       00000
__Lbank12                       bank12       00000
__Lbank13                       bank13       00000
__Lbank14                       bank14       00000
__Lbank15                       bank15       00000
__Lbank16                       bank16       00000
__Lbank17                       bank17       00000
__Lbank18                       bank18       00000
__Lbank19                       bank19       00000
__Lbank2                        bank2        00000
__Lbank20                       bank20       00000
__Lbank21                       bank21       00000
__Lbank22                       bank22       00000
__Lbank23                       bank23       00000
__Lbank24                       bank24       00000
__Lbank25                       bank25       00000
__Lbank26                       bank26       00000
__Lbank27                       bank27       00000
__Lbank28                       bank28       00000
__Lbank29                       bank29       00000
__Lbank3                        bank3        00000
__Lbank30                       bank30       00000
__Lbank31                       bank31       00000
__Lbank4                        bank4        00000
__Lbank5                        bank5        00000
__Lbank6                        bank6        00000
__Lbank7                        bank7        00000
__Lbank8                        bank8        00000
__Lbank9                        bank9        00000
__Lbigram                       bigram       00000
__LbssBANK1                     bssBANK1     00000
__LbssBANK2                     bssBANK2     00000
__LbssBANK3                     bssBANK3     00000
__LbssCOMMON                    bssCOMMON    00000
__Lcinit                        cinit        00011
__Lclrtext                      clrtext      00000
__Lcode                         code         00000
__Lcommon                       common       00000
__Lconfig                       config       08007
__LcstackBANK0                  cstackBANK0  00000
__LcstackBANK1                  cstackBANK1  00000
__LcstackBANK2                  cstackBANK2  00000
__LcstackCOMMON                 cstackCOMMON 00000
__LdataBANK1                    dataBANK1    00000
__Leeprom_data                  eeprom_data  00000
__Lend_init                     end_init     0000F
__Lfunctab                      functab      00000
__LidataBANK1                   idataBANK1   00000
__Lidloc                        idloc        00000
__Linit                         init         0000F
__Lintentry                     intentry     00004
__Lmaintext                     maintext     00000
__Lpowerup                      powerup      00000
__Lram                          ram          00000
__Lreset_vec                    reset_vec    00000
__Lsfr0                         sfr0         00000
__Lsfr1                         sfr1         00000
__Lsfr10                        sfr10        00000
__Lsfr11                        sfr11        00000
__Lsfr12                        sfr12        00000
__Lsfr13                        sfr13        00000
__Lsfr14                        sfr14        00000
__Lsfr15                        sfr15        00000
__Lsfr16                        sfr16        00000
__Lsfr17                        sfr17        00000
__Lsfr18                        sfr18        00000
__Lsfr19                        sfr19        00000
__Lsfr2                         sfr2         00000
__Lsfr20                        sfr20        00000
__Lsfr21                        sfr21        00000
__Lsfr22                        sfr22        00000
__Lsfr23                        sfr23        00000
__Lsfr24                        sfr24        00000
__Lsfr25                        sfr25        00000
__Lsfr26                        sfr26        00000
__Lsfr27                        sfr27        00000
__Lsfr28                        sfr28        00000
__Lsfr29                        sfr29        00000
__Lsfr3                         sfr3         00000
__Lsfr30                        sfr30        00000
__Lsfr31                        sfr31        00000
__Lsfr4                         sfr4         00000
__Lsfr5                         sfr5         00000
__Lsfr6                         sfr6         00000
__Lsfr7                         sfr7         00000
__Lsfr8                         sfr8         00000
__Lsfr9                         sfr9         00000
__Lspace_0                      (abs)        00000
__Lspace_1                      (abs)        00000
__Lspace_2                      (abs)        00000
__Lspace_3                      (abs)        00000
__Lstack                        stack        00000
__Lstrings                      strings      00000
__Lstringtext1                  stringtext1  00000
__Lstringtext10                 stringtext10 00000
__Lstringtext11                 stringtext11 00000
__Lstringtext12                 stringtext12 00000
__Lstringtext2                  stringtext2  00000
__Lstringtext3                  stringtext3  00000
__Lstringtext4                  stringtext4  00000
__Lstringtext5                  stringtext5  00000
__Lstringtext6                  stringtext6  00000
__Lstringtext7                  stringtext7  00000
__Lstringtext8                  stringtext8  00000
__Lstringtext9                  stringtext9  00000
__Ltext                         text         00000
__S0                            (abs)        0800B
__S1                            (abs)        001DD
__S2                            (abs)        00000
__S3                            (abs)        00000
___awtoft                       text37       017DE
___awtoft@c                     cstackBANK0  00028
___awtoft@sign                  cstackBANK0  0002D
___bmul                         text13       01672
___bmul@multiplicand            cstackBANK0  00020
___bmul@multiplier              cstackBANK0  00023
___bmul@product                 cstackBANK0  00022
___ftadd                        text36       004B2
___ftadd@exp1                   cstackBANK0  0003A
___ftadd@exp2                   cstackBANK0  00039
___ftadd@f1                     cstackBANK0  0002E
___ftadd@f2                     cstackBANK0  00031
___ftadd@sign                   cstackBANK0  00038
___ftdiv                        text35       00DEE
___ftdiv@cntr                   cstackBANK0  00045
___ftdiv@exp                    cstackBANK0  00049
___ftdiv@f1                     cstackBANK0  0003E
___ftdiv@f2                     cstackBANK0  0003B
___ftdiv@f3                     cstackBANK0  00046
___ftdiv@sign                   cstackBANK0  0004A
___ftge                         text32       009D8
___ftge@ff1                     cstackBANK0  00020
___ftge@ff2                     cstackBANK0  00023
___ftmul                        text31       00E97
___ftmul@cntr                   cstackBANK0  00065
___ftmul@exp                    cstackBANK0  00061
___ftmul@f1                     cstackBANK0  00057
___ftmul@f2                     cstackBANK0  0005A
___ftmul@f3_as_product          cstackBANK0  00062
___ftmul@sign                   cstackBANK0  00066
___ftneg                        text30       00801
___ftneg@f1                     cstackBANK0  00057
___ftpack                       text43       00C44
___ftpack@arg                   cstackBANK0  00020
___ftpack@exp                   cstackBANK0  00023
___ftpack@sign                  cstackBANK0  00024
___ftsub                        text29       01760
___ftsub@f1                     cstackBANK0  0003E
___ftsub@f2                     cstackBANK0  0003B
___fttol                        text28       00CA9
___fttol@exp1                   cstackBANK1  000A5
___fttol@f1                     cstackBANK0  00067
___fttol@lval                   cstackBANK1  000A1
___fttol@sign1                  cstackBANK1  000A0
___int_sp                       stack        00000
___latbits                      (abs)        00002
___lbtoft                       text42       0170D
___lbtoft@c                     cstackBANK0  0002F
___lldiv                        text26       00BF1
___lldiv@counter                cstackBANK0  0002D
___lldiv@dividend               cstackBANK0  00024
___lldiv@divisor                cstackBANK0  00020
___lldiv@quotient               cstackBANK0  00029
___llmod                        text25       00A90
___llmod@counter                cstackBANK0  00037
___llmod@dividend               cstackBANK0  00032
___llmod@divisor                cstackBANK0  0002E
___lltoft                       text27       0087C
___lltoft@c                     cstackBANK0  00028
___lltoft@exp                   cstackBANK0  0002D
___lwdiv                        text17       00930
___lwdiv@counter                cstackBANK0  00027
___lwdiv@dividend               cstackBANK0  00022
___lwdiv@divisor                cstackBANK0  00020
___lwdiv@quotient               cstackBANK0  00025
___lwmod                        text7        008A6
___lwmod@counter                cstackBANK0  00025
___lwmod@dividend               cstackBANK0  00022
___lwmod@divisor                cstackBANK0  00020
___sp                           stack        00000
___wmul                         text24       01728
___wmul@multiplicand            cstackBANK0  00022
___wmul@multiplier              cstackBANK0  00020
___wmul@product                 cstackBANK0  00024
__end_of_ISR                    intentry     0000F
__end_of___awtoft               text37       01800
__end_of___bmul                 text13       01684
__end_of___ftadd                text36       005A8
__end_of___ftdiv                text35       00E97
__end_of___ftge                 text32       00A14
__end_of___ftmul                text31       00F4B
__end_of___ftneg                text30       0080A
__end_of___ftpack               text43       00CA9
__end_of___ftsub                text29       0177E
__end_of___fttol                text28       00D48
__end_of___lbtoft               text42       01728
__end_of___lldiv                text26       00C44
__end_of___llmod                text25       00AD3
__end_of___lltoft               text27       008A6
__end_of___lwdiv                text17       00965
__end_of___lwmod                text7        008D3
__end_of___wmul                 text24       01744
__end_of__initialization        cinit        00029
__end_of_checkTXPower           text38       016AA
__end_of_doWDTSleep             text34       016C1
__end_of_dpowers                stringtext1  01028
__end_of_enableInterrupts       text56       0164E
__end_of_exception              text60       0162D
__end_of_ftoa                   text21       0069A
__end_of_getADCValue            text33       00DEE
__end_of_handleRXData           text10       01696
__end_of_isdigit                text23       01672
__end_of_loop                   text8        003AC
__end_of_main                   maintext     01000
__end_of_memset                 text20       016F2
__end_of_n_ADDRESS_MUL          stringtext3  01801
__end_of_n_ADDRESS_P0           stringtext2  0181E
__end_of_nrf24l01CEHigh         text58       01630
__end_of_nrf24l01CELow          text57       01633
__end_of_nrf24l01CSHigh         text55       01636
__end_of_nrf24l01CSLow          text52       01639
__end_of_nrf24l01ChangeTXPower  text40       00A90
__end_of_nrf24l01CheckACK       text48       00930
__end_of_nrf24l01GetPipe        text6        0099D
__end_of_nrf24l01GetRXPacket    text39       00004
__end_of_nrf24l01ISR            text45       009D8
__end_of_nrf24l01Init           text2        0082E
__end_of_nrf24l01InitRegisters  text4        004B2
__end_of_nrf24l01InterfaceInit  text3        01760
__end_of_nrf24l01ReceivePacket  text46       00BF1
__end_of_nrf24l01SPIEnd         text54       01646
__end_of_nrf24l01SPISend        text53       01663
__end_of_nrf24l01SPIStart       text51       01656
__end_of_nrf24l01Send           text41       017BD
__end_of_nrf24l01SendACK        text11       00901
__end_of_nrf24l01SendPacket     text14       00775
__end_of_nrf24l01SetRXMode      text16       00BA4
__end_of_nrf24l01SetRXPipe      text5        017DE
__end_of_nrf24l01SetTXPipe      text12       00B5B
__end_of_setMessage             text18       007E3
__end_of_sleep                  text9        00A51
__end_of_sprintf                text22       001FA
__end_of_strcat                 text19       0087C
__end_of_strcmp                 text59       00855
__end_of_strcpy                 text1        007FF
__end_of_strlen                 text15       0179D
__end_ofi1_memset               text47       016D9
__end_ofi1_nrf24l01Send         text50       0170D
__end_ofi1_nrf24l01SetRXMode    text49       00B17
__initialization                cinit        00011
__pbssBANK1                     bssBANK1     000E8
__pbssBANK2                     bssBANK2     00150
__pbssBANK3                     bssBANK3     001A0
__pbssCOMMON                    bssCOMMON    0007D
__pcstackBANK0                  cstackBANK0  00020
__pcstackBANK1                  cstackBANK1  000A0
__pcstackBANK2                  cstackBANK2  00120
__pcstackCOMMON                 cstackCOMMON 00070
__pdataBANK1                    dataBANK1    000EB
__pidataBANK1                   idataBANK1   007FF
__pintentry                     intentry     00004
__pmaintext                     maintext     00F4B
__pstringtext1                  stringtext1  01000
__pstringtext10                 stringtext10 01831
__pstringtext11                 stringtext11 01835
__pstringtext12                 stringtext12 00000
__pstringtext2                  stringtext2  01819
__pstringtext3                  stringtext3  01800
__pstringtext4                  stringtext4  0180C
__pstringtext5                  stringtext5  01813
__pstringtext6                  stringtext6  0181E
__pstringtext7                  stringtext7  01823
__pstringtext8                  stringtext8  01828
__pstringtext9                  stringtext9  0182D
__ptext1                        text1        007E3
__ptext10                       text10       01684
__ptext11                       text11       008D3
__ptext12                       text12       00B17
__ptext13                       text13       01672
__ptext14                       text14       0069A
__ptext15                       text15       0177E
__ptext16                       text16       00B5B
__ptext17                       text17       00930
__ptext18                       text18       00775
__ptext19                       text19       00855
__ptext2                        text2        0080A
__ptext20                       text20       016D9
__ptext21                       text21       005A8
__ptext22                       text22       0002D
__ptext23                       text23       01663
__ptext24                       text24       01728
__ptext25                       text25       00A90
__ptext26                       text26       00BF1
__ptext27                       text27       0087C
__ptext28                       text28       00CA9
__ptext29                       text29       01760
__ptext3                        text3        01744
__ptext30                       text30       00801
__ptext31                       text31       00E97
__ptext32                       text32       009D8
__ptext33                       text33       00D48
__ptext34                       text34       016AA
__ptext35                       text35       00DEE
__ptext36                       text36       004B2
__ptext37                       text37       017DE
__ptext38                       text38       01696
__ptext39                       text39       00002
__ptext4                        text4        003AC
__ptext40                       text40       00A51
__ptext41                       text41       0179D
__ptext42                       text42       0170D
__ptext43                       text43       00C44
__ptext45                       text45       0099D
__ptext46                       text46       00BA4
__ptext47                       text47       016C1
__ptext48                       text48       00901
__ptext49                       text49       00AD3
__ptext5                        text5        017BD
__ptext50                       text50       016F2
__ptext51                       text51       0164E
__ptext52                       text52       01636
__ptext53                       text53       01656
__ptext54                       text54       0163F
__ptext55                       text55       01633
__ptext56                       text56       01646
__ptext57                       text57       01630
__ptext58                       text58       0162D
__ptext59                       text59       0082E
__ptext6                        text6        00965
__ptext60                       text60       0162B
__ptext7                        text7        008A6
__ptext8                        text8        001FA
__ptext9                        text9        00A14
__size_of_ISR                   (abs)        00000
__size_of___awtoft              (abs)        00000
__size_of___bmul                (abs)        00000
__size_of___ftadd               (abs)        00000
__size_of___ftdiv               (abs)        00000
__size_of___ftge                (abs)        00000
__size_of___ftmul               (abs)        00000
__size_of___ftneg               (abs)        00000
__size_of___ftpack              (abs)        00000
__size_of___ftsub               (abs)        00000
__size_of___fttol               (abs)        00000
__size_of___lbtoft              (abs)        00000
__size_of___lldiv               (abs)        00000
__size_of___llmod               (abs)        00000
__size_of___lltoft              (abs)        00000
__size_of___lwdiv               (abs)        00000
__size_of___lwmod               (abs)        00000
__size_of___wmul                (abs)        00000
__size_of_checkTXPower          (abs)        00000
__size_of_doWDTSleep            (abs)        00000
__size_of_enableInterrupts      (abs)        00000
__size_of_exception             (abs)        00000
__size_of_ftoa                  (abs)        00000
__size_of_getADCValue           (abs)        00000
__size_of_handleRXData          (abs)        00000
__size_of_isdigit               (abs)        00000
__size_of_loop                  (abs)        00000
__size_of_main                  (abs)        00000
__size_of_memset                (abs)        00000
__size_of_nrf24l01CEHigh        (abs)        00000
__size_of_nrf24l01CELow         (abs)        00000
__size_of_nrf24l01CSHigh        (abs)        00000
__size_of_nrf24l01CSLow         (abs)        00000
__size_of_nrf24l01ChangeTXPower (abs)        00000
__size_of_nrf24l01CheckACK      (abs)        00000
__size_of_nrf24l01GetPipe       (abs)        00000
__size_of_nrf24l01GetRXPacket   (abs)        00000
__size_of_nrf24l01ISR           (abs)        00000
__size_of_nrf24l01Init          (abs)        00000
__size_of_nrf24l01InitRegisters (abs)        00000
__size_of_nrf24l01InterfaceInit (abs)        00000
__size_of_nrf24l01ReceivePacket (abs)        00000
__size_of_nrf24l01SPIEnd        (abs)        00000
__size_of_nrf24l01SPISend       (abs)        00000
__size_of_nrf24l01SPIStart      (abs)        00000
__size_of_nrf24l01Send          (abs)        00000
__size_of_nrf24l01SendACK       (abs)        00000
__size_of_nrf24l01SendPacket    (abs)        00000
__size_of_nrf24l01SetRXMode     (abs)        00000
__size_of_nrf24l01SetRXPipe     (abs)        00000
__size_of_nrf24l01SetTXPipe     (abs)        00000
__size_of_setMessage            (abs)        00000
__size_of_sleep                 (abs)        00000
__size_of_sprintf               (abs)        00000
__size_of_strcat                (abs)        00000
__size_of_strcmp                (abs)        00000
__size_of_strcpy                (abs)        00000
__size_of_strlen                (abs)        00000
__size_ofi1_memset              (abs)        00000
__size_ofi1_nrf24l01Send        (abs)        00000
__size_ofi1_nrf24l01SetRXMode   (abs)        00000
_checkTXPower                   text38       01696
_counter                        bssBANK2     00150
_doWDTSleep                     text34       016AA
_dpowers                        stringtext1  01000
_enableInterrupts               text56       01646
_exception                      text60       0162B
_ftoa                           text21       005A8
_getADCValue                    text33       00D48
_handleRXData                   text10       01684
_isdigit                        text23       01663
_isdigit$1811                   cstackBANK0  00020
_loop                           text8        001FA
_loop$2062                      cstackBANK2  00126
_loop$2063                      cstackBANK2  00129
_loop$882                       cstackBANK2  0012C
_main                           maintext     00F4B
_memset                         text20       016D9
_n_ADDRESS_MUL                  stringtext3  01800
_n_ADDRESS_P0                   stringtext2  01819
_nrf24l01                       bssCOMMON    0007D
_nrf24l01CEHigh                 text58       0162D
_nrf24l01CELow                  text57       01630
_nrf24l01CSHigh                 text55       01633
_nrf24l01CSLow                  text52       01636
_nrf24l01ChangeTXPower          text40       00A51
_nrf24l01CheckACK               text48       00901
_nrf24l01GetPipe                text6        00965
_nrf24l01GetRXPacket            text39       00002
_nrf24l01ISR                    text45       0099D
_nrf24l01Init                   text2        0080A
_nrf24l01InitRegisters          text4        003AC
_nrf24l01InterfaceInit          text3        01744
_nrf24l01ReceivePacket          text46       00BA4
_nrf24l01SPIEnd                 text54       0163F
_nrf24l01SPISend                text53       01656
_nrf24l01SPIStart               text51       0164E
_nrf24l01Send                   text41       0179D
_nrf24l01SendACK                text11       008D3
_nrf24l01SendPacket             text14       0069A
_nrf24l01SetRXMode              text16       00B5B
_nrf24l01SetRXPipe              text5        017BD
_nrf24l01SetTXPipe              text12       00B17
_romData                        dataBANK1    000EB
_romDataMap                     bssBANK3     001C1
_setMessage                     text18       00775
_sleep                          text9        00A14
_sprintf                        text22       0002D
_strcat                         text19       00855
_strcmp                         text59       0082E
_strcpy                         text1        007E3
_strlen                         text15       0177E
btemp                           (abs)        0007E
checkTXPower@rxPacket           cstackBANK0  00028
clear_ram0                      clrtext      01639
doWDTSleep@wdtps                cstackBANK0  00021
enableInterrupts@enable         cstackCOMMON 00070
end_of_initialization           cinit        00029
ftoa@buf                        bssBANK2     00153
ftoa@cp                         cstackBANK1  000B2
ftoa@f                          cstackBANK1  000A6
ftoa@l                          cstackBANK1  000AE
ftoa@rem                        cstackBANK1  000AA
ftoa@status                     cstackBANK1  000A9
getADCValue@adcLoop             cstackBANK0  00051
getADCValue@adcSum              cstackBANK0  00054
getADCValue@channel             cstackBANK0  00053
handleRXData@RXPacket           cstackBANK0  00031
i1_memset                       text47       016C1
i1_nrf24l01Send                 text50       016F2
i1_nrf24l01SetRXMode            text49       00AD3
i1memset@c                      cstackCOMMON 00072
i1memset@n                      cstackCOMMON 00074
i1memset@p                      cstackCOMMON 00076
i1memset@p1                     cstackCOMMON 00070
i1nrf24l01Send@command          cstackCOMMON 00073
i1nrf24l01Send@data             cstackCOMMON 00071
i1nrf24l01SetRXMode@config      cstackCOMMON 00075
i1nrf24l01SetRXMode@rxMode      cstackCOMMON 00076
int$flags                       (abs)        0007E
intlevel0                       functab      00000
intlevel1                       functab      00000
intlevel2                       functab      00000
intlevel3                       functab      00000
intlevel4                       functab      00000
intlevel5                       functab      00000
isdigit@c                       cstackBANK0  00021
loop@packet                     cstackBANK2  0012F
loop@rfSetup                    cstackBANK2  0012E
loop@ta                         cstackBANK2  00123
loop@vt                         cstackBANK2  00120
main@bootStatus                 cstackBANK1  000C5
main@packet                     cstackBANK1  000C7
main@pipe                       cstackBANK1  000C6
memset@c                        cstackBANK0  00022
memset@n                        cstackBANK0  00024
memset@p                        cstackBANK0  00026
memset@p1                       cstackBANK0  00020
nrf24l01ChangeTXPower@addPower  cstackBANK0  00023
nrf24l01ChangeTXPower@rfSetup   cstackBANK0  00026
nrf24l01GetPipe@i               cstackBANK0  0002A
nrf24l01GetPipe@name            cstackBANK0  00029
nrf24l01GetPipe@pipe            cstackBANK0  00028
nrf24l01ISR@status              cstackCOMMON 0007C
nrf24l01InitRegisters@DynPD     cstackBANK0  0002F
nrf24l01InitRegisters@channel   cstackBANK0  00029
nrf24l01InitRegisters@config    cstackBANK0  00030
nrf24l01InitRegisters@enAA      cstackBANK0  0002E
nrf24l01InitRegisters@feature   cstackBANK0  0002B
nrf24l01InitRegisters@i         cstackBANK0  00031
nrf24l01InitRegisters@rfSetup   cstackBANK0  0002C
nrf24l01InitRegisters@setupAW   cstackBANK0  0002A
nrf24l01InitRegisters@status    cstackBANK0  0002D
nrf24l01ReceivePacket@i         cstackCOMMON 0007A
nrf24l01ReceivePacket@width     cstackCOMMON 00079
nrf24l01SPISend@data            cstackCOMMON 00070
nrf24l01Send@command            cstackBANK0  00022
nrf24l01Send@data               cstackBANK0  00020
nrf24l01SendACK@packet          cstackBANK0  0002F
nrf24l01SendPacket@Packet       cstackBANK0  00027
nrf24l01SendPacket@i            cstackBANK0  0002D
nrf24l01SetRXMode@config        cstackBANK0  00024
nrf24l01SetRXMode@rxMode        cstackBANK0  00025
nrf24l01SetRXPipe@enRXAddr      cstackBANK0  00026
nrf24l01SetRXPipe@pipe          cstackBANK0  00025
nrf24l01SetTXPipe@pipe          cstackBANK0  00026
reset_vec                       reset_vec    00000
setMessage@packet               cstackBANK1  000B9
setMessage@status               cstackBANK1  000C1
setMessage@topic                cstackBANK1  000BB
setMessage@value                cstackBANK1  000BD
sleep@milliseconds              cstackBANK0  00032
sprintf@ap                      cstackBANK0  00049
sprintf@c                       cstackBANK0  00053
sprintf@f                       cstackBANK0  00038
sprintf@flag                    cstackBANK0  00048
sprintf@prec                    cstackBANK0  00051
sprintf@sp                      cstackBANK0  0004E
sprintf@val                     cstackBANK0  0004A
sprintf@width                   cstackBANK0  0004F
stackhi                         (abs)        023EF
stacklo                         (abs)        0212D
start                           init         0000F
start_initialization            cinit        00011
strcat@cp                       cstackBANK1  000B7
strcat@from                     cstackBANK1  000B5
strcat@to                       cstackBANK1  000B3
strcmp@r                        cstackCOMMON 00074
strcmp@s1                       cstackCOMMON 00070
strcmp@s2                       cstackCOMMON 00072
strcpy@cp                       cstackBANK0  00024
strcpy@from                     cstackBANK0  00020
strcpy@to                       cstackBANK0  00023
strlen@cp                       cstackBANK0  00024
strlen@s                        cstackBANK0  00020
wtemp0                          (abs)        0007E


FUNCTION INFORMATION:

 *************** function _main *****************
 Defined at:
		line 275 in file "main.c"
 Parameters:    Size  Location     Type
		None
 Auto vars:     Size  Location     Type
  packet         33   39[BANK1 ] struct .
  pipe            1   38[BANK1 ] unsigned char 
  bootStatus      1   37[BANK1 ] unsigned char 
 Return value:  Size  Location     Type
                  1    wreg      void 
 Registers used:
		wreg, fsr0l, fsr0h, fsr1l, fsr1h, status,2, status,0, pclath, cstack
 Tracked objects:
		On entry : 
		On exit  : 
		Unchanged: 
 Data sizes:     COMMON   BANK0   BANK1   BANK2   BANK3   BANK4   BANK5   BANK6   BANK7   BANK8   BANK9  BANK10  BANK11  BANK12
      Params:         0       0       0       0       0       0       0       0       0       0       0       0       0       0
      Locals:         0       0      35       0       0       0       0       0       0       0       0       0       0       0
      Temps:          0       0       1       0       0       0       0       0       0       0       0       0       0       0
      Totals:         0       0      36       0       0       0       0       0       0       0       0       0       0       0
Total ram usage:       36 bytes
 Hardware stack levels required when called:   16
 This function calls:
		___lbtoft
		_loop
		_nrf24l01GetPipe
		_nrf24l01Init
		_nrf24l01SendPacket
		_nrf24l01SetRXPipe
		_nrf24l01SetTXPipe
		_setMessage
		_sleep
		_strcpy
 This function is called by:
		Startup code after reset
 This function uses a non-reentrant model


 *************** function _strcpy *****************
 Defined at:
		line 8 in file "C:\Program Files (x86)\Microchip\xc8\v2.00\pic\sources\c90\common\strcpy.c"
 Parameters:    Size  Location     Type
  to              1    wreg     PTR unsigned char 
		 -> romDataMap(28), 
  from            2    0[BANK0 ] PTR const unsigned char 
		 -> STR_8(4), 
 Auto vars:     Size  Location     Type
  to              1    3[BANK0 ] PTR unsigned char 
		 -> romDataMap(28), 
  cp              1    4[BANK0 ] PTR unsigned char 
		 -> romDataMap(28), 
 Return value:  Size  Location     Type
                  1    wreg      PTR unsigned char 
 Registers used:
		wreg, fsr0l, fsr0h, fsr1l, fsr1h, status,2, status,0, pclath
 Tracked objects:
		On entry : 
		On exit  : 
		Unchanged: 
 Data sizes:     COMMON   BANK0   BANK1   BANK2   BANK3   BANK4   BANK5   BANK6   BANK7   BANK8   BANK9  BANK10  BANK11  BANK12
      Params:         0       2       0       0       0       0       0       0       0       0       0       0       0       0
      Locals:         0       2       0       0       0       0       0       0       0       0       0       0       0       0
      Temps:          0       1       0       0       0       0       0       0       0       0       0       0       0       0
      Totals:         0       5       0       0       0       0       0       0       0       0       0       0       0       0
Total ram usage:        5 bytes
 Hardware stack levels used:    1
 Hardware stack levels required when called:    7
 This function calls:
		Nothing
 This function is called by:
		_main
 This function uses a non-reentrant model


 *************** function _nrf24l01Init *****************
 Defined at:
		line 450 in file "nrf24l01.c"
 Parameters:    Size  Location     Type
		None
 Auto vars:     Size  Location     Type
		None
 Return value:  Size  Location     Type
                  1    wreg      void 
 Registers used:
		wreg, fsr0l, fsr0h, status,2, status,0, pclath, cstack
 Tracked objects:
		On entry : 
		On exit  : 
		Unchanged: 
 Data sizes:     COMMON   BANK0   BANK1   BANK2   BANK3   BANK4   BANK5   BANK6   BANK7   BANK8   BANK9  BANK10  BANK11  BANK12
      Params:         0       0       0       0       0       0       0       0       0       0       0       0       0       0
      Locals:         0       0       0       0       0       0       0       0       0       0       0       0       0       0
      Temps:          0       2       0       0       0       0       0       0       0       0       0       0       0       0
      Totals:         0       2       0       0       0       0       0       0       0       0       0       0       0       0
Total ram usage:        2 bytes
 Hardware stack levels used:    1
 Hardware stack levels required when called:   12
 This function calls:
		_nrf24l01CEHigh
		_nrf24l01CELow
		_nrf24l01InitRegisters
		_nrf24l01InterfaceInit
 This function is called by:
		_main
 This function uses a non-reentrant model


 *************** function _nrf24l01InterfaceInit *****************
 Defined at:
		line 27 in file "interface.c"
 Parameters:    Size  Location     Type
		None
 Auto vars:     Size  Location     Type
		None
 Return value:  Size  Location     Type
                  1    wreg      void 
 Registers used:
		wreg, status,2, status,0
 Tracked objects:
		On entry : 
		On exit  : 
		Unchanged: 
 Data sizes:     COMMON   BANK0   BANK1   BANK2   BANK3   BANK4   BANK5   BANK6   BANK7   BANK8   BANK9  BANK10  BANK11  BANK12
      Params:         0       0       0       0       0       0       0       0       0       0       0       0       0       0
      Locals:         0       0       0       0       0       0       0       0       0       0       0       0       0       0
      Temps:          0       0       0       0       0       0       0       0       0       0       0       0       0       0
      Totals:         0       0       0       0       0       0       0       0       0       0       0       0       0       0
Total ram usage:        0 bytes
 Hardware stack levels used:    1
 Hardware stack levels required when called:    7
 This function calls:
		Nothing
 This function is called by:
		_nrf24l01Init
 This function uses a non-reentrant model


 *************** function _nrf24l01InitRegisters *****************
 Defined at:
		line 349 in file "nrf24l01.c"
 Parameters:    Size  Location     Type
		None
 Auto vars:     Size  Location     Type
  i               2   17[BANK0 ] unsigned int 
  config          1   16[BANK0 ] struct .
  DynPD           1   15[BANK0 ] struct .
  enAA            1   14[BANK0 ] struct .
  status          1   13[BANK0 ] struct .
  rfSetup         1   12[BANK0 ] struct .
  feature         1   11[BANK0 ] struct .
  setupAW         1   10[BANK0 ] struct .
  channel         1    9[BANK0 ] struct .
 Return value:  Size  Location     Type
                  1    wreg      void 
 Registers used:
		wreg, fsr0l, fsr0h, status,2, status,0, pclath, cstack
 Tracked objects:
		On entry : 
		On exit  : 
		Unchanged: 
 Data sizes:     COMMON   BANK0   BANK1   BANK2   BANK3   BANK4   BANK5   BANK6   BANK7   BANK8   BANK9  BANK10  BANK11  BANK12
      Params:         0       0       0       0       0       0       0       0       0       0       0       0       0       0
      Locals:         0      10       0       0       0       0       0       0       0       0       0       0       0       0
      Temps:          0       2       0       0       0       0       0       0       0       0       0       0       0       0
      Totals:         0      12       0       0       0       0       0       0       0       0       0       0       0       0
Total ram usage:       12 bytes
 Hardware stack levels used:    1
 Hardware stack levels required when called:   11
 This function calls:
		___bmul
		_nrf24l01SPIEnd
		_nrf24l01SPISend
		_nrf24l01SPIStart
		_nrf24l01Send
		_nrf24l01SetRXPipe
		_nrf24l01SetTXPipe
 This function is called by:
		_nrf24l01Init
 This function uses a non-reentrant model


 *************** function _nrf24l01SetRXPipe *****************
 Defined at:
		line 328 in file "nrf24l01.c"
 Parameters:    Size  Location     Type
  pipe            1    wreg     unsigned char 
 Auto vars:     Size  Location     Type
  pipe            1    5[BANK0 ] unsigned char 
  enRXAddr        1    6[BANK0 ] struct .
 Return value:  Size  Location     Type
                  1    wreg      void 
 Registers used:
		wreg, status,2, status,0, pclath, cstack
 Tracked objects:
		On entry : 
		On exit  : 
		Unchanged: 
 Data sizes:     COMMON   BANK0   BANK1   BANK2   BANK3   BANK4   BANK5   BANK6   BANK7   BANK8   BANK9  BANK10  BANK11  BANK12
      Params:         0       0       0       0       0       0       0       0       0       0       0       0       0       0
      Locals:         0       2       0       0       0       0       0       0       0       0       0       0       0       0
      Temps:          0       2       0       0       0       0       0       0       0       0       0       0       0       0
      Totals:         0       4       0       0       0       0       0       0       0       0       0       0       0       0
Total ram usage:        4 bytes
 Hardware stack levels used:    1
 Hardware stack levels required when called:   10
 This function calls:
		_nrf24l01Send
 This function is called by:
		_main
		_nrf24l01InitRegisters
 This function uses a non-reentrant model


 *************** function _nrf24l01GetPipe *****************
 Defined at:
		line 263 in file "main.c"
 Parameters:    Size  Location     Type
  name            1    wreg     PTR unsigned char 
		 -> romDataMap(28), 
 Auto vars:     Size  Location     Type
  name            1    9[BANK0 ] PTR unsigned char 
		 -> romDataMap(28), 
  i               1   10[BANK0 ] unsigned char 
  pipe            1    8[BANK0 ] unsigned char 
 Return value:  Size  Location     Type
                  1    wreg      unsigned char 
 Registers used:
		wreg, fsr1l, fsr1h, status,2, status,0, pclath, cstack
 Tracked objects:
		On entry : 
		On exit  : 
		Unchanged: 
 Data sizes:     COMMON   BANK0   BANK1   BANK2   BANK3   BANK4   BANK5   BANK6   BANK7   BANK8   BANK9  BANK10  BANK11  BANK12
      Params:         0       0       0       0       0       0       0       0       0       0       0       0       0       0
      Locals:         0       3       0       0       0       0       0       0       0       0       0       0       0       0
      Temps:          0       2       0       0       0       0       0       0       0       0       0       0       0       0
      Totals:         0       5       0       0       0       0       0       0       0       0       0       0       0       0
Total ram usage:        5 bytes
 Hardware stack levels used:    1
 Hardware stack levels required when called:    8
 This function calls:
		___lwmod
		_strlen
 This function is called by:
		_main
 This function uses a non-reentrant model


 *************** function ___lwmod *****************
 Defined at:
[...]
		_nrf24l01SetTXPipe
		_nrf24l01InitRegisters
		i1_nrf24l01Send
 This function uses a non-reentrant model


 *************** function _nrf24l01CSLow *****************
 Defined at:
		line 17 in file "interface.c"
 Parameters:    Size  Location     Type
		None
 Auto vars:     Size  Location     Type
		None
 Return value:  Size  Location     Type
                  1    wreg      void 
 Registers used:
		None
 Tracked objects:
		On entry : 
		On exit  : 
		Unchanged: 
 Data sizes:     COMMON   BANK0   BANK1   BANK2   BANK3   BANK4   BANK5   BANK6   BANK7   BANK8   BANK9  BANK10  BANK11  BANK12
      Params:         0       0       0       0       0       0       0       0       0       0       0       0       0       0
      Locals:         0       0       0       0       0       0       0       0       0       0       0       0       0       0
      Temps:          0       0       0       0       0       0       0       0       0       0       0       0       0       0
      Totals:         0       0       0       0       0       0       0       0       0       0       0       0       0       0
Total ram usage:        0 bytes
 Hardware stack levels used:    1
 Hardware stack levels required when called:    7
 This function calls:
		Nothing
 This function is called by:
		_nrf24l01SPIStart
 This function uses a non-reentrant model


 *************** function _nrf24l01SPISend *****************
 Defined at:
		line 51 in file "interface.c"
 Parameters:    Size  Location     Type
  data            1    wreg     unsigned char 
 Auto vars:     Size  Location     Type
  data            1    0[COMMON] unsigned char 
 Return value:  Size  Location     Type
                  1    wreg      unsigned char 
 Registers used:
		wreg
 Tracked objects:
		On entry : 
		On exit  : 
		Unchanged: 
 Data sizes:     COMMON   BANK0   BANK1   BANK2   BANK3   BANK4   BANK5   BANK6   BANK7   BANK8   BANK9  BANK10  BANK11  BANK12
      Params:         0       0       0       0       0       0       0       0       0       0       0       0       0       0
      Locals:         0       0       0       0       0       0       0       0       0       0       0       0       0       0
      Temps:          0       0       0       0       0       0       0       0       0       0       0       0       0       0
      Totals:         0       0       0       0       0       0       0       0       0       0       0       0       0       0
Total ram usage:        0 bytes
 Hardware stack levels used:    1
 Hardware stack levels required when called:    7
 This function calls:
		Nothing
 This function is called by:
		_nrf24l01Send
		_nrf24l01ReceivePacket
		_nrf24l01SendPacket
		_nrf24l01SetTXPipe
		_nrf24l01InitRegisters
		i1_nrf24l01Send
 This function uses a non-reentrant model


 *************** function _nrf24l01SPIEnd *****************
 Defined at:
		line 70 in file "interface.c"
 Parameters:    Size  Location     Type
		None
 Auto vars:     Size  Location     Type
		None
 Return value:  Size  Location     Type
                  1    wreg      void 
 Registers used:
		wreg, status,2, status,0, pclath, cstack
 Tracked objects:
		On entry : 
		On exit  : 
		Unchanged: 
 Data sizes:     COMMON   BANK0   BANK1   BANK2   BANK3   BANK4   BANK5   BANK6   BANK7   BANK8   BANK9  BANK10  BANK11  BANK12
      Params:         0       0       0       0       0       0       0       0       0       0       0       0       0       0
      Locals:         0       0       0       0       0       0       0       0       0       0       0       0       0       0
      Temps:          0       0       0       0       0       0       0       0       0       0       0       0       0       0
      Totals:         0       0       0       0       0       0       0       0       0       0       0       0       0       0
Total ram usage:        0 bytes
 Hardware stack levels used:    1
 Hardware stack levels required when called:    8
 This function calls:
		_nrf24l01CSHigh
 This function is called by:
		_nrf24l01Send
		_nrf24l01ReceivePacket
		_nrf24l01SendPacket
		_nrf24l01SetTXPipe
		_nrf24l01InitRegisters
		i1_nrf24l01Send
 This function uses a non-reentrant model


 *************** function _nrf24l01CSHigh *****************
 Defined at:
		line 22 in file "interface.c"
 Parameters:    Size  Location     Type
		None
 Auto vars:     Size  Location     Type
		None
 Return value:  Size  Location     Type
                  1    wreg      void 
 Registers used:
		None
 Tracked objects:
		On entry : 
		On exit  : 
		Unchanged: 
 Data sizes:     COMMON   BANK0   BANK1   BANK2   BANK3   BANK4   BANK5   BANK6   BANK7   BANK8   BANK9  BANK10  BANK11  BANK12
      Params:         0       0       0       0       0       0       0       0       0       0       0       0       0       0
      Locals:         0       0       0       0       0       0       0       0       0       0       0       0       0       0
      Temps:          0       0       0       0       0       0       0       0       0       0       0       0       0       0
      Totals:         0       0       0       0       0       0       0       0       0       0       0       0       0       0
Total ram usage:        0 bytes
 Hardware stack levels used:    1
 Hardware stack levels required when called:    7
 This function calls:
		Nothing
 This function is called by:
		_nrf24l01SPIEnd
 This function uses a non-reentrant model


 *************** function _enableInterrupts *****************
 Defined at:
		line 76 in file "interface.c"
 Parameters:    Size  Location     Type
  enable          1    wreg     unsigned char 
 Auto vars:     Size  Location     Type
  enable          1    0[COMMON] unsigned char 
 Return value:  Size  Location     Type
                  1    wreg      void 
 Registers used:
		wreg, status,0
 Tracked objects:
		On entry : 
		On exit  : 
		Unchanged: 
 Data sizes:     COMMON   BANK0   BANK1   BANK2   BANK3   BANK4   BANK5   BANK6   BANK7   BANK8   BANK9  BANK10  BANK11  BANK12
      Params:         0       0       0       0       0       0       0       0       0       0       0       0       0       0
      Locals:         0       0       0       0       0       0       0       0       0       0       0       0       0       0
      Temps:          0       0       0       0       0       0       0       0       0       0       0       0       0       0
      Totals:         0       0       0       0       0       0       0       0       0       0       0       0       0       0
Total ram usage:        0 bytes
 Hardware stack levels used:    1
 Hardware stack levels required when called:    7
 This function calls:
		Nothing
 This function is called by:
		_nrf24l01Send
		_nrf24l01SendPacket
		i1_nrf24l01Send
 This function uses a non-reentrant model


 *************** function _nrf24l01CELow *****************
 Defined at:
		line 7 in file "interface.c"
 Parameters:    Size  Location     Type
		None
 Auto vars:     Size  Location     Type
		None
 Return value:  Size  Location     Type
                  1    wreg      void 
 Registers used:
		None
 Tracked objects:
		On entry : 
		On exit  : 
		Unchanged: 
 Data sizes:     COMMON   BANK0   BANK1   BANK2   BANK3   BANK4   BANK5   BANK6   BANK7   BANK8   BANK9  BANK10  BANK11  BANK12
      Params:         0       0       0       0       0       0       0       0       0       0       0       0       0       0
      Locals:         0       0       0       0       0       0       0       0       0       0       0       0       0       0
      Temps:          0       0       0       0       0       0       0       0       0       0       0       0       0       0
      Totals:         0       0       0       0       0       0       0       0       0       0       0       0       0       0
Total ram usage:        0 bytes
 Hardware stack levels used:    1
 Hardware stack levels required when called:    7
 This function calls:
		Nothing
 This function is called by:
		_nrf24l01SetRXMode
		_nrf24l01ReceivePacket
		_nrf24l01SendPacket
		_nrf24l01Init
		i1_nrf24l01SetRXMode
 This function uses a non-reentrant model


 *************** function _nrf24l01CEHigh *****************
 Defined at:
		line 12 in file "interface.c"
 Parameters:    Size  Location     Type
		None
 Auto vars:     Size  Location     Type
		None
 Return value:  Size  Location     Type
                  1    wreg      void 
 Registers used:
		None
 Tracked objects:
		On entry : 
		On exit  : 
		Unchanged: 
 Data sizes:     COMMON   BANK0   BANK1   BANK2   BANK3   BANK4   BANK5   BANK6   BANK7   BANK8   BANK9  BANK10  BANK11  BANK12
      Params:         0       0       0       0       0       0       0       0       0       0       0       0       0       0
      Locals:         0       0       0       0       0       0       0       0       0       0       0       0       0       0
      Temps:          0       0       0       0       0       0       0       0       0       0       0       0       0       0
      Totals:         0       0       0       0       0       0       0       0       0       0       0       0       0       0
Total ram usage:        0 bytes
 Hardware stack levels used:    1
 Hardware stack levels required when called:    7
 This function calls:
		Nothing
 This function is called by:
		_nrf24l01SetRXMode
		_nrf24l01ReceivePacket
		_nrf24l01SendPacket
		_nrf24l01Init
		i1_nrf24l01SetRXMode
 This function uses a non-reentrant model


 *************** function _strcmp *****************
 Defined at:
		line 33 in file "C:\Program Files (x86)\Microchip\xc8\v2.00\pic\sources\c90\common\strcmp.c"
 Parameters:    Size  Location     Type
  s1              2    0[COMMON] PTR const unsigned char 
		 -> packet.Message(32), packet.Message(32), NULL(0), RXPacket.Message(32), 
		 -> RXPacket(33), main@packet(33), loop@packet(33), 
  s2              1    2[COMMON] PTR const unsigned char 
		 -> RXPacket.Message(32), RXPacket(33), 
 Auto vars:     Size  Location     Type
  r               1    4[COMMON] char 
 Return value:  Size  Location     Type
                  2    0[COMMON] int 
 Registers used:
		wreg, fsr0l, fsr0h, fsr1l, fsr1h, status,2, status,0
 Tracked objects:
		On entry : 
		On exit  : 
		Unchanged: 
 Data sizes:     COMMON   BANK0   BANK1   BANK2   BANK3   BANK4   BANK5   BANK6   BANK7   BANK8   BANK9  BANK10  BANK11  BANK12
      Params:         3       0       0       0       0       0       0       0       0       0       0       0       0       0
      Locals:         1       0       0       0       0       0       0       0       0       0       0       0       0       0
      Temps:          1       0       0       0       0       0       0       0       0       0       0       0       0       0
      Totals:         5       0       0       0       0       0       0       0       0       0       0       0       0       0
Total ram usage:        5 bytes
 Hardware stack levels used:    1
 This function calls:
		Nothing
 This function is called by:
		_nrf24l01CheckACK
 This function uses a non-reentrant model


 *************** function _exception *****************
 Defined at:
		line 80 in file "interface.c"
 Parameters:    Size  Location     Type
  exception       1    wreg     unsigned char 
 Auto vars:     Size  Location     Type
  exception       1    0[COMMON] unsigned char 
 Return value:  Size  Location     Type
                  1    wreg      void 
 Registers used:
		wreg
 Tracked objects:
		On entry : 
		On exit  : 
		Unchanged: 
 Data sizes:     COMMON   BANK0   BANK1   BANK2   BANK3   BANK4   BANK5   BANK6   BANK7   BANK8   BANK9  BANK10  BANK11  BANK12
      Params:         0       0       0       0       0       0       0       0       0       0       0       0       0       0
      Locals:         0       0       0       0       0       0       0       0       0       0       0       0       0       0
      Temps:          0       0       0       0       0       0       0       0       0       0       0       0       0       0
      Totals:         0       0       0       0       0       0       0       0       0       0       0       0       0       0
Total ram usage:        0 bytes
 Hardware stack levels used:    1
 This function calls:
		Nothing
 This function is called by:
		_nrf24l01ISR
 This function uses a non-reentrant model



MODULE INFORMATION

Module		Function		Class		Link	Load	Size
C:\Program Files (x86)\Microchip\xc8\v2.00\pic\sources\c90\common\ftneg.c
		___ftneg       		CODE           	0801	0000	10

C:\Program Files (x86)\Microchip\xc8\v2.00\pic\sources\c90\common\ftneg.c estimated size: 10

C:\Program Files (x86)\Microchip\xc8\v2.00\pic\sources\c90\common\ftsub.c
		___ftsub       		CODE           	1760	0000	31

C:\Program Files (x86)\Microchip\xc8\v2.00\pic\sources\c90\common\ftsub.c estimated size: 31

C:\Program Files (x86)\Microchip\xc8\v2.00\pic\sources\c90\common\float.c
		___ftpack      		CODE           	0C44	0000	102

C:\Program Files (x86)\Microchip\xc8\v2.00\pic\sources\c90\common\float.c estimated size: 102

C:\Program Files (x86)\Microchip\xc8\v2.00\pic\sources\c90\common\lwmod.c
		___lwmod       		CODE           	08A6	0000	46

C:\Program Files (x86)\Microchip\xc8\v2.00\pic\sources\c90\common\lwmod.c estimated size: 46

C:\Program Files (x86)\Microchip\xc8\v2.00\pic\sources\c90\common\doprnt.c
		_sprintf       		CODE           	002D	0000	462

C:\Program Files (x86)\Microchip\xc8\v2.00\pic\sources\c90\common\doprnt.c estimated size: 462

C:\Program Files (x86)\Microchip\xc8\v2.00\pic\sources\c90\common\llmod.c
		___llmod       		CODE           	0A90	0000	68

C:\Program Files (x86)\Microchip\xc8\v2.00\pic\sources\c90\common\llmod.c estimated size: 68

C:\Program Files (x86)\Microchip\xc8\v2.00\pic\sources\c90\common\Umul16.c
		___wmul        		CODE           	1728	0000	29

C:\Program Files (x86)\Microchip\xc8\v2.00\pic\sources\c90\common\Umul16.c estimated size: 29

C:\Program Files (x86)\Microchip\xc8\v2.00\pic\sources\c90\common\ftmul.c
		___ftmul       		CODE           	0E97	0000	181

C:\Program Files (x86)\Microchip\xc8\v2.00\pic\sources\c90\common\ftmul.c estimated size: 181

C:\Program Files (x86)\Microchip\xc8\v2.00\pic\sources\c90\common\ftdiv.c
		___ftdiv       		CODE           	0DEE	0000	170

C:\Program Files (x86)\Microchip\xc8\v2.00\pic\sources\c90\common\ftdiv.c estimated size: 170

C:\Program Files (x86)\Microchip\xc8\v2.00\pic\sources\c90\common\__lldiv.c
		___lldiv       		CODE           	0BF1	0000	84

C:\Program Files (x86)\Microchip\xc8\v2.00\pic\sources\c90\common\__lldiv.c estimated size: 84

C:\Program Files (x86)\Microchip\xc8\v2.00\pic\sources\c90\common\lwdiv.c
		___lwdiv       		CODE           	0930	0000	54

C:\Program Files (x86)\Microchip\xc8\v2.00\pic\sources\c90\common\lwdiv.c estimated size: 54

C:\Program Files (x86)\Microchip\xc8\v2.00\pic\sources\c90\common\ftoa.c
		_ftoa          		CODE           	05A8	0000	243

C:\Program Files (x86)\Microchip\xc8\v2.00\pic\sources\c90\common\ftoa.c estimated size: 243

C:\Program Files (x86)\Microchip\xc8\v2.00\pic\sources\c90\common\isdigit.c
		_isdigit       		CODE           	1663	0000	16

C:\Program Files (x86)\Microchip\xc8\v2.00\pic\sources\c90\common\isdigit.c estimated size: 16

C:\Program Files (x86)\Microchip\xc8\v2.00\pic\sources\c90\common\Umul8.c
		___bmul        		CODE           	1672	0000	19

C:\Program Files (x86)\Microchip\xc8\v2.00\pic\sources\c90\common\Umul8.c estimated size: 19

C:\Program Files (x86)\Microchip\xc8\v2.00\pic\sources\c90\common\strcat.c
		_strcat        		CODE           	0855	0000	40

C:\Program Files (x86)\Microchip\xc8\v2.00\pic\sources\c90\common\strcat.c estimated size: 40

shared
		i1_nrf24l01Send		CODE           	16F2	0000	28
		_dpowers       		STRCODE        	1000	0000	41
		i1_nrf24l01SetRXMode		CODE           	0AD3	0000	69
		_n_ADDRESS_P0  		STRCODE        	1819	0000	6
		_n_ADDRESS_MUL 		STRCODE        	1800	0000	2
		__initialization		CODE           	0011	0000	25
		i1_memset      		CODE           	16C1	0000	25

shared estimated size: 196

interface.c
		_nrf24l01SPISend		CODE           	1656	0000	14
		_exception     		CODE           	162B	0000	3
		_nrf24l01CELow 		CODE           	1630	0000	4
		_nrf24l01CSLow 		CODE           	1636	0000	4
		_nrf24l01SPIStart		CODE           	164E	0000	9
		_nrf24l01SPIEnd		CODE           	163F	0000	8
		_nrf24l01CEHigh		CODE           	162D	0000	4
		_nrf24l01CSHigh		CODE           	1633	0000	4
		_enableInterrupts		CODE           	1646	0000	9
		_nrf24l01InterfaceInit		CODE           	1744	0000	29

interface.c estimated size: 88

C:\Program Files (x86)\Microchip\xc8\v2.00\pic\sources\c90\common\fttol.c
		___fttol       		CODE           	0CA9	0000	160

C:\Program Files (x86)\Microchip\xc8\v2.00\pic\sources\c90\common\fttol.c estimated size: 160

C:\Program Files (x86)\Microchip\xc8\v2.00\pic\sources\c90\common\strlen.c
		_strlen        		CODE           	177E	0000	32

C:\Program Files (x86)\Microchip\xc8\v2.00\pic\sources\c90\common\strlen.c estimated size: 32

C:\Program Files (x86)\Microchip\xc8\v2.00\pic\sources\c90\common\ftge.c
		___ftge        		CODE           	09D8	0000	61

C:\Program Files (x86)\Microchip\xc8\v2.00\pic\sources\c90\common\ftge.c estimated size: 61

C:\Program Files (x86)\Microchip\xc8\v2.00\pic\sources\c90\common\ftadd.c
		___ftadd       		CODE           	04B2	0000	247

C:\Program Files (x86)\Microchip\xc8\v2.00\pic\sources\c90\common\ftadd.c estimated size: 247

C:\Program Files (x86)\Microchip\xc8\v2.00\pic\sources\c90\common\strcmp.c
		_strcmp        		CODE           	082E	0000	40

C:\Program Files (x86)\Microchip\xc8\v2.00\pic\sources\c90\common\strcmp.c estimated size: 40

C:\Program Files (x86)\Microchip\xc8\v2.00\pic\sources\c90\common\awtoft.c
		___awtoft      		CODE           	17DE	0000	35

C:\Program Files (x86)\Microchip\xc8\v2.00\pic\sources\c90\common\awtoft.c estimated size: 35

C:\Program Files (x86)\Microchip\xc8\v2.00\pic\sources\c90\common\strcpy.c
		_strcpy        		CODE           	07E3	0000	29

C:\Program Files (x86)\Microchip\xc8\v2.00\pic\sources\c90\common\strcpy.c estimated size: 29

nrf24l01.c
		_nrf24l01ChangeTXPower		CODE           	0A51	0000	64
		_nrf24l01SendPacket		CODE           	069A	0000	220
		_nrf24l01InitRegisters		CODE           	03AC	0000	263
		_nrf24l01CheckACK		CODE           	0901	0000	48
		_nrf24l01ISR   		CODE           	099D	0000	60
		_nrf24l01Send  		CODE           	179D	0000	33
		_nrf24l01Init  		CODE           	080A	0000	37
		_nrf24l01SetRXMode		CODE           	0B5B	0000	74
		_nrf24l01SetRXPipe		CODE           	17BD	0000	34
		_nrf24l01SetTXPipe		CODE           	0B17	0000	69
		_nrf24l01GetRXPacket		CODE           	0002	0000	3
		_nrf24l01SendACK		CODE           	08D3	0000	47
		_nrf24l01ReceivePacket		CODE           	0BA4	0000	78

nrf24l01.c estimated size: 1030

C:\Program Files (x86)\Microchip\xc8\v2.00\pic\sources\c90\common\lbtoft.c
		___lbtoft      		CODE           	170D	0000	28

C:\Program Files (x86)\Microchip\xc8\v2.00\pic\sources\c90\common\lbtoft.c estimated size: 28

C:\Program Files (x86)\Microchip\xc8\v2.00\pic\sources\c90\common\memset.c
		_memset        		CODE           	16D9	0000	26

C:\Program Files (x86)\Microchip\xc8\v2.00\pic\sources\c90\common\memset.c estimated size: 26

main.c
		_loop          		CODE           	01FA	0000	435
		_nrf24l01GetPipe		CODE           	0965	0000	57
		_checkTXPower  		CODE           	1696	0000	21
		_setMessage    		CODE           	0775	0000	111
		_ISR           		CODE           	0004	0000	12
		_main          		CODE           	0F4B	0000	182
		_handleRXData  		CODE           	1684	0000	19
		_doWDTSleep    		CODE           	16AA	0000	24
		_getADCValue   		CODE           	0D48	0000	167
		_sleep         		CODE           	0A14	0000	62

main.c estimated size: 1090

C:\Program Files (x86)\Microchip\xc8\v2.00\pic\sources\c90\common\lltoft.c
		___lltoft      		CODE           	087C	0000	43

C:\Program Files (x86)\Microchip\xc8\v2.00\pic\sources\c90\common\lltoft.c estimated size: 43

