Microchip MPLAB XC8 Compiler V2.00 ()

Linker command line:

-W-3 --edf=C:\Program Files (x86)\Microchip\xc8\v2.00\pic\dat\en_msgs.txt \
  -cs -h+dist/default/production\nRF24L01__PIC16LF1825.X.X.production.sym \
  --cmf=dist/default/production\nRF24L01__PIC16LF1825.X.X.production.cmf -z \
  -Q16LF18325 -oC:\Users\Leon\AppData\Local\Temp\sbt8.2 \
  -Mdist/default/production/nRF24L01__PIC16LF1825.X.X.production.map -E1 \
  -ver=XC8 -ASTACK=020C0h-023efh -pstack=STACK -p_romArray_text=1FE0h \
  -ACODE=00h-07FFhx4 -ASTRCODE=00h-01FFFh -ASTRING=00h-0FFhx32 \
  -ACONST=00h-0FFhx32 -AENTRY=00h-0FFhx32 -ACOMMON=070h-07Fh \
  -ABANK0=020h-06Fh -ABANK1=0A0h-0EFh -ABANK2=0120h-016Fh \
  -ABANK3=01A0h-01EFh -ABANK4=0220h-026Fh -ABANK5=02A0h-02EFh \
  -ABANK6=0320h-036Fh -ABANK7=03A0h-03EFh -ABANK8=0420h-046Fh \
  -ABANK9=04A0h-04EFh -ABANK10=0520h-056Fh -ABANK11=05A0h-05EFh \
  -ABANK12=0620h-064Fh -ABIGRAM=02000h-023EFh \
  -ARAM=020h-06Fh,0A0h-0EFh,0120h-016Fh,01A0h-01EFh,0220h-026Fh,02A0h-02EFh,0320h-036Fh,03A0h-03EFh,0420h-046Fh,04A0h-04EFh,0520h-056Fh,05A0h-05EFh,0620h-064Fh \
  -AABS1=020h-07Fh,0A0h-0EFh,0120h-016Fh,01A0h-01EFh,0220h-026Fh,02A0h-02EFh,0320h-036Fh,03A0h-03EFh,0420h-046Fh,04A0h-04EFh,0520h-056Fh,05A0h-05EFh,0620h-064Fh \
  -ASFR0=00h-01Fh -ASFR1=080h-09Fh -ASFR2=0100h-011Fh -ASFR3=0180h-019Fh \
  -ASFR4=0200h-021Fh -ASFR5=0280h-029Fh -ASFR6=0300h-031Fh \
  -ASFR7=0380h-039Fh -ASFR8=0400h-041Fh -ASFR9=0480h-049Fh \
  -ASFR10=0500h-051Fh -ASFR11=0580h-059Fh -ASFR12=0600h-061Fh \
  -ASFR13=0680h-06EFh -ASFR14=0700h-076Fh -ASFR15=0780h-07EFh \
  -ASFR16=0800h-086Fh -ASFR17=0880h-08EFh -ASFR18=0900h-096Fh \
  -ASFR19=0980h-09EFh -ASFR20=0A00h-0A6Fh -ASFR21=0A80h-0AEFh \
  -ASFR22=0B00h-0B6Fh -ASFR23=0B80h-0BEFh -ASFR24=0C00h-0C6Fh \
  -ASFR25=0C80h-0CEFh -ASFR26=0D00h-0D6Fh -ASFR27=0D80h-0DEFh \
  -ASFR28=0E00h-0E6Fh -ASFR29=0E80h-0EEFh -ASFR30=0F00h-0F6Fh \
  -ASFR31=0F80h-0FEFh -preset_vec=00h,intentry=04h,init,end_init \
  -ppowerup=CODE -pcinit=CODE -pfunctab=ENTRY -ACONFIG=08007h-0800Ah \
  -pconfig=CONFIG -DCONFIG=2 -AIDLOC=08000h-08003h -pidloc=IDLOC -DIDLOC=2 \
  -AEEDATA=00h-0FFh/0F000h -peeprom_data=EEDATA -DEEDATA=2 -DCODE=2 \
  -DSTRCODE=2 -DSTRING=2 -DCONST=2 -DENTRY=2 -k \
  C:\Users\Leon\AppData\Local\Temp\sbt8.o \
  dist/default/production\nRF24L01__PIC16LF1825.X.X.production.o 

Object code version is 3.11

Machine type is 16LF18325



                Name                               Link     Load   Length Selector   Space Scale
C:\Users\Leon\AppData\Local\Temp\sbt8.o
                end_init                              F        F        2        8       0
                reset_vec                             0        0        2        0       0
                config                             8007     8007        4    1000E       0
dist/default/production\nRF24L01__PIC16LF1825.X.X.production.o
                cinit                                11       11       1B        8       0
                intentry                              4        4        B        8       0
                text41                              F74      F74       1B     1EE8       0
                text40                              681      681       30        8       0
                text39                              7A2      7A2       21        8       0
                text38                              F5C      F5C       18     1EB8       0
                text37                              736      736       25        8       0
                text36                              F1D      F1D        3     1E3A       0
                text35                              F20      F20        3     1E40       0
                text34                              F36      F36        8     1E6C       0
                text33                              F23      F23        3     1E46       0
                text32                              F2F      F2F        7     1E5E       0
                text31                              F4F      F4F        D     1E9E       0
                text30                              F26      F26        3     1E4C       0
                text29                              F3E      F3E        8     1E7C       0
                text28                              F8F      F8F       1B     1F1E       0
                text27                              583      583       37        8       0
                text26                              651      651       30        8       0
                text25                              FAA      FAA       1B     1F54       0
                text24                              54C      54C       37        8       0
                text23                              75B      75B       24        8       0
                text22                              2F8      2F8       8E        8       0
                text21                              6B1      6B1       2E        8       0
                text19                              5EF      5EF       32        8       0
                text18                              FE0      FE0       20     1FC0       0
                text17                              4D5      4D5       3C        8       0
                text16                              77F      77F       23        8       0
                text15                              482      482       53        8       0
                text14                              621      621       30        8       0
                text13                              386      386       88        8       0
                text12                              7C3      7C3       20        8       0
                text11                              511      511       3B        8       0
                text10                               FF       FF       B2        8       0
                text9                               F46      F46        9     1E8C       0
                text8                               FC5      FC5       1B     1F8A       0
                text7                               5BA      5BA       35        8       0
                text6                               6DF      6DF       2D        8       0
                text5                               40E      40E       74        8       0
                text4                                2C       2C       D3        8       0
                text3                               1B1      1B1       AA        8       0
                text2                               7E3      7E3       1C        8       0
                text1                               70C      70C       2A        8       0
                maintext                            25B      25B       9D        8       0
                cstackBANK0                          20       20       29       20       1
                cstackCOMMON                         70       70        E       70       1
                cstackBANK1                          DB       DB        6       A0       1
                clrtext                             F29      F29        6     1E52       0
                bssBANK2                            120      120       20      120       1
                bssBANK1                             A0       A0       3B       A0       1
                bssBANK0                             49       49       1E       20       1
                stringtext10                       1034     1034        4     2000       0
                stringtext9                        1030     1030        4     2000       0
                stringtext8                        102C     102C        4     2000       0
                stringtext7                        1027     1027        5     2000       0
                stringtext6                        1022     1022        5     2000       0
                stringtext5                        101D     101D        5     2000       0
                stringtext4                        1018     1018        5     2000       0
                _romArray_text                     1FE0     1FE0       20     3FC0       0
                stringtext3                        1038     1038        1     2000       0
                stringtext2                        1013     1013        5     2000       0
                stringtext1                        1000     1000       13     2000       0

TOTAL           Name                               Link     Load   Length     Space
        CLASS   STACK          

        CLASS   CODE           
                end_init                              F        F        2         0
                cinit                                11       11       1B         0
                intentry                              4        4        B         0
                reset_vec                             0        0        2         0
                text41                              F74      F74       1B         0
                text40                              681      681       30         0
                text39                              7A2      7A2       21         0
                text38                              F5C      F5C       18         0
                text37                              736      736       25         0
                text36                              F1D      F1D        3         0
                text35                              F20      F20        3         0
                text34                              F36      F36        8         0
                text33                              F23      F23        3         0
                text32                              F2F      F2F        7         0
                text31                              F4F      F4F        D         0
                text30                              F26      F26        3         0
                text29                              F3E      F3E        8         0
                text28                              F8F      F8F       1B         0
                text27                              583      583       37         0
                text26                              651      651       30         0
                text25                              FAA      FAA       1B         0
                text24                              54C      54C       37         0
                text23                              75B      75B       24         0
                text22                              2F8      2F8       8E         0
                text21                              6B1      6B1       2E         0
                text19                              5EF      5EF       32         0
                text18                              FE0      FE0       20         0
                text17                              4D5      4D5       3C         0
                text16                              77F      77F       23         0
                text15                              482      482       53         0
                text14                              621      621       30         0
                text13                              386      386       88         0
                text12                              7C3      7C3       20         0
                text11                              511      511       3B         0
                text10                               FF       FF       B2         0
                text9                               F46      F46        9         0
                text8                               FC5      FC5       1B         0
                text7                               5BA      5BA       35         0
                text6                               6DF      6DF       2D         0
                text5                               40E      40E       74         0
                text4                                2C       2C       D3         0
                text3                               1B1      1B1       AA         0
                text2                               7E3      7E3       1C         0
                text1                               70C      70C       2A         0
                maintext                            25B      25B       9D         0
                clrtext                             F29      F29        6         0

        CLASS   STRCODE        
                stringtext10                       1034     1034        4         0
                stringtext9                        1030     1030        4         0
                stringtext8                        102C     102C        4         0
                stringtext7                        1027     1027        5         0
                stringtext6                        1022     1022        5         0
                stringtext5                        101D     101D        5         0
                stringtext4                        1018     1018        5         0
                _romArray_text                     1FE0     1FE0       20         0
                stringtext3                        1038     1038        1         0
                stringtext2                        1013     1013        5         0
                stringtext1                        1000     1000       13         0

        CLASS   STRING         

        CLASS   CONST          

        CLASS   ENTRY          

        CLASS   COMMON         
                cstackCOMMON                         70       70        E         1

        CLASS   BANK0          
                cstackBANK0                          20       20       29         1
                bssBANK0                             49       49       1E         1

        CLASS   BANK1          
                cstackBANK1                          DB       DB        6         1
                bssBANK1                             A0       A0       3B         1

        CLASS   BANK2          
                bssBANK2                            120      120       20         1

        CLASS   BANK3          

        CLASS   BANK4          

        CLASS   BANK5          

        CLASS   BANK6          

        CLASS   BANK7          

        CLASS   BANK8          

        CLASS   BANK9          

        CLASS   BANK10         

        CLASS   BANK11         

        CLASS   BANK12         

        CLASS   BIGRAM         

        CLASS   RAM            

        CLASS   ABS1           
                abs_s1                               7E       7E        2         1

        CLASS   SFR0           

        CLASS   SFR1           

        CLASS   SFR2           

        CLASS   SFR3           

        CLASS   SFR4           

        CLASS   SFR5           

        CLASS   SFR6           

        CLASS   SFR7           

        CLASS   SFR8           

        CLASS   SFR9           

        CLASS   SFR10          

        CLASS   SFR11          

        CLASS   SFR12          

        CLASS   SFR13          

        CLASS   SFR14          

        CLASS   SFR15          

        CLASS   SFR16          

        CLASS   SFR17          

        CLASS   SFR18          

        CLASS   SFR19          

        CLASS   SFR20          

        CLASS   SFR21          

        CLASS   SFR22          

        CLASS   SFR23          

        CLASS   SFR24          

        CLASS   SFR25          

        CLASS   SFR26          

        CLASS   SFR27          

        CLASS   SFR28          

        CLASS   SFR29          

        CLASS   SFR30          

        CLASS   SFR31          

        CLASS   CONFIG         
                config                             8007     8007        4         0

        CLASS   IDLOC          

        CLASS   EEDATA         

        CLASS   BANK31         

        CLASS   BANK30         

        CLASS   BANK29         

        CLASS   BANK28         

        CLASS   BANK27         

        CLASS   BANK26         

        CLASS   BANK25         

        CLASS   BANK24         

        CLASS   BANK23         

        CLASS   BANK22         

        CLASS   BANK21         

        CLASS   BANK20         

        CLASS   BANK19         

        CLASS   BANK18         

        CLASS   BANK17         

        CLASS   BANK16         

        CLASS   BANK15         

        CLASS   BANK14         

        CLASS   BANK13         



SEGMENTS        Name                           Load    Length   Top    Selector   Space  Class     Delta

                reset_vec                      000000  000002  000002         0       0  CODE        2
                intentry                       000004  0007FB  0007FF         8       0  CODE        2
                cstackBANK0                    000020  000047  000067        20       1  BANK0       1
                cstackCOMMON                   000070  00000E  00007E        70       1  COMMON      1
                bssBANK1                       0000A0  000041  0000E1        A0       1  BANK1       1
                bssBANK2                       000120  000020  000140       120       1  BANK2       1
                text36                         000F1D  000003  000F20      1E3A       0  CODE        2
                text35                         000F20  000003  000F23      1E40       0  CODE        2
                text33                         000F23  000003  000F26      1E46       0  CODE        2
                text30                         000F26  000003  000F29      1E4C       0  CODE        2
                clrtext                        000F29  000006  000F2F      1E52       0  CODE        2
                text32                         000F2F  000007  000F36      1E5E       0  CODE        2
                text34                         000F36  000008  000F3E      1E6C       0  CODE        2
                text29                         000F3E  000008  000F46      1E7C       0  CODE        2
                text9                          000F46  000009  000F4F      1E8C       0  CODE        2
                text31                         000F4F  00000D  000F5C      1E9E       0  CODE        2
                text38                         000F5C  000018  000F74      1EB8       0  CODE        2
                text41                         000F74  00001B  000F8F      1EE8       0  CODE        2
                text28                         000F8F  00001B  000FAA      1F1E       0  CODE        2
                text25                         000FAA  00001B  000FC5      1F54       0  CODE        2
                text8                          000FC5  00001B  000FE0      1F8A       0  CODE        2
                text18                         000FE0  000020  001000      1FC0       0  CODE        2
                stringtext1                    001000  000039  001039      2000       0  STRCODE     2
                _romArray_text                 001FE0  000020  002000      3FC0       0  STRCODE     2
                config                         008007  000004  00800B     1000E       0  CONFIG      2


UNUSED ADDRESS RANGES

        Name                Unused          Largest block    Delta
        BANK0            00067-0006F               9           1
        BANK1            000E1-000EF               F           1
        BANK10           00520-0056F              50           1
        BANK11           005A0-005EF              50           1
        BANK12           00620-0064F              30           1
        BANK2            00140-0016F              30           1
        BANK3            001A0-001EF              50           1
        BANK4            00220-0026F              50           1
        BANK5            002A0-002EF              50           1
        BANK6            00320-0036F              50           1
        BANK7            003A0-003EF              50           1
        BANK8            00420-0046F              50           1
        BANK9            004A0-004EF              50           1
        BIGRAM           02000-023EF             3F0           1
        CODE             00002-00003               2           2
                         007FF-00F1C               1
                         01039-01FDF             7C7
        CONST            00002-00003               2           2
                         007FF-00F1C             100
                         01039-01FDF             100
        EEDATA           0F000-0F0FF             100           2
        ENTRY            00002-00003               2           2
                         007FF-00F1C             100
                         01039-01FDF             100
        IDLOC            08000-08003               4           2
        RAM              00067-0006F               9           1
                         000E1-000EF               F
                         00140-0016F              30
                         001A0-001EF              50
                         00220-0026F              50
                         002A0-002EF              50
                         00320-0036F              50
                         003A0-003EF              50
                         00420-0046F              50
                         004A0-004EF              50
                         00520-0056F              50
                         005A0-005EF              50
                         00620-0064F              30
        SFR0             00000-0001F              20           1
        SFR1             00080-0009F              20           1
        SFR10            00500-0051F              20           1
        SFR11            00580-0059F              20           1
        SFR12            00600-0061F              20           1
        SFR13            00680-006EF              70           1
        SFR14            00700-0076F              70           1
        SFR15            00780-007EF              70           1
        SFR16            00800-0086F              70           1
        SFR17            00880-008EF              70           1
        SFR18            00900-0096F              70           1
        SFR19            00980-009EF              70           1
        SFR2             00100-0011F              20           1
        SFR20            00A00-00A6F              70           1
        SFR21            00A80-00AEF              70           1
        SFR22            00B00-00B6F              70           1
        SFR23            00B80-00BEF              70           1
        SFR24            00C00-00C6F              70           1
        SFR25            00C80-00CEF              70           1
        SFR26            00D00-00D6F              70           1
        SFR27            00D80-00DEF              70           1
        SFR28            00E00-00E6F              70           1
        SFR29            00E80-00EEF              70           1
        SFR3             00180-0019F              20           1
        SFR30            00F00-00F6F              70           1
        SFR31            00F80-00FEF              70           1
        SFR4             00200-0021F              20           1
        SFR5             00280-0029F              20           1
        SFR6             00300-0031F              20           1
        SFR7             00380-0039F              20           1
        SFR8             00400-0041F              20           1
        SFR9             00480-0049F              20           1
        STACK            020C0-023EF             330           1
        STRCODE          00002-00003               2           2
                         007FF-00F1C             71E
                         01039-01FDF             FA7
        STRING           00002-00003               2           2
                         007FF-00F1C             100
                         01039-01FDF             100

                                  Symbol Table

?___lldiv                              cstackBANK0    00029
?___lmul                               cstackBANK0    00029
?___lwdiv                              cstackBANK0    00029
?___lwmod                              cstackBANK0    00029
?___wmul                               cstackCOMMON   00070
?_flashReadByte                        cstackBANK0    00029
?_getADCValue                          cstackBANK0    00037
?_strcmp                               cstackCOMMON   00070
?_strlen                               cstackCOMMON   00070
_ADCON0bits                            (abs)          0009D
_ADCON1bits                            (abs)          0009E
_ADRESH                                (abs)          0009C
_ADRESL                                (abs)          0009B
_ANSELA                                (abs)          0018C
_ANSELAbits                            (abs)          0018C
_ANSELC                                (abs)          0018E
_ANSELCbits                            (abs)          0018E
_FVRCONbits                            (abs)          00117
_INLVLA                                (abs)          0038C
_INLVLC                                (abs)          0038E
_INTCONbits                            (abs)          0000B
_ISR                                   intentry       00004
_ODCONA                                (abs)          0028C
_ODCONC                                (abs)          0028E
_OSCCON1bits                           (abs)          00919
_PIE0bits                              (abs)          00090
_PIR0bits                              (abs)          00010
_PMADRH                                (abs)          00892
_PMADRL                                (abs)          00891
_PMCON1                                (abs)          00895
_PMCON1bits                            (abs)          00895
_PMCON2                                (abs)          00896
_PMDATH                                (abs)          00894
_PMDATL                                (abs)          00893
_PORTAbits                             (abs)          0000C
_PORTCbits                             (abs)          0000E
_RC0PPSbits                            (abs)          00EA0
_RC1PPSbits                            (abs)          00EA1
_RC2PPSbits                            (abs)          00EA2
_SSP1BUF                               (abs)          00211
_SSP1CON1bits                          (abs)          00215
_SSP1STATbits                          (abs)          00214
_STATUSbits                            (abs)          00003
_TRISAbits                             (abs)          0008C
_TRISCbits                             (abs)          0008E
_WDTCONbits                            (abs)          00097
_WPUA                                  (abs)          0020C
_WPUAbits                              (abs)          0020C
_WPUC                                  (abs)          0020E
__CFG_BOREN$OFF                        (abs)          00000
__CFG_BORV$LOW                         (abs)          00000
__CFG_CLKOUTEN$OFF                     (abs)          00000
__CFG_CP$OFF                           (abs)          00000
__CFG_CPD$OFF                          (abs)          00000
__CFG_CSWEN$ON                         (abs)          00000
__CFG_DEBUG$OFF                        (abs)          00000
__CFG_FCMEN$ON                         (abs)          00000
__CFG_FEXTOSC$OFF                      (abs)          00000
__CFG_LPBOREN$OFF                      (abs)          00000
__CFG_LVP$ON                           (abs)          00000
__CFG_MCLRE$ON                         (abs)          00000
__CFG_PPS1WAY$ON                       (abs)          00000
__CFG_PWRTE$ON                         (abs)          00000
__CFG_RSTOSC$HFINT32                   (abs)          00000
__CFG_STVREN$ON                        (abs)          00000
__CFG_WDTE$ON                          (abs)          00000
__CFG_WRT$OFF                          (abs)          00000
__H_romArray_text                      _romArray_text 02000
__Habs1                                abs1           00000
__Hbank0                               bank0          00000
__Hbank1                               bank1          00000
__Hbank10                              bank10         00000
__Hbank11                              bank11         00000
__Hbank12                              bank12         00000
__Hbank13                              bank13         00000
__Hbank14                              bank14         00000
__Hbank15                              bank15         00000
__Hbank16                              bank16         00000
__Hbank17                              bank17         00000
__Hbank18                              bank18         00000
__Hbank19                              bank19         00000
__Hbank2                               bank2          00000
__Hbank20                              bank20         00000
__Hbank21                              bank21         00000
__Hbank22                              bank22         00000
__Hbank23                              bank23         00000
__Hbank24                              bank24         00000
__Hbank25                              bank25         00000
__Hbank26                              bank26         00000
__Hbank27                              bank27         00000
__Hbank28                              bank28         00000
__Hbank29                              bank29         00000
__Hbank3                               bank3          00000
__Hbank30                              bank30         00000
__Hbank31                              bank31         00000
__Hbank4                               bank4          00000
__Hbank5                               bank5          00000
__Hbank6                               bank6          00000
__Hbank7                               bank7          00000
__Hbank8                               bank8          00000
__Hbank9                               bank9          00000
__Hbigram                              bigram         00000
__HbssBANK0                            bssBANK0       00000
__HbssBANK1                            bssBANK1       00000
__HbssBANK2                            bssBANK2       00000
__Hcinit                               cinit          0002C
__Hclrtext                             clrtext        00000
__Hcode                                code           00000
__Hcommon                              common         00000
__Hconfig                              config         0800B
__HcstackBANK0                         cstackBANK0    00000
__HcstackBANK1                         cstackBANK1    00000
__HcstackCOMMON                        cstackCOMMON   00000
__Heeprom_data                         eeprom_data    00000
__Hend_init                            end_init       00011
__Hfunctab                             functab        00000
__Hidloc                               idloc          00000
__Hinit                                init           0000F
__Hintentry                            intentry       0000F
__Hmaintext                            maintext       00000
__Hpowerup                             powerup        00000
__Hram                                 ram            00000
__Hreset_vec                           reset_vec      00002
__Hsfr0                                sfr0           00000
__Hsfr1                                sfr1           00000
__Hsfr10                               sfr10          00000
__Hsfr11                               sfr11          00000
__Hsfr12                               sfr12          00000
__Hsfr13                               sfr13          00000
__Hsfr14                               sfr14          00000
__Hsfr15                               sfr15          00000
__Hsfr16                               sfr16          00000
__Hsfr17                               sfr17          00000
__Hsfr18                               sfr18          00000
__Hsfr19                               sfr19          00000
__Hsfr2                                sfr2           00000
__Hsfr20                               sfr20          00000
__Hsfr21                               sfr21          00000
__Hsfr22                               sfr22          00000
__Hsfr23                               sfr23          00000
__Hsfr24                               sfr24          00000
__Hsfr25                               sfr25          00000
__Hsfr26                               sfr26          00000
__Hsfr27                               sfr27          00000
__Hsfr28                               sfr28          00000
__Hsfr29                               sfr29          00000
__Hsfr3                                sfr3           00000
__Hsfr30                               sfr30          00000
__Hsfr31                               sfr31          00000
__Hsfr4                                sfr4           00000
__Hsfr5                                sfr5           00000
__Hsfr6                                sfr6           00000
__Hsfr7                                sfr7           00000
__Hsfr8                                sfr8           00000
__Hsfr9                                sfr9           00000
__Hspace_0                             (abs)          0800B
__Hspace_1                             (abs)          00140
__Hspace_2                             (abs)          00000
__Hspace_3                             (abs)          00000
__Hstack                               stack          00000
__Hstrings                             strings        00000
__Hstringtext1                         stringtext1    00000
__Hstringtext10                        stringtext10   00000
__Hstringtext11                        stringtext11   00000
__Hstringtext2                         stringtext2    00000
__Hstringtext3                         stringtext3    00000
__Hstringtext4                         stringtext4    00000
__Hstringtext5                         stringtext5    00000
__Hstringtext6                         stringtext6    00000
__Hstringtext7                         stringtext7    00000
__Hstringtext8                         stringtext8    00000
__Hstringtext9                         stringtext9    00000
__Htext                                text           00000
__L_romArray_text                      _romArray_text 01FE0
__Labs1                                abs1           00000
__Lbank0                               bank0          00000
__Lbank1                               bank1          00000
__Lbank10                              bank10         00000
__Lbank11                              bank11         00000
__Lbank12                              bank12         00000
__Lbank13                              bank13         00000
__Lbank14                              bank14         00000
__Lbank15                              bank15         00000
__Lbank16                              bank16         00000
__Lbank17                              bank17         00000
__Lbank18                              bank18         00000
__Lbank19                              bank19         00000
__Lbank2                               bank2          00000
__Lbank20                              bank20         00000
__Lbank21                              bank21         00000
__Lbank22                              bank22         00000
__Lbank23                              bank23         00000
__Lbank24                              bank24         00000
__Lbank25                              bank25         00000
__Lbank26                              bank26         00000
__Lbank27                              bank27         00000
__Lbank28                              bank28         00000
__Lbank29                              bank29         00000
__Lbank3                               bank3          00000
__Lbank30                              bank30         00000
__Lbank31                              bank31         00000
__Lbank4                               bank4          00000
__Lbank5                               bank5          00000
__Lbank6                               bank6          00000
__Lbank7                               bank7          00000
__Lbank8                               bank8          00000
__Lbank9                               bank9          00000
__Lbigram                              bigram         00000
__LbssBANK0                            bssBANK0       00000
__LbssBANK1                            bssBANK1       00000
__LbssBANK2                            bssBANK2       00000
__Lcinit                               cinit          00011
__Lclrtext                             clrtext        00000
__Lcode                                code           00000
__Lcommon                              common         00000
__Lconfig                              config         08007
__LcstackBANK0                         cstackBANK0    00000
__LcstackBANK1                         cstackBANK1    00000
__LcstackCOMMON                        cstackCOMMON   00000
__Leeprom_data                         eeprom_data    00000
__Lend_init                            end_init       0000F
__Lfunctab                             functab        00000
__Lidloc                               idloc          00000
__Linit                                init           0000F
__Lintentry                            intentry       00004
__Lmaintext                            maintext       00000
__Lpowerup                             powerup        00000
__Lram                                 ram            00000
__Lreset_vec                           reset_vec      00000
__Lsfr0                                sfr0           00000
__Lsfr1                                sfr1           00000
__Lsfr10                               sfr10          00000
__Lsfr11                               sfr11          00000
__Lsfr12                               sfr12          00000
__Lsfr13                               sfr13          00000
__Lsfr14                               sfr14          00000
__Lsfr15                               sfr15          00000
__Lsfr16                               sfr16          00000
__Lsfr17                               sfr17          00000
__Lsfr18                               sfr18          00000
__Lsfr19                               sfr19          00000
__Lsfr2                                sfr2           00000
__Lsfr20                               sfr20          00000
__Lsfr21                               sfr21          00000
__Lsfr22                               sfr22          00000
__Lsfr23                               sfr23          00000
__Lsfr24                               sfr24          00000
__Lsfr25                               sfr25          00000
__Lsfr26                               sfr26          00000
__Lsfr27                               sfr27          00000
__Lsfr28                               sfr28          00000
__Lsfr29                               sfr29          00000
__Lsfr3                                sfr3           00000
__Lsfr30                               sfr30          00000
__Lsfr31                               sfr31          00000
__Lsfr4                                sfr4           00000
__Lsfr5                                sfr5           00000
__Lsfr6                                sfr6           00000
__Lsfr7                                sfr7           00000
__Lsfr8                                sfr8           00000
__Lsfr9                                sfr9           00000
__Lspace_0                             (abs)          00000
__Lspace_1                             (abs)          00000
__Lspace_2                             (abs)          00000
__Lspace_3                             (abs)          00000
__Lstack                               stack          00000
__Lstrings                             strings        00000
__Lstringtext1                         stringtext1    00000
__Lstringtext10                        stringtext10   00000
__Lstringtext11                        stringtext11   00000
__Lstringtext2                         stringtext2    00000
__Lstringtext3                         stringtext3    00000
__Lstringtext4                         stringtext4    00000
__Lstringtext5                         stringtext5    00000
__Lstringtext6                         stringtext6    00000
__Lstringtext7                         stringtext7    00000
__Lstringtext8                         stringtext8    00000
__Lstringtext9                         stringtext9    00000
__Ltext                                text           00000
__S0                                   (abs)          0800B
__S1                                   (abs)          00140
__S2                                   (abs)          00000
__S3                                   (abs)          00000
___int_sp                              stack          00000
___latbits                             (abs)          00002
___lldiv                               text15         00482
___lldiv@counter                       cstackBANK0    00036
___lldiv@dividend                      cstackBANK0    0002D
___lldiv@divisor                       cstackBANK0    00029
___lldiv@quotient                      cstackBANK0    00032
___lmul                                text14         00621
___lmul@multiplicand                   cstackBANK0    0002D
___lmul@multiplier                     cstackBANK0    00029
___lmul@product                        cstackBANK0    00031
___lwdiv                               text7          005BA
___lwdiv@counter                       cstackBANK0    0002E
___lwdiv@dividend                      cstackBANK0    0002B
___lwdiv@divisor                       cstackBANK0    00029
___lwdiv@quotient                      cstackBANK0    0002F
___lwmod                               text6          006DF
___lwmod@counter                       cstackBANK0    0002E
___lwmod@dividend                      cstackBANK0    0002B
___lwmod@divisor                       cstackBANK0    00029
___sp                                  stack          00000
___wmul                                text41         00F74
___wmul@multiplicand                   cstackCOMMON   00072
___wmul@multiplier                     cstackCOMMON   00070
___wmul@product                        cstackCOMMON   00074
__end_of_ISR                           intentry       0000F
__end_of___lldiv                       text15         004D5
__end_of___lmul                        text14         00651
__end_of___lwdiv                       text7          005EF
__end_of___lwmod                       text6          0070C
__end_of___wmul                        text41         00F8F
__end_of__initialization               cinit          00028
__end_of_enableInterrupts              text34         00F3E
__end_of_exception                     text38         00F74
__end_of_flashReadByte                 text19         00621
__end_of_flashRealod                   text18         01000
__end_of_flashUpdate                   text16         007A2
__end_of_flashWriteByte                text17         00511
__end_of_getADCValue                   text13         0040E
__end_of_loop                          text4          000FF
__end_of_main                          maintext       002F8
__end_of_memset                        text25         00FC5
__end_of_n_ADDRESS_MUL                 stringtext3    01039
__end_of_n_ADDRESS_P0                  stringtext2    01018
__end_of_nrf24l01CEHigh                text36         00F20
__end_of_nrf24l01CELow                 text35         00F23
__end_of_nrf24l01CSHigh                text33         00F26
__end_of_nrf24l01CSLow                 text30         00F29
__end_of_nrf24l01CheckACK              text26         00681
__end_of_nrf24l01ISR                   text21         006DF
__end_of_nrf24l01Init                  text1          00736
__end_of_nrf24l01InitRegisters         text3          0025B
__end_of_nrf24l01InterfaceInit         text2          007FF
__end_of_nrf24l01ReceiveString         text22         00386
__end_of_nrf24l01ReceiveStringPart     text24         00583
__end_of_nrf24l01SPIEnd                text32         00F36
__end_of_nrf24l01SPISend               text31         00F5C
__end_of_nrf24l01SPIStart              text29         00F46
__end_of_nrf24l01Send                  text12         007E3
__end_of_nrf24l01SendString            text10         001B1
__end_of_nrf24l01SetRXMode             text11         0054C
__end_of_resetRomData                  stringtext1    01013
__end_of_romArray                      _romArray_text 02000
__end_of_sleep                         text9          00F4F
__end_of_strcmp                        text37         0075B
__end_of_strcpy                        text8          00FE0
__end_of_strlen                        text23         0077F
__end_of_utoa                          text5          00482
__end_ofi1_flashUpdate                 text39         007C3
__end_ofi1_flashWriteByte              text40         006B1
__end_ofi1_nrf24l01Send                text28         00FAA
__end_ofi1_nrf24l01SetRXMode           text27         005BA
__initialization                       cinit          00011
__p_romArray_text                      _romArray_text 01FE0
__pbssBANK0                            bssBANK0       00049
__pbssBANK1                            bssBANK1       000A0
__pbssBANK2                            bssBANK2       00120
__pcstackBANK0                         cstackBANK0    00020
__pcstackBANK1                         cstackBANK1    000DB
__pcstackCOMMON                        cstackCOMMON   00070
__pintentry                            intentry       00004
__pmaintext                            maintext       0025B
__pstringtext1                         stringtext1    01000
__pstringtext10                        stringtext10   01034
__pstringtext11                        stringtext11   00000
__pstringtext2                         stringtext2    01013
__pstringtext3                         stringtext3    01038
__pstringtext4                         stringtext4    01018
__pstringtext5                         stringtext5    0101D
__pstringtext6                         stringtext6    01022
__pstringtext7                         stringtext7    01027
__pstringtext8                         stringtext8    0102C
__pstringtext9                         stringtext9    01030
__ptext1                               text1          0070C
__ptext10                              text10         000FF
__ptext11                              text11         00511
__ptext12                              text12         007C3
__ptext13                              text13         00386
__ptext14                              text14         00621
__ptext15                              text15         00482
__ptext16                              text16         0077F
__ptext17                              text17         004D5
__ptext18                              text18         00FE0
__ptext19                              text19         005EF
__ptext2                               text2          007E3
__ptext21                              text21         006B1
__ptext22                              text22         002F8
__ptext23                              text23         0075B
__ptext24                              text24         0054C
__ptext25                              text25         00FAA
__ptext26                              text26         00651
__ptext27                              text27         00583
__ptext28                              text28         00F8F
__ptext29                              text29         00F3E
__ptext3                               text3          001B1
__ptext30                              text30         00F26
__ptext31                              text31         00F4F
__ptext32                              text32         00F2F
__ptext33                              text33         00F23
__ptext34                              text34         00F36
__ptext35                              text35         00F20
__ptext36                              text36         00F1D
__ptext37                              text37         00736
__ptext38                              text38         00F5C
__ptext39                              text39         007A2
__ptext4                               text4          0002C
__ptext40                              text40         00681
__ptext41                              text41         00F74
__ptext5                               text5          0040E
__ptext6                               text6          006DF
__ptext7                               text7          005BA
__ptext8                               text8          00FC5
__ptext9                               text9          00F46
__size_of_ISR                          (abs)          00000
__size_of___lldiv                      (abs)          00000
__size_of___lmul                       (abs)          00000
__size_of___lwdiv                      (abs)          00000
__size_of___lwmod                      (abs)          00000
__size_of___wmul                       (abs)          00000
__size_of_enableInterrupts             (abs)          00000
__size_of_exception                    (abs)          00000
__size_of_flashReadByte                (abs)          00000
__size_of_flashRealod                  (abs)          00000
__size_of_flashUpdate                  (abs)          00000
__size_of_flashWriteByte               (abs)          00000
__size_of_getADCValue                  (abs)          00000
__size_of_loop                         (abs)          00000
__size_of_main                         (abs)          00000
__size_of_memset                       (abs)          00000
__size_of_nrf24l01CEHigh               (abs)          00000
__size_of_nrf24l01CELow                (abs)          00000
__size_of_nrf24l01CSHigh               (abs)          00000
__size_of_nrf24l01CSLow                (abs)          00000
__size_of_nrf24l01CheckACK             (abs)          00000
__size_of_nrf24l01ISR                  (abs)          00000
__size_of_nrf24l01Init                 (abs)          00000
__size_of_nrf24l01InitRegisters        (abs)          00000
__size_of_nrf24l01InterfaceInit        (abs)          00000
__size_of_nrf24l01ReceiveString        (abs)          00000
__size_of_nrf24l01ReceiveStringPart    (abs)          00000
__size_of_nrf24l01SPIEnd               (abs)          00000
__size_of_nrf24l01SPISend              (abs)          00000
__size_of_nrf24l01SPIStart             (abs)          00000
__size_of_nrf24l01Send                 (abs)          00000
__size_of_nrf24l01SendString           (abs)          00000
__size_of_nrf24l01SetRXMode            (abs)          00000
__size_of_sleep                        (abs)          00000
__size_of_strcmp                       (abs)          00000
__size_of_strcpy                       (abs)          00000
__size_of_strlen                       (abs)          00000
__size_of_utoa                         (abs)          00000
__size_ofi1_flashUpdate                (abs)          00000
__size_ofi1_flashWriteByte             (abs)          00000
__size_ofi1_nrf24l01Send               (abs)          00000
__size_ofi1_nrf24l01SetRXMode          (abs)          00000
_counter                               bssBANK0       00049
_enableInterrupts                      text34         00F36
_exception                             text38         00F5C
_flashReadByte                         text19         005EF
_flashRealod                           text18         00FE0
_flashUpdate                           text16         0077F
_flashWriteByte                        text17         004D5
_getADCValue                           text13         00386
_loop                                  text4          0002C
_main                                  maintext       0025B
_memset                                text25         00FAA
_n_ADDRESS_MUL                         stringtext3    01038
_n_ADDRESS_P0                          stringtext2    01013
_nrf24l01                              bssBANK0       0004D
_nrf24l01CEHigh                        text36         00F1D
_nrf24l01CELow                         text35         00F20
_nrf24l01CSHigh                        text33         00F23
_nrf24l01CSLow                         text30         00F26
_nrf24l01CheckACK                      text26         00651
_nrf24l01ISR                           text21         006B1
_nrf24l01Init                          text1          0070C
_nrf24l01InitRegisters                 text3          001B1
_nrf24l01InterfaceInit                 text2          007E3
_nrf24l01RXName                        bssBANK1       000B3
_nrf24l01RXPacketData                  bssBANK0       0004B
_nrf24l01RXTopic                       bssBANK0       0004F
_nrf24l01RXValue                       bssBANK1       000D3
_nrf24l01ReceiveString                 text22         002F8
_nrf24l01ReceiveStringPart             text24         0054C
_nrf24l01SPIEnd                        text32         00F2F
_nrf24l01SPISend                       text31         00F4F
_nrf24l01SPIStart                      text29         00F3E
_nrf24l01Send                          text12         007C3
_nrf24l01SendString                    text10         000FF
_nrf24l01SetRXMode                     text11         00511
_nrf24l01TXName                        bssBANK1       000C3
_nrf24l01TXPacketData                  bssBANK0       0004E
_nrf24l01TXTopic                       bssBANK0       0005F
_nrf24l01TXValue                       bssBANK0       00057
_romArray                              _romArray_text 01FE0
_romArray_absaddr                      (abs)          01FE0
_romData                               bssBANK1       000A0
_romHolder                             bssBANK2       00120
_sleep                                 text9          00F46
_strcmp                                text37         00736
_strcpy                                text8          00FC5
_strlen                                text23         0075B
_utoa                                  text5          0040E
btemp                                  (abs)          0007E
clear_ram0                             clrtext        00F29
enableInterrupts@enable                cstackCOMMON   00070
end_of_initialization                  cinit          00028
exception@exception                    cstackCOMMON   0007C
flashReadByte@address                  cstackBANK0    00030
flashReadByte@offset                   cstackBANK0    00029
flashReadByte@result                   cstackBANK0    0002E
flashRealod@i                          cstackBANK0    00033
flashUpdate@i                          cstackBANK0    00031
flashWriteByte@address                 cstackBANK0    0002D
flashWriteByte@data                    cstackBANK0    0002B
flashWriteByte@offset                  cstackBANK0    00029
getADCValue@adcLoop                    cstackBANK0    00040
getADCValue@adcSum                     cstackBANK0    00041
getADCValue@channel                    cstackBANK0    0003F
getADCValue@divider                    cstackBANK0    00037
i1_flashUpdate                         text39         007A2
i1_flashWriteByte                      text40         00681
i1_nrf24l01Send                        text28         00F8F
i1_nrf24l01SetRXMode                   text27         00583
i1flashUpdate@i                        cstackCOMMON   00078
i1flashWriteByte@address               cstackCOMMON   00074
i1flashWriteByte@data                  cstackCOMMON   00072
i1flashWriteByte@offset                cstackCOMMON   00070
i1nrf24l01Send@command                 cstackCOMMON   00073
i1nrf24l01Send@data                    cstackCOMMON   00071
i1nrf24l01SetRXMode@config             cstackCOMMON   00075
i1nrf24l01SetRXMode@rxMode             cstackCOMMON   00076
int$flags                              (abs)          0007E
intlevel0                              functab        00000
intlevel1                              functab        00000
intlevel2                              functab        00000
intlevel3                              functab        00000
intlevel4                              functab        00000
intlevel5                              functab        00000
memset@c                               cstackCOMMON   00078
memset@n                               cstackCOMMON   0007A
memset@p                               cstackBANK0    00020
memset@p1                              cstackBANK0    00021
nrf24l01ISR@status                     cstackBANK0    00028
nrf24l01Init@isReciever                cstackBANK0    00038
nrf24l01InitRegisters@DynPD            cstackBANK0    00034
nrf24l01InitRegisters@channel          cstackBANK0    0002D
nrf24l01InitRegisters@config           cstackBANK0    00035
nrf24l01InitRegisters@enAA             cstackBANK0    00033
nrf24l01InitRegisters@enRXAddr         cstackBANK0    00032
nrf24l01InitRegisters@feature          cstackBANK0    0002F
nrf24l01InitRegisters@rfSetup          cstackBANK0    00030
nrf24l01InitRegisters@setupAW          cstackBANK0    0002E
nrf24l01InitRegisters@status           cstackBANK0    00031
nrf24l01ReceiveString@offset           cstackBANK0    00027
nrf24l01ReceiveString@width            cstackBANK0    00026
nrf24l01ReceiveStringPart@byte         cstackCOMMON   00078
nrf24l01ReceiveStringPart@destLength   cstackCOMMON   00072
nrf24l01ReceiveStringPart@i            cstackCOMMON   00079
nrf24l01ReceiveStringPart@offset       cstackCOMMON   00071
nrf24l01ReceiveStringPart@sourceLength cstackCOMMON   00073
nrf24l01ReceiveStringPart@string       cstackCOMMON   00077
nrf24l01SPISend@data                   cstackCOMMON   00070
nrf24l01Send@command                   cstackBANK0    0002B
nrf24l01Send@data                      cstackBANK0    00029
nrf24l01SendString@i                   cstackBANK0    00030
nrf24l01SetRXMode@config               cstackBANK0    0002D
nrf24l01SetRXMode@rxMode               cstackBANK0    0002E
reset_vec                              reset_vec      00000
stackhi                                (abs)          023EF
stacklo                                (abs)          020C0
start                                  init           0000F
start_initialization                   cinit          00011
strcmp@r                               cstackCOMMON   00073
strcmp@s1                              cstackCOMMON   00074
strcmp@s2                              cstackCOMMON   00070
strcpy@cp                              cstackBANK0    0002C
strcpy@from                            cstackBANK0    00029
strcpy@to                              cstackBANK0    0002D
strlen@cp                              cstackCOMMON   00076
strlen@s                               cstackCOMMON   00077
utoa@base                              cstackBANK0    00047
utoa@buf                               cstackBANK1    000DF
utoa@c                                 cstackBANK1    000DE
utoa@v                                 cstackBANK1    000DC
utoa@val                               cstackBANK0    00045
wtemp0                                 (abs)          0007E


FUNCTION INFORMATION:

 *************** function _main *****************
 Defined at:
		line 118 in file "main.c"
 Parameters:    Size  Location     Type
		None
 Auto vars:     Size  Location     Type
		None
 Return value:  Size  Location     Type
                  1    wreg      void 
 Registers used:
		wreg, fsr0l, fsr0h, fsr1l, fsr1h, status,2, status,0, pclath, cstack
 Tracked objects:
		On entry : 
		On exit  : 
		Unchanged: 
 Data sizes:     COMMON   BANK0   BANK1   BANK2   BANK3   BANK4   BANK5   BANK6   BANK7   BANK8   BANK9  BANK10  BANK11  BANK12
      Params:         0       0       0       0       0       0       0       0       0       0       0       0       0       0
      Locals:         0       0       0       0       0       0       0       0       0       0       0       0       0       0
      Temps:          0       0       1       0       0       0       0       0       0       0       0       0       0       0
      Totals:         0       0       1       0       0       0       0       0       0       0       0       0       0       0
Total ram usage:        1 bytes
 Hardware stack levels required when called:   13
 This function calls:
		_flashRealod
		_flashUpdate
		_loop
		_nrf24l01Init
		_nrf24l01SendString
		_sleep
		_strcpy
		_utoa
 This function is called by:
		Startup code after reset
 This function uses a non-reentrant model


 *************** function _nrf24l01Init *****************
 Defined at:
		line 457 in file "nrf24l01.c"
 Parameters:    Size  Location     Type
  isReciever      1    wreg     unsigned char 
 Auto vars:     Size  Location     Type
  isReciever      1   24[BANK0 ] unsigned char 
 Return value:  Size  Location     Type
                  1    wreg      void 
 Registers used:
		wreg, status,2, status,0, pclath, cstack
 Tracked objects:
		On entry : 
		On exit  : 
		Unchanged: 
 Data sizes:     COMMON   BANK0   BANK1   BANK2   BANK3   BANK4   BANK5   BANK6   BANK7   BANK8   BANK9  BANK10  BANK11  BANK12
      Params:         0       0       0       0       0       0       0       0       0       0       0       0       0       0
      Locals:         0       1       0       0       0       0       0       0       0       0       0       0       0       0
      Temps:          0       2       0       0       0       0       0       0       0       0       0       0       0       0
      Totals:         0       3       0       0       0       0       0       0       0       0       0       0       0       0
Total ram usage:        3 bytes
 Hardware stack levels used:    1
 Hardware stack levels required when called:   11
 This function calls:
		_nrf24l01CEHigh
		_nrf24l01CELow
		_nrf24l01InitRegisters
		_nrf24l01InterfaceInit
 This function is called by:
		_main
 This function uses a non-reentrant model


 *************** function _nrf24l01InterfaceInit *****************
 Defined at:
		line 28 in file "interface.c"
 Parameters:    Size  Location     Type
		None
 Auto vars:     Size  Location     Type
		None
 Return value:  Size  Location     Type
                  1    wreg      void 
 Registers used:
		wreg, status,2, status,0
 Tracked objects:
		On entry : 
		On exit  : 
		Unchanged: 
 Data sizes:     COMMON   BANK0   BANK1   BANK2   BANK3   BANK4   BANK5   BANK6   BANK7   BANK8   BANK9  BANK10  BANK11  BANK12
      Params:         0       0       0       0       0       0       0       0       0       0       0       0       0       0
      Locals:         0       0       0       0       0       0       0       0       0       0       0       0       0       0
      Temps:          0       0       0       0       0       0       0       0       0       0       0       0       0       0
      Totals:         0       0       0       0       0       0       0       0       0       0       0       0       0       0
Total ram usage:        0 bytes
 Hardware stack levels used:    1
 Hardware stack levels required when called:    7
 This function calls:
		Nothing
 This function is called by:
		_nrf24l01Init
 This function uses a non-reentrant model


 *************** function _nrf24l01InitRegisters *****************
 Defined at:
		line 372 in file "nrf24l01.c"
 Parameters:    Size  Location     Type
  isReciever      1    wreg     unsigned char 
 Auto vars:     Size  Location     Type
  isReciever      1    0[COMMON] unsigned char 
  config          1   21[BANK0 ] struct .
  DynPD           1   20[BANK0 ] struct .
  enAA            1   19[BANK0 ] struct .
  enRXAddr        1   18[BANK0 ] struct .
  status          1   17[BANK0 ] struct .
  rfSetup         1   16[BANK0 ] struct .
  feature         1   15[BANK0 ] struct .
  setupAW         1   14[BANK0 ] struct .
  channel         1   13[BANK0 ] struct .
 Return value:  Size  Location     Type
                  1    wreg      void 
 Registers used:
		wreg, status,2, status,0, pclath, cstack
 Tracked objects:
		On entry : 
		On exit  : 
		Unchanged: 
 Data sizes:     COMMON   BANK0   BANK1   BANK2   BANK3   BANK4   BANK5   BANK6   BANK7   BANK8   BANK9  BANK10  BANK11  BANK12
      Params:         0       0       0       0       0       0       0       0       0       0       0       0       0       0
      Locals:         0       9       0       0       0       0       0       0       0       0       0       0       0       0
      Temps:          0       1       0       0       0       0       0       0       0       0       0       0       0       0
      Totals:         0      10       0       0       0       0       0       0       0       0       0       0       0       0
Total ram usage:       10 bytes
 Hardware stack levels used:    1
 Hardware stack levels required when called:   10
 This function calls:
		_nrf24l01Send
 This function is called by:
		_nrf24l01Init
 This function uses a non-reentrant model


 *************** function _loop *****************
 Defined at:
		line 74 in file "main.c"
 Parameters:    Size  Location     Type
		None
 Auto vars:     Size  Location     Type
		None
 Return value:  Size  Location     Type
                  1    wreg      void 
 Registers used:
		wreg, fsr0l, fsr0h, fsr1l, fsr1h, status,2, status,0, pclath, cstack
 Tracked objects:
		On entry : 
		On exit  : 
		Unchanged: 
 Data sizes:     COMMON   BANK0   BANK1   BANK2   BANK3   BANK4   BANK5   BANK6   BANK7   BANK8   BANK9  BANK10  BANK11  BANK12
      Params:         0       0       0       0       0       0       0       0       0       0       0       0       0       0
      Locals:         0       0       0       0       0       0       0       0       0       0       0       0       0       0
      Temps:          0       0       0       0       0       0       0       0       0       0       0       0       0       0
      Totals:         0       0       0       0       0       0       0       0       0       0       0       0       0       0
Total ram usage:        0 bytes
 Hardware stack levels used:    1
 Hardware stack levels required when called:   12
 This function calls:
		_getADCValue
		_nrf24l01SendString
		_sleep
		_strcpy
		_utoa
 This function is called by:
		_main
 This function uses a non-reentrant model


 *************** function _utoa *****************
 Defined at:
		line 17 in file "C:\Program Files (x86)\Microchip\xc8\v2.00\pic\sources\c90\common\itoa.c"
 Parameters:    Size  Location     Type
  buf             1    wreg     PTR unsigned char 
		 -> nrf24l01TXValue(8), 
  val             2   37[BANK0 ] unsigned int 
  base            2   39[BANK0 ] int 
 Auto vars:     Size  Location     Type
  buf             1    4[BANK1 ] PTR unsigned char 
		 -> nrf24l01TXValue(8), 
  v               2    1[BANK1 ] unsigned int 
  c               1    3[BANK1 ] unsigned char 
 Return value:  Size  Location     Type
                  1    wreg      PTR unsigned char 
 Registers used:
		wreg, fsr1l, fsr1h, status,2, status,0, pclath, cstack
 Tracked objects:
		On entry : 
		On exit  : 
		Unchanged: 
 Data sizes:     COMMON   BANK0   BANK1   BANK2   BANK3   BANK4   BANK5   BANK6   BANK7   BANK8   BANK9  BANK10  BANK11  BANK12
      Params:         0       4       0       0       0       0       0       0       0       0       0       0       0       0
      Locals:         0       0       4       0       0       0       0       0       0       0       0       0       0       0
      Temps:          0       0       1       0       0       0       0       0       0       0       0       0       0       0
      Totals:         0       4       5       0       0       0       0       0       0       0       0       0       0       0
Total ram usage:        9 bytes
 Hardware stack levels used:    1
 Hardware stack levels required when called:    8
 This function calls:
		___lwdiv
		___lwmod
 This function is called by:
		_loop
		_main
 This function uses a non-reentrant model


 *************** function ___lwmod *****************
 Defined at:
		line 5 in file "C:\Program Files (x86)\Microchip\xc8\v2.00\pic\sources\c90\common\lwmod.c"
 Parameters:    Size  Location     Type
  divisor         2    9[BANK0 ] unsigned int 
  dividend        2   11[BANK0 ] unsigned int 
 Auto vars:     Size  Location     Type
  counter         1   14[BANK0 ] unsigned char 
 Return value:  Size  Location     Type
                  2    9[BANK0 ] unsigned int 
 Registers used:
		wreg, status,2, status,0
 Tracked objects:
		On entry : 
		On exit  : 
		Unchanged: 
 Data sizes:     COMMON   BANK0   BANK1   BANK2   BANK3   BANK4   BANK5   BANK6   BANK7   BANK8   BANK9  BANK10  BANK11  BANK12
      Params:         0       4       0       0       0       0       0       0       0       0       0       0       0       0
      Locals:         0       1       0       0       0       0       0       0       0       0       0       0       0       0
      Temps:          0       1       0       0       0       0       0       0       0       0       0       0       0       0
      Totals:         0       6       0       0       0       0       0       0       0       0       0       0       0       0
Total ram usage:        6 bytes
 Hardware stack levels used:    1
 Hardware stack levels required when called:    7
 This function calls:
		Nothing
 This function is called by:
		_utoa
 This function uses a non-reentrant model


 *************** function ___lwdiv *****************
 Defined at:
		line 5 in file "C:\Program Files (x86)\Microchip\xc8\v2.00\pic\sources\c90\common\lwdiv.c"
 Parameters:    Size  Location     Type
  divisor         2    9[BANK0 ] unsigned int 
  dividend        2   11[BANK0 ] unsigned int 
 Auto vars:     Size  Location     Type
  quotient        2   15[BANK0 ] unsigned int 
  counter         1   14[BANK0 ] unsigned char 
 Return value:  Size  Location     Type
                  2    9[BANK0 ] unsigned int 
 Registers used:
		wreg, status,2, status,0
 Tracked objects:
		On entry : 
		On exit  : 
		Unchanged: 
 Data sizes:     COMMON   BANK0   BANK1   BANK2   BANK3   BANK4   BANK5   BANK6   BANK7   BANK8   BANK9  BANK10  BANK11  BANK12
      Params:         0       4       0       0       0       0       0       0       0       0       0       0       0       0
      Locals:         0       3       0       0       0       0       0       0       0       0       0       0       0       0
      Temps:          0       1       0       0       0       0       0       0       0       0       0       0       0       0
      Totals:         0       8       0       0       0       0       0       0       0       0       0       0       0       0
Total ram usage:        8 bytes
 Hardware stack levels used:    1
 Hardware stack levels required when called:    7
 This function calls:
		Nothing
 This function is called by:
		_utoa
 This function uses a non-reentrant model


 *************** function _strcpy *****************
 Defined at:
		line 8 in file "C:\Program Files (x86)\Microchip\xc8\v2.00\pic\sources\c90\common\strcpy.c"
 Parameters:    Size  Location     Type
  to              1    wreg     PTR unsigned char 
		 -> nrf24l01TXName(16), nrf24l01TXTopic(8), romData(19), 
  from            2    9[BANK0 ] PTR const unsigned char 
		 -> STR_7(5), STR_6(4), romData.name(16), STR_5(5), 
		 -> STR_4(4), STR_3(5), STR_2(5), STR_1(4), 
		 -> romData(19), 
 Auto vars:     Size  Location     Type
  to              1   13[BANK0 ] PTR unsigned char 
		 -> nrf24l01TXName(16), nrf24l01TXTopic(8), romData(19), 
  cp              1   12[BANK0 ] PTR unsigned char 
		 -> nrf24l01TXName(16), nrf24l01TXTopic(8), romData(19), 
 Return value:  Size  Location     Type
                  1    wreg      PTR unsigned char 
 Registers used:
		wreg, fsr0l, fsr0h, fsr1l, fsr1h, status,2, status,0, pclath
 Tracked objects:
		On entry : 
		On exit  : 
		Unchanged: 
 Data sizes:     COMMON   BANK0   BANK1   BANK2   BANK3   BANK4   BANK5   BANK6   BANK7   BANK8   BANK9  BANK10  BANK11  BANK12
      Params:         0       2       0       0       0       0       0       0       0       0       0       0       0       0
      Locals:         0       2       0       0       0       0       0       0       0       0       0       0       0       0
      Temps:          0       1       0       0       0       0       0       0       0       0       0       0       0       0
      Totals:         0       5       0       0       0       0       0       0       0       0       0       0       0       0
Total ram usage:        5 bytes
 Hardware stack levels used:    1
 Hardware stack levels required when called:    7
 This function calls:
		Nothing
 This function is called by:
		_loop
		_main
 This function uses a non-reentrant model


 *************** function _sleep *****************
 Defined at:
		line 49 in file "main.c"
 Parameters:    Size  Location     Type
		None
 Auto vars:     Size  Location     Type
		None
 Return value:  Size  Location     Type
                  1    wreg      void 
 Registers used:
		None
 Tracked objects:
		On entry : 
		On exit  : 
		Unchanged: 
 Data sizes:     COMMON   BANK0   BANK1   BANK2   BANK3   BANK4   BANK5   BANK6   BANK7   BANK8   BANK9  BANK10  BANK11  BANK12
      Params:         0       0       0       0       0       0       0       0       0       0       0       0       0       0
      Locals:         0       0       0       0       0       0       0       0       0       0       0       0       0       0
      Temps:          0       0       0       0       0       0       0       0       0       0       0       0       0       0
      Totals:         0       0       0       0       0       0       0       0       0       0       0       0       0       0
Total ram usage:        0 bytes
 Hardware stack levels used:    1
 Hardware stack levels required when called:    7
 This function calls:
		Nothing
 This function is called by:
		_loop
		_main
		_checkRxData
 This function uses a non-reentrant model


 *************** function _nrf24l01SendString *****************
 Defined at:
		line 237 in file "nrf24l01.c"
 Parameters:    Size  Location     Type
		None
 Auto vars:     Size  Location     Type
  i               1   16[BANK0 ] unsigned char 
 Return value:  Size  Location     Type
                  1    wreg      void 
 Registers used:
		wreg, fsr1l, fsr1h, status,2, status,0, pclath, cstack
 Tracked objects:
		On entry : 
		On exit  : 
		Unchanged: 
 Data sizes:     COMMON   BANK0   BANK1   BANK2   BANK3   BANK4   BANK5   BANK6   BANK7   BANK8   BANK9  BANK10  BANK11  BANK12
      Params:         0       0       0       0       0       0       0       0       0       0       0       0       0       0
      Locals:         0       1       0       0       0       0       0       0       0       0       0       0       0       0
      Temps:          0       1       0       0       0       0       0       0       0       0       0       0       0       0
      Totals:         0       2       0       0       0       0       0       0       0       0       0       0       0       0
Total ram usage:        2 bytes
 Hardware stack levels used:    1
 Hardware stack levels required when called:   11
 This function calls:
		_enableInterrupts
		_nrf24l01CEHigh
		_nrf24l01CELow
		_nrf24l01SPIEnd
		_nrf24l01SPISend
		_nrf24l01SPIStart
		_nrf24l01SetRXMode
 This function is called by:
		_loop
		_main
 This function uses a non-reentrant model


 *************** function _nrf24l01SetRXMode *****************
 Defined at:
		line 74 in file "nrf24l01.c"
 Parameters:    Size  Location     Type
  rxMode          1    wreg     unsigned char 
 Auto vars:     Size  Location     Type
  rxMode          1   14[BANK0 ] unsigned char 
  config          1   13[BANK0 ] struct .
 Return value:  Size  Location     Type
                  1    wreg      void 
 Registers used:
		wreg, status,2, status,0, pclath, cstack
 Tracked objects:
		On entry : 
		On exit  : 
		Unchanged: 
 Data sizes:     COMMON   BANK0   BANK1   BANK2   BANK3   BANK4   BANK5   BANK6   BANK7   BANK8   BANK9  BANK10  BANK11  BANK12
      Params:         0       0       0       0       0       0       0       0       0       0       0       0       0       0
      Locals:         0       2       0       0       0       0       0       0       0       0       0       0       0       0
      Temps:          0       1       0       0       0       0       0       0       0       0       0       0       0       0
      Totals:         0       3       0       0       0       0       0       0       0       0       0       0       0       0
Total ram usage:        3 bytes
 Hardware stack levels used:    1
 Hardware stack levels required when called:   10
 This function calls:
		_nrf24l01CEHigh
		_nrf24l01CELow
		_nrf24l01Send
 This function is called by:
		_nrf24l01SendString
		_checkRxData
 This function uses a non-reentrant model


 *************** function _nrf24l01Send *****************
 Defined at:
		line 19 in file "nrf24l01.c"
 Parameters:    Size  Location     Type
  command         1    wreg     unsigned char 
  data            1    9[BANK0 ] unsigned char 
 Auto vars:     Size  Location     Type
  command         1   11[BANK0 ] unsigned char 
 Return value:  Size  Location     Type
                  1    wreg      unsigned char 
 Registers used:
		wreg, status,2, status,0, pclath, cstack
 Tracked objects:
		On entry : 
		On exit  : 
		Unchanged: 
 Data sizes:     COMMON   BANK0   BANK1   BANK2   BANK3   BANK4   BANK5   BANK6   BANK7   BANK8   BANK9  BANK10  BANK11  BANK12
      Params:         0       1       0       0       0       0       0       0       0       0       0       0       0       0
      Locals:         0       1       0       0       0       0       0       0       0       0       0       0       0       0
      Temps:          0       1       0       0       0       0       0       0       0       0       0       0       0       0
      Totals:         0       3       0       0       0       0       0       0       0       0       0       0       0       0
Total ram usage:        3 bytes
 Hardware stack levels used:    1
 Hardware stack levels required when called:    9
 This function calls:
		_enableInterrupts
		_nrf24l01SPIEnd
		_nrf24l01SPISend
		_nrf24l01SPIStart
 This function is called by:
		_nrf24l01SetRXMode
		_nrf24l01InitRegisters
 This function uses a non-reentrant model


 *************** function _getADCValue *****************
 Defined at:
		line 22 in file "main.c"
 Parameters:    Size  Location     Type
  channel         1    wreg     unsigned char 
  divider         4   23[BANK0 ] unsigned long 
 Auto vars:     Size  Location     Type
  channel         1   31[BANK0 ] unsigned char 
  adcSum          4   33[BANK0 ] unsigned long 
  adcLoop         1   32[BANK0 ] unsigned char 
 Return value:  Size  Location     Type
                  4   23[BANK0 ] unsigned long 
 Registers used:
		wreg, status,2, status,0, pclath, cstack
 Tracked objects:
		On entry : 
		On exit  : 
		Unchanged: 
 Data sizes:     COMMON   BANK0   BANK1   BANK2   BANK3   BANK4   BANK5   BANK6   BANK7   BANK8   BANK9  BANK10  BANK11  BANK12
      Params:         0       4       0       0       0       0       0       0       0       0       0       0       0       0
      Locals:         0       6       0       0       0       0       0       0       0       0       0       0       0       0
      Temps:          0       4       0       0       0       0       0       0       0       0       0       0       0       0
[...]
      Temps:          0       0       0       0       0       0       0       0       0       0       0       0       0       0
      Totals:         0       0       0       0       0       0       0       0       0       0       0       0       0       0
Total ram usage:        0 bytes
 Hardware stack levels used:    1
 Hardware stack levels required when called:    7
 This function calls:
		Nothing
 This function is called by:
		_nrf24l01SPIStart
 This function uses a non-reentrant model


 *************** function _nrf24l01SPISend *****************
 Defined at:
		line 52 in file "interface.c"
 Parameters:    Size  Location     Type
  data            1    wreg     unsigned char 
 Auto vars:     Size  Location     Type
  data            1    0[COMMON] unsigned char 
 Return value:  Size  Location     Type
                  1    wreg      unsigned char 
 Registers used:
		wreg
 Tracked objects:
		On entry : 
		On exit  : 
		Unchanged: 
 Data sizes:     COMMON   BANK0   BANK1   BANK2   BANK3   BANK4   BANK5   BANK6   BANK7   BANK8   BANK9  BANK10  BANK11  BANK12
      Params:         0       0       0       0       0       0       0       0       0       0       0       0       0       0
      Locals:         0       0       0       0       0       0       0       0       0       0       0       0       0       0
      Temps:          0       0       0       0       0       0       0       0       0       0       0       0       0       0
      Totals:         0       0       0       0       0       0       0       0       0       0       0       0       0       0
Total ram usage:        0 bytes
 Hardware stack levels used:    1
 Hardware stack levels required when called:    7
 This function calls:
		Nothing
 This function is called by:
		_nrf24l01Send
		_nrf24l01ReceiveStringPart
		_nrf24l01ReceiveString
		_nrf24l01SendString
		i1_nrf24l01Send
		_nrf24l01SetTXAddress
 This function uses a non-reentrant model


 *************** function _nrf24l01SPIEnd *****************
 Defined at:
		line 71 in file "interface.c"
 Parameters:    Size  Location     Type
		None
 Auto vars:     Size  Location     Type
		None
 Return value:  Size  Location     Type
                  1    wreg      void 
 Registers used:
		wreg, status,2, status,0, pclath, cstack
 Tracked objects:
		On entry : 
		On exit  : 
		Unchanged: 
 Data sizes:     COMMON   BANK0   BANK1   BANK2   BANK3   BANK4   BANK5   BANK6   BANK7   BANK8   BANK9  BANK10  BANK11  BANK12
      Params:         0       0       0       0       0       0       0       0       0       0       0       0       0       0
      Locals:         0       0       0       0       0       0       0       0       0       0       0       0       0       0
      Temps:          0       0       0       0       0       0       0       0       0       0       0       0       0       0
      Totals:         0       0       0       0       0       0       0       0       0       0       0       0       0       0
Total ram usage:        0 bytes
 Hardware stack levels used:    1
 Hardware stack levels required when called:    8
 This function calls:
		_nrf24l01CSHigh
 This function is called by:
		_nrf24l01Send
		_nrf24l01ReceiveString
		_nrf24l01SendString
		i1_nrf24l01Send
 This function uses a non-reentrant model


 *************** function _nrf24l01CSHigh *****************
 Defined at:
		line 23 in file "interface.c"
 Parameters:    Size  Location     Type
		None
 Auto vars:     Size  Location     Type
		None
 Return value:  Size  Location     Type
                  1    wreg      void 
 Registers used:
		None
 Tracked objects:
		On entry : 
		On exit  : 
		Unchanged: 
 Data sizes:     COMMON   BANK0   BANK1   BANK2   BANK3   BANK4   BANK5   BANK6   BANK7   BANK8   BANK9  BANK10  BANK11  BANK12
      Params:         0       0       0       0       0       0       0       0       0       0       0       0       0       0
      Locals:         0       0       0       0       0       0       0       0       0       0       0       0       0       0
      Temps:          0       0       0       0       0       0       0       0       0       0       0       0       0       0
      Totals:         0       0       0       0       0       0       0       0       0       0       0       0       0       0
Total ram usage:        0 bytes
 Hardware stack levels used:    1
 Hardware stack levels required when called:    7
 This function calls:
		Nothing
 This function is called by:
		_nrf24l01SPIEnd
 This function uses a non-reentrant model


 *************** function _enableInterrupts *****************
 Defined at:
		line 77 in file "interface.c"
 Parameters:    Size  Location     Type
  enable          1    wreg     unsigned char 
 Auto vars:     Size  Location     Type
  enable          1    0[COMMON] unsigned char 
 Return value:  Size  Location     Type
                  1    wreg      void 
 Registers used:
		wreg, status,0
 Tracked objects:
		On entry : 
		On exit  : 
		Unchanged: 
 Data sizes:     COMMON   BANK0   BANK1   BANK2   BANK3   BANK4   BANK5   BANK6   BANK7   BANK8   BANK9  BANK10  BANK11  BANK12
      Params:         0       0       0       0       0       0       0       0       0       0       0       0       0       0
      Locals:         0       0       0       0       0       0       0       0       0       0       0       0       0       0
      Temps:          0       0       0       0       0       0       0       0       0       0       0       0       0       0
      Totals:         0       0       0       0       0       0       0       0       0       0       0       0       0       0
Total ram usage:        0 bytes
 Hardware stack levels used:    1
 Hardware stack levels required when called:    7
 This function calls:
		Nothing
 This function is called by:
		_nrf24l01Send
		_nrf24l01SendString
		i1_nrf24l01Send
 This function uses a non-reentrant model


 *************** function _nrf24l01CELow *****************
 Defined at:
		line 8 in file "interface.c"
 Parameters:    Size  Location     Type
		None
 Auto vars:     Size  Location     Type
		None
 Return value:  Size  Location     Type
                  1    wreg      void 
 Registers used:
		None
 Tracked objects:
		On entry : 
		On exit  : 
		Unchanged: 
 Data sizes:     COMMON   BANK0   BANK1   BANK2   BANK3   BANK4   BANK5   BANK6   BANK7   BANK8   BANK9  BANK10  BANK11  BANK12
      Params:         0       0       0       0       0       0       0       0       0       0       0       0       0       0
      Locals:         0       0       0       0       0       0       0       0       0       0       0       0       0       0
      Temps:          0       0       0       0       0       0       0       0       0       0       0       0       0       0
      Totals:         0       0       0       0       0       0       0       0       0       0       0       0       0       0
Total ram usage:        0 bytes
 Hardware stack levels used:    1
 Hardware stack levels required when called:    7
 This function calls:
		Nothing
 This function is called by:
		_nrf24l01SetRXMode
		_nrf24l01ReceiveString
		_nrf24l01SendString
		_nrf24l01Init
		i1_nrf24l01SetRXMode
 This function uses a non-reentrant model


 *************** function _nrf24l01CEHigh *****************
 Defined at:
		line 13 in file "interface.c"
 Parameters:    Size  Location     Type
		None
 Auto vars:     Size  Location     Type
		None
 Return value:  Size  Location     Type
                  1    wreg      void 
 Registers used:
		None
 Tracked objects:
		On entry : 
		On exit  : 
		Unchanged: 
 Data sizes:     COMMON   BANK0   BANK1   BANK2   BANK3   BANK4   BANK5   BANK6   BANK7   BANK8   BANK9  BANK10  BANK11  BANK12
      Params:         0       0       0       0       0       0       0       0       0       0       0       0       0       0
      Locals:         0       0       0       0       0       0       0       0       0       0       0       0       0       0
      Temps:          0       0       0       0       0       0       0       0       0       0       0       0       0       0
      Totals:         0       0       0       0       0       0       0       0       0       0       0       0       0       0
Total ram usage:        0 bytes
 Hardware stack levels used:    1
 Hardware stack levels required when called:    7
 This function calls:
		Nothing
 This function is called by:
		_nrf24l01SetRXMode
		_nrf24l01ReceiveString
		_nrf24l01SendString
		_nrf24l01Init
		i1_nrf24l01SetRXMode
 This function uses a non-reentrant model


 *************** function _strcmp *****************
 Defined at:
		line 33 in file "C:\Program Files (x86)\Microchip\xc8\v2.00\pic\sources\c90\common\strcmp.c"
 Parameters:    Size  Location     Type
  s1              1    wreg     PTR const unsigned char 
		 -> nrf24l01RXValue(8), nrf24l01RXTopic(8), nrf24l01RXName(16), 
  s2              1    0[COMMON] PTR const unsigned char 
		 -> nrf24l01RXValue(8), nrf24l01RXTopic(8), nrf24l01RXName(16), 
 Auto vars:     Size  Location     Type
  s1              1    4[COMMON] PTR const unsigned char 
		 -> nrf24l01RXValue(8), nrf24l01RXTopic(8), nrf24l01RXName(16), 
  r               1    3[COMMON] char 
 Return value:  Size  Location     Type
                  2    0[COMMON] int 
 Registers used:
		wreg, fsr0l, fsr0h, fsr1l, fsr1h, status,2, status,0
 Tracked objects:
		On entry : 
		On exit  : 
		Unchanged: 
 Data sizes:     COMMON   BANK0   BANK1   BANK2   BANK3   BANK4   BANK5   BANK6   BANK7   BANK8   BANK9  BANK10  BANK11  BANK12
      Params:         2       0       0       0       0       0       0       0       0       0       0       0       0       0
      Locals:         2       0       0       0       0       0       0       0       0       0       0       0       0       0
      Temps:          1       0       0       0       0       0       0       0       0       0       0       0       0       0
      Totals:         5       0       0       0       0       0       0       0       0       0       0       0       0       0
Total ram usage:        5 bytes
 Hardware stack levels used:    1
 This function calls:
		Nothing
 This function is called by:
		_nrf24l01CheckACK
 This function uses a non-reentrant model


 *************** function _exception *****************
 Defined at:
		line 81 in file "interface.c"
 Parameters:    Size  Location     Type
  exception       1    wreg     unsigned char 
 Auto vars:     Size  Location     Type
  exception       1   12[COMMON] unsigned char 
 Return value:  Size  Location     Type
                  1    wreg      void 
 Registers used:
		wreg, fsr1l, fsr1h, status,2, status,0, pclath, cstack
 Tracked objects:
		On entry : 
		On exit  : 
		Unchanged: 
 Data sizes:     COMMON   BANK0   BANK1   BANK2   BANK3   BANK4   BANK5   BANK6   BANK7   BANK8   BANK9  BANK10  BANK11  BANK12
      Params:         0       0       0       0       0       0       0       0       0       0       0       0       0       0
      Locals:         1       0       0       0       0       0       0       0       0       0       0       0       0       0
      Temps:          2       0       0       0       0       0       0       0       0       0       0       0       0       0
      Totals:         3       0       0       0       0       0       0       0       0       0       0       0       0       0
Total ram usage:        3 bytes
 Hardware stack levels used:    1
 Hardware stack levels required when called:    2
 This function calls:
		___wmul
		i1_flashUpdate
 This function is called by:
		_nrf24l01ISR
 This function uses a non-reentrant model


 *************** function i1_flashUpdate *****************
 Defined at:
		line 97 in file "flash.c"
 Parameters:    Size  Location     Type
		None
 Auto vars:     Size  Location     Type
  flashUpdate     2    8[COMMON] unsigned int 
 Return value:  Size  Location     Type
                  1    wreg      void 
 Registers used:
		wreg, fsr1l, fsr1h, status,2, status,0, pclath, cstack
 Tracked objects:
		On entry : 
		On exit  : 
		Unchanged: 
 Data sizes:     COMMON   BANK0   BANK1   BANK2   BANK3   BANK4   BANK5   BANK6   BANK7   BANK8   BANK9  BANK10  BANK11  BANK12
      Params:         0       0       0       0       0       0       0       0       0       0       0       0       0       0
      Locals:         2       0       0       0       0       0       0       0       0       0       0       0       0       0
      Temps:          2       0       0       0       0       0       0       0       0       0       0       0       0       0
      Totals:         4       0       0       0       0       0       0       0       0       0       0       0       0       0
Total ram usage:        4 bytes
 Hardware stack levels used:    1
 Hardware stack levels required when called:    1
 This function calls:
		i1_flashWriteByte
 This function is called by:
		_exception
 This function uses a non-reentrant model


 *************** function i1_flashWriteByte *****************
 Defined at:
		line 8 in file "flash.c"
 Parameters:    Size  Location     Type
  offset          2    0[COMMON] unsigned int 
  data            2    2[COMMON] unsigned int 
 Auto vars:     Size  Location     Type
  flashWriteBy    2    4[COMMON] unsigned int 
 Return value:  Size  Location     Type
                  1    wreg      void 
 Registers used:
		wreg, status,2, status,0
 Tracked objects:
		On entry : 
		On exit  : 
		Unchanged: 
 Data sizes:     COMMON   BANK0   BANK1   BANK2   BANK3   BANK4   BANK5   BANK6   BANK7   BANK8   BANK9  BANK10  BANK11  BANK12
      Params:         4       0       0       0       0       0       0       0       0       0       0       0       0       0
      Locals:         2       0       0       0       0       0       0       0       0       0       0       0       0       0
      Temps:          0       0       0       0       0       0       0       0       0       0       0       0       0       0
      Totals:         6       0       0       0       0       0       0       0       0       0       0       0       0       0
Total ram usage:        6 bytes
 Hardware stack levels used:    1
 This function calls:
		Nothing
 This function is called by:
		i1_flashUpdate
 This function uses a non-reentrant model


 *************** function ___wmul *****************
 Defined at:
		line 15 in file "C:\Program Files (x86)\Microchip\xc8\v2.00\pic\sources\c90\common\Umul16.c"
 Parameters:    Size  Location     Type
  multiplier      2    0[COMMON] unsigned int 
  multiplicand    2    2[COMMON] unsigned int 
 Auto vars:     Size  Location     Type
  product         2    4[COMMON] unsigned int 
 Return value:  Size  Location     Type
                  2    0[COMMON] unsigned int 
 Registers used:
		wreg, status,2, status,0
 Tracked objects:
		On entry : 
		On exit  : 
		Unchanged: 
 Data sizes:     COMMON   BANK0   BANK1   BANK2   BANK3   BANK4   BANK5   BANK6   BANK7   BANK8   BANK9  BANK10  BANK11  BANK12
      Params:         4       0       0       0       0       0       0       0       0       0       0       0       0       0
      Locals:         2       0       0       0       0       0       0       0       0       0       0       0       0       0
      Temps:          0       0       0       0       0       0       0       0       0       0       0       0       0       0
      Totals:         6       0       0       0       0       0       0       0       0       0       0       0       0       0
Total ram usage:        6 bytes
 Hardware stack levels used:    1
 This function calls:
		Nothing
 This function is called by:
		_exception
 This function uses a non-reentrant model



MODULE INFORMATION

Module		Function		Class		Link	Load	Size
C:\Program Files (x86)\Microchip\xc8\v2.00\pic\sources\c90\common\lwmod.c
		___lwmod       		CODE           	06DF	0000	46

C:\Program Files (x86)\Microchip\xc8\v2.00\pic\sources\c90\common\lwmod.c estimated size: 46

C:\Program Files (x86)\Microchip\xc8\v2.00\pic\sources\c90\common\Umul16.c
		___wmul        		CODE           	0F74	0000	28

C:\Program Files (x86)\Microchip\xc8\v2.00\pic\sources\c90\common\Umul16.c estimated size: 28

C:\Program Files (x86)\Microchip\xc8\v2.00\pic\sources\c90\common\itoa.c
		_utoa          		CODE           	040E	0000	117

C:\Program Files (x86)\Microchip\xc8\v2.00\pic\sources\c90\common\itoa.c estimated size: 117

C:\Program Files (x86)\Microchip\xc8\v2.00\pic\sources\c90\common\__lldiv.c
		___lldiv       		CODE           	0482	0000	84

C:\Program Files (x86)\Microchip\xc8\v2.00\pic\sources\c90\common\__lldiv.c estimated size: 84

C:\Program Files (x86)\Microchip\xc8\v2.00\pic\sources\c90\common\lwdiv.c
		___lwdiv       		CODE           	05BA	0000	54

C:\Program Files (x86)\Microchip\xc8\v2.00\pic\sources\c90\common\lwdiv.c estimated size: 54

C:\Program Files (x86)\Microchip\xc8\v2.00\pic\sources\c90\common\Umul32.c
		___lmul        		CODE           	0621	0000	49

C:\Program Files (x86)\Microchip\xc8\v2.00\pic\sources\c90\common\Umul32.c estimated size: 49

shared
		i1_nrf24l01Send		CODE           	0F8F	0000	28
		i1_flashWriteByte		CODE           	0681	0000	49
		i1_flashUpdate 		CODE           	07A2	0000	34
		i1_nrf24l01SetRXMode		CODE           	0583	0000	56
		_n_ADDRESS_P0  		STRCODE        	1013	0000	6
		_n_ADDRESS_MUL 		STRCODE        	1038	0000	2
		__initialization		CODE           	0011	0000	24
		_romArray      		STRCODE        	1FE0	0000	33
		_resetRomData  		STRCODE        	0000	0000	0

shared estimated size: 232

interface.c
		_nrf24l01SPISend		CODE           	0F4F	0000	14
		_exception     		CODE           	0F5C	0000	25
		_nrf24l01CELow 		CODE           	0F20	0000	4
		_nrf24l01CSLow 		CODE           	0F26	0000	4
		_nrf24l01SPIStart		CODE           	0F3E	0000	9
		_nrf24l01SPIEnd		CODE           	0F2F	0000	8
		_nrf24l01CEHigh		CODE           	0F1D	0000	4
		_nrf24l01CSHigh		CODE           	0F23	0000	4
		_enableInterrupts		CODE           	0F36	0000	9
		_nrf24l01InterfaceInit		CODE           	07E3	0000	29

interface.c estimated size: 110

flash.c
		_flashWriteByte		CODE           	04D5	0000	61
		_flashRealod   		CODE           	0FE0	0000	33
		_flashReadByte 		CODE           	05EF	0000	51
		_flashUpdate   		CODE           	077F	0000	36

flash.c estimated size: 181

C:\Program Files (x86)\Microchip\xc8\v2.00\pic\sources\c90\common\strlen.c
		_strlen        		CODE           	075B	0000	37

C:\Program Files (x86)\Microchip\xc8\v2.00\pic\sources\c90\common\strlen.c estimated size: 37

C:\Program Files (x86)\Microchip\xc8\v2.00\pic\sources\c90\common\strcmp.c
		_strcmp        		CODE           	0736	0000	38

C:\Program Files (x86)\Microchip\xc8\v2.00\pic\sources\c90\common\strcmp.c estimated size: 38

C:\Program Files (x86)\Microchip\xc8\v2.00\pic\sources\c90\common\strcpy.c
		_strcpy        		CODE           	0FC5	0000	28

C:\Program Files (x86)\Microchip\xc8\v2.00\pic\sources\c90\common\strcpy.c estimated size: 28

nrf24l01.c
		_nrf24l01SendString		CODE           	00FF	0000	179
		_nrf24l01ReceiveStringPart		CODE           	054C	0000	56
		_nrf24l01InitRegisters		CODE           	01B1	0000	171
		_nrf24l01CheckACK		CODE           	0651	0000	49
		_nrf24l01ISR   		CODE           	06B1	0000	47
		_nrf24l01Send  		CODE           	07C3	0000	33
		_nrf24l01Init  		CODE           	070C	0000	43
		_nrf24l01SetRXMode		CODE           	0511	0000	60
		_nrf24l01ReceiveString		CODE           	02F8	0000	143

nrf24l01.c estimated size: 781

C:\Program Files (x86)\Microchip\xc8\v2.00\pic\sources\c90\common\memset.c
		_memset        		CODE           	0FAA	0000	28

C:\Program Files (x86)\Microchip\xc8\v2.00\pic\sources\c90\common\memset.c estimated size: 28

main.c
		_loop          		CODE           	002C	0000	212
		_ISR           		CODE           	0004	0000	12
		_main          		CODE           	025B	0000	158
		_getADCValue   		CODE           	0386	0000	137
		_sleep         		CODE           	0F46	0000	10

main.c estimated size: 529

