Microchip MPLAB XC8 Compiler V2.00 ()

Linker command line:

-W-3 --edf=C:\Program Files (x86)\Microchip\xc8\v2.00\pic\dat\en_msgs.txt \
  -cs -h+dist/default/production\nRF24L01__PIC16LF1825.X.X.production.sym \
  --cmf=dist/default/production\nRF24L01__PIC16LF1825.X.X.production.cmf -z \
  -Q16LF18325 -oC:\Users\Leon\AppData\Local\Temp\sdp0.2 \
  -Mdist/default/production/nRF24L01__PIC16LF1825.X.X.production.map -E1 \
  -ver=XC8 -ASTACK=02130h-023efh -pstack=STACK -p_romArray_text=1FE0h \
  -ACODE=00h-07FFhx4 -ASTRCODE=00h-01FFFh -ASTRING=00h-0FFhx32 \
  -ACONST=00h-0FFhx32 -AENTRY=00h-0FFhx32 -ACOMMON=070h-07Fh \
  -ABANK0=020h-06Fh -ABANK1=0A0h-0EFh -ABANK2=0120h-016Fh \
  -ABANK3=01A0h-01EFh -ABANK4=0220h-026Fh -ABANK5=02A0h-02EFh \
  -ABANK6=0320h-036Fh -ABANK7=03A0h-03EFh -ABANK8=0420h-046Fh \
  -ABANK9=04A0h-04EFh -ABANK10=0520h-056Fh -ABANK11=05A0h-05EFh \
  -ABANK12=0620h-064Fh -ABIGRAM=02000h-023EFh \
  -ARAM=020h-06Fh,0A0h-0EFh,0120h-016Fh,01A0h-01EFh,0220h-026Fh,02A0h-02EFh,0320h-036Fh,03A0h-03EFh,0420h-046Fh,04A0h-04EFh,0520h-056Fh,05A0h-05EFh,0620h-064Fh \
  -AABS1=020h-07Fh,0A0h-0EFh,0120h-016Fh,01A0h-01EFh,0220h-026Fh,02A0h-02EFh,0320h-036Fh,03A0h-03EFh,0420h-046Fh,04A0h-04EFh,0520h-056Fh,05A0h-05EFh,0620h-064Fh \
  -ASFR0=00h-01Fh -ASFR1=080h-09Fh -ASFR2=0100h-011Fh -ASFR3=0180h-019Fh \
  -ASFR4=0200h-021Fh -ASFR5=0280h-029Fh -ASFR6=0300h-031Fh \
  -ASFR7=0380h-039Fh -ASFR8=0400h-041Fh -ASFR9=0480h-049Fh \
  -ASFR10=0500h-051Fh -ASFR11=0580h-059Fh -ASFR12=0600h-061Fh \
  -ASFR13=0680h-06EFh -ASFR14=0700h-076Fh -ASFR15=0780h-07EFh \
  -ASFR16=0800h-086Fh -ASFR17=0880h-08EFh -ASFR18=0900h-096Fh \
  -ASFR19=0980h-09EFh -ASFR20=0A00h-0A6Fh -ASFR21=0A80h-0AEFh \
  -ASFR22=0B00h-0B6Fh -ASFR23=0B80h-0BEFh -ASFR24=0C00h-0C6Fh \
  -ASFR25=0C80h-0CEFh -ASFR26=0D00h-0D6Fh -ASFR27=0D80h-0DEFh \
  -ASFR28=0E00h-0E6Fh -ASFR29=0E80h-0EEFh -ASFR30=0F00h-0F6Fh \
  -ASFR31=0F80h-0FEFh -preset_vec=00h,intentry=04h,init,end_init \
  -ppowerup=CODE -pcinit=CODE -pfunctab=ENTRY -ACONFIG=08007h-0800Ah \
  -pconfig=CONFIG -DCONFIG=2 -AIDLOC=08000h-08003h -pidloc=IDLOC -DIDLOC=2 \
  -AEEDATA=00h-0FFh/0F000h -peeprom_data=EEDATA -DEEDATA=2 -DCODE=2 \
  -DSTRCODE=2 -DSTRING=2 -DCONST=2 -DENTRY=2 -k \
  C:\Users\Leon\AppData\Local\Temp\sdp0.o \
  dist/default/production\nRF24L01__PIC16LF1825.X.X.production.o 

Object code version is 3.11

Machine type is 16LF18325



                Name                               Link     Load   Length Selector   Space Scale
C:\Users\Leon\AppData\Local\Temp\sdp0.o
                end_init                              F        F        2        8       0
                reset_vec                             0        0        2        0       0
                config                             8007     8007        4    1000E       0
dist/default/production\nRF24L01__PIC16LF1825.X.X.production.o
                cinit                                11       11       23        8       0
                intentry                              4        4        B        8       0
                text44                              F77      F77       1B     1EEE       0
                text43                              5E7      5E7       30        8       0
                text42                              779      779       20        8       0
                text41                              F47      F47       18     1E8E       0
                text40                              6C4      6C4       28        8       0
                text39                              F15      F15        3     1E2A       0
                text38                              F18      F18        3     1E30       0
                text37                              F2E      F2E        8     1E5C       0
                text36                              F1B      F1B        3     1E36       0
                text35                              F27      F27        7     1E4E       0
                text34                              7F2      7F2        D        8       0
                text33                              F1E      F1E        3     1E3C       0
                text32                              F36      F36        8     1E6C       0
                text31                              F92      F92       1B     1F24       0
                text30                              519      519       37        8       0
                text29                              F5F      F5F       18     1EBE       0
                text28                              FC8      FC8       1C     1F90       0
                text27                              712      712       25        8       0
                text26                              452      452       50        8       0
                text25                              617      617       2E        8       0
                text23                              585      585       32        8       0
                text22                              799      799       1F        8       0
                text21                              4A2      4A2       3C        8       0
                text20                              737      737       22        8       0
                text19                              3FF      3FF       53        8       0
                text18                              5B7      5B7       30        8       0
                text17                              28F      28F       88        8       0
                text16                              759      759       20        8       0
                text15                              4DE      4DE       3B        8       0
                text14                              6EC      6EC       26        8       0
                text13                              317      317       86        8       0
                text12                              FE4      FE4       1C     1FC8       0
                text11                              69C      69C       28        8       0
                text10                              7B8      7B8       1E        8       0
                text9                               F3E      F3E        9     1E7C       0
                text8                               550      550       35        8       0
                text7                               645      645       2D        8       0
                text6                               39D      39D       62        8       0
                text5                                34       34      110        8       0
                text4                               144      144       AA        8       0
                text3                               7D6      7D6       1C        8       0
                text2                               672      672       2A        8       0
                text1                               FAD      FAD       1B     1F5A       0
                maintext                            1EE      1EE       A1        8       0
                cstackBANK0                          20       20       2D       20       1
                cstackCOMMON                         70       70        E       70       1
                clrtext                             F21      F21        6     1E42       0
                bssBANK3                            1A0      1A0       40      1A0       1
                bssBANK2                            120      120       40      120       1
                bssBANK1                             A0       A0       33       A0       1
                bssBANK0                             4D       4D       16       20       1
                stringtext10                       103A     103A        4     2000       0
                stringtext9                        1035     1035        5     2000       0
                stringtext8                        1030     1030        5     2000       0
                stringtext7                        1025     1025        6     2000       0
                stringtext6                        101F     101F        6     2000       0
                stringtext5                        1019     1019        6     2000       0
                stringtext4                        1013     1013        6     2000       0
                _romArray_text                     1FE0     1FE0       20     3FC0       0
                stringtext3                        103E     103E        1     2000       0
                stringtext2                        102B     102B        5     2000       0
                stringtext1                        1000     1000       13     2000       0

TOTAL           Name                               Link     Load   Length     Space
        CLASS   STACK          

        CLASS   CODE           
                end_init                              F        F        2         0
                cinit                                11       11       23         0
                intentry                              4        4        B         0
                reset_vec                             0        0        2         0
                text44                              F77      F77       1B         0
                text43                              5E7      5E7       30         0
                text42                              779      779       20         0
                text41                              F47      F47       18         0
                text40                              6C4      6C4       28         0
                text39                              F15      F15        3         0
                text38                              F18      F18        3         0
                text37                              F2E      F2E        8         0
                text36                              F1B      F1B        3         0
                text35                              F27      F27        7         0
                text34                              7F2      7F2        D         0
                text33                              F1E      F1E        3         0
                text32                              F36      F36        8         0
                text31                              F92      F92       1B         0
                text30                              519      519       37         0
                text29                              F5F      F5F       18         0
                text28                              FC8      FC8       1C         0
                text27                              712      712       25         0
                text26                              452      452       50         0
                text25                              617      617       2E         0
                text23                              585      585       32         0
                text22                              799      799       1F         0
                text21                              4A2      4A2       3C         0
                text20                              737      737       22         0
                text19                              3FF      3FF       53         0
                text18                              5B7      5B7       30         0
                text17                              28F      28F       88         0
                text16                              759      759       20         0
                text15                              4DE      4DE       3B         0
                text14                              6EC      6EC       26         0
                text13                              317      317       86         0
                text12                              FE4      FE4       1C         0
                text11                              69C      69C       28         0
                text10                              7B8      7B8       1E         0
                text9                               F3E      F3E        9         0
                text8                               550      550       35         0
                text7                               645      645       2D         0
                text6                               39D      39D       62         0
                text5                                34       34      110         0
                text4                               144      144       AA         0
                text3                               7D6      7D6       1C         0
                text2                               672      672       2A         0
                text1                               FAD      FAD       1B         0
                maintext                            1EE      1EE       A1         0
                clrtext                             F21      F21        6         0

        CLASS   STRCODE        
                stringtext10                       103A     103A        4         0
                stringtext9                        1035     1035        5         0
                stringtext8                        1030     1030        5         0
                stringtext7                        1025     1025        6         0
                stringtext6                        101F     101F        6         0
                stringtext5                        1019     1019        6         0
                stringtext4                        1013     1013        6         0
                _romArray_text                     1FE0     1FE0       20         0
                stringtext3                        103E     103E        1         0
                stringtext2                        102B     102B        5         0
                stringtext1                        1000     1000       13         0

        CLASS   STRING         

        CLASS   CONST          

        CLASS   ENTRY          

        CLASS   COMMON         
                cstackCOMMON                         70       70        E         1

        CLASS   BANK0          
                cstackBANK0                          20       20       2D         1
                bssBANK0                             4D       4D       16         1

        CLASS   BANK1          
                bssBANK1                             A0       A0       33         1

        CLASS   BANK2          
                bssBANK2                            120      120       40         1

        CLASS   BANK3          
                bssBANK3                            1A0      1A0       40         1

        CLASS   BANK4          

        CLASS   BANK5          

        CLASS   BANK6          

        CLASS   BANK7          

        CLASS   BANK8          

        CLASS   BANK9          

        CLASS   BANK10         

        CLASS   BANK11         

        CLASS   BANK12         

        CLASS   BIGRAM         

        CLASS   RAM            

        CLASS   ABS1           
                abs_s1                               7E       7E        2         1

        CLASS   SFR0           

        CLASS   SFR1           

        CLASS   SFR2           

        CLASS   SFR3           

        CLASS   SFR4           

        CLASS   SFR5           

        CLASS   SFR6           

        CLASS   SFR7           

        CLASS   SFR8           

        CLASS   SFR9           

        CLASS   SFR10          

        CLASS   SFR11          

        CLASS   SFR12          

        CLASS   SFR13          

        CLASS   SFR14          

        CLASS   SFR15          

        CLASS   SFR16          

        CLASS   SFR17          

        CLASS   SFR18          

        CLASS   SFR19          

        CLASS   SFR20          

        CLASS   SFR21          

        CLASS   SFR22          

        CLASS   SFR23          

        CLASS   SFR24          

        CLASS   SFR25          

        CLASS   SFR26          

        CLASS   SFR27          

        CLASS   SFR28          

        CLASS   SFR29          

        CLASS   SFR30          

        CLASS   SFR31          

        CLASS   CONFIG         
                config                             8007     8007        4         0

        CLASS   IDLOC          

        CLASS   EEDATA         

        CLASS   BANK31         

        CLASS   BANK30         

        CLASS   BANK29         

        CLASS   BANK28         

        CLASS   BANK27         

        CLASS   BANK26         

        CLASS   BANK25         

        CLASS   BANK24         

        CLASS   BANK23         

        CLASS   BANK22         

        CLASS   BANK21         

        CLASS   BANK20         

        CLASS   BANK19         

        CLASS   BANK18         

        CLASS   BANK17         

        CLASS   BANK16         

        CLASS   BANK15         

        CLASS   BANK14         

        CLASS   BANK13         



SEGMENTS        Name                           Load    Length   Top    Selector   Space  Class     Delta

                reset_vec                      000000  000002  000002         0       0  CODE        2
                intentry                       000004  0007FB  0007FF         8       0  CODE        2
                cstackBANK0                    000020  000043  000063        20       1  BANK0       1
                cstackCOMMON                   000070  00000E  00007E        70       1  COMMON      1
                bssBANK1                       0000A0  000033  0000D3        A0       1  BANK1       1
                bssBANK2                       000120  000040  000160       120       1  BANK2       1
                bssBANK3                       0001A0  000040  0001E0       1A0       1  BANK3       1
                text39                         000F15  000003  000F18      1E2A       0  CODE        2
                text38                         000F18  000003  000F1B      1E30       0  CODE        2
                text36                         000F1B  000003  000F1E      1E36       0  CODE        2
                text33                         000F1E  000003  000F21      1E3C       0  CODE        2
                clrtext                        000F21  000006  000F27      1E42       0  CODE        2
                text35                         000F27  000007  000F2E      1E4E       0  CODE        2
                text37                         000F2E  000008  000F36      1E5C       0  CODE        2
                text32                         000F36  000008  000F3E      1E6C       0  CODE        2
                text9                          000F3E  000009  000F47      1E7C       0  CODE        2
                text41                         000F47  000018  000F5F      1E8E       0  CODE        2
                text29                         000F5F  000018  000F77      1EBE       0  CODE        2
                text44                         000F77  00001B  000F92      1EEE       0  CODE        2
                text31                         000F92  00001B  000FAD      1F24       0  CODE        2
                text1                          000FAD  00001B  000FC8      1F5A       0  CODE        2
                text28                         000FC8  00001C  000FE4      1F90       0  CODE        2
                text12                         000FE4  00001C  001000      1FC8       0  CODE        2
                stringtext1                    001000  00003F  00103F      2000       0  STRCODE     2
                _romArray_text                 001FE0  000020  002000      3FC0       0  STRCODE     2
                config                         008007  000004  00800B     1000E       0  CONFIG      2


UNUSED ADDRESS RANGES

        Name                Unused          Largest block    Delta
        BANK0            00063-0006F               D           1
        BANK1            000D3-000EF              1D           1
        BANK10           00520-0056F              50           1
        BANK11           005A0-005EF              50           1
        BANK12           00620-0064F              30           1
        BANK2            00160-0016F              10           1
        BANK3            001E0-001EF              10           1
        BANK4            00220-0026F              50           1
        BANK5            002A0-002EF              50           1
        BANK6            00320-0036F              50           1
        BANK7            003A0-003EF              50           1
        BANK8            00420-0046F              50           1
        BANK9            004A0-004EF              50           1
        BIGRAM           02000-023EF             3F0           1
        CODE             00002-00003               2           2
                         007FF-00F14               1
                         0103F-01FDF             7C1
        CONST            00002-00003               2           2
                         007FF-00F14             100
                         0103F-01FDF             100
        EEDATA           0F000-0F0FF             100           2
        ENTRY            00002-00003               2           2
                         007FF-00F14             100
                         0103F-01FDF             100
        IDLOC            08000-08003               4           2
        RAM              00063-0006F               D           1
                         000D3-000EF              1D
                         00160-0016F              10
                         001E0-001EF              10
                         00220-0026F              50
                         002A0-002EF              50
                         00320-0036F              50
                         003A0-003EF              50
                         00420-0046F              50
                         004A0-004EF              50
                         00520-0056F              50
                         005A0-005EF              50
                         00620-0064F              30
        SFR0             00000-0001F              20           1
        SFR1             00080-0009F              20           1
        SFR10            00500-0051F              20           1
        SFR11            00580-0059F              20           1
        SFR12            00600-0061F              20           1
        SFR13            00680-006EF              70           1
        SFR14            00700-0076F              70           1
        SFR15            00780-007EF              70           1
        SFR16            00800-0086F              70           1
        SFR17            00880-008EF              70           1
        SFR18            00900-0096F              70           1
        SFR19            00980-009EF              70           1
        SFR2             00100-0011F              20           1
        SFR20            00A00-00A6F              70           1
        SFR21            00A80-00AEF              70           1
        SFR22            00B00-00B6F              70           1
        SFR23            00B80-00BEF              70           1
        SFR24            00C00-00C6F              70           1
        SFR25            00C80-00CEF              70           1
        SFR26            00D00-00D6F              70           1
        SFR27            00D80-00DEF              70           1
        SFR28            00E00-00E6F              70           1
        SFR29            00E80-00EEF              70           1
        SFR3             00180-0019F              20           1
        SFR30            00F00-00F6F              70           1
        SFR31            00F80-00FEF              70           1
        SFR4             00200-0021F              20           1
        SFR5             00280-0029F              20           1
        SFR6             00300-0031F              20           1
        SFR7             00380-0039F              20           1
        SFR8             00400-0041F              20           1
        SFR9             00480-0049F              20           1
        STACK            02130-023EF             2C0           1
        STRCODE          00002-00003               2           2
                         007FF-00F14             716
                         0103F-01FDF             FA1
        STRING           00002-00003               2           2
                         007FF-00F14             100
                         0103F-01FDF             100

                                  Symbol Table

?___lldiv                       cstackBANK0    00027
?___lmul                        cstackBANK0    00027
?___lwdiv                       cstackBANK0    00027
?___lwmod                       cstackBANK0    00027
?___wmul                        cstackCOMMON   00070
?_flashReadByte                 cstackBANK0    00027
?_getADCValue                   cstackBANK0    00035
?_strcmp                        cstackCOMMON   00070
?_strlen                        cstackBANK0    00027
?i1_strlen                      cstackCOMMON   00070
_ADCON0bits                     (abs)          0009D
_ADCON1bits                     (abs)          0009E
_ADRESH                         (abs)          0009C
_ADRESL                         (abs)          0009B
_ANSELA                         (abs)          0018C
_ANSELAbits                     (abs)          0018C
_ANSELC                         (abs)          0018E
_ANSELCbits                     (abs)          0018E
_FVRCONbits                     (abs)          00117
_INLVLA                         (abs)          0038C
_INLVLC                         (abs)          0038E
_INTCONbits                     (abs)          0000B
_ISR                            intentry       00004
_ODCONA                         (abs)          0028C
_ODCONC                         (abs)          0028E
_OSCCON1bits                    (abs)          00919
_PIE0bits                       (abs)          00090
_PIR0bits                       (abs)          00010
_PMADRH                         (abs)          00892
_PMADRL                         (abs)          00891
_PMCON1                         (abs)          00895
_PMCON1bits                     (abs)          00895
_PMCON2                         (abs)          00896
_PMDATH                         (abs)          00894
_PMDATL                         (abs)          00893
_PORTAbits                      (abs)          0000C
_PORTCbits                      (abs)          0000E
_RC0PPSbits                     (abs)          00EA0
_RC1PPSbits                     (abs)          00EA1
_RC2PPSbits                     (abs)          00EA2
_SSP1BUF                        (abs)          00211
_SSP1CON1bits                   (abs)          00215
_SSP1STATbits                   (abs)          00214
_STATUSbits                     (abs)          00003
_TRISAbits                      (abs)          0008C
_TRISCbits                      (abs)          0008E
_WDTCONbits                     (abs)          00097
_WPUA                           (abs)          0020C
_WPUAbits                       (abs)          0020C
_WPUC                           (abs)          0020E
__CFG_BOREN$OFF                 (abs)          00000
__CFG_BORV$LOW                  (abs)          00000
__CFG_CLKOUTEN$OFF              (abs)          00000
__CFG_CP$OFF                    (abs)          00000
__CFG_CPD$OFF                   (abs)          00000
__CFG_CSWEN$ON                  (abs)          00000
__CFG_DEBUG$OFF                 (abs)          00000
__CFG_FCMEN$ON                  (abs)          00000
__CFG_FEXTOSC$OFF               (abs)          00000
__CFG_LPBOREN$OFF               (abs)          00000
__CFG_LVP$ON                    (abs)          00000
__CFG_MCLRE$ON                  (abs)          00000
__CFG_PPS1WAY$ON                (abs)          00000
__CFG_PWRTE$ON                  (abs)          00000
__CFG_RSTOSC$HFINT32            (abs)          00000
__CFG_STVREN$ON                 (abs)          00000
__CFG_WDTE$ON                   (abs)          00000
__CFG_WRT$OFF                   (abs)          00000
__H_romArray_text               _romArray_text 02000
__Habs1                         abs1           00000
__Hbank0                        bank0          00000
__Hbank1                        bank1          00000
__Hbank10                       bank10         00000
__Hbank11                       bank11         00000
__Hbank12                       bank12         00000
__Hbank13                       bank13         00000
__Hbank14                       bank14         00000
__Hbank15                       bank15         00000
__Hbank16                       bank16         00000
__Hbank17                       bank17         00000
__Hbank18                       bank18         00000
__Hbank19                       bank19         00000
__Hbank2                        bank2          00000
__Hbank20                       bank20         00000
__Hbank21                       bank21         00000
__Hbank22                       bank22         00000
__Hbank23                       bank23         00000
__Hbank24                       bank24         00000
__Hbank25                       bank25         00000
__Hbank26                       bank26         00000
__Hbank27                       bank27         00000
__Hbank28                       bank28         00000
__Hbank29                       bank29         00000
__Hbank3                        bank3          00000
__Hbank30                       bank30         00000
__Hbank31                       bank31         00000
__Hbank4                        bank4          00000
__Hbank5                        bank5          00000
__Hbank6                        bank6          00000
__Hbank7                        bank7          00000
__Hbank8                        bank8          00000
__Hbank9                        bank9          00000
__Hbigram                       bigram         00000
__HbssBANK0                     bssBANK0       00000
__HbssBANK1                     bssBANK1       00000
__HbssBANK2                     bssBANK2       00000
__HbssBANK3                     bssBANK3       00000
__Hcinit                        cinit          00034
__Hclrtext                      clrtext        00000
__Hcode                         code           00000
__Hcommon                       common         00000
__Hconfig                       config         0800B
__HcstackBANK0                  cstackBANK0    00000
__HcstackCOMMON                 cstackCOMMON   00000
__Heeprom_data                  eeprom_data    00000
__Hend_init                     end_init       00011
__Hfunctab                      functab        00000
__Hidloc                        idloc          00000
__Hinit                         init           0000F
__Hintentry                     intentry       0000F
__Hmaintext                     maintext       00000
__Hpowerup                      powerup        00000
__Hram                          ram            00000
__Hreset_vec                    reset_vec      00002
__Hsfr0                         sfr0           00000
__Hsfr1                         sfr1           00000
__Hsfr10                        sfr10          00000
__Hsfr11                        sfr11          00000
__Hsfr12                        sfr12          00000
__Hsfr13                        sfr13          00000
__Hsfr14                        sfr14          00000
__Hsfr15                        sfr15          00000
__Hsfr16                        sfr16          00000
__Hsfr17                        sfr17          00000
__Hsfr18                        sfr18          00000
__Hsfr19                        sfr19          00000
__Hsfr2                         sfr2           00000
__Hsfr20                        sfr20          00000
__Hsfr21                        sfr21          00000
__Hsfr22                        sfr22          00000
__Hsfr23                        sfr23          00000
__Hsfr24                        sfr24          00000
__Hsfr25                        sfr25          00000
__Hsfr26                        sfr26          00000
__Hsfr27                        sfr27          00000
__Hsfr28                        sfr28          00000
__Hsfr29                        sfr29          00000
__Hsfr3                         sfr3           00000
__Hsfr30                        sfr30          00000
__Hsfr31                        sfr31          00000
__Hsfr4                         sfr4           00000
__Hsfr5                         sfr5           00000
__Hsfr6                         sfr6           00000
__Hsfr7                         sfr7           00000
__Hsfr8                         sfr8           00000
__Hsfr9                         sfr9           00000
__Hspace_0                      (abs)          0800B
__Hspace_1                      (abs)          001E0
__Hspace_2                      (abs)          00000
__Hspace_3                      (abs)          00000
__Hstack                        stack          00000
__Hstrings                      strings        00000
__Hstringtext1                  stringtext1    00000
__Hstringtext10                 stringtext10   00000
__Hstringtext11                 stringtext11   00000
__Hstringtext2                  stringtext2    00000
__Hstringtext3                  stringtext3    00000
__Hstringtext4                  stringtext4    00000
__Hstringtext5                  stringtext5    00000
__Hstringtext6                  stringtext6    00000
__Hstringtext7                  stringtext7    00000
__Hstringtext8                  stringtext8    00000
__Hstringtext9                  stringtext9    00000
__Htext                         text           00000
__L_romArray_text               _romArray_text 01FE0
__Labs1                         abs1           00000
__Lbank0                        bank0          00000
__Lbank1                        bank1          00000
__Lbank10                       bank10         00000
__Lbank11                       bank11         00000
__Lbank12                       bank12         00000
__Lbank13                       bank13         00000
__Lbank14                       bank14         00000
__Lbank15                       bank15         00000
__Lbank16                       bank16         00000
__Lbank17                       bank17         00000
__Lbank18                       bank18         00000
__Lbank19                       bank19         00000
__Lbank2                        bank2          00000
__Lbank20                       bank20         00000
__Lbank21                       bank21         00000
__Lbank22                       bank22         00000
__Lbank23                       bank23         00000
__Lbank24                       bank24         00000
__Lbank25                       bank25         00000
__Lbank26                       bank26         00000
__Lbank27                       bank27         00000
__Lbank28                       bank28         00000
__Lbank29                       bank29         00000
__Lbank3                        bank3          00000
__Lbank30                       bank30         00000
__Lbank31                       bank31         00000
__Lbank4                        bank4          00000
__Lbank5                        bank5          00000
__Lbank6                        bank6          00000
__Lbank7                        bank7          00000
__Lbank8                        bank8          00000
__Lbank9                        bank9          00000
__Lbigram                       bigram         00000
__LbssBANK0                     bssBANK0       00000
__LbssBANK1                     bssBANK1       00000
__LbssBANK2                     bssBANK2       00000
__LbssBANK3                     bssBANK3       00000
__Lcinit                        cinit          00011
__Lclrtext                      clrtext        00000
__Lcode                         code           00000
__Lcommon                       common         00000
__Lconfig                       config         08007
__LcstackBANK0                  cstackBANK0    00000
__LcstackCOMMON                 cstackCOMMON   00000
__Leeprom_data                  eeprom_data    00000
__Lend_init                     end_init       0000F
__Lfunctab                      functab        00000
__Lidloc                        idloc          00000
__Linit                         init           0000F
__Lintentry                     intentry       00004
__Lmaintext                     maintext       00000
__Lpowerup                      powerup        00000
__Lram                          ram            00000
__Lreset_vec                    reset_vec      00000
__Lsfr0                         sfr0           00000
__Lsfr1                         sfr1           00000
__Lsfr10                        sfr10          00000
__Lsfr11                        sfr11          00000
__Lsfr12                        sfr12          00000
__Lsfr13                        sfr13          00000
__Lsfr14                        sfr14          00000
__Lsfr15                        sfr15          00000
__Lsfr16                        sfr16          00000
__Lsfr17                        sfr17          00000
__Lsfr18                        sfr18          00000
__Lsfr19                        sfr19          00000
__Lsfr2                         sfr2           00000
__Lsfr20                        sfr20          00000
__Lsfr21                        sfr21          00000
__Lsfr22                        sfr22          00000
__Lsfr23                        sfr23          00000
__Lsfr24                        sfr24          00000
__Lsfr25                        sfr25          00000
__Lsfr26                        sfr26          00000
__Lsfr27                        sfr27          00000
__Lsfr28                        sfr28          00000
__Lsfr29                        sfr29          00000
__Lsfr3                         sfr3           00000
__Lsfr30                        sfr30          00000
__Lsfr31                        sfr31          00000
__Lsfr4                         sfr4           00000
__Lsfr5                         sfr5           00000
__Lsfr6                         sfr6           00000
__Lsfr7                         sfr7           00000
__Lsfr8                         sfr8           00000
__Lsfr9                         sfr9           00000
__Lspace_0                      (abs)          00000
__Lspace_1                      (abs)          00000
__Lspace_2                      (abs)          00000
__Lspace_3                      (abs)          00000
__Lstack                        stack          00000
__Lstrings                      strings        00000
__Lstringtext1                  stringtext1    00000
__Lstringtext10                 stringtext10   00000
__Lstringtext11                 stringtext11   00000
__Lstringtext2                  stringtext2    00000
__Lstringtext3                  stringtext3    00000
__Lstringtext4                  stringtext4    00000
__Lstringtext5                  stringtext5    00000
__Lstringtext6                  stringtext6    00000
__Lstringtext7                  stringtext7    00000
__Lstringtext8                  stringtext8    00000
__Lstringtext9                  stringtext9    00000
__Ltext                         text           00000
__S0                            (abs)          0800B
__S1                            (abs)          001E0
__S2                            (abs)          00000
__S3                            (abs)          00000
___int_sp                       stack          00000
___latbits                      (abs)          00002
___lldiv                        text19         003FF
___lldiv@counter                cstackBANK0    00034
___lldiv@dividend               cstackBANK0    0002B
___lldiv@divisor                cstackBANK0    00027
___lldiv@quotient               cstackBANK0    00030
___lmul                         text18         005B7
___lmul@multiplicand            cstackBANK0    0002B
___lmul@multiplier              cstackBANK0    00027
___lmul@product                 cstackBANK0    0002F
___lwdiv                        text8          00550
___lwdiv@counter                cstackBANK0    0002E
___lwdiv@dividend               cstackBANK0    00029
___lwdiv@divisor                cstackBANK0    00027
___lwdiv@quotient               cstackBANK0    0002C
___lwmod                        text7          00645
___lwmod@counter                cstackBANK0    0002C
___lwmod@dividend               cstackBANK0    00029
___lwmod@divisor                cstackBANK0    00027
___sp                           stack          00000
___wmul                         text44         00F77
___wmul@multiplicand            cstackCOMMON   00072
___wmul@multiplier              cstackCOMMON   00070
___wmul@product                 cstackCOMMON   00074
__end_of_ISR                    intentry       0000F
__end_of___lldiv                text19         00452
__end_of___lmul                 text18         005E7
__end_of___lwdiv                text8          00585
__end_of___lwmod                text7          00672
__end_of___wmul                 text44         00F92
__end_of__initialization        cinit          00030
__end_of_enableInterrupts       text37         00F36
__end_of_exception              text41         00F5F
__end_of_flashReadByte          text23         005B7
__end_of_flashRealod            text22         007B8
__end_of_flashUpdate            text20         00759
__end_of_flashWriteByte         text21         004DE
__end_of_getADCValue            text17         00317
__end_of_loop                   text5          00144
__end_of_main                   maintext       0028F
__end_of_memset                 text12         01000
__end_of_n_ADDRESS_MUL          stringtext3    0103F
__end_of_n_ADDRESS_P0           stringtext2    01030
__end_of_nrf24l01CEHigh         text39         00F18
__end_of_nrf24l01CELow          text38         00F1B
__end_of_nrf24l01CSHigh         text36         00F1E
__end_of_nrf24l01CSLow          text33         00F21
__end_of_nrf24l01CheckACK       text29         00F77
__end_of_nrf24l01ISR            text25         00645
__end_of_nrf24l01Init           text2          0069C
__end_of_nrf24l01InitRegisters  text4          001EE
__end_of_nrf24l01InterfaceInit  text3          007F2
__end_of_nrf24l01ReceiveString  text26         004A2
__end_of_nrf24l01SPIEnd         text35         00F2E
__end_of_nrf24l01SPISend        text34         007FF
__end_of_nrf24l01SPIStart       text32         00F3E
__end_of_nrf24l01Send           text16         00779
__end_of_nrf24l01SendString     text13         0039D
__end_of_nrf24l01SetRXMode      text15         00519
__end_of_resetRomData           stringtext1    01013
__end_of_romArray               _romArray_text 02000
__end_of_setName                text10         007D6
__end_of_sleep                  text9          00F47
__end_of_strcat                 text11         006C4
__end_of_strcmp                 text40         006EC
__end_of_strcpy                 text1          00FC8
__end_of_strlen                 text14         00712
__end_of_utoa                   text6          003FF
__end_ofi1_flashUpdate          text42         00799
__end_ofi1_flashWriteByte       text43         00617
__end_ofi1_memset               text28         00FE4
__end_ofi1_nrf24l01Send         text31         00FAD
__end_ofi1_nrf24l01SetRXMode    text30         00550
__end_ofi1_strlen               text27         00737
__initialization                cinit          00011
__p_romArray_text               _romArray_text 01FE0
__pbssBANK0                     bssBANK0       0004D
__pbssBANK1                     bssBANK1       000A0
__pbssBANK2                     bssBANK2       00120
__pbssBANK3                     bssBANK3       001A0
__pcstackBANK0                  cstackBANK0    00020
__pcstackCOMMON                 cstackCOMMON   00070
__pintentry                     intentry       00004
__pmaintext                     maintext       001EE
__pstringtext1                  stringtext1    01000
__pstringtext10                 stringtext10   0103A
__pstringtext11                 stringtext11   00000
__pstringtext2                  stringtext2    0102B
__pstringtext3                  stringtext3    0103E
__pstringtext4                  stringtext4    01013
__pstringtext5                  stringtext5    01019
__pstringtext6                  stringtext6    0101F
__pstringtext7                  stringtext7    01025
__pstringtext8                  stringtext8    01030
__pstringtext9                  stringtext9    01035
__ptext1                        text1          00FAD
__ptext10                       text10         007B8
__ptext11                       text11         0069C
__ptext12                       text12         00FE4
__ptext13                       text13         00317
__ptext14                       text14         006EC
__ptext15                       text15         004DE
__ptext16                       text16         00759
__ptext17                       text17         0028F
__ptext18                       text18         005B7
__ptext19                       text19         003FF
__ptext2                        text2          00672
__ptext20                       text20         00737
__ptext21                       text21         004A2
__ptext22                       text22         00799
__ptext23                       text23         00585
__ptext25                       text25         00617
__ptext26                       text26         00452
__ptext27                       text27         00712
__ptext28                       text28         00FC8
__ptext29                       text29         00F5F
__ptext3                        text3          007D6
__ptext30                       text30         00519
__ptext31                       text31         00F92
__ptext32                       text32         00F36
__ptext33                       text33         00F1E
__ptext34                       text34         007F2
__ptext35                       text35         00F27
__ptext36                       text36         00F1B
__ptext37                       text37         00F2E
__ptext38                       text38         00F18
__ptext39                       text39         00F15
__ptext4                        text4          00144
__ptext40                       text40         006C4
__ptext41                       text41         00F47
__ptext42                       text42         00779
__ptext43                       text43         005E7
__ptext44                       text44         00F77
__ptext5                        text5          00034
__ptext6                        text6          0039D
__ptext7                        text7          00645
__ptext8                        text8          00550
__ptext9                        text9          00F3E
__size_of_ISR                   (abs)          00000
__size_of___lldiv               (abs)          00000
__size_of___lmul                (abs)          00000
__size_of___lwdiv               (abs)          00000
__size_of___lwmod               (abs)          00000
__size_of___wmul                (abs)          00000
__size_of_enableInterrupts      (abs)          00000
__size_of_exception             (abs)          00000
__size_of_flashReadByte         (abs)          00000
__size_of_flashRealod           (abs)          00000
__size_of_flashUpdate           (abs)          00000
__size_of_flashWriteByte        (abs)          00000
__size_of_getADCValue           (abs)          00000
__size_of_loop                  (abs)          00000
__size_of_main                  (abs)          00000
__size_of_memset                (abs)          00000
__size_of_nrf24l01CEHigh        (abs)          00000
__size_of_nrf24l01CELow         (abs)          00000
__size_of_nrf24l01CSHigh        (abs)          00000
__size_of_nrf24l01CSLow         (abs)          00000
__size_of_nrf24l01CheckACK      (abs)          00000
__size_of_nrf24l01ISR           (abs)          00000
__size_of_nrf24l01Init          (abs)          00000
__size_of_nrf24l01InitRegisters (abs)          00000
__size_of_nrf24l01InterfaceInit (abs)          00000
__size_of_nrf24l01ReceiveString (abs)          00000
__size_of_nrf24l01SPIEnd        (abs)          00000
__size_of_nrf24l01SPISend       (abs)          00000
__size_of_nrf24l01SPIStart      (abs)          00000
__size_of_nrf24l01Send          (abs)          00000
__size_of_nrf24l01SendString    (abs)          00000
__size_of_nrf24l01SetRXMode     (abs)          00000
__size_of_setName               (abs)          00000
__size_of_sleep                 (abs)          00000
__size_of_strcat                (abs)          00000
__size_of_strcmp                (abs)          00000
__size_of_strcpy                (abs)          00000
__size_of_strlen                (abs)          00000
__size_of_utoa                  (abs)          00000
__size_ofi1_flashUpdate         (abs)          00000
__size_ofi1_flashWriteByte      (abs)          00000
__size_ofi1_memset              (abs)          00000
__size_ofi1_nrf24l01Send        (abs)          00000
__size_ofi1_nrf24l01SetRXMode   (abs)          00000
__size_ofi1_strlen              (abs)          00000
_counter                        bssBANK0       0004D
_enableInterrupts               text37         00F2E
_exception                      text41         00F47
_flashReadByte                  text23         00585
_flashRealod                    text22         00799
_flashUpdate                    text20         00737
_flashWriteByte                 text21         004A2
_getADCValue                    text17         0028F
_loop                           text5          00034
_main                           maintext       001EE
_memset                         text12         00FE4
_nrf24l01                       bssBANK0       00051
_nrf24l01CEHigh                 text39         00F15
_nrf24l01CELow                  text38         00F18
_nrf24l01CSHigh                 text36         00F1B
_nrf24l01CSLow                  text33         00F1E
_nrf24l01CheckACK               text29         00F5F
_nrf24l01ISR                    text25         00617
_nrf24l01Init                   text2          00672
_nrf24l01InitRegisters          text4          00144
_nrf24l01InterfaceInit          text3          007D6
_nrf24l01RXBuffer               bssBANK3       001A0
_nrf24l01RXPacketData           bssBANK0       0004F
_nrf24l01ReceiveString          text26         00452
_nrf24l01SPIEnd                 text35         00F27
_nrf24l01SPISend                text34         007F2
_nrf24l01SPIStart               text32         00F36
_nrf24l01Send                   text16         00759
_nrf24l01SendString             text13         00317
_nrf24l01SetRXMode              text15         004DE
_nrf24l01TXBuffer               bssBANK2       00120
_nrf24l01TXPacketData           bssBANK0       00052
_romArray                       _romArray_text 01FE0
_romArray_absaddr               (abs)          01FE0
_romData                        bssBANK1       000C0
_romHolder                      bssBANK1       000A0
_setName                        text10         007B8
_sleep                          text9          00F3E
_strcat                         text11         0069C
_strcmp                         text40         006C4
_strcpy                         text1          00FAD
_strlen                         text14         006EC
_tempString                     bssBANK0       00053
_utoa                           text6          0039D
btemp                           (abs)          0007E
clear_ram0                      clrtext        00F21
enableInterrupts@enable         cstackCOMMON   00070
end_of_initialization           cinit          00030
exception@exception             cstackCOMMON   0007C
flashReadByte@address           cstackBANK0    0002E
flashReadByte@offset            cstackBANK0    00027
flashReadByte@result            cstackBANK0    0002C
flashRealod@i                   cstackBANK0    00031
flashUpdate@i                   cstackBANK0    0002F
flashWriteByte@address          cstackBANK0    0002B
flashWriteByte@data             cstackBANK0    00029
flashWriteByte@offset           cstackBANK0    00027
getADCValue@adcLoop             cstackBANK0    0003E
getADCValue@adcSum              cstackBANK0    0003F
getADCValue@channel             cstackBANK0    0003D
getADCValue@divider             cstackBANK0    00035
i1_flashUpdate                  text42         00779
i1_flashWriteByte               text43         005E7
i1_memset                       text28         00FC8
i1_nrf24l01Send                 text31         00F92
i1_nrf24l01SetRXMode            text30         00519
i1_strlen                       text27         00712
i1flashUpdate@i                 cstackCOMMON   00078
i1flashWriteByte@address        cstackCOMMON   00074
i1flashWriteByte@data           cstackCOMMON   00072
i1flashWriteByte@offset         cstackCOMMON   00070
i1memset@c                      cstackCOMMON   00078
i1memset@n                      cstackCOMMON   0007A
i1memset@p                      cstackBANK0    00020
i1memset@p1                     cstackBANK0    00021
i1nrf24l01Send@command          cstackCOMMON   00073
i1nrf24l01Send@data             cstackCOMMON   00071
i1nrf24l01SetRXMode@config      cstackCOMMON   00075
i1nrf24l01SetRXMode@rxMode      cstackCOMMON   00076
i1strlen@cp                     cstackCOMMON   00077
i1strlen@s                      cstackCOMMON   00076
int$flags                       (abs)          0007E
intlevel0                       functab        00000
intlevel1                       functab        00000
intlevel2                       functab        00000
intlevel3                       functab        00000
intlevel4                       functab        00000
intlevel5                       functab        00000
memset@c                        cstackBANK0    00027
memset@n                        cstackBANK0    00029
memset@p                        cstackBANK0    0002C
memset@p1                       cstackBANK0    0002D
nrf24l01ISR@status              cstackBANK0    00026
nrf24l01Init@isReciever         cstackBANK0    00036
nrf24l01InitRegisters@DynPD     cstackBANK0    00032
nrf24l01InitRegisters@channel   cstackBANK0    0002B
nrf24l01InitRegisters@config    cstackBANK0    00033
nrf24l01InitRegisters@enAA      cstackBANK0    00031
nrf24l01InitRegisters@enRXAddr  cstackBANK0    00030
nrf24l01InitRegisters@feature   cstackBANK0    0002D
nrf24l01InitRegisters@rfSetup   cstackBANK0    0002E
nrf24l01InitRegisters@setupAW   cstackBANK0    0002C
nrf24l01InitRegisters@status    cstackBANK0    0002F
nrf24l01ReceiveString@i         cstackBANK0    00024
nrf24l01ReceiveString@offset    cstackBANK0    00022
nrf24l01ReceiveString@width     cstackBANK0    00023
nrf24l01SPISend@data            cstackCOMMON   00070
nrf24l01Send@command            cstackBANK0    00029
nrf24l01Send@data               cstackBANK0    00027
nrf24l01SendString@i            cstackBANK0    00031
nrf24l01SetRXMode@config        cstackBANK0    0002B
nrf24l01SetRXMode@rxMode        cstackBANK0    0002C
reset_vec                       reset_vec      00000
stackhi                         (abs)          023EF
stacklo                         (abs)          02130
start                           init           0000F
start_initialization            cinit          00011
strcat@cp                       cstackBANK0    0002A
strcat@from                     cstackBANK0    00027
strcat@to                       cstackBANK0    0002B
strcmp@r                        cstackCOMMON   00073
strcmp@s1                       cstackCOMMON   00074
strcmp@s2                       cstackCOMMON   00070
strcpy@cp                       cstackBANK0    0002B
strcpy@from                     cstackBANK0    00027
strcpy@to                       cstackBANK0    0002A
strlen@cp                       cstackBANK0    0002D
strlen@s                        cstackBANK0    0002E
utoa@base                       cstackBANK0    00045
utoa@buf                        cstackBANK0    0004B
utoa@c                          cstackBANK0    0004A
utoa@v                          cstackBANK0    00048
utoa@val                        cstackBANK0    00043
wtemp0                          (abs)          0007E


FUNCTION INFORMATION:

 *************** function _main *****************
 Defined at:
		line 134 in file "main.c"
 Parameters:    Size  Location     Type
		None
 Auto vars:     Size  Location     Type
		None
 Return value:  Size  Location     Type
                  1    wreg      void 
 Registers used:
		wreg, fsr0l, fsr0h, fsr1l, fsr1h, status,2, status,0, pclath, cstack
 Tracked objects:
		On entry : 
		On exit  : 
		Unchanged: 
 Data sizes:     COMMON   BANK0   BANK1   BANK2   BANK3   BANK4   BANK5   BANK6   BANK7   BANK8   BANK9  BANK10  BANK11  BANK12
      Params:         0       0       0       0       0       0       0       0       0       0       0       0       0       0
      Locals:         0       0       0       0       0       0       0       0       0       0       0       0       0       0
      Temps:          0       1       0       0       0       0       0       0       0       0       0       0       0       0
      Totals:         0       1       0       0       0       0       0       0       0       0       0       0       0       0
Total ram usage:        1 bytes
 Hardware stack levels required when called:   13
 This function calls:
		_flashRealod
		_flashUpdate
		_loop
		_nrf24l01Init
		_nrf24l01SendString
		_setName
		_sleep
		_strcat
		_strcpy
		_utoa
 This function is called by:
		Startup code after reset
 This function uses a non-reentrant model


 *************** function _strcpy *****************
 Defined at:
		line 8 in file "C:\Program Files (x86)\Microchip\xc8\v2.00\pic\sources\c90\common\strcpy.c"
 Parameters:    Size  Location     Type
  to              1    wreg     PTR unsigned char 
		 -> romData(19), 
  from            2    7[BANK0 ] PTR const unsigned char 
		 -> STR_7(4), 
 Auto vars:     Size  Location     Type
  to              1   10[BANK0 ] PTR unsigned char 
		 -> romData(19), 
  cp              1   11[BANK0 ] PTR unsigned char 
		 -> romData(19), 
 Return value:  Size  Location     Type
                  1    wreg      PTR unsigned char 
 Registers used:
		wreg, fsr0l, fsr0h, fsr1l, fsr1h, status,2, status,0, pclath
 Tracked objects:
		On entry : 
		On exit  : 
		Unchanged: 
 Data sizes:     COMMON   BANK0   BANK1   BANK2   BANK3   BANK4   BANK5   BANK6   BANK7   BANK8   BANK9  BANK10  BANK11  BANK12
      Params:         0       2       0       0       0       0       0       0       0       0       0       0       0       0
      Locals:         0       2       0       0       0       0       0       0       0       0       0       0       0       0
      Temps:          0       1       0       0       0       0       0       0       0       0       0       0       0       0
      Totals:         0       5       0       0       0       0       0       0       0       0       0       0       0       0
Total ram usage:        5 bytes
 Hardware stack levels used:    1
 Hardware stack levels required when called:    7
 This function calls:
		Nothing
 This function is called by:
		_main
 This function uses a non-reentrant model


 *************** function _nrf24l01Init *****************
 Defined at:
		line 366 in file "nrf24l01.c"
 Parameters:    Size  Location     Type
  isReciever      1    wreg     unsigned char 
 Auto vars:     Size  Location     Type
  isReciever      1   22[BANK0 ] unsigned char 
 Return value:  Size  Location     Type
                  1    wreg      void 
 Registers used:
		wreg, status,2, status,0, pclath, cstack
 Tracked objects:
		On entry : 
		On exit  : 
		Unchanged: 
 Data sizes:     COMMON   BANK0   BANK1   BANK2   BANK3   BANK4   BANK5   BANK6   BANK7   BANK8   BANK9  BANK10  BANK11  BANK12
      Params:         0       0       0       0       0       0       0       0       0       0       0       0       0       0
      Locals:         0       1       0       0       0       0       0       0       0       0       0       0       0       0
      Temps:          0       2       0       0       0       0       0       0       0       0       0       0       0       0
      Totals:         0       3       0       0       0       0       0       0       0       0       0       0       0       0
Total ram usage:        3 bytes
 Hardware stack levels used:    1
 Hardware stack levels required when called:   11
 This function calls:
		_nrf24l01CEHigh
		_nrf24l01CELow
		_nrf24l01InitRegisters
		_nrf24l01InterfaceInit
 This function is called by:
		_main
 This function uses a non-reentrant model


 *************** function _nrf24l01InterfaceInit *****************
 Defined at:
		line 28 in file "interface.c"
 Parameters:    Size  Location     Type
		None
 Auto vars:     Size  Location     Type
		None
 Return value:  Size  Location     Type
                  1    wreg      void 
 Registers used:
		wreg, status,2, status,0
 Tracked objects:
		On entry : 
		On exit  : 
		Unchanged: 
 Data sizes:     COMMON   BANK0   BANK1   BANK2   BANK3   BANK4   BANK5   BANK6   BANK7   BANK8   BANK9  BANK10  BANK11  BANK12
      Params:         0       0       0       0       0       0       0       0       0       0       0       0       0       0
      Locals:         0       0       0       0       0       0       0       0       0       0       0       0       0       0
      Temps:          0       0       0       0       0       0       0       0       0       0       0       0       0       0
      Totals:         0       0       0       0       0       0       0       0       0       0       0       0       0       0
Total ram usage:        0 bytes
 Hardware stack levels used:    1
 Hardware stack levels required when called:    7
 This function calls:
		Nothing
 This function is called by:
		_nrf24l01Init
 This function uses a non-reentrant model


 *************** function _nrf24l01InitRegisters *****************
 Defined at:
		line 281 in file "nrf24l01.c"
 Parameters:    Size  Location     Type
  isReciever      1    wreg     unsigned char 
 Auto vars:     Size  Location     Type
  isReciever      1    0[COMMON] unsigned char 
  config          1   19[BANK0 ] struct .
  DynPD           1   18[BANK0 ] struct .
  enAA            1   17[BANK0 ] struct .
  enRXAddr        1   16[BANK0 ] struct .
  status          1   15[BANK0 ] struct .
  rfSetup         1   14[BANK0 ] struct .
  feature         1   13[BANK0 ] struct .
  setupAW         1   12[BANK0 ] struct .
  channel         1   11[BANK0 ] struct .
 Return value:  Size  Location     Type
                  1    wreg      void 
 Registers used:
		wreg, status,2, status,0, pclath, cstack
 Tracked objects:
		On entry : 
		On exit  : 
		Unchanged: 
 Data sizes:     COMMON   BANK0   BANK1   BANK2   BANK3   BANK4   BANK5   BANK6   BANK7   BANK8   BANK9  BANK10  BANK11  BANK12
      Params:         0       0       0       0       0       0       0       0       0       0       0       0       0       0
      Locals:         0       9       0       0       0       0       0       0       0       0       0       0       0       0
      Temps:          0       1       0       0       0       0       0       0       0       0       0       0       0       0
      Totals:         0      10       0       0       0       0       0       0       0       0       0       0       0       0
Total ram usage:       10 bytes
 Hardware stack levels used:    1
 Hardware stack levels required when called:   10
 This function calls:
		_nrf24l01Send
 This function is called by:
		_nrf24l01Init
 This function uses a non-reentrant model


 *************** function _loop *****************
 Defined at:
		line 80 in file "main.c"
 Parameters:    Size  Location     Type
		None
 Auto vars:     Size  Location     Type
		None
 Return value:  Size  Location     Type
                  1    wreg      void 
 Registers used:
		wreg, fsr0l, fsr0h, fsr1l, fsr1h, status,2, status,0, pclath, cstack
 Tracked objects:
		On entry : 
		On exit  : 
		Unchanged: 
 Data sizes:     COMMON   BANK0   BANK1   BANK2   BANK3   BANK4   BANK5   BANK6   BANK7   BANK8   BANK9  BANK10  BANK11  BANK12
      Params:         0       0       0       0       0       0       0       0       0       0       0       0       0       0
      Locals:         0       0       0       0       0       0       0       0       0       0       0       0       0       0
      Temps:          0       0       0       0       0       0       0       0       0       0       0       0       0       0
      Totals:         0       0       0       0       0       0       0       0       0       0       0       0       0       0
Total ram usage:        0 bytes
 Hardware stack levels used:    1
 Hardware stack levels required when called:   12
 This function calls:
		_getADCValue
		_nrf24l01SendString
		_setName
		_sleep
		_strcat
		_utoa
 This function is called by:
		_main
 This function uses a non-reentrant model


 *************** function _utoa *****************
 Defined at:
		line 17 in file "C:\Program Files (x86)\Microchip\xc8\v2.00\pic\sources\c90\common\itoa.c"
 Parameters:    Size  Location     Type
  buf             1    wreg     PTR unsigned char 
		 -> tempString(16), 
  val             2   35[BANK0 ] unsigned int 
  base            2   37[BANK0 ] int 
 Auto vars:     Size  Location     Type
  buf             1   43[BANK0 ] PTR unsigned char 
		 -> tempString(16), 
  v               2   40[BANK0 ] unsigned int 
  c               1   42[BANK0 ] unsigned char 
 Return value:  Size  Location     Type
                  1    wreg      PTR unsigned char 
 Registers used:
		wreg, fsr1l, fsr1h, status,2, status,0, pclath, cstack
 Tracked objects:
		On entry : 
		On exit  : 
		Unchanged: 
 Data sizes:     COMMON   BANK0   BANK1   BANK2   BANK3   BANK4   BANK5   BANK6   BANK7   BANK8   BANK9  BANK10  BANK11  BANK12
      Params:         0       4       0       0       0       0       0       0       0       0       0       0       0       0
      Locals:         0       4       0       0       0       0       0       0       0       0       0       0       0       0
      Temps:          0       1       0       0       0       0       0       0       0       0       0       0       0       0
      Totals:         0       9       0       0       0       0       0       0       0       0       0       0       0       0
Total ram usage:        9 bytes
 Hardware stack levels used:    1
 Hardware stack levels required when called:    8
 This function calls:
		___lwdiv
		___lwmod
 This function is called by:
		_loop
		_main
 This function uses a non-reentrant model


 *************** function ___lwmod *****************
 Defined at:
		line 5 in file "C:\Program Files (x86)\Microchip\xc8\v2.00\pic\sources\c90\common\lwmod.c"
 Parameters:    Size  Location     Type
  divisor         2    7[BANK0 ] unsigned int 
  dividend        2    9[BANK0 ] unsigned int 
 Auto vars:     Size  Location     Type
  counter         1   12[BANK0 ] unsigned char 
 Return value:  Size  Location     Type
                  2    7[BANK0 ] unsigned int 
 Registers used:
		wreg, status,2, status,0
 Tracked objects:
		On entry : 
		On exit  : 
		Unchanged: 
 Data sizes:     COMMON   BANK0   BANK1   BANK2   BANK3   BANK4   BANK5   BANK6   BANK7   BANK8   BANK9  BANK10  BANK11  BANK12
      Params:         0       4       0       0       0       0       0       0       0       0       0       0       0       0
      Locals:         0       1       0       0       0       0       0       0       0       0       0       0       0       0
      Temps:          0       1       0       0       0       0       0       0       0       0       0       0       0       0
      Totals:         0       6       0       0       0       0       0       0       0       0       0       0       0       0
Total ram usage:        6 bytes
 Hardware stack levels used:    1
 Hardware stack levels required when called:    7
 This function calls:
		Nothing
 This function is called by:
		_utoa
 This function uses a non-reentrant model


 *************** function ___lwdiv *****************
 Defined at:
		line 5 in file "C:\Program Files (x86)\Microchip\xc8\v2.00\pic\sources\c90\common\lwdiv.c"
 Parameters:    Size  Location     Type
  divisor         2    7[BANK0 ] unsigned int 
  dividend        2    9[BANK0 ] unsigned int 
 Auto vars:     Size  Location     Type
  quotient        2   12[BANK0 ] unsigned int 
  counter         1   14[BANK0 ] unsigned char 
 Return value:  Size  Location     Type
                  2    7[BANK0 ] unsigned int 
 Registers used:
		wreg, status,2, status,0
 Tracked objects:
		On entry : 
		On exit  : 
		Unchanged: 
 Data sizes:     COMMON   BANK0   BANK1   BANK2   BANK3   BANK4   BANK5   BANK6   BANK7   BANK8   BANK9  BANK10  BANK11  BANK12
      Params:         0       4       0       0       0       0       0       0       0       0       0       0       0       0
      Locals:         0       3       0       0       0       0       0       0       0       0       0       0       0       0
      Temps:          0       1       0       0       0       0       0       0       0       0       0       0       0       0
      Totals:         0       8       0       0       0       0       0       0       0       0       0       0       0       0
Total ram usage:        8 bytes
 Hardware stack levels used:    1
 Hardware stack levels required when called:    7
 This function calls:
		Nothing
 This function is called by:
		_utoa
 This function uses a non-reentrant model


 *************** function _sleep *****************
 Defined at:
		line 50 in file "main.c"
 Parameters:    Size  Location     Type
		None
 Auto vars:     Size  Location     Type
		None
 Return value:  Size  Location     Type
                  1    wreg      void 
 Registers used:
		None
 Tracked objects:
		On entry : 
		On exit  : 
		Unchanged: 
 Data sizes:     COMMON   BANK0   BANK1   BANK2   BANK3   BANK4   BANK5   BANK6   BANK7   BANK8   BANK9  BANK10  BANK11  BANK12
      Params:         0       0       0       0       0       0       0       0       0       0       0       0       0       0
      Locals:         0       0       0       0       0       0       0       0       0       0       0       0       0       0
      Temps:          0       0       0       0       0       0       0       0       0       0       0       0       0       0
      Totals:         0       0       0       0       0       0       0       0       0       0       0       0       0       0
Total ram usage:        0 bytes
 Hardware stack levels used:    1
 Hardware stack levels required when called:    7
 This function calls:
		Nothing
 This function is called by:
		_loop
		_main
		_checkRxData
 This function uses a non-reentrant model


 *************** function _setName *****************
 Defined at:
		line 75 in file "main.c"
 Parameters:    Size  Location     Type
		None
 Auto vars:     Size  Location     Type
		None
 Return value:  Size  Location     Type
                  1    wreg      void 
 Registers used:
		wreg, fsr0l, fsr0h, fsr1l, fsr1h, status,2, status,0, pclath, cstack
 Tracked objects:
		On entry : 
		On exit  : 
		Unchanged: 
 Data sizes:     COMMON   BANK0   BANK1   BANK2   BANK3   BANK4   BANK5   BANK6   BANK7   BANK8   BANK9  BANK10  BANK11  BANK12
      Params:         0       0       0       0       0       0       0       0       0       0       0       0       0       0
      Locals:         0       0       0       0       0       0       0       0       0       0       0       0       0       0
      Temps:          0       0       0       0       0       0       0       0       0       0       0       0       0       0
      Totals:         0       0       0       0       0       0       0       0       0       0       0       0       0       0
Total ram usage:        0 bytes
 Hardware stack levels used:    1
 Hardware stack levels required when called:    8
 This function calls:
		_memset
		_strcat
 This function is called by:
		_loop
		_main
 This function uses a non-reentrant model


 *************** function _strcat *****************
 Defined at:
		line 8 in file "C:\Program Files (x86)\Microchip\xc8\v2.00\pic\sources\c90\common\strcat.c"
 Parameters:    Size  Location     Type
  to              1    wreg     PTR unsigned char 
		 -> nrf24l01TXBuffer(64), 
  from            2    7[BANK0 ] PTR const unsigned char 
		 -> STR_8(6), STR_6(6), STR_5(5), STR_4(6), 
		 -> STR_3(6), STR_2(5), tempString(16), STR_1(2), 
		 -> romData.name(16), romData(19), 
 Auto vars:     Size  Location     Type
  to              1   11[BANK0 ] PTR unsigned char 
		 -> nrf24l01TXBuffer(64), 
  cp              1   10[BANK0 ] PTR unsigned char 
		 -> nrf24l01TXBuffer(64), 
 Return value:  Size  Location     Type
                  1    wreg      PTR unsigned char 
 Registers used:
		wreg, fsr0l, fsr0h, fsr1l, fsr1h, status,2, status,0, pclath
 Tracked objects:
		On entry : 
		On exit  : 
		Unchanged: 
 Data sizes:     COMMON   BANK0   BANK1   BANK2   BANK3   BANK4   BANK5   BANK6   BANK7   BANK8   BANK9  BANK10  BANK11  BANK12
      Params:         0       2       0       0       0       0       0       0       0       0       0       0       0       0
      Locals:         0       2       0       0       0       0       0       0       0       0       0       0       0       0
      Temps:          0       1       0       0       0       0       0       0       0       0       0       0       0       0
      Totals:         0       5       0       0       0       0       0       0       0       0       0       0       0       0
Total ram usage:        5 bytes
 Hardware stack levels used:    1
 Hardware stack levels required when called:    7
 This function calls:
		Nothing
 This function is called by:
		_setName
		_loop
		_main
 This function uses a non-reentrant model


 *************** function _memset *****************
 Defined at:
		line 8 in file "C:\Program Files (x86)\Microchip\xc8\v2.00\pic\sources\c90\common\memset.c"
 Parameters:    Size  Location     Type
  p1              1    wreg     PTR void 
		 -> nrf24l01RXBuffer(64), nrf24l01TXBuffer(64), 
  c               2    7[BANK0 ] int 
  n               2    9[BANK0 ] unsigned int 
 Auto vars:     Size  Location     Type
  p1              1   13[BANK0 ] PTR void 
		 -> nrf24l01RXBuffer(64), nrf24l01TXBuffer(64), 
  p               1   12[BANK0 ] PTR unsigned char 
		 -> nrf24l01RXBuffer(64), nrf24l01TXBuffer(64), 
 Return value:  Size  Location     Type
                  1    wreg      PTR void 
 Registers used:
		wreg, fsr1l, fsr1h, status,2, status,0
 Tracked objects:
		On entry : 
		On exit  : 
		Unchanged: 
 Data sizes:     COMMON   BANK0   BANK1   BANK2   BANK3   BANK4   BANK5   BANK6   BANK7   BANK8   BANK9  BANK10  BANK11  BANK12
      Params:         0       4       0       0       0       0       0       0       0       0       0       0       0       0
      Locals:         0       2       0       0       0       0       0       0       0       0       0       0       0       0
      Temps:          0       1       0       0       0       0       0       0       0       0       0       0       0       0
      Totals:         0       7       0       0       0       0       0       0       0       0       0       0       0       0
Total ram usage:        7 bytes
 Hardware stack levels used:    1
 Hardware stack levels required when called:    7
 This function calls:
		Nothing
 This function is called by:
		_setName
 This function uses a non-reentrant model


 *************** function _nrf24l01SendString *****************
 Defined at:
		line 166 in file "nrf24l01.c"
 Parameters:    Size  Location     Type
		None
 Auto vars:     Size  Location     Type
  i               1   17[BANK0 ] unsigned char 
 Return value:  Size  Location     Type
                  1    wreg      void 
 Registers used:
		wreg, fsr1l, fsr1h, status,2, status,0, pclath, cstack
 Tracked objects:
		On entry : 
		On exit  : 
		Unchanged: 
 Data sizes:     COMMON   BANK0   BANK1   BANK2   BANK3   BANK4   BANK5   BANK6   BANK7   BANK8   BANK9  BANK10  BANK11  BANK12
      Params:         0       0       0       0       0       0       0       0       0       0       0       0       0       0
      Locals:         0       1       0       0       0       0       0       0       0       0       0       0       0       0
      Temps:          0       2       0       0       0       0       0       0       0       0       0       0       0       0
      Totals:         0       3       0       0       0       0       0       0       0       0       0       0       0       0
Total ram usage:        3 bytes
 Hardware stack levels used:    1
 Hardware stack levels required when called:   11
 This function calls:
		_enableInterrupts
		_nrf24l01CEHigh
		_nrf24l01CELow
		_nrf24l01SPIEnd
		_nrf24l01SPISend
		_nrf24l01SPIStart
		_nrf24l01SetRXMode
		_strlen
 This function is called by:
		_loop
		_main
 This function uses a non-reentrant model


 *************** function _strlen *****************
 Defined at:
		line 4 in file "C:\Program Files (x86)\Microchip\xc8\v2.00\pic\sources\c90\common\strlen.c"
 Parameters:    Size  Location     Type
  s               1    wreg     PTR const unsigned char 
		 -> nrf24l01RXBuffer(64), nrf24l01TXBuffer(64), 
 Auto vars:     Size  Location     Type
  s               1   14[BANK0 ] PTR const unsigned char 
		 -> nrf24l01RXBuffer(64), nrf24l01TXBuffer(64), 
  cp              1   13[BANK0 ] PTR const unsigned char 
		 -> nrf24l01RXBuffer(64), nrf24l01TXBuffer(64), 
 Return value:  Size  Location     Type
                  2    7[BANK0 ] unsigned int 
 Registers used:
		wreg, fsr1l, fsr1h, status,2, status,0
 Tracked objects:
		On entry : 
		On exit  : 
		Unchanged: 
 Data sizes:     COMMON   BANK0   BANK1   BANK2   BANK3   BANK4   BANK5   BANK6   BANK7   BANK8   BANK9  BANK10  BANK11  BANK12
      Params:         0       2       0       0       0       0       0       0       0       0       0       0       0       0
      Locals:         0       2       0       0       0       0       0       0       0       0       0       0       0       0
      Temps:          0       4       0       0       0       0       0       0       0       0       0       0       0       0
      Totals:         0       8       0       0       0       0       0       0       0       0       0       0       0       0
Total ram usage:        8 bytes
 Hardware stack levels used:    1
 Hardware stack levels required when called:    7
 This function calls:
		Nothing
 This function is called by:
		_nrf24l01SendString
 This function uses a non-reentrant model


 *************** function _nrf24l01SetRXMode *****************
 Defined at:
		line 41 in file "nrf24l01.c"
 Parameters:    Size  Location     Type
  rxMode          1    wreg     unsigned char 
 Auto vars:     Size  Location     Type
  rxMode          1   12[BANK0 ] unsigned char 
  config          1   11[BANK0 ] struct .
 Return value:  Size  Location     Type
                  1    wreg      void 
 Registers used:
		wreg, status,2, status,0, pclath, cstack
 Tracked objects:
		On entry : 
		On exit  : 
		Unchanged: 
 Data sizes:     COMMON   BANK0   BANK1   BANK2   BANK3   BANK4   BANK5   BANK6   BANK7   BANK8   BANK9  BANK10  BANK11  BANK12
      Params:         0       0       0       0       0       0       0       0       0       0       0       0       0       0
[...]
      Totals:         0       0       0       0       0       0       0       0       0       0       0       0       0       0
Total ram usage:        0 bytes
 Hardware stack levels used:    1
 Hardware stack levels required when called:    7
 This function calls:
		Nothing
 This function is called by:
		_nrf24l01SPIStart
 This function uses a non-reentrant model


 *************** function _nrf24l01SPISend *****************
 Defined at:
		line 52 in file "interface.c"
 Parameters:    Size  Location     Type
  data            1    wreg     unsigned char 
 Auto vars:     Size  Location     Type
  data            1    0[COMMON] unsigned char 
 Return value:  Size  Location     Type
                  1    wreg      unsigned char 
 Registers used:
		wreg
 Tracked objects:
		On entry : 
		On exit  : 
		Unchanged: 
 Data sizes:     COMMON   BANK0   BANK1   BANK2   BANK3   BANK4   BANK5   BANK6   BANK7   BANK8   BANK9  BANK10  BANK11  BANK12
      Params:         0       0       0       0       0       0       0       0       0       0       0       0       0       0
      Locals:         0       0       0       0       0       0       0       0       0       0       0       0       0       0
      Temps:          0       0       0       0       0       0       0       0       0       0       0       0       0       0
      Totals:         0       0       0       0       0       0       0       0       0       0       0       0       0       0
Total ram usage:        0 bytes
 Hardware stack levels used:    1
 Hardware stack levels required when called:    7
 This function calls:
		Nothing
 This function is called by:
		_nrf24l01Send
		_nrf24l01ReceiveString
		_nrf24l01SendString
		i1_nrf24l01Send
 This function uses a non-reentrant model


 *************** function _nrf24l01SPIEnd *****************
 Defined at:
		line 71 in file "interface.c"
 Parameters:    Size  Location     Type
		None
 Auto vars:     Size  Location     Type
		None
 Return value:  Size  Location     Type
                  1    wreg      void 
 Registers used:
		wreg, status,2, status,0, pclath, cstack
 Tracked objects:
		On entry : 
		On exit  : 
		Unchanged: 
 Data sizes:     COMMON   BANK0   BANK1   BANK2   BANK3   BANK4   BANK5   BANK6   BANK7   BANK8   BANK9  BANK10  BANK11  BANK12
      Params:         0       0       0       0       0       0       0       0       0       0       0       0       0       0
      Locals:         0       0       0       0       0       0       0       0       0       0       0       0       0       0
      Temps:          0       0       0       0       0       0       0       0       0       0       0       0       0       0
      Totals:         0       0       0       0       0       0       0       0       0       0       0       0       0       0
Total ram usage:        0 bytes
 Hardware stack levels used:    1
 Hardware stack levels required when called:    8
 This function calls:
		_nrf24l01CSHigh
 This function is called by:
		_nrf24l01Send
		_nrf24l01ReceiveString
		_nrf24l01SendString
		i1_nrf24l01Send
 This function uses a non-reentrant model


 *************** function _nrf24l01CSHigh *****************
 Defined at:
		line 23 in file "interface.c"
 Parameters:    Size  Location     Type
		None
 Auto vars:     Size  Location     Type
		None
 Return value:  Size  Location     Type
                  1    wreg      void 
 Registers used:
		None
 Tracked objects:
		On entry : 
		On exit  : 
		Unchanged: 
 Data sizes:     COMMON   BANK0   BANK1   BANK2   BANK3   BANK4   BANK5   BANK6   BANK7   BANK8   BANK9  BANK10  BANK11  BANK12
      Params:         0       0       0       0       0       0       0       0       0       0       0       0       0       0
      Locals:         0       0       0       0       0       0       0       0       0       0       0       0       0       0
      Temps:          0       0       0       0       0       0       0       0       0       0       0       0       0       0
      Totals:         0       0       0       0       0       0       0       0       0       0       0       0       0       0
Total ram usage:        0 bytes
 Hardware stack levels used:    1
 Hardware stack levels required when called:    7
 This function calls:
		Nothing
 This function is called by:
		_nrf24l01SPIEnd
 This function uses a non-reentrant model


 *************** function _enableInterrupts *****************
 Defined at:
		line 77 in file "interface.c"
 Parameters:    Size  Location     Type
  enable          1    wreg     unsigned char 
 Auto vars:     Size  Location     Type
  enable          1    0[COMMON] unsigned char 
 Return value:  Size  Location     Type
                  1    wreg      void 
 Registers used:
		wreg, status,0
 Tracked objects:
		On entry : 
		On exit  : 
		Unchanged: 
 Data sizes:     COMMON   BANK0   BANK1   BANK2   BANK3   BANK4   BANK5   BANK6   BANK7   BANK8   BANK9  BANK10  BANK11  BANK12
      Params:         0       0       0       0       0       0       0       0       0       0       0       0       0       0
      Locals:         0       0       0       0       0       0       0       0       0       0       0       0       0       0
      Temps:          0       0       0       0       0       0       0       0       0       0       0       0       0       0
      Totals:         0       0       0       0       0       0       0       0       0       0       0       0       0       0
Total ram usage:        0 bytes
 Hardware stack levels used:    1
 Hardware stack levels required when called:    7
 This function calls:
		Nothing
 This function is called by:
		_nrf24l01Send
		_nrf24l01SendString
		i1_nrf24l01Send
 This function uses a non-reentrant model


 *************** function _nrf24l01CELow *****************
 Defined at:
		line 8 in file "interface.c"
 Parameters:    Size  Location     Type
		None
 Auto vars:     Size  Location     Type
		None
 Return value:  Size  Location     Type
                  1    wreg      void 
 Registers used:
		None
 Tracked objects:
		On entry : 
		On exit  : 
		Unchanged: 
 Data sizes:     COMMON   BANK0   BANK1   BANK2   BANK3   BANK4   BANK5   BANK6   BANK7   BANK8   BANK9  BANK10  BANK11  BANK12
      Params:         0       0       0       0       0       0       0       0       0       0       0       0       0       0
      Locals:         0       0       0       0       0       0       0       0       0       0       0       0       0       0
      Temps:          0       0       0       0       0       0       0       0       0       0       0       0       0       0
      Totals:         0       0       0       0       0       0       0       0       0       0       0       0       0       0
Total ram usage:        0 bytes
 Hardware stack levels used:    1
 Hardware stack levels required when called:    7
 This function calls:
		Nothing
 This function is called by:
		_nrf24l01SetRXMode
		_nrf24l01ReceiveString
		_nrf24l01SendString
		_nrf24l01Init
		i1_nrf24l01SetRXMode
 This function uses a non-reentrant model


 *************** function _nrf24l01CEHigh *****************
 Defined at:
		line 13 in file "interface.c"
 Parameters:    Size  Location     Type
		None
 Auto vars:     Size  Location     Type
		None
 Return value:  Size  Location     Type
                  1    wreg      void 
 Registers used:
		None
 Tracked objects:
		On entry : 
		On exit  : 
		Unchanged: 
 Data sizes:     COMMON   BANK0   BANK1   BANK2   BANK3   BANK4   BANK5   BANK6   BANK7   BANK8   BANK9  BANK10  BANK11  BANK12
      Params:         0       0       0       0       0       0       0       0       0       0       0       0       0       0
      Locals:         0       0       0       0       0       0       0       0       0       0       0       0       0       0
      Temps:          0       0       0       0       0       0       0       0       0       0       0       0       0       0
      Totals:         0       0       0       0       0       0       0       0       0       0       0       0       0       0
Total ram usage:        0 bytes
 Hardware stack levels used:    1
 Hardware stack levels required when called:    7
 This function calls:
		Nothing
 This function is called by:
		_nrf24l01SetRXMode
		_nrf24l01ReceiveString
		_nrf24l01SendString
		_nrf24l01Init
		i1_nrf24l01SetRXMode
 This function uses a non-reentrant model


 *************** function _strcmp *****************
 Defined at:
		line 33 in file "C:\Program Files (x86)\Microchip\xc8\v2.00\pic\sources\c90\common\strcmp.c"
 Parameters:    Size  Location     Type
  s1              1    wreg     PTR const unsigned char 
		 -> nrf24l01TXBuffer(64), 
  s2              1    0[COMMON] PTR const unsigned char 
		 -> nrf24l01RXBuffer(64), 
 Auto vars:     Size  Location     Type
  s1              1    4[COMMON] PTR const unsigned char 
		 -> nrf24l01TXBuffer(64), 
  r               1    3[COMMON] char 
 Return value:  Size  Location     Type
                  2    0[COMMON] int 
 Registers used:
		wreg, fsr0l, fsr0h, fsr1l, fsr1h, status,2, status,0
 Tracked objects:
		On entry : 
		On exit  : 
		Unchanged: 
 Data sizes:     COMMON   BANK0   BANK1   BANK2   BANK3   BANK4   BANK5   BANK6   BANK7   BANK8   BANK9  BANK10  BANK11  BANK12
      Params:         2       0       0       0       0       0       0       0       0       0       0       0       0       0
      Locals:         2       0       0       0       0       0       0       0       0       0       0       0       0       0
      Temps:          1       0       0       0       0       0       0       0       0       0       0       0       0       0
      Totals:         5       0       0       0       0       0       0       0       0       0       0       0       0       0
Total ram usage:        5 bytes
 Hardware stack levels used:    1
 This function calls:
		Nothing
 This function is called by:
		_nrf24l01CheckACK
 This function uses a non-reentrant model


 *************** function _exception *****************
 Defined at:
		line 81 in file "interface.c"
 Parameters:    Size  Location     Type
  exception       1    wreg     unsigned char 
 Auto vars:     Size  Location     Type
  exception       1   12[COMMON] unsigned char 
 Return value:  Size  Location     Type
                  1    wreg      void 
 Registers used:
		wreg, fsr1l, fsr1h, status,2, status,0, pclath, cstack
 Tracked objects:
		On entry : 
		On exit  : 
		Unchanged: 
 Data sizes:     COMMON   BANK0   BANK1   BANK2   BANK3   BANK4   BANK5   BANK6   BANK7   BANK8   BANK9  BANK10  BANK11  BANK12
      Params:         0       0       0       0       0       0       0       0       0       0       0       0       0       0
      Locals:         1       0       0       0       0       0       0       0       0       0       0       0       0       0
      Temps:          2       0       0       0       0       0       0       0       0       0       0       0       0       0
      Totals:         3       0       0       0       0       0       0       0       0       0       0       0       0       0
Total ram usage:        3 bytes
 Hardware stack levels used:    1
 Hardware stack levels required when called:    2
 This function calls:
		___wmul
		i1_flashUpdate
 This function is called by:
		_nrf24l01ISR
 This function uses a non-reentrant model


 *************** function i1_flashUpdate *****************
 Defined at:
		line 97 in file "flash.c"
 Parameters:    Size  Location     Type
		None
 Auto vars:     Size  Location     Type
  flashUpdate     2    8[COMMON] unsigned int 
 Return value:  Size  Location     Type
                  1    wreg      void 
 Registers used:
		wreg, fsr1l, fsr1h, status,2, status,0, pclath, cstack
 Tracked objects:
		On entry : 
		On exit  : 
		Unchanged: 
 Data sizes:     COMMON   BANK0   BANK1   BANK2   BANK3   BANK4   BANK5   BANK6   BANK7   BANK8   BANK9  BANK10  BANK11  BANK12
      Params:         0       0       0       0       0       0       0       0       0       0       0       0       0       0
      Locals:         2       0       0       0       0       0       0       0       0       0       0       0       0       0
      Temps:          2       0       0       0       0       0       0       0       0       0       0       0       0       0
      Totals:         4       0       0       0       0       0       0       0       0       0       0       0       0       0
Total ram usage:        4 bytes
 Hardware stack levels used:    1
 Hardware stack levels required when called:    1
 This function calls:
		i1_flashWriteByte
 This function is called by:
		_exception
 This function uses a non-reentrant model


 *************** function i1_flashWriteByte *****************
 Defined at:
		line 8 in file "flash.c"
 Parameters:    Size  Location     Type
  offset          2    0[COMMON] unsigned int 
  data            2    2[COMMON] unsigned int 
 Auto vars:     Size  Location     Type
  flashWriteBy    2    4[COMMON] unsigned int 
 Return value:  Size  Location     Type
                  1    wreg      void 
 Registers used:
		wreg, status,2, status,0
 Tracked objects:
		On entry : 
		On exit  : 
		Unchanged: 
 Data sizes:     COMMON   BANK0   BANK1   BANK2   BANK3   BANK4   BANK5   BANK6   BANK7   BANK8   BANK9  BANK10  BANK11  BANK12
      Params:         4       0       0       0       0       0       0       0       0       0       0       0       0       0
      Locals:         2       0       0       0       0       0       0       0       0       0       0       0       0       0
      Temps:          0       0       0       0       0       0       0       0       0       0       0       0       0       0
      Totals:         6       0       0       0       0       0       0       0       0       0       0       0       0       0
Total ram usage:        6 bytes
 Hardware stack levels used:    1
 This function calls:
		Nothing
 This function is called by:
		i1_flashUpdate
 This function uses a non-reentrant model


 *************** function ___wmul *****************
 Defined at:
		line 15 in file "C:\Program Files (x86)\Microchip\xc8\v2.00\pic\sources\c90\common\Umul16.c"
 Parameters:    Size  Location     Type
  multiplier      2    0[COMMON] unsigned int 
  multiplicand    2    2[COMMON] unsigned int 
 Auto vars:     Size  Location     Type
  product         2    4[COMMON] unsigned int 
 Return value:  Size  Location     Type
                  2    0[COMMON] unsigned int 
 Registers used:
		wreg, status,2, status,0
 Tracked objects:
		On entry : 
		On exit  : 
		Unchanged: 
 Data sizes:     COMMON   BANK0   BANK1   BANK2   BANK3   BANK4   BANK5   BANK6   BANK7   BANK8   BANK9  BANK10  BANK11  BANK12
      Params:         4       0       0       0       0       0       0       0       0       0       0       0       0       0
      Locals:         2       0       0       0       0       0       0       0       0       0       0       0       0       0
      Temps:          0       0       0       0       0       0       0       0       0       0       0       0       0       0
      Totals:         6       0       0       0       0       0       0       0       0       0       0       0       0       0
Total ram usage:        6 bytes
 Hardware stack levels used:    1
 This function calls:
		Nothing
 This function is called by:
		_exception
 This function uses a non-reentrant model



MODULE INFORMATION

Module		Function		Class		Link	Load	Size
C:\Program Files (x86)\Microchip\xc8\v2.00\pic\sources\c90\common\lwmod.c
		___lwmod       		CODE           	0645	0000	46

C:\Program Files (x86)\Microchip\xc8\v2.00\pic\sources\c90\common\lwmod.c estimated size: 46

C:\Program Files (x86)\Microchip\xc8\v2.00\pic\sources\c90\common\Umul16.c
		___wmul        		CODE           	0F77	0000	28

C:\Program Files (x86)\Microchip\xc8\v2.00\pic\sources\c90\common\Umul16.c estimated size: 28

C:\Program Files (x86)\Microchip\xc8\v2.00\pic\sources\c90\common\itoa.c
		_utoa          		CODE           	039D	0000	99

C:\Program Files (x86)\Microchip\xc8\v2.00\pic\sources\c90\common\itoa.c estimated size: 99

C:\Program Files (x86)\Microchip\xc8\v2.00\pic\sources\c90\common\__lldiv.c
		___lldiv       		CODE           	03FF	0000	84

C:\Program Files (x86)\Microchip\xc8\v2.00\pic\sources\c90\common\__lldiv.c estimated size: 84

C:\Program Files (x86)\Microchip\xc8\v2.00\pic\sources\c90\common\lwdiv.c
		___lwdiv       		CODE           	0550	0000	54

C:\Program Files (x86)\Microchip\xc8\v2.00\pic\sources\c90\common\lwdiv.c estimated size: 54

C:\Program Files (x86)\Microchip\xc8\v2.00\pic\sources\c90\common\Umul32.c
		___lmul        		CODE           	05B7	0000	49

C:\Program Files (x86)\Microchip\xc8\v2.00\pic\sources\c90\common\Umul32.c estimated size: 49

C:\Program Files (x86)\Microchip\xc8\v2.00\pic\sources\c90\common\strcat.c
		_strcat        		CODE           	069C	0000	41

C:\Program Files (x86)\Microchip\xc8\v2.00\pic\sources\c90\common\strcat.c estimated size: 41

shared
		i1_nrf24l01Send		CODE           	0F92	0000	28
		i1_flashWriteByte		CODE           	05E7	0000	49
		i1_flashUpdate 		CODE           	0779	0000	33
		i1_nrf24l01SetRXMode		CODE           	0519	0000	56
		_n_ADDRESS_P0  		STRCODE        	0000	0000	0
		_n_ADDRESS_MUL 		STRCODE        	0000	0000	0
		__initialization		CODE           	0011	0000	32
		_romArray      		STRCODE        	1FE0	0000	33
		_resetRomData  		STRCODE        	0000	0000	0
		i1_strlen      		CODE           	0712	0000	38
		i1_memset      		CODE           	0FC8	0000	29

shared estimated size: 298

interface.c
		_nrf24l01SPISend		CODE           	07F2	0000	14
		_exception     		CODE           	0F47	0000	25
		_nrf24l01CELow 		CODE           	0F18	0000	4
		_nrf24l01CSLow 		CODE           	0F1E	0000	4
		_nrf24l01SPIStart		CODE           	0F36	0000	9
		_nrf24l01SPIEnd		CODE           	0F27	0000	8
		_nrf24l01CEHigh		CODE           	0F15	0000	4
		_nrf24l01CSHigh		CODE           	0F1B	0000	4
		_enableInterrupts		CODE           	0F2E	0000	9
		_nrf24l01InterfaceInit		CODE           	07D6	0000	29

interface.c estimated size: 110

flash.c
		_flashWriteByte		CODE           	04A2	0000	61
		_flashRealod   		CODE           	0799	0000	32
		_flashReadByte 		CODE           	0585	0000	51
		_flashUpdate   		CODE           	0737	0000	35

flash.c estimated size: 179

C:\Program Files (x86)\Microchip\xc8\v2.00\pic\sources\c90\common\strlen.c
		_strlen        		CODE           	06EC	0000	39

C:\Program Files (x86)\Microchip\xc8\v2.00\pic\sources\c90\common\strlen.c estimated size: 39

C:\Program Files (x86)\Microchip\xc8\v2.00\pic\sources\c90\common\strcmp.c
		_strcmp        		CODE           	06C4	0000	41

C:\Program Files (x86)\Microchip\xc8\v2.00\pic\sources\c90\common\strcmp.c estimated size: 41

C:\Program Files (x86)\Microchip\xc8\v2.00\pic\sources\c90\common\strcpy.c
		_strcpy        		CODE           	0FAD	0000	28

C:\Program Files (x86)\Microchip\xc8\v2.00\pic\sources\c90\common\strcpy.c estimated size: 28

nrf24l01.c
		_nrf24l01SendString		CODE           	0317	0000	135
		_nrf24l01InitRegisters		CODE           	0144	0000	171
		_nrf24l01CheckACK		CODE           	0F5F	0000	25
		_nrf24l01ISR   		CODE           	0617	0000	47
		_nrf24l01Send  		CODE           	0759	0000	33
		_nrf24l01Init  		CODE           	0672	0000	43
		_nrf24l01SetRXMode		CODE           	04DE	0000	60
		_nrf24l01ReceiveString		CODE           	0452	0000	81

nrf24l01.c estimated size: 595

C:\Program Files (x86)\Microchip\xc8\v2.00\pic\sources\c90\common\memset.c
		_memset        		CODE           	0FE4	0000	29

C:\Program Files (x86)\Microchip\xc8\v2.00\pic\sources\c90\common\memset.c estimated size: 29

main.c
		_loop          		CODE           	0034	0000	273
		_ISR           		CODE           	0004	0000	12
		_main          		CODE           	01EE	0000	162
		_setName       		CODE           	07B8	0000	31
		_getADCValue   		CODE           	028F	0000	137
		_sleep         		CODE           	0F3E	0000	10

main.c estimated size: 625

