Microchip MPLAB XC8 Compiler V1.45 ()

Linker command line:

-W-3 --edf=C:\Program Files (x86)\Microchip\xc8\v1.45\dat\en_msgs.txt -cs \
  -h+dist/default/production\nRF24L01__PIC16LF1503.X.production.sym \
  --cmf=dist/default/production\nRF24L01__PIC16LF1503.X.production.cmf -z \
  -Q16LF1503 -oC:\Users\Leon\AppData\Local\Temp\sgec.2 \
  -Mdist/default/production/nRF24L01__PIC16LF1503.X.production.map -E1 \
  -ver=XC8 -ASTACK=0201Ch-0206fh -pstack=STACK -p_NVMEM_text=7E0h \
  -ACODE=00h-07FFh -ASTRCODE=00h-07FFh -ASTRING=00h-0FFhx8 \
  -ACONST=00h-0FFhx8 -AENTRY=00h-0FFhx8 -ACOMMON=070h-07Fh \
  -ABANK0=020h-06Fh -ABANK1=0A0h-0BFh -ABIGRAM=02000h-0206Fh \
  -ARAM=020h-06Fh,0A0h-0BFh -AABS1=020h-07Fh,0A0h-0BFh -ASFR0=00h-01Fh \
  -ASFR1=080h-09Fh -ASFR2=0100h-016Fh -ASFR3=0180h-01EFh -ASFR4=0200h-026Fh \
  -ASFR5=0280h-02EFh -ASFR6=0300h-036Fh -ASFR7=0380h-03EFh \
  -ASFR8=0400h-046Fh -ASFR9=0480h-04EFh -ASFR10=0500h-056Fh \
  -ASFR11=0580h-05EFh -ASFR12=0600h-066Fh -ASFR13=0680h-06EFh \
  -ASFR14=0700h-076Fh -ASFR15=0780h-07EFh -ASFR16=0800h-086Fh \
  -ASFR17=0880h-08EFh -ASFR18=0900h-096Fh -ASFR19=0980h-09EFh \
  -ASFR20=0A00h-0A6Fh -ASFR21=0A80h-0AEFh -ASFR22=0B00h-0B6Fh \
  -ASFR23=0B80h-0BEFh -ASFR24=0C00h-0C6Fh -ASFR25=0C80h-0CEFh \
  -ASFR26=0D00h-0D6Fh -ASFR27=0D80h-0DEFh -ASFR28=0E00h-0E6Fh \
  -ASFR29=0E80h-0EEFh -ASFR30=0F00h-0F6Fh -ASFR31=0F80h-0FEFh \
  -preset_vec=00h,intentry=04h,init,end_init -ppowerup=CODE -pcinit=CODE \
  -pfunctab=ENTRY -ACONFIG=08007h-08008h -pconfig=CONFIG -DCONFIG=2 \
  -AIDLOC=08000h-08003h -pidloc=IDLOC -DIDLOC=2 -DCODE=2 -DSTRCODE=2 \
  -DSTRING=2 -DCONST=2 -DENTRY=2 -k \
  C:\Users\Leon\AppData\Local\Temp\sgec.obj \
  dist/default/production\nRF24L01__PIC16LF1503.X.production.obj 

Object code version is 3.11

Machine type is 16LF1503



                Name                               Link     Load   Length Selector   Space Scale
C:\Users\Leon\AppData\Local\Temp\sgec.obj
                end_init                              F        F        1        8       0
                reset_vec                             0        0        1        0       0
                config                             8007     8007        2    1000E       0
dist/default/production\nRF24L01__PIC16LF1503.X.production.obj
                cinit                                10       10        6        8       0
                intentry                              4        4        B        8       0
                text19                              2E0      2E0        1      5C0       0
                text17                              180      180       34        8       0
                text16                              1B4      1B4       2C        8       0
                text15                              124      124       5C        8       0
                text14                              22C      22C       23        8       0
                text13                              2CE      2CE        7        8       0
                text12                              2B6      2B6        A        8       0
                text11                              2AB      2AB        B        8       0
                text10                              2C7      2C7        7        8       0
                text9                               29B      29B       10        8       0
                text8                               287      287       14        8       0
                text7                               2C0      2C0        7        8       0
                text6                               2DA      2DA        4      5B4       0
                text5                               26B      26B       1C        8       0
                text4                               24F      24F       1C        8       0
                text3                                16       16       89        8       0
                text2                                9F       9F       85        8       0
                text1                               207      207       25        8       0
                maintext                            1E0      1E0       27        8       0
                cstackBANK0                          20       20       1A       20       1
                cstackCOMMON                         70       70        D       70       1
                dataBANK0                            3B       3B        1       20       1
                bssBANK0                             3A       3A        1       20       1
                _NVMEM_text                         7E0      7E0       20      FC0       0
                stringtext2                         2DF      2DF        1      5BE       0
                stringtext1                         2D5      2D5        5      5AA       0
                idataBANK0                          2DE      2DE        1      5B4       0

TOTAL           Name                               Link     Load   Length     Space
        CLASS   STACK          

        CLASS   CODE           
                end_init                              F        F        1         0
                cinit                                10       10        6         0
                intentry                              4        4        B         0
                reset_vec                             0        0        1         0
                text19                              2E0      2E0        1         0
                text17                              180      180       34         0
                text16                              1B4      1B4       2C         0
                text15                              124      124       5C         0
                text14                              22C      22C       23         0
                text13                              2CE      2CE        7         0
                text12                              2B6      2B6        A         0
                text11                              2AB      2AB        B         0
                text10                              2C7      2C7        7         0
                text9                               29B      29B       10         0
                text8                               287      287       14         0
                text7                               2C0      2C0        7         0
                text6                               2DA      2DA        4         0
                text5                               26B      26B       1C         0
                text4                               24F      24F       1C         0
                text3                                16       16       89         0
                text2                                9F       9F       85         0
                text1                               207      207       25         0
                maintext                            1E0      1E0       27         0
                _NVMEM_text                         7E0      7E0       20         0
                idataBANK0                          2DE      2DE        1         0

        CLASS   STRCODE        
                stringtext2                         2DF      2DF        1         0
                stringtext1                         2D5      2D5        5         0

        CLASS   STRING         

        CLASS   CONST          

        CLASS   ENTRY          

        CLASS   COMMON         
                cstackCOMMON                         70       70        D         1

        CLASS   BANK0          
                cstackBANK0                          20       20       1A         1
                dataBANK0                            3B       3B        1         1
                bssBANK0                             3A       3A        1         1

        CLASS   BANK1          

        CLASS   BIGRAM         

        CLASS   RAM            

        CLASS   ABS1           
                abs_s1                               7E       7E        2         1

        CLASS   SFR0           

        CLASS   SFR1           

        CLASS   SFR2           

        CLASS   SFR3           

        CLASS   SFR4           

        CLASS   SFR5           

        CLASS   SFR6           

        CLASS   SFR7           

        CLASS   SFR8           

        CLASS   SFR9           

        CLASS   SFR10          

        CLASS   SFR11          

        CLASS   SFR12          

        CLASS   SFR13          

        CLASS   SFR14          

        CLASS   SFR15          

        CLASS   SFR16          

        CLASS   SFR17          

        CLASS   SFR18          

        CLASS   SFR19          

        CLASS   SFR20          

        CLASS   SFR21          

        CLASS   SFR22          

        CLASS   SFR23          

        CLASS   SFR24          

        CLASS   SFR25          

        CLASS   SFR26          

        CLASS   SFR27          

        CLASS   SFR28          

        CLASS   SFR29          

        CLASS   SFR30          

        CLASS   SFR31          

        CLASS   CONFIG         
                config                             8007     8007        2         0

        CLASS   IDLOC          

        CLASS   BANK31         

        CLASS   BANK30         

        CLASS   BANK29         

        CLASS   BANK28         

        CLASS   BANK27         

        CLASS   BANK26         

        CLASS   BANK25         

        CLASS   BANK24         

        CLASS   BANK23         

        CLASS   BANK22         

        CLASS   BANK21         

        CLASS   BANK20         

        CLASS   BANK19         

        CLASS   BANK18         

        CLASS   BANK17         

        CLASS   BANK16         

        CLASS   BANK15         

        CLASS   BANK14         

        CLASS   BANK13         

        CLASS   BANK12         

        CLASS   BANK11         

        CLASS   BANK10         

        CLASS   BANK9          

        CLASS   BANK8          

        CLASS   BANK7          

        CLASS   BANK6          

        CLASS   BANK5          

        CLASS   BANK4          

        CLASS   BANK3          

        CLASS   BANK2          

        CLASS   EEDATA         



SEGMENTS        Name                           Load    Length   Top    Selector   Space  Class     Delta

                reset_vec                      000000  000001  000001         0       0  CODE        2
                intentry                       000004  0002D1  0002D5         8       0  CODE        2
                cstackBANK0                    000020  00001C  00003C        20       1  BANK0       1
                cstackCOMMON                   000070  00000D  00007D        70       1  COMMON      1
                stringtext1                    0002D5  000005  0002DA       5AA       0  STRCODE     2
                text6                          0002DA  000005  0002DF       5B4       0  CODE        2
                stringtext2                    0002DF  000001  0002E0       5BE       0  STRCODE     2
                text19                         0002E0  000001  0002E1       5C0       0  CODE        2
                _NVMEM_text                    0007E0  000020  000800       FC0       0  CODE        2
                config                         008007  000002  008009     1000E       0  CONFIG      2


UNUSED ADDRESS RANGES

        Name                Unused          Largest block    Delta
        BANK0            0003C-0006F              34           1
        BANK1            000A0-000BF              20           1
        BIGRAM           02000-0206F              70           1
        CODE             00001-00003               3           2
                         002E1-007DF             4FF
        COMMON           0007D-0007D               1           1
        CONST            00001-00003               3           2
                         002E1-007DF             100
        ENTRY            00001-00003               3           2
                         002E1-007DF             100
        IDLOC            08000-08003               4           2
        RAM              0003C-0006F              34           1
                         000A0-000BF              20
        SFR0             00000-0001F              20           1
        SFR1             00080-0009F              20           1
        SFR10            00500-0056F              70           1
        SFR11            00580-005EF              70           1
        SFR12            00600-0066F              70           1
        SFR13            00680-006EF              70           1
        SFR14            00700-0076F              70           1
        SFR15            00780-007EF              70           1
        SFR16            00800-0086F              70           1
        SFR17            00880-008EF              70           1
        SFR18            00900-0096F              70           1
        SFR19            00980-009EF              70           1
        SFR2             00100-0016F              70           1
        SFR20            00A00-00A6F              70           1
        SFR21            00A80-00AEF              70           1
        SFR22            00B00-00B6F              70           1
        SFR23            00B80-00BEF              70           1
        SFR24            00C00-00C6F              70           1
        SFR25            00C80-00CEF              70           1
        SFR26            00D00-00D6F              70           1
        SFR27            00D80-00DEF              70           1
        SFR28            00E00-00E6F              70           1
        SFR29            00E80-00EEF              70           1
        SFR3             00180-001EF              70           1
        SFR30            00F00-00F6F              70           1
        SFR31            00F80-00FEF              70           1
        SFR4             00200-0026F              70           1
        SFR5             00280-002EF              70           1
        SFR6             00300-0036F              70           1
        SFR7             00380-003EF              70           1
        SFR8             00400-0046F              70           1
        SFR9             00480-004EF              70           1
        STACK            0201C-0206F              54           1
        STRCODE          00001-00003               3           2
                         002E1-007DF             4FF
        STRING           00001-00003               3           2
                         002E1-007DF             100

                                  Symbol Table

?___lwdiv                          cstackCOMMON 00071
?___lwmod                          cstackCOMMON 00071
?_read_flashmem                    cstackCOMMON 00071
_ADCON0bits                        (abs)        0009D
_ADCON1bits                        (abs)        0009E
_ADRESH                            (abs)        0009C
_ADRESL                            (abs)        0009B
_ANSELA                            (abs)        0018C
_ANSELAbits                        (abs)        0018C
_ANSELC                            (abs)        0018E
_INTCONbits                        (abs)        0000B
_ISR                               intentry     00004
_NVMEM                             _NVMEM_text  007E0
_NVMEM_absaddr                     (abs)        007E0
_OPTION_REGbits                    (abs)        00095
_OSCCONbits                        (abs)        00099
_PMADRH                            (abs)        00192
_PMADRL                            (abs)        00191
_PMCON1                            (abs)        00195
_PMCON1bits                        (abs)        00195
_PMCON2                            (abs)        00196
_PMDATH                            (abs)        00194
_PMDATL                            (abs)        00193
_PORTAbits                         (abs)        0000C
_SSP1BUF                           (abs)        00211
_SSP1STATbits                      (abs)        00214
_SSPCON1bits                       (abs)        00215
_TRISAbits                         (abs)        0008C
_TRISCbits                         (abs)        0008E
__CFG_BOREN$OFF                    (abs)        00000
__CFG_BORV$LO                      (abs)        00000
__CFG_CLKOUTEN$OFF                 (abs)        00000
__CFG_CP$OFF                       (abs)        00000
__CFG_FOSC$INTOSC                  (abs)        00000
__CFG_LPBOR$OFF                    (abs)        00000
__CFG_LVP$ON                       (abs)        00000
__CFG_MCLRE$OFF                    (abs)        00000
__CFG_PWRTE$ON                     (abs)        00000
__CFG_STVREN$ON                    (abs)        00000
__CFG_WDTE$OFF                     (abs)        00000
__CFG_WRT$OFF                      (abs)        00000
__H_NVMEM_text                     _NVMEM_text  00800
__Habs1                            abs1         00000
__Hbank0                           bank0        00000
__Hbank1                           bank1        00000
__Hbank10                          bank10       00000
__Hbank11                          bank11       00000
__Hbank12                          bank12       00000
__Hbank13                          bank13       00000
__Hbank14                          bank14       00000
__Hbank15                          bank15       00000
__Hbank16                          bank16       00000
__Hbank17                          bank17       00000
__Hbank18                          bank18       00000
__Hbank19                          bank19       00000
__Hbank2                           bank2        00000
__Hbank20                          bank20       00000
__Hbank21                          bank21       00000
__Hbank22                          bank22       00000
__Hbank23                          bank23       00000
__Hbank24                          bank24       00000
__Hbank25                          bank25       00000
__Hbank26                          bank26       00000
__Hbank27                          bank27       00000
__Hbank28                          bank28       00000
__Hbank29                          bank29       00000
__Hbank3                           bank3        00000
__Hbank30                          bank30       00000
__Hbank31                          bank31       00000
__Hbank4                           bank4        00000
__Hbank5                           bank5        00000
__Hbank6                           bank6        00000
__Hbank7                           bank7        00000
__Hbank8                           bank8        00000
__Hbank9                           bank9        00000
__Hbigram                          bigram       00000
__HbssBANK0                        bssBANK0     00000
__Hcinit                           cinit        00016
__Hclrtext                         clrtext      00000
__Hcode                            code         00000
__Hcommon                          common       00000
__Hconfig                          config       08009
__HcstackBANK0                     cstackBANK0  00000
__HcstackCOMMON                    cstackCOMMON 00000
__HdataBANK0                       dataBANK0    00000
__Heeprom_data                     eeprom_data  00000
__Hend_init                        end_init     00010
__Hfunctab                         functab      00000
__HidataBANK0                      idataBANK0   00000
__Hidloc                           idloc        00000
__Hinit                            init         0000F
__Hintentry                        intentry     0000F
__Hmaintext                        maintext     00000
__Hpowerup                         powerup      00000
__Hram                             ram          00000
__Hreset_vec                       reset_vec    00001
__Hsfr0                            sfr0         00000
__Hsfr1                            sfr1         00000
__Hsfr10                           sfr10        00000
__Hsfr11                           sfr11        00000
__Hsfr12                           sfr12        00000
__Hsfr13                           sfr13        00000
__Hsfr14                           sfr14        00000
__Hsfr15                           sfr15        00000
__Hsfr16                           sfr16        00000
__Hsfr17                           sfr17        00000
__Hsfr18                           sfr18        00000
__Hsfr19                           sfr19        00000
__Hsfr2                            sfr2         00000
__Hsfr20                           sfr20        00000
__Hsfr21                           sfr21        00000
__Hsfr22                           sfr22        00000
__Hsfr23                           sfr23        00000
__Hsfr24                           sfr24        00000
__Hsfr25                           sfr25        00000
__Hsfr26                           sfr26        00000
__Hsfr27                           sfr27        00000
__Hsfr28                           sfr28        00000
__Hsfr29                           sfr29        00000
__Hsfr3                            sfr3         00000
__Hsfr30                           sfr30        00000
__Hsfr31                           sfr31        00000
__Hsfr4                            sfr4         00000
__Hsfr5                            sfr5         00000
__Hsfr6                            sfr6         00000
__Hsfr7                            sfr7         00000
__Hsfr8                            sfr8         00000
__Hsfr9                            sfr9         00000
__Hspace_0                         (abs)        08009
__Hspace_1                         (abs)        0007D
__Hspace_2                         (abs)        00000
__Hspace_3                         (abs)        00000
__Hstack                           stack        00000
__Hstrings                         strings      00000
__Hstringtext1                     stringtext1  00000
__Hstringtext2                     stringtext2  00000
__Htext                            text         00000
__L_NVMEM_text                     _NVMEM_text  007E0
__Labs1                            abs1         00000
__Lbank0                           bank0        00000
__Lbank1                           bank1        00000
__Lbank10                          bank10       00000
__Lbank11                          bank11       00000
__Lbank12                          bank12       00000
__Lbank13                          bank13       00000
__Lbank14                          bank14       00000
__Lbank15                          bank15       00000
__Lbank16                          bank16       00000
__Lbank17                          bank17       00000
__Lbank18                          bank18       00000
__Lbank19                          bank19       00000
__Lbank2                           bank2        00000
__Lbank20                          bank20       00000
__Lbank21                          bank21       00000
__Lbank22                          bank22       00000
__Lbank23                          bank23       00000
__Lbank24                          bank24       00000
__Lbank25                          bank25       00000
__Lbank26                          bank26       00000
__Lbank27                          bank27       00000
__Lbank28                          bank28       00000
__Lbank29                          bank29       00000
__Lbank3                           bank3        00000
__Lbank30                          bank30       00000
__Lbank31                          bank31       00000
__Lbank4                           bank4        00000
__Lbank5                           bank5        00000
__Lbank6                           bank6        00000
__Lbank7                           bank7        00000
__Lbank8                           bank8        00000
__Lbank9                           bank9        00000
__Lbigram                          bigram       00000
__LbssBANK0                        bssBANK0     00000
__Lcinit                           cinit        00010
__Lclrtext                         clrtext      00000
__Lcode                            code         00000
__Lcommon                          common       00000
__Lconfig                          config       08007
__LcstackBANK0                     cstackBANK0  00000
__LcstackCOMMON                    cstackCOMMON 00000
__LdataBANK0                       dataBANK0    00000
__Leeprom_data                     eeprom_data  00000
__Lend_init                        end_init     0000F
__Lfunctab                         functab      00000
__LidataBANK0                      idataBANK0   00000
__Lidloc                           idloc        00000
__Linit                            init         0000F
__Lintentry                        intentry     00004
__Lmaintext                        maintext     00000
__Lpowerup                         powerup      00000
__Lram                             ram          00000
__Lreset_vec                       reset_vec    00000
__Lsfr0                            sfr0         00000
__Lsfr1                            sfr1         00000
__Lsfr10                           sfr10        00000
__Lsfr11                           sfr11        00000
__Lsfr12                           sfr12        00000
__Lsfr13                           sfr13        00000
__Lsfr14                           sfr14        00000
__Lsfr15                           sfr15        00000
__Lsfr16                           sfr16        00000
__Lsfr17                           sfr17        00000
__Lsfr18                           sfr18        00000
__Lsfr19                           sfr19        00000
__Lsfr2                            sfr2         00000
__Lsfr20                           sfr20        00000
__Lsfr21                           sfr21        00000
__Lsfr22                           sfr22        00000
__Lsfr23                           sfr23        00000
__Lsfr24                           sfr24        00000
__Lsfr25                           sfr25        00000
__Lsfr26                           sfr26        00000
__Lsfr27                           sfr27        00000
__Lsfr28                           sfr28        00000
__Lsfr29                           sfr29        00000
__Lsfr3                            sfr3         00000
__Lsfr30                           sfr30        00000
__Lsfr31                           sfr31        00000
__Lsfr4                            sfr4         00000
__Lsfr5                            sfr5         00000
__Lsfr6                            sfr6         00000
__Lsfr7                            sfr7         00000
__Lsfr8                            sfr8         00000
__Lsfr9                            sfr9         00000
__Lspace_0                         (abs)        00000
__Lspace_1                         (abs)        00000
__Lspace_2                         (abs)        00000
__Lspace_3                         (abs)        00000
__Lstack                           stack        00000
__Lstrings                         strings      00000
__Lstringtext1                     stringtext1  00000
__Lstringtext2                     stringtext2  00000
__Ltext                            text         00000
__S0                               (abs)        08009
__S1                               (abs)        0007D
__S2                               (abs)        00000
___int_sp                          stack        00000
___latbits                         (abs)        00000
___lwdiv                           text17       00180
___lwdiv@counter                   cstackCOMMON 00078
___lwdiv@dividend                  cstackCOMMON 00073
___lwdiv@divisor                   cstackCOMMON 00071
___lwdiv@quotient                  cstackCOMMON 00076
___lwmod                           text16       001B4
___lwmod@counter                   cstackCOMMON 00076
___lwmod@dividend                  cstackCOMMON 00073
___lwmod@divisor                   cstackCOMMON 00071
___sp                              stack        00000
__end_of_ISR                       intentry     0000F
__end_of_NVMEM                     _NVMEM_text  00800
__end_of___lwdiv                   text17       001B4
__end_of___lwmod                   text16       001E0
__end_of__initialization           cinit        00013
__end_of_itoa                      text14       0024F
__end_of_loop                      text3        0009F
__end_of_main                      maintext     00207
__end_of_n_ADDRESS_MUL             stringtext2  002E0
__end_of_n_ADDRESS_P0              stringtext1  002DA
__end_of_nrf24l01ISR               text19       002E1
__end_of_nrf24l01Init              text1        0022C
__end_of_nrf24l01InitRegisters     text2        00124
__end_of_nrf24l01SPIEnd            text13       002D5
__end_of_nrf24l01SPISend           text11       002B6
__end_of_nrf24l01SPIStart          text10       002CE
__end_of_nrf24l01Send              text9        002AB
__end_of_nrf24l01SendByte          text6        002DE
__end_of_nrf24l01SendEnd           text12       002C0
__end_of_nrf24l01SendStart         text7        002C7
__end_of_nrf24l01SetTransmitMode   text8        0029B
__end_of_read_flashmem             text5        00287
__end_of_sendName                  text4        0026B
__end_of_utoa                      text15       00180
__initialization                   cinit        00010
__p_NVMEM_text                     _NVMEM_text  007E0
__pbssBANK0                        bssBANK0     0003A
__pcstackBANK0                     cstackBANK0  00020
__pcstackCOMMON                    cstackCOMMON 00070
__pdataBANK0                       dataBANK0    0003B
__pidataBANK0                      idataBANK0   002DE
__pintentry                        intentry     00004
__pmaintext                        maintext     001E0
__pstringtext1                     stringtext1  002D5
__pstringtext2                     stringtext2  002DF
__ptext1                           text1        00207
__ptext10                          text10       002C7
__ptext11                          text11       002AB
__ptext12                          text12       002B6
__ptext13                          text13       002CE
__ptext14                          text14       0022C
__ptext15                          text15       00124
__ptext16                          text16       001B4
__ptext17                          text17       00180
__ptext19                          text19       002E0
__ptext2                           text2        0009F
__ptext3                           text3        00016
__ptext4                           text4        0024F
__ptext5                           text5        0026B
__ptext6                           text6        002DA
__ptext7                           text7        002C0
__ptext8                           text8        00287
__ptext9                           text9        0029B
__size_of_ISR                      (abs)        00000
__size_of___lwdiv                  (abs)        00000
__size_of___lwmod                  (abs)        00000
__size_of_itoa                     (abs)        00000
__size_of_loop                     (abs)        00000
__size_of_main                     (abs)        00000
__size_of_nrf24l01ISR              (abs)        00000
__size_of_nrf24l01Init             (abs)        00000
__size_of_nrf24l01InitRegisters    (abs)        00000
__size_of_nrf24l01SPIEnd           (abs)        00000
__size_of_nrf24l01SPISend          (abs)        00000
__size_of_nrf24l01SPIStart         (abs)        00000
__size_of_nrf24l01Send             (abs)        00000
__size_of_nrf24l01SendByte         (abs)        00000
__size_of_nrf24l01SendEnd          (abs)        00000
__size_of_nrf24l01SendStart        (abs)        00000
__size_of_nrf24l01SetTransmitMode  (abs)        00000
__size_of_read_flashmem            (abs)        00000
__size_of_sendName                 (abs)        00000
__size_of_utoa                     (abs)        00000
_itoa                              text14       0022C
_loop                              text3        00016
_main                              maintext     001E0
_mode                              dataBANK0    0003B
_nrf24l01ISR                       text19       002E0
_nrf24l01Init                      text1        00207
_nrf24l01InitRegisters             text2        0009F
_nrf24l01SPIEnd                    text13       002CE
_nrf24l01SPISend                   text11       002AB
_nrf24l01SPIStart                  text10       002C7
_nrf24l01Send                      text9        0029B
_nrf24l01SendByte                  text6        002DA
_nrf24l01SendEnd                   text12       002B6
_nrf24l01SendStart                 text7        002C0
_nrf24l01SetTransmitMode           text8        00287
_read_flashmem                     text5        0026B
_sendName                          text4        0024F
_status                            bssBANK0     0003A
_utoa                              text15       00124
btemp                              (abs)        0007E
end_of_initialization              cinit        00013
int$flags                          (abs)        0007E
intlevel0                          functab      00000
intlevel1                          functab      00000
intlevel2                          functab      00000
intlevel3                          functab      00000
intlevel4                          functab      00000
intlevel5                          functab      00000
itoa@base                          cstackBANK0  00027
itoa@buf                           cstackBANK0  0002B
itoa@cp                            cstackBANK0  0002A
itoa@val                           cstackBANK0  00025
loop@buffer                        cstackBANK0  0002F
loop@result                        cstackBANK0  00037
nrf24l01InitRegisters@DynPD        cstackBANK0  00027
nrf24l01InitRegisters@config       cstackBANK0  00024
nrf24l01InitRegisters@enAA         cstackBANK0  00026
nrf24l01InitRegisters@enRXAddr     cstackBANK0  00025
nrf24l01InitRegisters@feature      cstackBANK0  00022
nrf24l01InitRegisters@rfSetup      cstackBANK0  00023
nrf24l01InitRegisters@setupAW      cstackBANK0  00020
nrf24l01InitRegisters@setupRetries cstackBANK0  00021
nrf24l01SPISend@data               cstackCOMMON 00071
nrf24l01Send@command               cstackCOMMON 00074
nrf24l01Send@data                  cstackCOMMON 00072
nrf24l01SendByte@payloadByte       cstackCOMMON 00072
nrf24l01SetTransmitMode@config     cstackCOMMON 00076
read_flashmem@offset               cstackCOMMON 00071
read_flashmem@result               cstackCOMMON 00075
reset_vec                          reset_vec    00000
sendName@btye                      cstackCOMMON 0007A
sendName@offset                    cstackCOMMON 00078
stackhi                            (abs)        0206F
stacklo                            (abs)        0201C
start                              init         0000F
start_initialization               cinit        00010
utoa@base                          cstackCOMMON 0007B
utoa@buf                           cstackBANK0  00024
utoa@c                             cstackBANK0  00023
utoa@v                             cstackBANK0  00021
utoa@val                           cstackCOMMON 00079
wtemp0                             (abs)        0007E


FUNCTION INFORMATION:

 *************** function _main *****************
 Defined at:
		line 109 in file "main.c"
 Parameters:    Size  Location     Type
		None
 Auto vars:     Size  Location     Type
		None
 Return value:  Size  Location     Type
                  1    wreg      void 
 Registers used:
		wreg, fsr0l, fsr0h, fsr1l, fsr1h, status,2, status,0, pclath, cstack
 Tracked objects:
		On entry : 
		On exit  : 
		Unchanged: 
 Data sizes:     COMMON   BANK0   BANK1
      Params:         0       0       0
      Locals:         0       0       0
      Temps:          0       1       0
      Totals:         0       1       0
Total ram usage:        1 bytes
 Hardware stack levels required when called:    7
 This function calls:
		_loop
		_nrf24l01Init
 This function is called by:
		Startup code after reset
 This function uses a non-reentrant model


 *************** function _nrf24l01Init *****************
 Defined at:
		line 186 in file "nrf24l01.c"
 Parameters:    Size  Location     Type
		None
 Auto vars:     Size  Location     Type
		None
 Return value:  Size  Location     Type
                  1    wreg      void 
 Registers used:
		wreg, status,2, status,0, pclath, cstack
 Tracked objects:
		On entry : 
		On exit  : 
		Unchanged: 
 Data sizes:     COMMON   BANK0   BANK1
      Params:         0       0       0
      Locals:         0       0       0
      Temps:          1       0       0
      Totals:         1       0       0
Total ram usage:        1 bytes
 Hardware stack levels used:    1
 Hardware stack levels required when called:    5
 This function calls:
		_nrf24l01InitRegisters
 This function is called by:
		_main
 This function uses a non-reentrant model


 *************** function _nrf24l01InitRegisters *****************
 Defined at:
		line 99 in file "nrf24l01.c"
 Parameters:    Size  Location     Type
		None
 Auto vars:     Size  Location     Type
  DynPD           1    7[BANK0 ] struct .
  enAA            1    6[BANK0 ] struct .
  enRXAddr        1    5[BANK0 ] struct .
  config          1    4[BANK0 ] struct .
  rfSetup         1    3[BANK0 ] struct .
  feature         1    2[BANK0 ] struct .
  setupRetries    1    1[BANK0 ] struct .
  setupAW         1    0[BANK0 ] struct .
 Return value:  Size  Location     Type
                  1    wreg      void 
 Registers used:
		wreg, status,2, status,0, pclath, cstack
 Tracked objects:
		On entry : 
		On exit  : 
		Unchanged: 
 Data sizes:     COMMON   BANK0   BANK1
      Params:         0       0       0
      Locals:         0       8       0
      Temps:          1       0       0
      Totals:         1       8       0
Total ram usage:        9 bytes
 Hardware stack levels used:    1
 Hardware stack levels required when called:    4
 This function calls:
		_nrf24l01Send
 This function is called by:
		_nrf24l01Init
 This function uses a non-reentrant model


 *************** function _loop *****************
 Defined at:
		line 40 in file "main.c"
 Parameters:    Size  Location     Type
		None
 Auto vars:     Size  Location     Type
  buffer          8   15[BANK0 ] unsigned char [8]
  result          2   23[BANK0 ] int 
 Return value:  Size  Location     Type
                  1    wreg      void 
 Registers used:
		wreg, fsr0l, fsr0h, fsr1l, fsr1h, status,2, status,0, pclath, cstack
 Tracked objects:
		On entry : 
		On exit  : 
		Unchanged: 
 Data sizes:     COMMON   BANK0   BANK1
      Params:         0       0       0
      Locals:         0      10       0
      Temps:          0       3       0
      Totals:         0      13       0
Total ram usage:       13 bytes
 Hardware stack levels used:    1
 Hardware stack levels required when called:    6
 This function calls:
		_itoa
		_nrf24l01SendByte
		_nrf24l01SendEnd
		_nrf24l01SendStart
		_sendName
 This function is called by:
		_main
 This function uses a non-reentrant model


 *************** function _sendName *****************
 Defined at:
		line 17 in file "main.c"
 Parameters:    Size  Location     Type
		None
 Auto vars:     Size  Location     Type
  offset          2    8[COMMON] unsigned int 
  btye            1   10[COMMON] unsigned char 
 Return value:  Size  Location     Type
                  1    wreg      void 
 Registers used:
		wreg, status,2, status,0, pclath, cstack
 Tracked objects:
		On entry : 
		On exit  : 
		Unchanged: 
 Data sizes:     COMMON   BANK0   BANK1
      Params:         0       0       0
      Locals:         3       0       0
      Temps:          1       0       0
      Totals:         4       0       0
Total ram usage:        4 bytes
 Hardware stack levels used:    1
 Hardware stack levels required when called:    4
 This function calls:
		_nrf24l01SendByte
		_read_flashmem
 This function is called by:
		_loop
 This function uses a non-reentrant model


 *************** function _read_flashmem *****************
 Defined at:
		line 58 in file "flash.c"
 Parameters:    Size  Location     Type
  offset          2    1[COMMON] unsigned int 
 Auto vars:     Size  Location     Type
  result          2    5[COMMON] unsigned int 
 Return value:  Size  Location     Type
                  2    1[COMMON] unsigned int 
 Registers used:
		wreg, status,2, status,0
 Tracked objects:
		On entry : 
		On exit  : 
		Unchanged: 
 Data sizes:     COMMON   BANK0   BANK1
      Params:         2       0       0
      Locals:         2       0       0
      Temps:          2       0       0
      Totals:         6       0       0
Total ram usage:        6 bytes
 Hardware stack levels used:    1
 Hardware stack levels required when called:    2
 This function calls:
		Nothing
 This function is called by:
		_sendName
 This function uses a non-reentrant model


 *************** function _nrf24l01SendByte *****************
 Defined at:
		line 85 in file "nrf24l01.c"
 Parameters:    Size  Location     Type
  payloadByte     1    wreg     unsigned char 
 Auto vars:     Size  Location     Type
  payloadByte     1    2[COMMON] unsigned char 
 Return value:  Size  Location     Type
                  1    wreg      void 
 Registers used:
		wreg, status,2, status,0, pclath, cstack
 Tracked objects:
		On entry : 
		On exit  : 
		Unchanged: 
 Data sizes:     COMMON   BANK0   BANK1
      Params:         0       0       0
      Locals:         1       0       0
      Temps:          0       0       0
      Totals:         1       0       0
Total ram usage:        1 bytes
 Hardware stack levels used:    1
 Hardware stack levels required when called:    3
 This function calls:
		_nrf24l01SPISend
 This function is called by:
		_sendName
		_loop
		_sendString
 This function uses a non-reentrant model


 *************** function _nrf24l01SendStart *****************
 Defined at:
		line 74 in file "nrf24l01.c"
 Parameters:    Size  Location     Type
		None
 Auto vars:     Size  Location     Type
		None
 Return value:  Size  Location     Type
                  1    wreg      void 
 Registers used:
		wreg, status,2, status,0, pclath, cstack
 Tracked objects:
		On entry : 
		On exit  : 
		Unchanged: 
 Data sizes:     COMMON   BANK0   BANK1
      Params:         0       0       0
      Locals:         0       0       0
      Temps:          0       0       0
      Totals:         0       0       0
Total ram usage:        0 bytes
 Hardware stack levels used:    1
 Hardware stack levels required when called:    5
 This function calls:
		_nrf24l01SPISend
		_nrf24l01SPIStart
		_nrf24l01SetTransmitMode
 This function is called by:
		_loop
 This function uses a non-reentrant model


 *************** function _nrf24l01SetTransmitMode *****************
 Defined at:
		line 52 in file "nrf24l01.c"
 Parameters:    Size  Location     Type
		None
 Auto vars:     Size  Location     Type
  config          1    6[COMMON] struct .
 Return value:  Size  Location     Type
                  1    wreg      void 
 Registers used:
		wreg, status,2, status,0, pclath, cstack
 Tracked objects:
		On entry : 
		On exit  : 
		Unchanged: 
 Data sizes:     COMMON   BANK0   BANK1
      Params:         0       0       0
      Locals:         1       0       0
      Temps:          1       0       0
      Totals:         2       0       0
Total ram usage:        2 bytes
 Hardware stack levels used:    1
 Hardware stack levels required when called:    4
 This function calls:
		_nrf24l01Send
 This function is called by:
		_nrf24l01SendStart
 This function uses a non-reentrant model


 *************** function _nrf24l01Send *****************
 Defined at:
		line 39 in file "nrf24l01.c"
 Parameters:    Size  Location     Type
  command         1    wreg     unsigned char 
  data            1    2[COMMON] unsigned char 
 Auto vars:     Size  Location     Type
  command         1    4[COMMON] unsigned char 
 Return value:  Size  Location     Type
                  1    wreg      unsigned char 
 Registers used:
		wreg, status,2, status,0, pclath, cstack
 Tracked objects:
		On entry : 
		On exit  : 
		Unchanged: 
 Data sizes:     COMMON   BANK0   BANK1
      Params:         1       0       0
      Locals:         1       0       0
      Temps:          1       0       0
      Totals:         3       0       0
Total ram usage:        3 bytes
 Hardware stack levels used:    1
 Hardware stack levels required when called:    3
 This function calls:
		_nrf24l01SPIEnd
		_nrf24l01SPISend
		_nrf24l01SPIStart
 This function is called by:
		_nrf24l01SetTransmitMode
		_nrf24l01InitRegisters
		_nrf24l01SetRecieveMode
 This function uses a non-reentrant model


 *************** function _nrf24l01SPIStart *****************
 Defined at:
		line 23 in file "nrf24l01.c"
 Parameters:    Size  Location     Type
		None
 Auto vars:     Size  Location     Type
		None
 Return value:  Size  Location     Type
                  1    wreg      void 
 Registers used:
		wreg
 Tracked objects:
		On entry : 
		On exit  : 
		Unchanged: 
 Data sizes:     COMMON   BANK0   BANK1
      Params:         0       0       0
      Locals:         0       0       0
      Temps:          0       0       0
      Totals:         0       0       0
Total ram usage:        0 bytes
 Hardware stack levels used:    1
 Hardware stack levels required when called:    2
 This function calls:
		Nothing
 This function is called by:
		_nrf24l01Send
		_nrf24l01SendStart
 This function uses a non-reentrant model


 *************** function _nrf24l01SPISend *****************
 Defined at:
		line 28 in file "nrf24l01.c"
 Parameters:    Size  Location     Type
  data            1    wreg     unsigned char 
 Auto vars:     Size  Location     Type
  data            1    1[COMMON] unsigned char 
 Return value:  Size  Location     Type
                  1    wreg      unsigned char 
 Registers used:
		wreg
 Tracked objects:
		On entry : 
		On exit  : 
		Unchanged: 
 Data sizes:     COMMON   BANK0   BANK1
      Params:         0       0       0
      Locals:         1       0       0
      Temps:          0       0       0
      Totals:         1       0       0
Total ram usage:        1 bytes
 Hardware stack levels used:    1
 Hardware stack levels required when called:    2
 This function calls:
		Nothing
 This function is called by:
		_nrf24l01Send
		_nrf24l01SendStart
		_nrf24l01SendByte
 This function uses a non-reentrant model


 *************** function _nrf24l01SendEnd *****************
 Defined at:
		line 89 in file "nrf24l01.c"
 Parameters:    Size  Location     Type
		None
 Auto vars:     Size  Location     Type
		None
 Return value:  Size  Location     Type
                  1    wreg      void 
 Registers used:
		wreg, status,2, status,0, pclath, cstack
 Tracked objects:
		On entry : 
		On exit  : 
		Unchanged: 
 Data sizes:     COMMON   BANK0   BANK1
      Params:         0       0       0
      Locals:         0       0       0
      Temps:          0       0       0
      Totals:         0       0       0
Total ram usage:        0 bytes
 Hardware stack levels used:    1
 Hardware stack levels required when called:    3
 This function calls:
		_nrf24l01SPIEnd
 This function is called by:
		_loop
 This function uses a non-reentrant model


 *************** function _nrf24l01SPIEnd *****************
 Defined at:
		line 34 in file "nrf24l01.c"
 Parameters:    Size  Location     Type
		None
 Auto vars:     Size  Location     Type
		None
 Return value:  Size  Location     Type
                  1    wreg      void 
 Registers used:
		wreg
 Tracked objects:
		On entry : 
		On exit  : 
		Unchanged: 
 Data sizes:     COMMON   BANK0   BANK1
      Params:         0       0       0
      Locals:         0       0       0
      Temps:          0       0       0
      Totals:         0       0       0
Total ram usage:        0 bytes
 Hardware stack levels used:    1
 Hardware stack levels required when called:    2
 This function calls:
		Nothing
 This function is called by:
		_nrf24l01Send
		_nrf24l01SendEnd
 This function uses a non-reentrant model


 *************** function _itoa *****************
 Defined at:
		line 4 in file "C:\Program Files (x86)\Microchip\xc8\v1.45\sources\common\itoa.c"
 Parameters:    Size  Location     Type
  buf             1    wreg     PTR unsigned char 
		 -> loop@buffer(8), 
  val             2    5[BANK0 ] int 
  base            2    7[BANK0 ] int 
 Auto vars:     Size  Location     Type
  buf             1   11[BANK0 ] PTR unsigned char 
		 -> loop@buffer(8), 
  cp              1   10[BANK0 ] PTR unsigned char 
		 -> loop@buffer(8), 
 Return value:  Size  Location     Type
                  1    wreg      PTR unsigned char 
 Registers used:
		wreg, fsr1l, fsr1h, status,2, status,0, pclath, cstack
 Tracked objects:
		On entry : 
		On exit  : 
		Unchanged: 
 Data sizes:     COMMON   BANK0   BANK1
      Params:         0       4       0
      Locals:         0       2       0
      Temps:          0       1       0
      Totals:         0       7       0
Total ram usage:        7 bytes
 Hardware stack levels used:    1
 Hardware stack levels required when called:    4
 This function calls:
		_utoa
 This function is called by:
		_loop
 This function uses a non-reentrant model


 *************** function _utoa *****************
 Defined at:
		line 17 in file "C:\Program Files (x86)\Microchip\xc8\v1.45\sources\common\itoa.c"
 Parameters:    Size  Location     Type
  buf             1    wreg     PTR unsigned char 
		 -> loop@buffer(8), 
  val             2    9[COMMON] unsigned int 
  base            2   11[COMMON] int 
 Auto vars:     Size  Location     Type
  buf             1    4[BANK0 ] PTR unsigned char 
		 -> loop@buffer(8), 
  v               2    1[BANK0 ] unsigned int 
  c               1    3[BANK0 ] unsigned char 
 Return value:  Size  Location     Type
                  1    wreg      PTR unsigned char 
 Registers used:
		wreg, fsr1l, fsr1h, status,2, status,0, pclath, cstack
 Tracked objects:
		On entry : 
		On exit  : 
		Unchanged: 
 Data sizes:     COMMON   BANK0   BANK1
      Params:         4       0       0
      Locals:         0       4       0
      Temps:          0       1       0
      Totals:         4       5       0
Total ram usage:        9 bytes
 Hardware stack levels used:    1
 Hardware stack levels required when called:    3
 This function calls:
		___lwdiv
		___lwmod
 This function is called by:
		_itoa
 This function uses a non-reentrant model


 *************** function ___lwmod *****************
 Defined at:
		line 6 in file "C:\Program Files (x86)\Microchip\xc8\v1.45\sources\common\lwmod.c"
 Parameters:    Size  Location     Type
  divisor         2    1[COMMON] unsigned int 
  dividend        2    3[COMMON] unsigned int 
 Auto vars:     Size  Location     Type
  counter         1    6[COMMON] unsigned char 
 Return value:  Size  Location     Type
                  2    1[COMMON] unsigned int 
 Registers used:
		wreg, status,2, status,0
 Tracked objects:
		On entry : 
		On exit  : 
		Unchanged: 
 Data sizes:     COMMON   BANK0   BANK1
      Params:         4       0       0
      Locals:         1       0       0
      Temps:          1       0       0
      Totals:         6       0       0
Total ram usage:        6 bytes
 Hardware stack levels used:    1
 Hardware stack levels required when called:    2
 This function calls:
		Nothing
 This function is called by:
		_utoa
 This function uses a non-reentrant model


 *************** function ___lwdiv *****************
 Defined at:
		line 6 in file "C:\Program Files (x86)\Microchip\xc8\v1.45\sources\common\lwdiv.c"
 Parameters:    Size  Location     Type
  divisor         2    1[COMMON] unsigned int 
  dividend        2    3[COMMON] unsigned int 
 Auto vars:     Size  Location     Type
  quotient        2    6[COMMON] unsigned int 
  counter         1    8[COMMON] unsigned char 
 Return value:  Size  Location     Type
                  2    1[COMMON] unsigned int 
 Registers used:
		wreg, status,2, status,0
 Tracked objects:
		On entry : 
		On exit  : 
		Unchanged: 
 Data sizes:     COMMON   BANK0   BANK1
      Params:         4       0       0
      Locals:         3       0       0
      Temps:          1       0       0
      Totals:         8       0       0
Total ram usage:        8 bytes
 Hardware stack levels used:    1
 Hardware stack levels required when called:    2
 This function calls:
		Nothing
 This function is called by:
		_utoa
 This function uses a non-reentrant model


 *************** function _ISR *****************
 Defined at:
		line 9 in file "main.c"
 Parameters:    Size  Location     Type
		None
 Auto vars:     Size  Location     Type
		None
 Return value:  Size  Location     Type
                  1    wreg      void 
 Registers used:
		status,2, status,0, pclath, cstack
 Tracked objects:
		On entry : 
		On exit  : 
		Unchanged: 
 Data sizes:     COMMON   BANK0   BANK1
      Params:         0       0       0
      Locals:         0       0       0
      Temps:          1       0       0
      Totals:         1       0       0
Total ram usage:        1 bytes
 Hardware stack levels used:    1
 Hardware stack levels required when called:    1
 This function calls:
		_nrf24l01ISR
 This function is called by:
		Interrupt level 1
 This function uses a non-reentrant model


 *************** function _nrf24l01ISR *****************
 Defined at:
		line 17 in file "nrf24l01.c"
 Parameters:    Size  Location     Type
		None
 Auto vars:     Size  Location     Type
		None
 Return value:  Size  Location     Type
                  1    wreg      void 
 Registers used:
		None
 Tracked objects:
		On entry : 
		On exit  : 
		Unchanged: 
 Data sizes:     COMMON   BANK0   BANK1
      Params:         0       0       0
      Locals:         0       0       0
      Temps:          0       0       0
      Totals:         0       0       0
Total ram usage:        0 bytes
 Hardware stack levels used:    1
 This function calls:
		Nothing
 This function is called by:
		_ISR
 This function uses a non-reentrant model



MODULE INFORMATION

Module		Function		Class		Link	Load	Size
C:\Program Files (x86)\Microchip\xc8\v1.45\sources\common\lwmod.c
		___lwmod       		CODE           	01B4	0000	45

C:\Program Files (x86)\Microchip\xc8\v1.45\sources\common\lwmod.c estimated size: 45

shared
		_NVMEM         		CODE           	07E0	0000	33
		_n_ADDRESS_P0  		STRCODE        	0000	0000	0
		_n_ADDRESS_MUL 		STRCODE        	0000	0000	0
		__initialization		CODE           	0010	0000	4

shared estimated size: 37

flash.c
		_read_flashmem 		CODE           	026B	0000	29

flash.c estimated size: 29

C:\Program Files (x86)\Microchip\xc8\v1.45\sources\common\lwdiv.c
		___lwdiv       		CODE           	0180	0000	53

C:\Program Files (x86)\Microchip\xc8\v1.45\sources\common\lwdiv.c estimated size: 53

nrf24l01.c
		_nrf24l01SendEnd		CODE           	02B6	0000	11
		_nrf24l01SPISend		CODE           	02AB	0000	12
		_nrf24l01InitRegisters		CODE           	009F	0000	134
		_nrf24l01ISR   		CODE           	02E0	0000	2
		_nrf24l01Send  		CODE           	029B	0000	17
		_nrf24l01Init  		CODE           	0207	0000	38
		_nrf24l01SendByte		CODE           	02DA	0000	5
		_nrf24l01SPIStart		CODE           	02C7	0000	8
		_nrf24l01SetTransmitMode		CODE           	0287	0000	21
		_nrf24l01SPIEnd		CODE           	02CE	0000	8
		_nrf24l01SendStart		CODE           	02C0	0000	8

nrf24l01.c estimated size: 264

main.c
		_loop          		CODE           	0016	0000	138
		_ISR           		CODE           	0004	0000	12
		_main          		CODE           	01E0	0000	40
		_sendName      		CODE           	024F	0000	29

main.c estimated size: 219

C:\Program Files (x86)\Microchip\xc8\v1.45\sources\common\itoa.c
		_itoa          		CODE           	022C	0000	36
		_utoa          		CODE           	0124	0000	93

C:\Program Files (x86)\Microchip\xc8\v1.45\sources\common\itoa.c estimated size: 129

